04-30 00:18:49.965  5600  5600 D DNC-0   : getAllActiveCellularInterfaces All Interfaces: rmnet_data1
04-30 00:18:49.974  5600  5600 D DNC-1   : getAllActiveCellularInterfaces All Interfaces: rmnet_data2
04-30 00:18:50.972  5600  5600 D DNC-0   : getAllActiveCellularInterfaces All Interfaces: rmnet_data3
04-30 00:18:50.972  5600  5600 D DNC-0   : getAllActiveCellularInterfaces All Interfaces: rmnet_data1
04-30 00:18:50.982  5600  5600 D DNC-1   : getAllActiveCellularInterfaces All Interfaces: rmnet_data2
04-30 00:18:51.982  5600  5600 D DNC-0   : getAllActiveCellularInterfaces All Interfaces: rmnet_data3
04-30 00:18:51.983  5600  5600 D DNC-0   : getAllActiveCellularInterfaces All Interfaces: rmnet_data1
04-30 00:18:51.995  5600  5600 D DNC-1   : getAllActiveCellularInterfaces All Interfaces: rmnet_data2
04-30 00:18:52.996  5600  5600 D DNC-0   : getAllActiveCellularInterfaces All Interfaces: rmnet_data3
04-30 00:18:52.997  5600  5600 D DNC-0   : getAllActiveCellularInterfaces All Interfaces: rmnet_data1
04-30 00:18:53.004  5600  5600 D DNC-1   : getAllActiveCellularInterfaces All Interfaces: rmnet_data2
04-30 00:18:54.004  5600  5600 D DNC-0   : getAllActiveCellularInterfaces All Interfaces: rmnet_data3
04-30 00:18:54.005  5600  5600 D DNC-0   : getAllActiveCellularInterfaces All Interfaces: rmnet_data1
04-30 00:18:54.013  5600  5600 D DNC-1   : getAllActiveCellularInterfaces All Interfaces: rmnet_data2
04-30 00:18:55.014  5600  5600 D DNC-0   : getAllActiveCellularInterfaces All Interfaces: rmnet_data3
04-30 00:18:55.014  5600  5600 D DNC-0   : getAllActiveCellularInterfaces All Interfaces: rmnet_data1
04-30 00:18:55.021  5600  5600 D DNC-1   : getAllActiveCellularInterfaces All Interfaces: rmnet_data2
04-30 00:18:56.021  5600  5699 D Phone   : isImsRegistered =true
04-30 00:18:56.028  5600  5699 D Phone   : isImsRegistered =true
04-30 00:18:56.029  5600  5600 D ImsPhoneCallTracker: [0] hangup connection[ImsCall objId:45399467 onHold:N mute:N mCallProfile:{ serviceType=1, callType=2, restrictCause=0, mediaProfile={ audioQuality=0, audioDirection=3, audioCodecAttribute=null, videoQuality=0, videoDirection=-1, rttMode=0, hasRttAudioSpeech=false }, emergencyServiceCategories=0, emergencyUrns=[], emergencyCallRouting=0, emergencyCallTesting=false, hasKnownUserIntentEmergency=false, mRestrictCause=0, mCallerNumberVerstat= 0, mAcceptedRtpHeaderExtensions= [] } networkType:13 updateRequest:NONE merging:N merge action pending:N merged:N multiParty:N confHost:N buried term:N isVideo: N wasVideo: Y isWifi: N session:[ImsCallSession objId:41251834 callId:1] transientSession:null]
04-30 00:18:56.030  5600  5600 D ImsPhoneCallTracker: [0] hangup call - reason=1
04-30 00:18:56.030  5600  5600 D ImsPhoneCallTracker: [0] (foregnd) hangup foreground
04-30 00:18:56.033  5600  5699 D Phone   : isImsRegistered =true
04-30 00:18:56.033  5600  6736 D Phone   : isImsRegistered =true
04-30 00:18:56.037  5600  5646 D Phone   : isImsRegistered =true
04-30 00:18:56.037  2692  5449 D FeatureConfiguration: Checking feature: FEATURE_HNAGUP_OPTIMIZATION_V3
04-30 00:18:56.037  2692  5449 D FeatureConfiguration: Feature FEATURE_HNAGUP_OPTIMIZATION_V3 build is supported, featureSupported=true
04-30 00:18:56.039  5600  5600 D DNC-0   : getAllActiveCellularInterfaces All Interfaces: rmnet_data3
04-30 00:18:56.039  5600  5600 D DNC-0   : getAllActiveCellularInterfaces All Interfaces: rmnet_data1
04-30 00:18:56.042  5600  5600 D DNC-1   : getAllActiveCellularInterfaces All Interfaces: rmnet_data2
04-30 00:18:56.048  5600  5600 D PhoneSwitcher: handle event - 109
04-30 00:18:56.048  5600  5600 D MiuiDataControllerImpl: Qcom Dsda State = true
04-30 00:18:56.048  5600  5600 D MiuiDataControllerImpl: isCurrentDSDAState:true
04-30 00:18:56.049  1907  3959 D RequestManager: [RequestManager.cpp: 341] [Loc_hal_worker(1907,3959)] listenForResponses: record_stream_get_next: recordLen: 335, ret: -1, errno: 11, errStr: Try again, socket fd: 36
04-30 00:18:56.049  3028  3570 I qcrilNrd: RIL Response bytes written:4
04-30 00:18:56.049  3028  3570 I qcrilNrd: RIL Response bytes written:76
04-30 00:18:56.049  1907  3959 D RequestManager: [RequestManager.cpp: 341] [Loc_hal_worker(1907,3959)] listenForResponses: record_stream_get_next: recordLen: 76, ret: 0, errno: 0, errStr: Success, socket fd: 36
04-30 00:18:56.050  1907  3959 D RequestManager: [RequestManager.cpp: 358] [Loc_hal_worker(1907,3959)] listenForResponses: Got a response parcel
04-30 00:18:56.050  5600  5600 D MiuiPhoneSwitcherImpl: isViceVolteDataEnabled: false, isCurrentDsdaState: true, isDsdaFullConcurrencyState: false, isPlatformDE30: true, isPlatformDE50: false, isVicePhoneInVoiceCall: false
04-30 00:18:56.050  5600  5600 D PhoneSwitcher: phoneInVoiceCall:false
04-30 00:18:56.050  5600  5600 D MiuiDataControllerImpl: Qcom Dsda State = true
04-30 00:18:56.050  5600  5600 D MiuiDataControllerImpl: isCurrentDSDAState:true
04-30 00:18:56.051  5600  5600 D MiuiPhoneSwitcherImpl: isViceVolteDataEnabled: false, isCurrentDsdaState: true, isDsdaFullConcurrencyState: false, isPlatformDE30: true, isPlatformDE50: false, isVicePhoneInVoiceCall: false
04-30 00:18:56.051  5600  5600 D PhoneSwitcher: phoneInVoiceCall:false
04-30 00:18:56.051  5600  5600 D MiuiDataControllerImpl: Qcom Dsda State = true
04-30 00:18:56.051  5600  5600 D MiuiDataControllerImpl: isCurrentDSDAState:true
04-30 00:18:56.052  5600  5600 D MiuiPhoneSwitcherImpl: isViceVolteDataEnabled: false, isCurrentDsdaState: true, isDsdaFullConcurrencyState: false, isPlatformDE30: true, isPlatformDE50: false, isVicePhoneInVoiceCall: false
04-30 00:18:56.052  5600  5600 D PhoneSwitcher: phoneInVoiceCall:false
04-30 00:18:56.052  5600  5600 D MiuiDataControllerImpl: Qcom Dsda State = true
04-30 00:18:56.052  5600  5600 D MiuiDataControllerImpl: isCurrentDSDAState:true
04-30 00:18:56.053  5600  5600 D MiuiPhoneSwitcherImpl: isViceVolteDataEnabled: false, isCurrentDsdaState: true, isDsdaFullConcurrencyState: false, isPlatformDE30: true, isPlatformDE50: false, isVicePhoneInVoiceCall: false
04-30 00:18:56.054  5600  5600 D PhoneSwitcher: phoneInVoiceCall:false
04-30 00:18:56.054  5600  5600 D PhoneSwitcher: isPhoneInVoiceCallChanged: mPhoneIdInVoiceCall=-1
04-30 00:18:56.054  5600  5600 D PhoneSwitcher: EVENT_PRECISE_CALL_STATE_CHANGED Enforce evaluating once after call ends
04-30 00:18:56.054  5600  5600 D MiuiPhoneSwitcherImpl: updatePreferredDataPhoneId  TempDataPhoneId=-1,isTempDdsSwitchEnabled=false
04-30 00:18:56.054  5600  5600 D MiuiDisplayInfoController: EVENT_PRECISE_CALL_STATE_CHANGED
04-30 00:18:56.054  5600  5600 D MiuiDisplayInfoController: handleCallStateChanged: false,isHasDelay=false,phone.getState(): OFFHOOK
04-30 00:18:56.054  5600  5699 D FeatureConfiguration: Checking feature: FEATURE_DUAL_VOLTE
04-30 00:18:56.054  5600  5699 D FeatureConfiguration: Feature FEATURE_DUAL_VOLTE build is supported, featureSupported=true
04-30 00:18:56.054  5600  5699 D ImsManagerIM [0]: getLocalImsConfigKeInt() for key:68, result: 0
04-30 00:18:56.056  5600  5600 D ImsPhoneConnection: getDisconnectCause: cause=3
04-30 00:18:56.056  5600  5600 D ImsPhoneConnection: getDisconnectCause: cause=3
04-30 00:18:56.056  5600  5600 I RelayLog: RelayManager --> onRelayCallStateChanged state:ACTIVE
04-30 00:18:56.056  5600  5600 I RelayLog:  --> isCallRelayed: No!
04-30 00:18:56.056  5600  5600 I RelayLog:  --> isCallRelaying: No!
04-30 00:18:56.056  5600  5600 I RelayLog: RelayManager --> onRelayCallStateChanged not update
04-30 00:18:56.059  5600  5699 D Phone   : isImsRegistered =true
04-30 00:18:56.066  5600  5600 I MiuiCarrierConfigHelper: getBooleanCarrierConfigForSubId subId:4 key:config_use_cnap_presentation result:false
04-30 00:18:56.069  5600  5600 V SMSVC   : getSubscriptionUserHandle subId = 4 userHandle = UserHandle{-10000}
04-30 00:18:56.073  5600  5699 D Phone   : isImsRegistered =true
04-30 00:18:56.082  5600  6736 D Phone   : isImsRegistered =true
04-30 00:18:56.084  5600  5699 D Phone   : isImsRegistered =true
04-30 00:18:56.087  2692 12889 D FeatureConfiguration: Checking feature: FEATURE_DSDA
04-30 00:18:56.087  2692 12889 D FeatureConfiguration: Feature FEATURE_DSDA build is supported, featureSupported=true
04-30 00:18:56.101  3028  3570 E qcrilNrd: onDisconnect: call failure cause = 29 in struct: call_end_reason_enum_v02 in file: voice_service_common_v02.h
04-30 00:18:56.107  5600  5600 D ImsPhoneCallTracker: [0] handleMessage what=22
04-30 00:18:56.108  5600  5600 D ImsPhoneCallTracker: [0] VT data usage update. usage = 109578, imsCall = [ImsCall objId:45399467 onHold:N mute:N mCallProfile:{ serviceType=1, callType=2, restrictCause=0, mediaProfile={ audioQuality=0, audioDirection=3, audioCodecAttribute=null, videoQuality=0, videoDirection=-1, rttMode=0, hasRttAudioSpeech=false }, emergencyServiceCategories=0, emergencyUrns=[], emergencyCallRouting=0, emergencyCallTesting=false, hasKnownUserIntentEmergency=false, mRestrictCause=0, mCallerNumberVerstat= 0, mAcceptedRtpHeaderExtensions= [] } networkType:13 updateRequest:NONE merging:N merge action pending:N merged:N multiParty:N confHost:N buried term:N isVideo: N wasVideo: Y isWifi: N session:[ImsCallSession objId:41251834 callId:1] transientSession:null]
04-30 00:18:56.109  5600  5600 D ImsPhoneCallTracker: [0] updateVtDataUsage: call=[ImsCall objId:45399467 onHold:N mute:N mCallProfile:{ serviceType=1, callType=2, restrictCause=0, mediaProfile={ audioQuality=0, audioDirection=3, audioCodecAttribute=null, videoQuality=0, videoDirection=-1, rttMode=0, hasRttAudioSpeech=false }, emergencyServiceCategories=0, emergencyUrns=[], emergencyCallRouting=0, emergencyCallTesting=false, hasKnownUserIntentEmergency=false, mRestrictCause=0, mCallerNumberVerstat= 0, mAcceptedRtpHeaderExtensions= [] } networkType:13 updateRequest:NONE merging:N merge action pending:N merged:N multiParty:N confHost:N buried term:N isVideo: N wasVideo: Y isWifi: N session:[ImsCallSession objId:41251834 callId:1] transientSession:null], delta=18889
04-30 00:18:56.115  5600  5699 D FeatureConfiguration: Checking feature: FEATURE_DUAL_VOLTE
04-30 00:18:56.115  5600  5699 D FeatureConfiguration: Feature FEATURE_DUAL_VOLTE build is supported, featureSupported=true
04-30 00:18:56.115  5600  5699 D ImsManagerIM [0]: getLocalImsConfigKeInt() for key:68, result: 0
04-30 00:18:56.118  5600  5699 D Phone   : isImsRegistered =true
04-30 00:18:56.126  1907  3959 D RequestManager: [RequestManager.cpp: 341] [Loc_hal_worker(1907,3959)] listenForResponses: record_stream_get_next: recordLen: 76, ret: -1, errno: 11, errStr: Try again, socket fd: 36
04-30 00:18:56.126  3028  3570 I qcrilNrd: RIL Response bytes written:4
04-30 00:18:56.126  1907  3959 D RequestManager: [RequestManager.cpp: 341] [Loc_hal_worker(1907,3959)] listenForResponses: record_stream_get_next: recordLen: 363, ret: 0, errno: 0, errStr: Success, socket fd: 36
04-30 00:18:56.126  1907  3959 D RequestManager: [RequestManager.cpp: 358] [Loc_hal_worker(1907,3959)] listenForResponses: Got a response parcel
04-30 00:18:56.126  3028  3570 I qcrilNrd: RIL Response bytes written:363
04-30 00:18:56.129  1907  3959 D RequestManager: [RequestManager.cpp: 341] [Loc_hal_worker(1907,3959)] listenForResponses: record_stream_get_next: recordLen: 363, ret: -1, errno: 11, errStr: Try again, socket fd: 36
04-30 00:18:56.129  3028  3570 I qcrilNrd: RIL Response bytes written:4
04-30 00:18:56.129  1907  3959 D RequestManager: [RequestManager.cpp: 341] [Loc_hal_worker(1907,3959)] listenForResponses: record_stream_get_next: recordLen: 79, ret: 0, errno: 0, errStr: Success, socket fd: 36
04-30 00:18:56.129  1907  3959 D RequestManager: [RequestManager.cpp: 358] [Loc_hal_worker(1907,3959)] listenForResponses: Got a response parcel
04-30 00:18:56.129  3028  3570 I qcrilNrd: RIL Response bytes written:79
04-30 00:18:56.130  1907  3959 D RequestManager: [RequestManager.cpp: 341] [Loc_hal_worker(1907,3959)] listenForResponses: record_stream_get_next: recordLen: 79, ret: -1, errno: 11, errStr: Try again, socket fd: 36
04-30 00:18:56.130  3028  3570 I qcrilNrd: RIL Response bytes written:4
04-30 00:18:56.130  1907  3959 D RequestManager: [RequestManager.cpp: 341] [Loc_hal_worker(1907,3959)] listenForResponses: record_stream_get_next: recordLen: 79, ret: 0, errno: 0, errStr: Success, socket fd: 36
04-30 00:18:56.130  1907  3959 D RequestManager: [RequestManager.cpp: 358] [Loc_hal_worker(1907,3959)] listenForResponses: Got a response parcel
04-30 00:18:56.130  3028  3570 I qcrilNrd: RIL Response bytes written:79
04-30 00:18:56.131  3028  3570 I qcrilNrd: RIL Response bytes written:4
04-30 00:18:56.131  3028  3570 I qcrilNrd: RIL Response bytes written:79
04-30 00:18:56.131  1907  3959 D RequestManager: [RequestManager.cpp: 341] [Loc_hal_worker(1907,3959)] listenForResponses: record_stream_get_next: recordLen: 79, ret: 0, errno: 0, errStr: Success, socket fd: 36
04-30 00:18:56.131  1907  3959 D RequestManager: [RequestManager.cpp: 358] [Loc_hal_worker(1907,3959)] listenForResponses: Got a response parcel
04-30 00:18:56.154  5600  5600 D ImsPhoneCallTracker: [0] onCallTerminated reasonCode=501
04-30 00:18:56.154  5600  5600 D ImsPhoneCallTracker: [0] maybeRemapReasonCode : fromCode = 501 ; message = 
04-30 00:18:56.157  5600  5600 D ImsPhoneCallTracker: [0] cause = 3 conn = [ImsPhoneConnection objId: 32433701 telecomCallID: TC@1_1 address: [****] isAdhocConf: N ImsCall: [ImsCall objId:45399467 onHold:N mute:N mCallProfile:{ serviceType=1, callType=2, restrictCause=0, mediaProfile={ audioQuality=0, audioDirection=3, audioCodecAttribute=null, videoQuality=0, videoDirection=-1, rttMode=0, hasRttAudioSpeech=false }, emergencyServiceCategories=0, emergencyUrns=[], emergencyCallRouting=0, emergencyCallTesting=false, hasKnownUserIntentEmergency=false, mRestrictCause=0, mCallerNumberVerstat= 0, mAcceptedRtpHeaderExtensions= [] } networkType:13 updateRequest:NONE merging:N merge action pending:N merged:N multiParty:N confHost:N buried term:N isVideo: N wasVideo: Y isWifi: N session:[ImsCallSession objId:41251834 callId:1] transientSession:null]]
04-30 00:18:56.158  5600  5600 D ImsPhoneCallTracker: [0] maybeRemapReasonCode : fromCode = 501 ; message = 
04-30 00:18:56.160  5600  5600 D VoiceCallSessionStats: Time per codec quality = [0, 0, 13168, 0, 0]
04-30 00:18:56.161  5600  5600 D VoiceCallSessionStats: getVoiceRatWithVoNRFix: oldRat=13, newRat=20
04-30 00:18:56.165  5600  5600 D PersistAtomsStorage: Add new voice call session: band_at_end: 41
04-30 00:18:56.165  5600  5600 D PersistAtomsStorage: bearer_at_end: 2
04-30 00:18:56.165  5600  5600 D PersistAtomsStorage: bearer_at_start: 2
04-30 00:18:56.165  5600  5600 D PersistAtomsStorage: call_duration: 1
04-30 00:18:56.165  5600  5600 D PersistAtomsStorage: carrier_id: 1435
04-30 00:18:56.165  5600  5600 D PersistAtomsStorage: codec_bitmask: 6
04-30 00:18:56.165  5600  5600 D PersistAtomsStorage: concurrent_call_count_at_end: 0
04-30 00:18:56.165  5600  5600 D PersistAtomsStorage: concurrent_call_count_at_start: 0
04-30 00:18:56.165  5600  5600 D PersistAtomsStorage: direction: 1
04-30 00:18:56.165  5600  5600 D PersistAtomsStorage: disconnect_extra_code: 0
04-30 00:18:56.165  5600  5600 D PersistAtomsStorage: disconnect_extra_message: ""
04-30 00:18:56.165  5600  5600 D PersistAtomsStorage: disconnect_reason_code: 501
04-30 00:18:56.165  5600  5600 D PersistAtomsStorage: fold_state: 1
04-30 00:18:56.165  5600  5600 D PersistAtomsStorage: is_emergency: false
04-30 00:18:56.165  5600  5600 D PersistAtomsStorage: is_esim: false
04-30 00:18:56.165  5600  5600 D PersistAtomsStorage: is_multi_sim: true
04-30 00:18:56.165  5600  5600 D PersistAtomsStorage: is_multiparty: false
04-30 00:18:56.165  5600  5600 D PersistAtomsStorage: is_roaming: false
04-30 00:18:56.165  5600  5600 D PersistAtomsStorage: last_known_rat: 20
04-30 00:18:56.165  5600  5600 D PersistAtomsStorage: main_codec_quality: 2
04-30 00:18:56.165  5600  5600 D PersistAtomsStorage: rat_at_connected: 20
04-30 00:18:56.165  5600  5600 D PersistAtomsStorage: rat_at_end: 20
04-30 00:18:56.165  5600  5600 D PersistAtomsStorage: rat_at_start: 20
04-30 00:18:56.165  5600  5600 D PersistAtomsStorage: rat_switch_count: 0
04-30 00:18:56.165  5600  5600 D PersistAtomsStorage: rtt_enabled: false
04-30 00:18:56.165  5600  5600 D PersistAtomsStorage: setup_begin_millis: 0
04-30 00:18:56.165  5600  5600 D PersistAtomsStorage: setup_duration_millis: 869
04-30 00:18:56.165  5600  5600 D PersistAtomsStorage: setup_failed: false
04-30 00:18:56.165  5600  5600 D PersistAtomsStorage: signal_strength_at_end: 4
04-30 00:18:56.165  5600  5600 D PersistAtomsStorage: sim_slot_index: 0
04-30 00:18:56.165  5600  5600 D PersistAtomsStorage: srvcc_cancellation_count: 0
04-30 00:18:56.165  5600  5600 D PersistAtomsStorage: srvcc_completed: false
04-30 00:18:56.165  5600  5600 D PersistAtomsStorage: srvcc_failure_count: 0
04-30 00:18:56.165  5600  5600 D PersistAtomsStorage: video_enabled: true
04-30 00:18:56.167  5600  5600 D ImsPhoneCallTracker: [0] maybeRemapReasonCode : fromCode = 501 ; message = 
04-30 00:18:56.168  5600  5600 D ImsPhoneCallTracker: [0] processCallStateChange [ImsCall objId:45399467 onHold:N mute:N mCallProfile:{ serviceType=1, callType=2, restrictCause=0, mediaProfile={ audioQuality=0, audioDirection=3, audioCodecAttribute=null, videoQuality=0, videoDirection=-1, rttMode=0, hasRttAudioSpeech=false }, emergencyServiceCategories=0, emergencyUrns=[], emergencyCallRouting=0, emergencyCallTesting=false, hasKnownUserIntentEmergency=false, mRestrictCause=0, mCallerNumberVerstat= 0, mAcceptedRtpHeaderExtensions= [] } networkType:13 updateRequest:NONE merging:N merge action pending:N merged:N multiParty:N confHost:N buried term:N isVideo: N wasVideo: Y isWifi: N session:[ImsCallSession objId:41251834 callId:1] transientSession:null] state=DISCONNECTED cause=3
04-30 00:18:56.168  5600  5600 D ImsPhoneCallTracker: [0] processCallStateChange state=DISCONNECTED cause=3 ignoreState=false
04-30 00:18:56.169  5600  5600 V ImsPhoneConnection: update localCallProfile={ serviceType=1, callType=3, restrictCause=0, mediaProfile={ audioQuality=2, audioDirection=3, audioCodecAttribute=null, videoQuality=0, videoDirection=-1, rttMode=0, hasRttAudioSpeech=false }, emergencyServiceCategories=0, emergencyUrns=[], emergencyCallRouting=0, emergencyCallTesting=false, hasKnownUserIntentEmergency=false, mRestrictCause=0, mCallerNumberVerstat= 0, mAcceptedRtpHeaderExtensions= [] }
04-30 00:18:56.169  5600  5600 I ImsPhoneConnection: applyLocalCallCapabilities - localProfile = { serviceType=1, callType=3, restrictCause=0, mediaProfile={ audioQuality=2, audioDirection=3, audioCodecAttribute=null, videoQuality=0, videoDirection=-1, rttMode=0, hasRttAudioSpeech=false }, emergencyServiceCategories=0, emergencyUrns=[], emergencyCallRouting=0, emergencyCallTesting=false, hasKnownUserIntentEmergency=false, mRestrictCause=0, mCallerNumberVerstat= 0, mAcceptedRtpHeaderExtensions= [] }
04-30 00:18:56.169  5600  5600 V ImsPhoneConnection: update remoteCallProfile={ serviceType=1, callType=3, restrictCause=0, mediaProfile={ audioQuality=0, audioDirection=3, audioCodecAttribute=null, videoQuality=0, videoDirection=-1, rttMode=0, hasRttAudioSpeech=false }, emergencyServiceCategories=0, emergencyUrns=[], emergencyCallRouting=0, emergencyCallTesting=false, hasKnownUserIntentEmergency=false, mRestrictCause=0, mCallerNumberVerstat= 0, mAcceptedRtpHeaderExtensions= [] }
04-30 00:18:56.169  5600  5600 W ImsPhoneConnection: applyRemoteCallCapabilities - remoteProfile = { serviceType=1, callType=3, restrictCause=0, mediaProfile={ audioQuality=0, audioDirection=3, audioCodecAttribute=null, videoQuality=0, videoDirection=-1, rttMode=0, hasRttAudioSpeech=false }, emergencyServiceCategories=0, emergencyUrns=[], emergencyCallRouting=0, emergencyCallTesting=false, hasKnownUserIntentEmergency=false, mRestrictCause=0, mCallerNumberVerstat= 0, mAcceptedRtpHeaderExtensions= [] }
04-30 00:18:56.170  5600  5600 V ImsPhoneConnection: data is not metered
04-30 00:18:56.170  5600  5600 I ImsPhoneCall: maybeChangeRingbackState: state=DISCONNECTED
04-30 00:18:56.170  5600  5600 V ImsPhoneConnection: update localCallProfile={ serviceType=1, callType=3, restrictCause=0, mediaProfile={ audioQuality=2, audioDirection=3, audioCodecAttribute=null, videoQuality=0, videoDirection=-1, rttMode=0, hasRttAudioSpeech=false }, emergencyServiceCategories=0, emergencyUrns=[], emergencyCallRouting=0, emergencyCallTesting=false, hasKnownUserIntentEmergency=false, mRestrictCause=0, mCallerNumberVerstat= 0, mAcceptedRtpHeaderExtensions= [] }
04-30 00:18:56.170  5600  5600 I ImsPhoneConnection: applyLocalCallCapabilities - localProfile = { serviceType=1, callType=3, restrictCause=0, mediaProfile={ audioQuality=2, audioDirection=3, audioCodecAttribute=null, videoQuality=0, videoDirection=-1, rttMode=0, hasRttAudioSpeech=false }, emergencyServiceCategories=0, emergencyUrns=[], emergencyCallRouting=0, emergencyCallTesting=false, hasKnownUserIntentEmergency=false, mRestrictCause=0, mCallerNumberVerstat= 0, mAcceptedRtpHeaderExtensions= [] }
04-30 00:18:56.171  5600  5600 V ImsPhoneConnection: update remoteCallProfile={ serviceType=1, callType=3, restrictCause=0, mediaProfile={ audioQuality=0, audioDirection=3, audioCodecAttribute=null, videoQuality=0, videoDirection=-1, rttMode=0, hasRttAudioSpeech=false }, emergencyServiceCategories=0, emergencyUrns=[], emergencyCallRouting=0, emergencyCallTesting=false, hasKnownUserIntentEmergency=false, mRestrictCause=0, mCallerNumberVerstat= 0, mAcceptedRtpHeaderExtensions= [] }
04-30 00:18:56.171  5600  5600 W ImsPhoneConnection: applyRemoteCallCapabilities - remoteProfile = { serviceType=1, callType=3, restrictCause=0, mediaProfile={ audioQuality=0, audioDirection=3, audioCodecAttribute=null, videoQuality=0, videoDirection=-1, rttMode=0, hasRttAudioSpeech=false }, emergencyServiceCategories=0, emergencyUrns=[], emergencyCallRouting=0, emergencyCallTesting=false, hasKnownUserIntentEmergency=false, mRestrictCause=0, mCallerNumberVerstat= 0, mAcceptedRtpHeaderExtensions= [] }
04-30 00:18:56.171  5600  5600 V ImsPhoneConnection: data is not metered
04-30 00:18:56.171  5600  5600 D ImsPhoneConnection: onDisconnect: cause=3
04-30 00:18:56.171  5600  5600 I Connection: notifyDisconnect: callId=TC@1_1, reason=3
04-30 00:18:56.176  5600  5600 D ImsPhoneCallTracker: [0] updatePhoneState pendingMo = null, rng= IDLE(), fg= IDLE(), bg= IDLE()
04-30 00:18:56.176  5600  5600 D ImsPhoneCallTracker: [0] updatePhoneState oldState=OFFHOOK, newState=IDLE
04-30 00:18:56.186  5600  6445 D FeatureConfiguration: Checking feature: FEATURE_DSDA
04-30 00:18:56.187  5600  6445 D FeatureConfiguration: Feature FEATURE_DSDA build is supported, featureSupported=true
04-30 00:18:56.188  5600  5600 D ImsPhoneConnection: getDisconnectCause: cause=3
04-30 00:18:56.189  5600  5600 D ImsPhoneConnection: getDisconnectCause: cause=3
04-30 00:18:56.190  5600  6445 D MiuiPhoneInterfaceManager: isConcurrentCallsPossible true
04-30 00:18:56.190  5600  5699 D Phone   : isImsRegistered =true
04-30 00:18:56.194  2692  6077 D FeatureConfiguration: Checking feature: FEATURE_DSDA
04-30 00:18:56.194  2692  6077 D FeatureConfiguration: Feature FEATURE_DSDA build is supported, featureSupported=true
04-30 00:18:56.195  5600  5600 D ImsPhoneConnection: getDisconnectCause: cause=3
04-30 00:18:56.203  5600  5600 I RelayLog: RelayManager --> onRelayCallStateChanged state:DISCONNECTED
04-30 00:18:56.203  5600  5600 I RelayLog:  --> isCallRelayed: No!
04-30 00:18:56.203  5600  5600 I RelayLog:  --> isCallRelaying: No!
04-30 00:18:56.203  5600  5600 I RelayLog: RelayManager --> onRelayCallStateChanged not update
04-30 00:18:56.203  5600  5600 D QtiDSMGR-0: handleMessage: 2
04-30 00:18:56.204  5600  5600 D QtiDSMGR-0: hasTempDdsSwitched = false
04-30 00:18:56.204  5600  5600 D DSMGR-0 : mIsDataEnabled=true, prevDataEnabled=true
04-30 00:18:56.204  5600  5600 D DNC-0   : handleMessage, msg.what = 18
04-30 00:18:56.204  5600  5600 D MiuiDataControllerImpl[0]: onVoiceCallChange,getPhoneId = 1
04-30 00:18:56.205  5600  5600 D DN-100-C: ConnectedState: updateNetworkCapabilities: Capabilities not changed.
04-30 00:18:56.207  5600  5600 D DN-101-C: ConnectedState: updateNetworkCapabilities: Capabilities not changed.
04-30 00:18:56.207  5600  6445 D MiuiPhoneInterfaceManager: isConcurrentCallsPossible true
04-30 00:18:56.208  5600  5600 D RILJ    : [1504]> GET_ACTIVITY_INFO [PHONE0]
04-30 00:18:56.208  5600  5600 D PhoneSwitcher: handle event - 109
04-30 00:18:56.209  5600  5600 D MiuiDataControllerImpl: Qcom Dsda State = true
04-30 00:18:56.209  5600  5600 D MiuiDataControllerImpl: isCurrentDSDAState:true
04-30 00:18:56.209  5600  5600 D MiuiPhoneSwitcherImpl: isViceVolteDataEnabled: false, isCurrentDsdaState: true, isDsdaFullConcurrencyState: false, isPlatformDE30: true, isPlatformDE50: false, isVicePhoneInVoiceCall: false
04-30 00:18:56.209  5600  6445 D MiuiPhoneInterfaceManager: isConcurrentCallsPossible true
04-30 00:18:56.210  5600  5600 D PhoneSwitcher: phoneInVoiceCall:false
04-30 00:18:56.210  5600  5600 D MiuiDataControllerImpl: Qcom Dsda State = true
04-30 00:18:56.210  5600  5600 D MiuiDataControllerImpl: isCurrentDSDAState:true
04-30 00:18:56.210  5600  5600 D MiuiPhoneSwitcherImpl: isViceVolteDataEnabled: false, isCurrentDsdaState: true, isDsdaFullConcurrencyState: false, isPlatformDE30: true, isPlatformDE50: false, isVicePhoneInVoiceCall: false
04-30 00:18:56.210  5600  5600 D PhoneSwitcher: phoneInVoiceCall:false
04-30 00:18:56.210  5600  5600 D MiuiDataControllerImpl: Qcom Dsda State = true
04-30 00:18:56.210  5600  5600 D MiuiDataControllerImpl: isCurrentDSDAState:true
04-30 00:18:56.211  5600  5600 D MiuiPhoneSwitcherImpl: isViceVolteDataEnabled: false, isCurrentDsdaState: true, isDsdaFullConcurrencyState: false, isPlatformDE30: true, isPlatformDE50: false, isVicePhoneInVoiceCall: false
04-30 00:18:56.211  5600  5600 D PhoneSwitcher: phoneInVoiceCall:false
04-30 00:18:56.211  5600  5600 D MiuiDataControllerImpl: Qcom Dsda State = true
04-30 00:18:56.211  5600  5600 D MiuiDataControllerImpl: isCurrentDSDAState:true
04-30 00:18:56.212  5600  5600 D MiuiPhoneSwitcherImpl: isViceVolteDataEnabled: false, isCurrentDsdaState: true, isDsdaFullConcurrencyState: false, isPlatformDE30: true, isPlatformDE50: false, isVicePhoneInVoiceCall: false
04-30 00:18:56.212  5600  5600 D PhoneSwitcher: phoneInVoiceCall:false
04-30 00:18:56.212  5600  5600 D PhoneSwitcher: isPhoneInVoiceCallChanged: mPhoneIdInVoiceCall=-1
04-30 00:18:56.212  5600  5600 D PhoneSwitcher: EVENT_PRECISE_CALL_STATE_CHANGED Enforce evaluating once after call ends
04-30 00:18:56.212  5600  5600 D MiuiPhoneSwitcherImpl: updatePreferredDataPhoneId  TempDataPhoneId=-1,isTempDdsSwitchEnabled=false
04-30 00:18:56.212  5600  5600 D MiuiDisplayInfoController: EVENT_PRECISE_CALL_STATE_CHANGED
04-30 00:18:56.212  5600  5600 D MiuiDisplayInfoController: handleCallStateChanged: false,isHasDelay=false,phone.getState(): IDLE
04-30 00:18:56.213  5600  5600 D DNC-0   : handleMessage, msg.what = 16
04-30 00:18:56.213  5600  5600 D DNC-0   : Re-evaluating 2 existing data networks due to VOICE_CALL_ENDED
04-30 00:18:56.214  5600  5600 D DNC-0   : addDataDisallowedReasonWhenInSecureMode: mIsInSecureMode = false
04-30 00:18:56.214  5600  5600 D MiuiDataControllerImpl[0]: isFdnEnableSupport = false
04-30 00:18:56.214  5600  5600 D MiuiDataControllerImpl[0]: isFdnEnabled = false
04-30 00:18:56.214  5600  5600 D QtiDSMGR-0: hasTempDdsSwitched = false
04-30 00:18:56.215  5600  5600 D QtiDSMGR-0: isInternetDataAllowedByPlatform = true
04-30 00:18:56.215  5600  5699 D RILJ    : [1504]< GET_ACTIVITY_INFO ModemActivityInfo{ mTimestamp=187111 mSleepTimeMs=14 mIdleTimeMs=681 mActivityStatsTechSpecificInfo=[{mRat=UNKNOWN,mFrequencyRange=UNKNOWN,mTxTimeMs[]=[0, 0, 0, 0, 0],mRxTimeMs=15624}]} [PHONE0]
04-30 00:18:56.218  5600  5600 D DNC-0   : Evaluated [DataNetwork: DN-100-C, cmnet, state=ConnectedState], Data evaluation: evaluation reason:VOICE_CALL_ENDED, Data allowed reason: NORMAL, candidate profile=null, time=00:18:56.215
04-30 00:18:56.218  5600  5600 D DNC-0   : addDataDisallowedReasonWhenInSecureMode: mIsInSecureMode = false
04-30 00:18:56.218  5600  5600 D MiuiDataControllerImpl[0]: isFdnEnableSupport = false
04-30 00:18:56.218  5600  5600 D MiuiDataControllerImpl[0]: isFdnEnabled = false
04-30 00:18:56.219  5600  5600 D QtiDSMGR-0: hasTempDdsSwitched = false
04-30 00:18:56.219  5600  5600 D DNC-0   : Evaluated [DataNetwork: DN-101-C, ims, state=ConnectedState], Data evaluation: evaluation reason:VOICE_CALL_ENDED, Data allowed reason: NORMAL, candidate profile=null, time=00:18:56.219
04-30 00:18:56.224  5600  5699 D Phone   : isImsRegistered =true
04-30 00:18:56.226  2692 12889 D FeatureConfiguration: Checking feature: FEATURE_DSDA
04-30 00:18:56.226  2692 12889 D FeatureConfiguration: Feature FEATURE_DSDA build is supported, featureSupported=true
04-30 00:18:56.228  5600  5699 D Phone   : isImsRegistered =true
04-30 00:18:56.230  2692 12889 D FeatureConfiguration: Checking feature: FEATURE_DSDA
04-30 00:18:56.230  2692 12889 D FeatureConfiguration: Feature FEATURE_DSDA build is supported, featureSupported=true
04-30 00:18:56.231  2692 12889 D FeatureConfiguration: Checking feature: FEATURE_HNAGUP_OPTIMIZATION_V3
04-30 00:18:56.231  2692 12889 D FeatureConfiguration: Feature FEATURE_HNAGUP_OPTIMIZATION_V3 build is supported, featureSupported=true
04-30 00:18:56.234  2692 12889 E PhoneNumberUtils: formatNumber exception: 
04-30 00:18:56.234  2692 12889 E PhoneNumberUtils: Error type: NOT_A_NUMBER. The string supplied did not seem to be a phone number.
04-30 00:18:56.234  2692 12889 E PhoneNumberUtils: 	at com.android.i18n.phonenumbers.PhoneNumberUtil.parseHelper(PhoneNumberUtil.java:3287)
04-30 00:18:56.234  2692 12889 E PhoneNumberUtils: 	at com.android.i18n.phonenumbers.PhoneNumberUtil.parseAndKeepRawInput(PhoneNumberUtil.java:3197)
04-30 00:18:56.234  2692 12889 E PhoneNumberUtils: 	at com.android.i18n.phonenumbers.PhoneNumberUtil.parseAndKeepRawInput(PhoneNumberUtil.java:3186)
04-30 00:18:56.234  2692 12889 E PhoneNumberUtils: 	at android.telephony.PhoneNumberUtils.formatNumber(PhoneNumberUtils.java:1665)
04-30 00:18:56.234  2692 12889 E PhoneNumberUtils: 	at com.android.server.telecom.CallLogManager.logCall(CallLogManager.java:322)
04-30 00:18:56.234  2692 12889 E PhoneNumberUtils: 	at com.android.server.telecom.CallLogManager.logCall(CallLogManager.java:279)
04-30 00:18:56.234  2692 12889 E PhoneNumberUtils: 	at com.android.server.telecom.CallLogManager.onCallStateChanged(CallLogManager.java:157)
04-30 00:18:56.234  2692 12889 E PhoneNumberUtils: 	at com.android.server.telecom.CallsManager.notifyCallStateChanged(CallsManager.java:4815)
04-30 00:18:56.234  2692 12889 E PhoneNumberUtils: 	at com.android.server.telecom.CallsManager.setCallState(CallsManager.java:4792)
04-30 00:18:56.234  2692 12889 E PhoneNumberUtils: 	at com.android.server.telecom.CallsManager.markCallAsDisconnected(CallsManager.java:4070)
04-30 00:18:56.234  2692 12889 E PhoneNumberUtils: 	at com.android.server.telecom.ConnectionServiceWrapper$Adapter.setDisconnected(ConnectionServiceWrapper.java:314)
04-30 00:18:56.234  2692 12889 E PhoneNumberUtils: 	at com.android.internal.telecom.IConnectionServiceAdapter$Stub.onTransact(IConnectionServiceAdapter.java:445)
04-30 00:18:56.234  2692 12889 E PhoneNumberUtils: 	at android.os.Binder.execTransactInternal(Binder.java:1351)
04-30 00:18:56.234  2692 12889 E PhoneNumberUtils: 	at android.os.Binder.execTransact(Binder.java:1282)
04-30 00:18:56.243  5600  6525 D Phone   : isImsRegistered =true
04-30 00:18:56.257  5600  6673 D Phone   : isImsRegistered =true
04-30 00:18:56.272  5600  5600 D PhoneReceiver: Received action:android.intent.action.PHONE_STATE
04-30 00:18:56.273  5600  5600 D PhoneReceiver: ACTION_PHONE_STATE_CHANGED phoneid: -1 state: IDLE
04-30 00:18:56.275  5600  5600 I FlashManager: unregisterListener....
04-30 00:18:56.276  5600  5600 D PhoneReceiver: Received action:android.intent.action.PHONE_STATE
04-30 00:18:56.276  5600  5600 D PhoneReceiver: ACTION_PHONE_STATE_CHANGED phoneid: -1 state: IDLE
04-30 00:18:56.276  5600  5600 I FlashManager: unregisterListener....
04-30 00:18:56.282  5600  5600 D PhoneReceiver: Received action:android.intent.action.PHONE_STATE
04-30 00:18:56.282  5600  5600 D PhoneReceiver: ACTION_PHONE_STATE_CHANGED phoneid: -1 state: IDLE
04-30 00:18:56.283  5600  5600 I FlashManager: unregisterListener....
04-30 00:18:56.286  5600  6728 D Phone   : isImsRegistered =true
04-30 00:18:56.606  5600  6673 I MiuiCarrierConfigHelper: getBooleanCarrierConfigForSubId subId:4key: config_voicemail_ignore_sim config: false
04-30 00:18:56.606  5600  6673 D GsmCdmaPhone: [0] getVoiceMailNumber: from IccRecords number=[****]
04-30 00:18:56.609  5600  6728 I MiuiCarrierConfigHelper: getBooleanCarrierConfigForSubId subId:4key: config_voicemail_ignore_sim config: false
04-30 00:18:56.609  5600  6728 D GsmCdmaPhone: [0] getVoiceMailNumber: from IccRecords number=[****]
04-30 00:18:56.611  5600  6728 I MiuiCarrierConfigHelper: getBooleanCarrierConfigForSubId subId:4key: config_voicemail_ignore_sim config: false
04-30 00:18:56.611  5600  6728 D GsmCdmaPhone: [0] getVoiceMailNumber: from IccRecords number=[****]
04-30 00:18:56.612  5600  6728 I MiuiCarrierConfigHelper: getBooleanCarrierConfigForSubId subId:4key: config_voicemail_ignore_sim config: false
04-30 00:18:56.612  5600  6728 D GsmCdmaPhone: [0] getVoiceMailNumber: from IccRecords number=[****]
04-30 00:18:56.614  5600  6728 I MiuiCarrierConfigHelper: getBooleanCarrierConfigForSubId subId:4key: config_voicemail_ignore_sim config: false
04-30 00:18:56.614  5600  6728 D GsmCdmaPhone: [0] getVoiceMailNumber: from IccRecords number=[****]
04-30 00:18:56.615  5600  6728 I MiuiCarrierConfigHelper: getBooleanCarrierConfigForSubId subId:4key: config_voicemail_ignore_sim config: false
04-30 00:18:56.615  5600  6728 D GsmCdmaPhone: [0] getVoiceMailNumber: from IccRecords number=[****]
04-30 00:18:56.622  5600  6673 I MiuiCarrierConfigHelper: getBooleanCarrierConfigForSubId subId:4key: config_voicemail_ignore_sim config: false
04-30 00:18:56.622  5600  6673 D GsmCdmaPhone: [0] getVoiceMailNumber: from IccRecords number=[****]
04-30 00:18:56.625  5600  6673 I MiuiCarrierConfigHelper: getBooleanCarrierConfigForSubId subId:4key: config_voicemail_ignore_sim config: false
04-30 00:18:56.625  5600  6673 D GsmCdmaPhone: [0] getVoiceMailNumber: from IccRecords number=[****]
04-30 00:18:56.626  5600  6008 I MiuiCarrierConfigHelper: getBooleanCarrierConfigForSubId subId:4key: config_voicemail_ignore_sim config: false
04-30 00:18:56.626  5600  6008 D GsmCdmaPhone: [0] getVoiceMailNumber: from IccRecords number=[****]
04-30 00:18:56.628  5600  6008 I MiuiCarrierConfigHelper: getBooleanCarrierConfigForSubId subId:4key: config_voicemail_ignore_sim config: false
04-30 00:18:56.628  5600  6008 D GsmCdmaPhone: [0] getVoiceMailNumber: from IccRecords number=[****]
04-30 00:18:56.630  5600  6673 I MiuiCarrierConfigHelper: getBooleanCarrierConfigForSubId subId:4key: config_voicemail_ignore_sim config: false
04-30 00:18:56.630  5600  6673 D GsmCdmaPhone: [0] getVoiceMailNumber: from IccRecords number=[****]
04-30 00:18:56.704  5600  5600 D DNC-0   : handleMessage, msg.what = 5
04-30 00:18:56.704  5600  5600 D DNC-0   : Re-evaluating 0 unsatisfied network requests in 0 groups,  due to VOICE_CALL_ENDED
04-30 00:18:57.043  5600  5600 D DNC-0   : getAllActiveCellularInterfaces All Interfaces: rmnet_data3
04-30 00:18:57.043  5600  5600 D DNC-0   : getAllActiveCellularInterfaces All Interfaces: rmnet_data1
04-30 00:18:57.051  5600  5600 D DNC-1   : getAllActiveCellularInterfaces All Interfaces: rmnet_data2
04-30 00:18:58.052  5600  5600 D DNC-0   : getAllActiveCellularInterfaces All Interfaces: rmnet_data3
04-30 00:18:58.053  5600  5600 D DNC-0   : getAllActiveCellularInterfaces All Interfaces: rmnet_data1
04-30 00:18:58.063  5600  5600 D DNC-1   : getAllActiveCellularInterfaces All Interfaces: rmnet_data2
04-30 00:18:58.710  5600  5600 D RILJ    : [1505]> GET_ACTIVITY_INFO [PHONE0]
04-30 00:18:58.715  5600  6673 D RILJ    : [1505]< GET_ACTIVITY_INFO ModemActivityInfo{ mTimestamp=189611 mSleepTimeMs=0 mIdleTimeMs=0 mActivityStatsTechSpecificInfo=[{mRat=UNKNOWN,mFrequencyRange=UNKNOWN,mTxTimeMs[]=[0, 0, 0, 0, 0],mRxTimeMs=0}]} [PHONE0]
04-30 00:18:59.064  5600  5600 D DNC-0   : getAllActiveCellularInterfaces All Interfaces: rmnet_data3
04-30 00:18:59.065  5600  5600 D DNC-0   : getAllActiveCellularInterfaces All Interfaces: rmnet_data1
04-30 00:18:59.073  5600  5600 D DNC-1   : getAllActiveCellularInterfaces All Interfaces: rmnet_data2
04-30 00:19:00.074  5600  5600 D DNC-0   : getAllActiveCellularInterfaces All Interfaces: rmnet_data3
04-30 00:19:00.074  5600  5600 D DNC-0   : getAllActiveCellularInterfaces All Interfaces: rmnet_data1
04-30 00:19:00.081  5600  5600 D DNC-1   : getAllActiveCellularInterfaces All Interfaces: rmnet_data2
04-30 00:19:01.082  5600  5600 D DNC-0   : getAllActiveCellularInterfaces All Interfaces: rmnet_data3
04-30 00:19:01.082  5600  5600 D DNC-0   : getAllActiveCellularInterfaces All Interfaces: rmnet_data1
04-30 00:19:01.093  5600  5600 D DNC-1   : getAllActiveCellularInterfaces All Interfaces: rmnet_data2
04-30 00:19:01.213  5600  5600 D MiuiDisplayInfoController: EVENT_DELAY_NOTIFY_VOLTE
04-30 00:19:02.094  5600  5600 D DNC-0   : getAllActiveCellularInterfaces All Interfaces: rmnet_data3
04-30 00:19:02.094  5600  5600 D DNC-0   : getAllActiveCellularInterfaces All Interfaces: rmnet_data1
04-30 00:19:02.104  5600  5600 D DNC-1   : getAllActiveCellularInterfaces All Interfaces: rmnet_data2
04-30 00:19:03.107  5600  5600 D DNC-0   : getAllActiveCellularInterfaces All Interfaces: rmnet_data3
04-30 00:19:03.107  5600  5600 D DNC-0   : getAllActiveCellularInterfaces All Interfaces: rmnet_data1
04-30 00:19:03.114  5600  5600 D DNC-1   : getAllActiveCellularInterfaces All Interfaces: rmnet_data2
04-30 00:19:04.115  5600  5600 D DNC-0   : getAllActiveCellularInterfaces All Interfaces: rmnet_data3
04-30 00:19:04.115  5600  5600 D DNC-0   : getAllActiveCellularInterfaces All Interfaces: rmnet_data1
04-30 00:19:04.121  5600  5600 D DNC-1   : getAllActiveCellularInterfaces All Interfaces: rmnet_data2
04-30 00:19:04.370  5600  5600 D SSCtr   : onDeviceIdleStateChanged isDeviceIdle=true
04-30 00:19:04.371  5600  5600 D RILJ    : [1506]> SEND_DEVICE_STATE 2:true [PHONE0]
04-30 00:19:04.371  5600  6728 D RILJ    : [1506]< SEND_DEVICE_STATE  [PHONE0]
04-30 00:19:04.372  5600  5600 D RILJ    : [1507]> SET_UNSOLICITED_RESPONSE_FILTER 32 [PHONE0]
04-30 00:19:04.372  5600  5600 D SSCtr   : onDeviceIdleStateChanged isDeviceIdle=true
04-30 00:19:04.373  5600  5600 D RILJ    : [1508]> SEND_DEVICE_STATE 2:true [PHONE1]
04-30 00:19:04.373  5600  5600 D RILJ    : [1509]> SET_UNSOLICITED_RESPONSE_FILTER 32 [PHONE1]
04-30 00:19:04.374  5600  5600 D RILJ    : [1510]> SET_SIGNAL_STRENGTH_REPORTING_CRITERIA [PHONE0]
04-30 00:19:04.375  5600  5600 D SSCtr   : setSignalStrengthReportingCriteria consolidatedSignalThresholdInfos=[SignalThresholdInfo{mRan=1 mSignalMeasurementType=1 mHysteresisMs=3000 mHysteresisDb=2 mThresholds=[] mIsEnabled=false}, SignalThresholdInfo{mRan=2 mSignalMeasurementType=2 mHysteresisMs=3000 mHysteresisDb=2 mThresholds=[] mIsEnabled=false}, SignalThresholdInfo{mRan=3 mSignalMeasurementType=3 mHysteresisMs=3000 mHysteresisDb=2 mThresholds=[] mIsEnabled=false}, SignalThresholdInfo{mRan=3 mSignalMeasurementType=4 mHysteresisMs=3000 mHysteresisDb=2 mThresholds=[] mIsEnabled=false}, SignalThresholdInfo{mRan=3 mSignalMeasurementType=5 mHysteresisMs=3000 mHysteresisDb=2 mThresholds=[] mIsEnabled=false}, SignalThresholdInfo{mRan=6 mSignalMeasurementType=6 mHysteresisMs=3000 mHysteresisDb=2 mThresholds=[] mIsEnabled=false}, SignalThresholdInfo{mRan=6 mSignalMeasurementType=7 mHysteresisMs=3000 mHysteresisDb=2 mThresholds=[] mIsEnabled=false}, SignalThresholdInfo{mRan=6 mSignalMeasurementType=8 mHysteresisMs=3000 mHysteresisDb=2 mThresholds=[] mIsEnabled=false}, SignalThresholdInfo{mRan=2 mSignalMeasurementType=9 mHysteresisMs=3000 mHysteresisDb=2 mThresholds=[] mIsEnabled=false}]
04-30 00:19:04.375  5600  6728 D RILJ    : [1508]< SEND_DEVICE_STATE  [PHONE1]
04-30 00:19:04.375  5600  5600 D NetworkTypeController: [0] NrConnectedState: process EVENT_PHYSICAL_CHANNEL_CONFIG_NOTIF_CHANGED
04-30 00:19:04.375  5600  5600 D NetworkTypeController: [0] DefaultState: process EVENT_PHYSICAL_CHANNEL_CONFIG_NOTIF_CHANGED
04-30 00:19:04.375  5600  5600 D NetworkTypeController: [0] mIsPhysicalChannelConfigOn changed to: false
04-30 00:19:04.375  5600  5600 D NetworkTypeController: [0] Reset timers since physical channel config indications are off.
04-30 00:19:04.376  5600  5600 D MiuiNetworkControllerImpl: isDelayUpdateTelephonyDisplayInfo, mNewDisplayNetworkType = 20, mCurrentDisplayNetworkType = 20, phoneId = 0
04-30 00:19:04.377  5600  5600 D RILJ    : [1511]> SET_SIGNAL_STRENGTH_REPORTING_CRITERIA [PHONE1]
04-30 00:19:04.377  5600  5600 D SSCtr   : setSignalStrengthReportingCriteria consolidatedSignalThresholdInfos=[SignalThresholdInfo{mRan=1 mSignalMeasurementType=1 mHysteresisMs=3000 mHysteresisDb=2 mThresholds=[] mIsEnabled=false}, SignalThresholdInfo{mRan=2 mSignalMeasurementType=2 mHysteresisMs=3000 mHysteresisDb=2 mThresholds=[] mIsEnabled=false}, SignalThresholdInfo{mRan=3 mSignalMeasurementType=3 mHysteresisMs=3000 mHysteresisDb=2 mThresholds=[] mIsEnabled=false}, SignalThresholdInfo{mRan=3 mSignalMeasurementType=4 mHysteresisMs=3000 mHysteresisDb=2 mThresholds=[] mIsEnabled=false}, SignalThresholdInfo{mRan=3 mSignalMeasurementType=5 mHysteresisMs=3000 mHysteresisDb=2 mThresholds=[] mIsEnabled=false}, SignalThresholdInfo{mRan=6 mSignalMeasurementType=6 mHysteresisMs=3000 mHysteresisDb=2 mThresholds=[] mIsEnabled=false}, SignalThresholdInfo{mRan=6 mSignalMeasurementType=7 mHysteresisMs=3000 mHysteresisDb=2 mThresholds=[] mIsEnabled=false}, SignalThresholdInfo{mRan=6 mSignalMeasurementType=8 mHysteresisMs=3000 mHysteresisDb=2 mThresholds=[] mIsEnabled=false}, SignalThresholdInfo{mRan=2 mSignalMeasurementType=9 mHysteresisMs=3000 mHysteresisDb=2 mThresholds=[] mIsEnabled=false}]
04-30 00:19:04.377  5600  5600 D NetworkTypeController: [1] NrConnectedState: process EVENT_PHYSICAL_CHANNEL_CONFIG_NOTIF_CHANGED
04-30 00:19:04.377  5600  5600 D NetworkTypeController: [1] DefaultState: process EVENT_PHYSICAL_CHANNEL_CONFIG_NOTIF_CHANGED
04-30 00:19:04.377  5600  5600 D NetworkTypeController: [1] mIsPhysicalChannelConfigOn changed to: false
04-30 00:19:04.377  5600  5600 D NetworkTypeController: [1] Reset timers since physical channel config indications are off.
04-30 00:19:04.377  5600  5600 D MiuiNetworkControllerImpl: isDelayUpdateTelephonyDisplayInfo, mNewDisplayNetworkType = 20, mCurrentDisplayNetworkType = 20, phoneId = 1
04-30 00:19:04.379  5600  6728 D RILJ    : [1511]< SET_SIGNAL_STRENGTH_REPORTING_CRITERIA  [PHONE1]
04-30 00:19:04.383  5600  6728 D RILJ    : [1510]< SET_SIGNAL_STRENGTH_REPORTING_CRITERIA  [PHONE0]
04-30 00:19:04.386  5600  6728 D RILJ    : [1507]< SET_UNSOLICITED_RESPONSE_FILTER  [PHONE0]
04-30 00:19:04.386  5600  6673 D RILJ    : [1509]< SET_UNSOLICITED_RESPONSE_FILTER  [PHONE1]
04-30 00:19:04.387  3028  3570 I qcrilNrd: RIL Response bytes written:4
04-30 00:19:04.387  3028  3570 I qcrilNrd: RIL Response bytes written:16
04-30 00:19:04.387  1907  3959 D RequestManager: [RequestManager.cpp: 341] [Loc_hal_worker(1907,3959)] listenForResponses: record_stream_get_next: recordLen: 16, ret: 0, errno: 0, errStr: Success, socket fd: 36
04-30 00:19:04.387  1907  3959 D RequestManager: [RequestManager.cpp: 358] [Loc_hal_worker(1907,3959)] listenForResponses: Got a response parcel
04-30 00:19:04.388  5600  6728 D RILJ    : Unsol response received; Sending ack to ril.cpp [PHONE0]
04-30 00:19:04.388  5600  6728 D RILJ    : [UNSL]< UNSOL_LCE_INFO_RECV [{mType=0, mDownlinkCapacityKbps=-1, mUplinkCapacityKbps=-1}, {mType=1, mDownlinkCapacityKbps=0, mUplinkCapacityKbps=0}] [PHONE0]
04-30 00:19:04.388  5600  5600 D QtiGsmCdmaPhone: [0 ] handleMessage: Event: 59
04-30 00:19:04.388  5600  5600 D GsmCdmaPhone: [0] updateLinkCapacityEstimate: lce list=[{mType=0, mDownlinkCapacityKbps=-1, mUplinkCapacityKbps=-1}, {mType=1, mDownlinkCapacityKbps=0, mUplinkCapacityKbps=0}]
04-30 00:19:05.079  5600  5600 D QtiDSMGR-0: handleMessage: 5
04-30 00:19:05.080  5600  5600 D QtiDSMGR-1: handleMessage: 5
04-30 00:19:05.109  5600  5600 D MiuiNetworkControllerImpl[0]: BroadcastReceiver ACTION_SCREEN_OFF
04-30 00:19:05.113  5600  5600 D MiuiNetworkControllerImpl[1]: BroadcastReceiver ACTION_SCREEN_OFF
