04-30 00:18:42.221  5600  5600 D ImsPhoneCallTracker: [0] onCallUpdated: profile is { serviceType=1, callType=2, restrictCause=0, mediaProfile={ audioQuality=0, audioDirection=3, audioCodecAttribute=null, videoQuality=0, videoDirection=-1, rttMode=0, hasRttAudioSpeech=false }, emergencyServiceCategories=0, emergencyUrns=[], emergencyCallRouting=0, emergencyCallTesting=false, hasKnownUserIntentEmergency=false, mRestrictCause=0, mCallerNumberVerstat= 0, mAcceptedRtpHeaderExtensions= [] }
04-30 00:18:42.221  5600  5600 D ImsPhoneCallTracker: [0] processCallStateChange state=ALERTING cause=0 ignoreState=true
04-30 00:18:42.223  5600  5600 V ImsPhoneConnection: update localCallProfile={ serviceType=1, callType=2, restrictCause=0, mediaProfile={ audioQuality=2, audioDirection=3, audioCodecAttribute=null, videoQuality=0, videoDirection=-1, rttMode=0, hasRttAudioSpeech=false }, emergencyServiceCategories=0, emergencyUrns=[], emergencyCallRouting=0, emergencyCallTesting=false, hasKnownUserIntentEmergency=false, mRestrictCause=0, mCallerNumberVerstat= 0, mAcceptedRtpHeaderExtensions= [] }
04-30 00:18:42.223  5600  5600 I ImsPhoneConnection: applyLocalCallCapabilities - localProfile = { serviceType=1, callType=2, restrictCause=0, mediaProfile={ audioQuality=2, audioDirection=3, audioCodecAttribute=null, videoQuality=0, videoDirection=-1, rttMode=0, hasRttAudioSpeech=false }, emergencyServiceCategories=0, emergencyUrns=[], emergencyCallRouting=0, emergencyCallTesting=false, hasKnownUserIntentEmergency=false, mRestrictCause=0, mCallerNumberVerstat= 0, mAcceptedRtpHeaderExtensions= [] }
04-30 00:18:42.224  5600  5600 V ImsPhoneConnection: update remoteCallProfile={ serviceType=1, callType=3, restrictCause=0, mediaProfile={ audioQuality=0, audioDirection=3, audioCodecAttribute=null, videoQuality=0, videoDirection=-1, rttMode=0, hasRttAudioSpeech=false }, emergencyServiceCategories=0, emergencyUrns=[], emergencyCallRouting=0, emergencyCallTesting=false, hasKnownUserIntentEmergency=false, mRestrictCause=0, mCallerNumberVerstat= 0, mAcceptedRtpHeaderExtensions= [] }
04-30 00:18:42.224  5600  5600 W ImsPhoneConnection: applyRemoteCallCapabilities - remoteProfile = { serviceType=1, callType=3, restrictCause=0, mediaProfile={ audioQuality=0, audioDirection=3, audioCodecAttribute=null, videoQuality=0, videoDirection=-1, rttMode=0, hasRttAudioSpeech=false }, emergencyServiceCategories=0, emergencyUrns=[], emergencyCallRouting=0, emergencyCallTesting=false, hasKnownUserIntentEmergency=false, mRestrictCause=0, mCallerNumberVerstat= 0, mAcceptedRtpHeaderExtensions= [] }
04-30 00:18:42.224  5600  5600 V ImsPhoneConnection: data is not metered
04-30 00:18:42.225  5600  5600 I ImsPhoneConnection: updateMediaCapabilities: mediate attributes changed: codec = 2, bitRate=0.0, bandwidth=0.0
04-30 00:18:42.226  5600  5600 I ImsPhoneConnection: maybeChangeRingbackState
04-30 00:18:42.226  5600  5600 I ImsPhoneCall: maybeChangeRingbackState: state=ALERTING
04-30 00:18:42.226  5600  5600 I ImsPhoneCall: isLocalTone: audioDirection=3, playRingback=false
04-30 00:18:42.229  5600  5600 I MiuiCarrierConfigHelper: getBooleanCarrierConfigForSubId subId:4 key:display_hd_audio_property_bool result:true
04-30 00:18:42.246  5600  5699 D Phone   : isImsRegistered =true
04-30 00:18:42.258  5600  5699 D Phone   : isImsRegistered =true
04-30 00:18:42.278  5600  5699 D FeatureConfiguration: Checking feature: FEATURE_DUAL_VOLTE
04-30 00:18:42.278  5600  5699 D FeatureConfiguration: Feature FEATURE_DUAL_VOLTE build is supported, featureSupported=true
04-30 00:18:42.278  5600  5699 D ImsManagerIM [0]: getLocalImsConfigKeInt() for key:68, result: 0
04-30 00:18:42.281  5600  5699 D Phone   : isImsRegistered =true
04-30 00:18:42.379  3028  3570 I qcrilNrd: RIL Response bytes written:4
04-30 00:18:42.379  3028  3570 I qcrilNrd: RIL Response bytes written:30
04-30 00:18:42.379  1907  3959 D RequestManager: [RequestManager.cpp: 341] [Loc_hal_worker(1907,3959)] listenForResponses: record_stream_get_next: recordLen: 295, ret: -1, errno: 11, errStr: Try again, socket fd: 36
04-30 00:18:42.379  1907  3959 D RequestManager: [RequestManager.cpp: 341] [Loc_hal_worker(1907,3959)] listenForResponses: record_stream_get_next: recordLen: 30, ret: 0, errno: 0, errStr: Success, socket fd: 36
04-30 00:18:42.379  1907  3959 D RequestManager: [RequestManager.cpp: 358] [Loc_hal_worker(1907,3959)] listenForResponses: Got a response parcel
04-30 00:18:42.408  1907  3959 D RequestManager: [RequestManager.cpp: 341] [Loc_hal_worker(1907,3959)] listenForResponses: record_stream_get_next: recordLen: 30, ret: -1, errno: 11, errStr: Try again, socket fd: 36
04-30 00:18:42.408  3028  3570 I qcrilNrd: RIL Response bytes written:4
04-30 00:18:42.408  1907  3959 D RequestManager: [RequestManager.cpp: 341] [Loc_hal_worker(1907,3959)] listenForResponses: record_stream_get_next: recordLen: 295, ret: 0, errno: 0, errStr: Success, socket fd: 36
04-30 00:18:42.408  1907  3959 D RequestManager: [RequestManager.cpp: 358] [Loc_hal_worker(1907,3959)] listenForResponses: Got a response parcel
04-30 00:18:42.408  3028  3570 I qcrilNrd: RIL Response bytes written:295
04-30 00:18:42.410  1907  3959 D RequestManager: [RequestManager.cpp: 341] [Loc_hal_worker(1907,3959)] listenForResponses: record_stream_get_next: recordLen: 295, ret: -1, errno: 11, errStr: Try again, socket fd: 36
04-30 00:18:42.410  3028  3570 I qcrilNrd: RIL Response bytes written:4
04-30 00:18:42.410  1907  3959 D RequestManager: [RequestManager.cpp: 341] [Loc_hal_worker(1907,3959)] listenForResponses: record_stream_get_next: recordLen: 76, ret: 0, errno: 0, errStr: Success, socket fd: 36
04-30 00:18:42.410  1907  3959 D RequestManager: [RequestManager.cpp: 358] [Loc_hal_worker(1907,3959)] listenForResponses: Got a response parcel
04-30 00:18:42.410  3028  3570 I qcrilNrd: RIL Response bytes written:76
04-30 00:18:42.453  5600  5600 D ImsPhoneCallTracker: [0] onCallUpdated
04-30 00:18:42.453  5600  5600 D ImsPhoneCallTracker: [0] onCallUpdated: profile is { serviceType=1, callType=6, restrictCause=0, mediaProfile={ audioQuality=0, audioDirection=3, audioCodecAttribute=null, videoQuality=0, videoDirection=1, rttMode=0, hasRttAudioSpeech=false }, emergencyServiceCategories=0, emergencyUrns=[], emergencyCallRouting=0, emergencyCallTesting=false, hasKnownUserIntentEmergency=false, mRestrictCause=0, mCallerNumberVerstat= 0, mAcceptedRtpHeaderExtensions= [] }
04-30 00:18:42.453  5600  5600 D ImsPhoneCallTracker: [0] processCallStateChange state=ALERTING cause=0 ignoreState=true
04-30 00:18:42.453  5600  5600 D VoiceCallSessionStats: onVideoStateChange: video state=2, connectionId=715568624
04-30 00:18:42.454  5600  5600 V ImsPhoneConnection: update localCallProfile={ serviceType=1, callType=7, restrictCause=0, mediaProfile={ audioQuality=2, audioDirection=3, audioCodecAttribute=null, videoQuality=0, videoDirection=-1, rttMode=0, hasRttAudioSpeech=false }, emergencyServiceCategories=0, emergencyUrns=[], emergencyCallRouting=0, emergencyCallTesting=false, hasKnownUserIntentEmergency=false, mRestrictCause=0, mCallerNumberVerstat= 0, mAcceptedRtpHeaderExtensions= [] }
04-30 00:18:42.454  5600  5600 I ImsPhoneConnection: applyLocalCallCapabilities - localProfile = { serviceType=1, callType=7, restrictCause=0, mediaProfile={ audioQuality=2, audioDirection=3, audioCodecAttribute=null, videoQuality=0, videoDirection=-1, rttMode=0, hasRttAudioSpeech=false }, emergencyServiceCategories=0, emergencyUrns=[], emergencyCallRouting=0, emergencyCallTesting=false, hasKnownUserIntentEmergency=false, mRestrictCause=0, mCallerNumberVerstat= 0, mAcceptedRtpHeaderExtensions= [] }
04-30 00:18:42.455  5600  5600 V ImsPhoneConnection: update remoteCallProfile={ serviceType=1, callType=3, restrictCause=0, mediaProfile={ audioQuality=0, audioDirection=3, audioCodecAttribute=null, videoQuality=0, videoDirection=-1, rttMode=0, hasRttAudioSpeech=false }, emergencyServiceCategories=0, emergencyUrns=[], emergencyCallRouting=0, emergencyCallTesting=false, hasKnownUserIntentEmergency=false, mRestrictCause=0, mCallerNumberVerstat= 0, mAcceptedRtpHeaderExtensions= [] }
04-30 00:18:42.455  5600  5600 W ImsPhoneConnection: applyRemoteCallCapabilities - remoteProfile = { serviceType=1, callType=3, restrictCause=0, mediaProfile={ audioQuality=0, audioDirection=3, audioCodecAttribute=null, videoQuality=0, videoDirection=-1, rttMode=0, hasRttAudioSpeech=false }, emergencyServiceCategories=0, emergencyUrns=[], emergencyCallRouting=0, emergencyCallTesting=false, hasKnownUserIntentEmergency=false, mRestrictCause=0, mCallerNumberVerstat= 0, mAcceptedRtpHeaderExtensions= [] }
04-30 00:18:42.455  5600  5600 V ImsPhoneConnection: data is not metered
04-30 00:18:42.455  5600  5600 I ImsPhoneConnection: maybeChangeRingbackState
04-30 00:18:42.455  5600  5600 I ImsPhoneCall: maybeChangeRingbackState: state=ALERTING
04-30 00:18:42.455  5600  5600 I ImsPhoneCall: isLocalTone: audioDirection=3, playRingback=false
04-30 00:18:42.460  5600  5600 V SMSVC   : getSubscriptionUserHandle subId = 4 userHandle = UserHandle{-10000}
04-30 00:18:42.467  5600  5699 D Phone   : isImsRegistered =true
04-30 00:18:42.478  5600  6736 D Phone   : isImsRegistered =true
04-30 00:18:42.494  5600  6736 D FeatureConfiguration: Checking feature: FEATURE_DUAL_VOLTE
04-30 00:18:42.494  5600  6736 D FeatureConfiguration: Feature FEATURE_DUAL_VOLTE build is supported, featureSupported=true
04-30 00:18:42.494  5600  6736 D ImsManagerIM [0]: getLocalImsConfigKeInt() for key:68, result: 0
04-30 00:18:42.500  5600  6736 D Phone   : isImsRegistered =true
04-30 00:18:42.524  5600  6736 D Phone   : isImsRegistered =true
04-30 00:18:42.533  5600  6736 D Phone   : isImsRegistered =true
04-30 00:18:42.546  5600  6736 D FeatureConfiguration: Checking feature: FEATURE_DUAL_VOLTE
04-30 00:18:42.546  5600  6736 D FeatureConfiguration: Feature FEATURE_DUAL_VOLTE build is supported, featureSupported=true
04-30 00:18:42.546  5600  6736 D ImsManagerIM [0]: getLocalImsConfigKeInt() for key:68, result: 0
04-30 00:18:42.548  5600  6736 D Phone   : isImsRegistered =true
04-30 00:18:42.605  5600  5600 D ImsPhoneCallTracker: [0] onCallUpdated
04-30 00:18:42.606  5600  5600 D ImsPhoneCallTracker: [0] onCallUpdated: profile is { serviceType=1, callType=6, restrictCause=0, mediaProfile={ audioQuality=0, audioDirection=3, audioCodecAttribute=null, videoQuality=0, videoDirection=1, rttMode=0, hasRttAudioSpeech=false }, emergencyServiceCategories=0, emergencyUrns=[], emergencyCallRouting=0, emergencyCallTesting=false, hasKnownUserIntentEmergency=false, mRestrictCause=0, mCallerNumberVerstat= 0, mAcceptedRtpHeaderExtensions= [] }
04-30 00:18:42.606  5600  5600 D ImsPhoneCallTracker: [0] processCallStateChange state=ALERTING cause=0 ignoreState=true
04-30 00:18:42.607  5600  5600 V ImsPhoneConnection: update localCallProfile={ serviceType=1, callType=7, restrictCause=0, mediaProfile={ audioQuality=2, audioDirection=3, audioCodecAttribute=null, videoQuality=0, videoDirection=-1, rttMode=0, hasRttAudioSpeech=false }, emergencyServiceCategories=0, emergencyUrns=[], emergencyCallRouting=0, emergencyCallTesting=false, hasKnownUserIntentEmergency=false, mRestrictCause=0, mCallerNumberVerstat= 0, mAcceptedRtpHeaderExtensions= [] }
04-30 00:18:42.607  5600  5600 I ImsPhoneConnection: applyLocalCallCapabilities - localProfile = { serviceType=1, callType=7, restrictCause=0, mediaProfile={ audioQuality=2, audioDirection=3, audioCodecAttribute=null, videoQuality=0, videoDirection=-1, rttMode=0, hasRttAudioSpeech=false }, emergencyServiceCategories=0, emergencyUrns=[], emergencyCallRouting=0, emergencyCallTesting=false, hasKnownUserIntentEmergency=false, mRestrictCause=0, mCallerNumberVerstat= 0, mAcceptedRtpHeaderExtensions= [] }
04-30 00:18:42.609  5600  5600 V ImsPhoneConnection: update remoteCallProfile={ serviceType=1, callType=3, restrictCause=0, mediaProfile={ audioQuality=0, audioDirection=3, audioCodecAttribute=null, videoQuality=0, videoDirection=-1, rttMode=0, hasRttAudioSpeech=false }, emergencyServiceCategories=0, emergencyUrns=[], emergencyCallRouting=0, emergencyCallTesting=false, hasKnownUserIntentEmergency=false, mRestrictCause=0, mCallerNumberVerstat= 0, mAcceptedRtpHeaderExtensions= [] }
04-30 00:18:42.609  5600  5600 W ImsPhoneConnection: applyRemoteCallCapabilities - remoteProfile = { serviceType=1, callType=3, restrictCause=0, mediaProfile={ audioQuality=0, audioDirection=3, audioCodecAttribute=null, videoQuality=0, videoDirection=-1, rttMode=0, hasRttAudioSpeech=false }, emergencyServiceCategories=0, emergencyUrns=[], emergencyCallRouting=0, emergencyCallTesting=false, hasKnownUserIntentEmergency=false, mRestrictCause=0, mCallerNumberVerstat= 0, mAcceptedRtpHeaderExtensions= [] }
04-30 00:18:42.609  5600  5600 V ImsPhoneConnection: data is not metered
04-30 00:18:42.610  5600  5600 I ImsPhoneConnection: maybeChangeRingbackState
04-30 00:18:42.610  5600  5600 I ImsPhoneCall: maybeChangeRingbackState: state=ALERTING
04-30 00:18:42.610  5600  5600 I ImsPhoneCall: isLocalTone: audioDirection=3, playRingback=false
04-30 00:18:42.847  3028  3570 I qcrilNrd: RIL Response bytes written:4
04-30 00:18:42.847  3028  3570 I qcrilNrd: RIL Response bytes written:305
04-30 00:18:42.847  1907  3959 D RequestManager: [RequestManager.cpp: 341] [Loc_hal_worker(1907,3959)] listenForResponses: record_stream_get_next: recordLen: 305, ret: 0, errno: 0, errStr: Success, socket fd: 36
04-30 00:18:42.847  1907  3959 D RequestManager: [RequestManager.cpp: 358] [Loc_hal_worker(1907,3959)] listenForResponses: Got a response parcel
04-30 00:18:42.856  5600  5600 D ImsPhoneCallTracker: [0] onCallUpdated
04-30 00:18:42.857  5600  5600 D ImsPhoneCallTracker: [0] onCallUpdated: profile is { serviceType=1, callType=6, restrictCause=0, mediaProfile={ audioQuality=0, audioDirection=3, audioCodecAttribute=null, videoQuality=0, videoDirection=1, rttMode=0, hasRttAudioSpeech=false }, emergencyServiceCategories=0, emergencyUrns=[], emergencyCallRouting=0, emergencyCallTesting=false, hasKnownUserIntentEmergency=false, mRestrictCause=0, mCallerNumberVerstat= 0, mAcceptedRtpHeaderExtensions= [] }
04-30 00:18:42.857  5600  5600 D ImsPhoneCallTracker: [0] processCallStateChange state=ALERTING cause=0 ignoreState=true
04-30 00:18:42.858  5600  5600 V ImsPhoneConnection: update localCallProfile={ serviceType=1, callType=7, restrictCause=0, mediaProfile={ audioQuality=2, audioDirection=3, audioCodecAttribute=null, videoQuality=0, videoDirection=-1, rttMode=0, hasRttAudioSpeech=false }, emergencyServiceCategories=0, emergencyUrns=[], emergencyCallRouting=0, emergencyCallTesting=false, hasKnownUserIntentEmergency=false, mRestrictCause=0, mCallerNumberVerstat= 0, mAcceptedRtpHeaderExtensions= [] }
04-30 00:18:42.858  5600  5600 I ImsPhoneConnection: applyLocalCallCapabilities - localProfile = { serviceType=1, callType=7, restrictCause=0, mediaProfile={ audioQuality=2, audioDirection=3, audioCodecAttribute=null, videoQuality=0, videoDirection=-1, rttMode=0, hasRttAudioSpeech=false }, emergencyServiceCategories=0, emergencyUrns=[], emergencyCallRouting=0, emergencyCallTesting=false, hasKnownUserIntentEmergency=false, mRestrictCause=0, mCallerNumberVerstat= 0, mAcceptedRtpHeaderExtensions= [] }
04-30 00:18:42.859  5600  5600 V ImsPhoneConnection: update remoteCallProfile={ serviceType=1, callType=3, restrictCause=0, mediaProfile={ audioQuality=0, audioDirection=3, audioCodecAttribute=null, videoQuality=0, videoDirection=-1, rttMode=0, hasRttAudioSpeech=false }, emergencyServiceCategories=0, emergencyUrns=[], emergencyCallRouting=0, emergencyCallTesting=false, hasKnownUserIntentEmergency=false, mRestrictCause=0, mCallerNumberVerstat= 0, mAcceptedRtpHeaderExtensions= [] }
04-30 00:18:42.859  5600  5600 W ImsPhoneConnection: applyRemoteCallCapabilities - remoteProfile = { serviceType=1, callType=3, restrictCause=0, mediaProfile={ audioQuality=0, audioDirection=3, audioCodecAttribute=null, videoQuality=0, videoDirection=-1, rttMode=0, hasRttAudioSpeech=false }, emergencyServiceCategories=0, emergencyUrns=[], emergencyCallRouting=0, emergencyCallTesting=false, hasKnownUserIntentEmergency=false, mRestrictCause=0, mCallerNumberVerstat= 0, mAcceptedRtpHeaderExtensions= [] }
04-30 00:18:42.860  5600  5600 V ImsPhoneConnection: data is not metered
04-30 00:18:42.860  5600  5600 I ImsPhoneConnection: maybeChangeRingbackState
04-30 00:18:42.860  5600  5600 I ImsPhoneCall: maybeChangeRingbackState: state=ALERTING
04-30 00:18:42.860  5600  5600 I ImsPhoneCall: isLocalTone: audioDirection=3, playRingback=false
04-30 00:18:42.865  3028  3570 I qcrilNrd: RIL Response bytes written:4
04-30 00:18:42.865  3028  3570 I qcrilNrd: RIL Response bytes written:295
04-30 00:18:42.866  1907  3959 D RequestManager: [RequestManager.cpp: 341] [Loc_hal_worker(1907,3959)] listenForResponses: record_stream_get_next: recordLen: 295, ret: 0, errno: 0, errStr: Success, socket fd: 36
04-30 00:18:42.866  1907  3959 D RequestManager: [RequestManager.cpp: 358] [Loc_hal_worker(1907,3959)] listenForResponses: Got a response parcel
04-30 00:18:42.867  3028  3570 I qcrilNrd: RIL Response bytes written:4
04-30 00:18:42.867  3028  3570 I qcrilNrd: RIL Response bytes written:76
04-30 00:18:42.868  1907  3959 D RequestManager: [RequestManager.cpp: 341] [Loc_hal_worker(1907,3959)] listenForResponses: record_stream_get_next: recordLen: 76, ret: 0, errno: 0, errStr: Success, socket fd: 36
04-30 00:18:42.868  1907  3959 D RequestManager: [RequestManager.cpp: 358] [Loc_hal_worker(1907,3959)] listenForResponses: Got a response parcel
04-30 00:18:42.868  3028  3570 I qcrilNrd: RIL Response bytes written:4
04-30 00:18:42.868  3028  3570 I qcrilNrd: RIL Response bytes written:76
04-30 00:18:42.868  1907  3959 D RequestManager: [RequestManager.cpp: 341] [Loc_hal_worker(1907,3959)] listenForResponses: record_stream_get_next: recordLen: 76, ret: 0, errno: 0, errStr: Success, socket fd: 36
04-30 00:18:42.868  1907  3959 D RequestManager: [RequestManager.cpp: 358] [Loc_hal_worker(1907,3959)] listenForResponses: Got a response parcel
04-30 00:18:42.880  5600  5600 D ImsPhoneCallTracker: [0] onCallUpdated
04-30 00:18:42.880  5600  5600 D ImsPhoneCallTracker: [0] onCallUpdated: profile is { serviceType=1, callType=6, restrictCause=0, mediaProfile={ audioQuality=0, audioDirection=3, audioCodecAttribute=null, videoQuality=0, videoDirection=1, rttMode=0, hasRttAudioSpeech=false }, emergencyServiceCategories=0, emergencyUrns=[], emergencyCallRouting=0, emergencyCallTesting=false, hasKnownUserIntentEmergency=false, mRestrictCause=0, mCallerNumberVerstat= 0, mAcceptedRtpHeaderExtensions= [] }
04-30 00:18:42.880  5600  5600 D ImsPhoneCallTracker: [0] processCallStateChange state=ALERTING cause=0 ignoreState=true
04-30 00:18:42.882  5600  5600 V ImsPhoneConnection: update localCallProfile={ serviceType=1, callType=7, restrictCause=0, mediaProfile={ audioQuality=2, audioDirection=3, audioCodecAttribute=null, videoQuality=0, videoDirection=-1, rttMode=0, hasRttAudioSpeech=false }, emergencyServiceCategories=0, emergencyUrns=[], emergencyCallRouting=0, emergencyCallTesting=false, hasKnownUserIntentEmergency=false, mRestrictCause=0, mCallerNumberVerstat= 0, mAcceptedRtpHeaderExtensions= [] }
04-30 00:18:42.882  5600  5600 I ImsPhoneConnection: applyLocalCallCapabilities - localProfile = { serviceType=1, callType=7, restrictCause=0, mediaProfile={ audioQuality=2, audioDirection=3, audioCodecAttribute=null, videoQuality=0, videoDirection=-1, rttMode=0, hasRttAudioSpeech=false }, emergencyServiceCategories=0, emergencyUrns=[], emergencyCallRouting=0, emergencyCallTesting=false, hasKnownUserIntentEmergency=false, mRestrictCause=0, mCallerNumberVerstat= 0, mAcceptedRtpHeaderExtensions= [] }
04-30 00:18:42.884  5600  5600 V ImsPhoneConnection: update remoteCallProfile={ serviceType=1, callType=3, restrictCause=0, mediaProfile={ audioQuality=0, audioDirection=3, audioCodecAttribute=null, videoQuality=0, videoDirection=-1, rttMode=0, hasRttAudioSpeech=false }, emergencyServiceCategories=0, emergencyUrns=[], emergencyCallRouting=0, emergencyCallTesting=false, hasKnownUserIntentEmergency=false, mRestrictCause=0, mCallerNumberVerstat= 0, mAcceptedRtpHeaderExtensions= [] }
04-30 00:18:42.884  5600  5600 W ImsPhoneConnection: applyRemoteCallCapabilities - remoteProfile = { serviceType=1, callType=3, restrictCause=0, mediaProfile={ audioQuality=0, audioDirection=3, audioCodecAttribute=null, videoQuality=0, videoDirection=-1, rttMode=0, hasRttAudioSpeech=false }, emergencyServiceCategories=0, emergencyUrns=[], emergencyCallRouting=0, emergencyCallTesting=false, hasKnownUserIntentEmergency=false, mRestrictCause=0, mCallerNumberVerstat= 0, mAcceptedRtpHeaderExtensions= [] }
04-30 00:18:42.884  5600  5600 V ImsPhoneConnection: data is not metered
04-30 00:18:42.884  5600  5600 I ImsPhoneConnection: maybeChangeRingbackState
04-30 00:18:42.885  5600  5600 I ImsPhoneCall: maybeChangeRingbackState: state=ALERTING
04-30 00:18:42.885  5600  5600 I ImsPhoneCall: isLocalTone: audioDirection=3, playRingback=false
04-30 00:18:42.893  5600  5600 D DNC-0   : getAllActiveCellularInterfaces All Interfaces: rmnet_data3
04-30 00:18:42.893  5600  5600 D DNC-0   : getAllActiveCellularInterfaces All Interfaces: rmnet_data1
04-30 00:18:42.901  5600  5600 D DNC-1   : getAllActiveCellularInterfaces All Interfaces: rmnet_data2
04-30 00:18:42.960  3028  3570 I qcrilNrd: RIL Response bytes written:4
04-30 00:18:42.960  3028  3570 I qcrilNrd: RIL Response bytes written:375
04-30 00:18:42.961  1907  3959 D RequestManager: [RequestManager.cpp: 341] [Loc_hal_worker(1907,3959)] listenForResponses: record_stream_get_next: recordLen: 375, ret: 0, errno: 0, errStr: Success, socket fd: 36
04-30 00:18:42.961  1907  3959 D RequestManager: [RequestManager.cpp: 358] [Loc_hal_worker(1907,3959)] listenForResponses: Got a response parcel
04-30 00:18:42.963  3028  3570 I qcrilNrd: RIL Response bytes written:4
04-30 00:18:42.963  3028  3570 I qcrilNrd: RIL Response bytes written:76
04-30 00:18:42.963  1907  3959 D RequestManager: [RequestManager.cpp: 341] [Loc_hal_worker(1907,3959)] listenForResponses: record_stream_get_next: recordLen: 76, ret: 0, errno: 0, errStr: Success, socket fd: 36
04-30 00:18:42.963  1907  3959 D RequestManager: [RequestManager.cpp: 358] [Loc_hal_worker(1907,3959)] listenForResponses: Got a response parcel
04-30 00:18:42.974  5600  5600 D ImsPhoneCallTracker: [0] onCallUpdated
04-30 00:18:42.975  5600  5600 D ImsPhoneCallTracker: [0] onCallUpdated: profile is { serviceType=1, callType=6, restrictCause=0, mediaProfile={ audioQuality=0, audioDirection=3, audioCodecAttribute=null, videoQuality=0, videoDirection=1, rttMode=0, hasRttAudioSpeech=false }, emergencyServiceCategories=0, emergencyUrns=[], emergencyCallRouting=0, emergencyCallTesting=false, hasKnownUserIntentEmergency=false, mRestrictCause=0, mCallerNumberVerstat= 0, mAcceptedRtpHeaderExtensions= [] }
04-30 00:18:42.975  5600  5600 D ImsPhoneCallTracker: [0] processCallStateChange state=ALERTING cause=0 ignoreState=true
04-30 00:18:42.976  5600  5600 V ImsPhoneConnection: update localCallProfile={ serviceType=1, callType=3, restrictCause=0, mediaProfile={ audioQuality=2, audioDirection=3, audioCodecAttribute=null, videoQuality=0, videoDirection=-1, rttMode=0, hasRttAudioSpeech=false }, emergencyServiceCategories=0, emergencyUrns=[], emergencyCallRouting=0, emergencyCallTesting=false, hasKnownUserIntentEmergency=false, mRestrictCause=0, mCallerNumberVerstat= 0, mAcceptedRtpHeaderExtensions= [] }
04-30 00:18:42.976  5600  5600 I ImsPhoneConnection: applyLocalCallCapabilities - localProfile = { serviceType=1, callType=3, restrictCause=0, mediaProfile={ audioQuality=2, audioDirection=3, audioCodecAttribute=null, videoQuality=0, videoDirection=-1, rttMode=0, hasRttAudioSpeech=false }, emergencyServiceCategories=0, emergencyUrns=[], emergencyCallRouting=0, emergencyCallTesting=false, hasKnownUserIntentEmergency=false, mRestrictCause=0, mCallerNumberVerstat= 0, mAcceptedRtpHeaderExtensions= [] }
04-30 00:18:42.976  5600  5600 V ImsPhoneConnection: update remoteCallProfile={ serviceType=1, callType=3, restrictCause=0, mediaProfile={ audioQuality=0, audioDirection=3, audioCodecAttribute=null, videoQuality=0, videoDirection=-1, rttMode=0, hasRttAudioSpeech=false }, emergencyServiceCategories=0, emergencyUrns=[], emergencyCallRouting=0, emergencyCallTesting=false, hasKnownUserIntentEmergency=false, mRestrictCause=0, mCallerNumberVerstat= 0, mAcceptedRtpHeaderExtensions= [] }
04-30 00:18:42.976  5600  5600 W ImsPhoneConnection: applyRemoteCallCapabilities - remoteProfile = { serviceType=1, callType=3, restrictCause=0, mediaProfile={ audioQuality=0, audioDirection=3, audioCodecAttribute=null, videoQuality=0, videoDirection=-1, rttMode=0, hasRttAudioSpeech=false }, emergencyServiceCategories=0, emergencyUrns=[], emergencyCallRouting=0, emergencyCallTesting=false, hasKnownUserIntentEmergency=false, mRestrictCause=0, mCallerNumberVerstat= 0, mAcceptedRtpHeaderExtensions= [] }
04-30 00:18:42.977  5600  5600 V ImsPhoneConnection: data is not metered
04-30 00:18:42.977  5600  5600 I ImsPhoneConnection: maybeChangeRingbackState
04-30 00:18:42.977  5600  5600 I ImsPhoneCall: maybeChangeRingbackState: state=ALERTING
04-30 00:18:42.977  5600  5600 I ImsPhoneCall: isLocalTone: audioDirection=3, playRingback=false
04-30 00:18:42.980  5600  5600 D ImsPhoneCallTracker: [0] onCallStarted
04-30 00:18:42.982  5600  5600 D ImsPhoneCallTracker: [0] processCallStateChange [ImsCall objId:45399467 onHold:N mute:N mCallProfile:{ serviceType=1, callType=6, restrictCause=0, mediaProfile={ audioQuality=0, audioDirection=3, audioCodecAttribute=null, videoQuality=0, videoDirection=1, rttMode=0, hasRttAudioSpeech=false }, emergencyServiceCategories=0, emergencyUrns=[], emergencyCallRouting=0, emergencyCallTesting=false, hasKnownUserIntentEmergency=false, mRestrictCause=0, mCallerNumberVerstat= 0, mAcceptedRtpHeaderExtensions= [] } networkType:13 updateRequest:NONE merging:N merge action pending:N merged:N multiParty:N confHost:N buried term:N isVideo: Y wasVideo: Y isWifi: N session:[ImsCallSession objId:41251834 callId:1] transientSession:null] state=ACTIVE cause=0
04-30 00:18:42.983  5600  5600 D ImsPhoneCallTracker: [0] processCallStateChange state=ACTIVE cause=0 ignoreState=false
04-30 00:18:42.984  5600  5600 V ImsPhoneConnection: update localCallProfile={ serviceType=1, callType=3, restrictCause=0, mediaProfile={ audioQuality=2, audioDirection=3, audioCodecAttribute=null, videoQuality=0, videoDirection=-1, rttMode=0, hasRttAudioSpeech=false }, emergencyServiceCategories=0, emergencyUrns=[], emergencyCallRouting=0, emergencyCallTesting=false, hasKnownUserIntentEmergency=false, mRestrictCause=0, mCallerNumberVerstat= 0, mAcceptedRtpHeaderExtensions= [] }
04-30 00:18:42.984  5600  5600 I ImsPhoneConnection: applyLocalCallCapabilities - localProfile = { serviceType=1, callType=3, restrictCause=0, mediaProfile={ audioQuality=2, audioDirection=3, audioCodecAttribute=null, videoQuality=0, videoDirection=-1, rttMode=0, hasRttAudioSpeech=false }, emergencyServiceCategories=0, emergencyUrns=[], emergencyCallRouting=0, emergencyCallTesting=false, hasKnownUserIntentEmergency=false, mRestrictCause=0, mCallerNumberVerstat= 0, mAcceptedRtpHeaderExtensions= [] }
04-30 00:18:42.985  5600  5600 V ImsPhoneConnection: update remoteCallProfile={ serviceType=1, callType=3, restrictCause=0, mediaProfile={ audioQuality=0, audioDirection=3, audioCodecAttribute=null, videoQuality=0, videoDirection=-1, rttMode=0, hasRttAudioSpeech=false }, emergencyServiceCategories=0, emergencyUrns=[], emergencyCallRouting=0, emergencyCallTesting=false, hasKnownUserIntentEmergency=false, mRestrictCause=0, mCallerNumberVerstat= 0, mAcceptedRtpHeaderExtensions= [] }
04-30 00:18:42.985  5600  5600 W ImsPhoneConnection: applyRemoteCallCapabilities - remoteProfile = { serviceType=1, callType=3, restrictCause=0, mediaProfile={ audioQuality=0, audioDirection=3, audioCodecAttribute=null, videoQuality=0, videoDirection=-1, rttMode=0, hasRttAudioSpeech=false }, emergencyServiceCategories=0, emergencyUrns=[], emergencyCallRouting=0, emergencyCallTesting=false, hasKnownUserIntentEmergency=false, mRestrictCause=0, mCallerNumberVerstat= 0, mAcceptedRtpHeaderExtensions= [] }
04-30 00:18:42.985  5600  5600 V ImsPhoneConnection: data is not metered
04-30 00:18:42.985  5600  5600 D ImsPhoneConnection: onConnectedInOrOut: connectTime=1714407522985
04-30 00:18:42.986  5600  5600 D ImsPhoneConnection: releaseWakeLock
04-30 00:18:42.988  5600  5600 I ImsPhoneCall: maybeChangeRingbackState: state=ACTIVE
04-30 00:18:42.989  5600  5600 V ImsPhoneConnection: update localCallProfile={ serviceType=1, callType=3, restrictCause=0, mediaProfile={ audioQuality=2, audioDirection=3, audioCodecAttribute=null, videoQuality=0, videoDirection=-1, rttMode=0, hasRttAudioSpeech=false }, emergencyServiceCategories=0, emergencyUrns=[], emergencyCallRouting=0, emergencyCallTesting=false, hasKnownUserIntentEmergency=false, mRestrictCause=0, mCallerNumberVerstat= 0, mAcceptedRtpHeaderExtensions= [] }
04-30 00:18:42.989  5600  5600 I ImsPhoneConnection: applyLocalCallCapabilities - localProfile = { serviceType=1, callType=3, restrictCause=0, mediaProfile={ audioQuality=2, audioDirection=3, audioCodecAttribute=null, videoQuality=0, videoDirection=-1, rttMode=0, hasRttAudioSpeech=false }, emergencyServiceCategories=0, emergencyUrns=[], emergencyCallRouting=0, emergencyCallTesting=false, hasKnownUserIntentEmergency=false, mRestrictCause=0, mCallerNumberVerstat= 0, mAcceptedRtpHeaderExtensions= [] }
04-30 00:18:42.990  5600  5600 V ImsPhoneConnection: update remoteCallProfile={ serviceType=1, callType=3, restrictCause=0, mediaProfile={ audioQuality=0, audioDirection=3, audioCodecAttribute=null, videoQuality=0, videoDirection=-1, rttMode=0, hasRttAudioSpeech=false }, emergencyServiceCategories=0, emergencyUrns=[], emergencyCallRouting=0, emergencyCallTesting=false, hasKnownUserIntentEmergency=false, mRestrictCause=0, mCallerNumberVerstat= 0, mAcceptedRtpHeaderExtensions= [] }
04-30 00:18:42.990  5600  5600 W ImsPhoneConnection: applyRemoteCallCapabilities - remoteProfile = { serviceType=1, callType=3, restrictCause=0, mediaProfile={ audioQuality=0, audioDirection=3, audioCodecAttribute=null, videoQuality=0, videoDirection=-1, rttMode=0, hasRttAudioSpeech=false }, emergencyServiceCategories=0, emergencyUrns=[], emergencyCallRouting=0, emergencyCallTesting=false, hasKnownUserIntentEmergency=false, mRestrictCause=0, mCallerNumberVerstat= 0, mAcceptedRtpHeaderExtensions= [] }
04-30 00:18:42.990  5600  5600 V ImsPhoneConnection: data is not metered
04-30 00:18:42.991  5600  5600 D VoiceCallSessionStats: getVoiceRatWithVoNRFix: oldRat=13, newRat=20
04-30 00:18:42.994  5600  5600 D ImsPhoneCallTracker: [0] updatePhoneState pendingMo = null, rng= IDLE(), fg= ACTIVE(TC@1_1/objId:32433701), bg= IDLE()
04-30 00:18:42.994  5600  5600 D ImsPhoneCallTracker: [0] updatePhoneState oldState=OFFHOOK, newState=OFFHOOK
04-30 00:18:43.001  5600  5600 D ImsPhoneCallTracker: [0] onCallUpdated
04-30 00:18:43.001  5600  5600 D ImsPhoneCallTracker: [0] onCallUpdated: profile is { serviceType=1, callType=6, restrictCause=0, mediaProfile={ audioQuality=0, audioDirection=3, audioCodecAttribute=null, videoQuality=0, videoDirection=1, rttMode=0, hasRttAudioSpeech=false }, emergencyServiceCategories=0, emergencyUrns=[], emergencyCallRouting=0, emergencyCallTesting=false, hasKnownUserIntentEmergency=false, mRestrictCause=0, mCallerNumberVerstat= 0, mAcceptedRtpHeaderExtensions= [] }
04-30 00:18:43.001  5600  5600 D ImsPhoneCallTracker: [0] processCallStateChange state=ACTIVE cause=0 ignoreState=true
04-30 00:18:43.001  5600  5600 V ImsPhoneConnection: update localCallProfile={ serviceType=1, callType=3, restrictCause=0, mediaProfile={ audioQuality=2, audioDirection=3, audioCodecAttribute=null, videoQuality=0, videoDirection=-1, rttMode=0, hasRttAudioSpeech=false }, emergencyServiceCategories=0, emergencyUrns=[], emergencyCallRouting=0, emergencyCallTesting=false, hasKnownUserIntentEmergency=false, mRestrictCause=0, mCallerNumberVerstat= 0, mAcceptedRtpHeaderExtensions= [] }
04-30 00:18:43.002  5600  5600 I ImsPhoneConnection: applyLocalCallCapabilities - localProfile = { serviceType=1, callType=3, restrictCause=0, mediaProfile={ audioQuality=2, audioDirection=3, audioCodecAttribute=null, videoQuality=0, videoDirection=-1, rttMode=0, hasRttAudioSpeech=false }, emergencyServiceCategories=0, emergencyUrns=[], emergencyCallRouting=0, emergencyCallTesting=false, hasKnownUserIntentEmergency=false, mRestrictCause=0, mCallerNumberVerstat= 0, mAcceptedRtpHeaderExtensions= [] }
04-30 00:18:43.002  5600  5600 V ImsPhoneConnection: update remoteCallProfile={ serviceType=1, callType=3, restrictCause=0, mediaProfile={ audioQuality=0, audioDirection=3, audioCodecAttribute=null, videoQuality=0, videoDirection=-1, rttMode=0, hasRttAudioSpeech=false }, emergencyServiceCategories=0, emergencyUrns=[], emergencyCallRouting=0, emergencyCallTesting=false, hasKnownUserIntentEmergency=false, mRestrictCause=0, mCallerNumberVerstat= 0, mAcceptedRtpHeaderExtensions= [] }
04-30 00:18:43.003  5600  5600 W ImsPhoneConnection: applyRemoteCallCapabilities - remoteProfile = { serviceType=1, callType=3, restrictCause=0, mediaProfile={ audioQuality=0, audioDirection=3, audioCodecAttribute=null, videoQuality=0, videoDirection=-1, rttMode=0, hasRttAudioSpeech=false }, emergencyServiceCategories=0, emergencyUrns=[], emergencyCallRouting=0, emergencyCallTesting=false, hasKnownUserIntentEmergency=false, mRestrictCause=0, mCallerNumberVerstat= 0, mAcceptedRtpHeaderExtensions= [] }
04-30 00:18:43.003  5600  5600 V ImsPhoneConnection: data is not metered
04-30 00:18:43.004  5600  5600 I ImsPhoneConnection: maybeChangeRingbackState
04-30 00:18:43.005  5600  5600 I ImsPhoneCall: maybeChangeRingbackState: state=ACTIVE
04-30 00:18:43.017  5600  5600 D ImsPhoneCallTracker: [0] handleMessage what=35
04-30 00:18:43.019  5600  6525 D Phone   : isImsRegistered =true
04-30 00:18:43.019  5600  5600 D PhoneSwitcher: handle event - 109
04-30 00:18:43.019  5600  5600 D MiuiDataControllerImpl: Qcom Dsda State = true
04-30 00:18:43.019  5600  5600 D MiuiDataControllerImpl: isCurrentDSDAState:true
04-30 00:18:43.020  5600  5600 D MiuiPhoneSwitcherImpl: isViceVolteDataEnabled: false, isCurrentDsdaState: true, isDsdaFullConcurrencyState: false, isPlatformDE30: true, isPlatformDE50: false, isVicePhoneInVoiceCall: false
04-30 00:18:43.020  5600  5600 D PhoneSwitcher: phoneInVoiceCall:false
04-30 00:18:43.020  5600  5600 D MiuiDataControllerImpl: Qcom Dsda State = true
04-30 00:18:43.020  5600  5600 D MiuiDataControllerImpl: isCurrentDSDAState:true
04-30 00:18:43.021  5600  5600 D MiuiPhoneSwitcherImpl: isViceVolteDataEnabled: false, isCurrentDsdaState: true, isDsdaFullConcurrencyState: false, isPlatformDE30: true, isPlatformDE50: false, isVicePhoneInVoiceCall: false
04-30 00:18:43.021  5600  5600 D PhoneSwitcher: phoneInVoiceCall:false
04-30 00:18:43.021  5600  5600 D MiuiDataControllerImpl: Qcom Dsda State = true
04-30 00:18:43.021  5600  5600 D MiuiDataControllerImpl: isCurrentDSDAState:true
04-30 00:18:43.021  5600  5600 D MiuiPhoneSwitcherImpl: isViceVolteDataEnabled: false, isCurrentDsdaState: true, isDsdaFullConcurrencyState: false, isPlatformDE30: true, isPlatformDE50: false, isVicePhoneInVoiceCall: false
04-30 00:18:43.021  5600  5600 D PhoneSwitcher: phoneInVoiceCall:false
04-30 00:18:43.022  5600  5600 D MiuiDataControllerImpl: Qcom Dsda State = true
04-30 00:18:43.022  5600  5600 D MiuiDataControllerImpl: isCurrentDSDAState:true
04-30 00:18:43.022  5600  5600 D MiuiPhoneSwitcherImpl: isViceVolteDataEnabled: false, isCurrentDsdaState: true, isDsdaFullConcurrencyState: false, isPlatformDE30: true, isPlatformDE50: false, isVicePhoneInVoiceCall: false
04-30 00:18:43.022  5600  5600 D PhoneSwitcher: phoneInVoiceCall:false
04-30 00:18:43.022  5600  5600 D PhoneSwitcher: isPhoneInVoiceCallChanged: mPhoneIdInVoiceCall=-1
04-30 00:18:43.022  5600  5600 D PhoneSwitcher: EVENT_PRECISE_CALL_STATE_CHANGED Enforce evaluating once after call ends
04-30 00:18:43.022  5600  5600 D MiuiPhoneSwitcherImpl: updatePreferredDataPhoneId  TempDataPhoneId=-1,isTempDdsSwitchEnabled=false
04-30 00:18:43.022  5600  5600 D MiuiDisplayInfoController: EVENT_PRECISE_CALL_STATE_CHANGED
04-30 00:18:43.022  5600  5600 D MiuiDisplayInfoController: handleCallStateChanged: false,isHasDelay=false,phone.getState(): OFFHOOK
04-30 00:18:43.024  5600  5600 D ImsPhoneConnection: getDisconnectCause: cause=0
04-30 00:18:43.025  5600  5600 D ImsPhoneConnection: getDisconnectCause: cause=0
04-30 00:18:43.025  5600  5600 I MiuiCarrierConfigHelper: getBooleanCarrierConfigForSubId subId:4 key:display_hd_audio_property_bool result:true
04-30 00:18:43.027  5600  6525 D Phone   : isImsRegistered =true
04-30 00:18:43.030  5600  5600 I RelayLog: RelayManager --> onRelayCallStateChanged state:ACTIVE
04-30 00:18:43.030  5600  5600 I RelayLog:  --> isCallRelayed: No!
04-30 00:18:43.030  5600  5600 I RelayLog:  --> isCallRelaying: No!
04-30 00:18:43.030  5600  5600 I RelayLog: RelayManager --> onRelayCallStateChanged not update
04-30 00:18:43.037  5600  5699 D Phone   : isImsRegistered =true
04-30 00:18:43.037  5600  5600 I MiuiCarrierConfigHelper: getBooleanCarrierConfigForSubId subId:4 key:config_use_cnap_presentation result:false
04-30 00:18:43.039  5600  5600 V SMSVC   : getSubscriptionUserHandle subId = 4 userHandle = UserHandle{-10000}
04-30 00:18:43.042  2692  8308 D FeatureConfiguration: Checking feature: FEATURE_DSDA
04-30 00:18:43.043  2692  8308 D FeatureConfiguration: Feature FEATURE_DSDA build is supported, featureSupported=true
04-30 00:18:43.047  5600  6736 D Phone   : isImsRegistered =true
04-30 00:18:43.076  5600  6736 D Phone   : isImsRegistered =true
04-30 00:18:43.090  5600  6736 D Phone   : isImsRegistered =true
04-30 00:18:43.105  5600  6736 D FeatureConfiguration: Checking feature: FEATURE_DUAL_VOLTE
04-30 00:18:43.105  5600  6736 D FeatureConfiguration: Feature FEATURE_DUAL_VOLTE build is supported, featureSupported=true
04-30 00:18:43.105  5600  6736 D ImsManagerIM [0]: getLocalImsConfigKeInt() for key:68, result: 0
04-30 00:18:43.110  5600  6525 D Phone   : isImsRegistered =true
04-30 00:18:43.113  5600  6525 D Phone   : isImsRegistered =true
04-30 00:18:43.113  2692  8308 D FeatureConfiguration: Checking feature: FEATURE_DSDA
04-30 00:18:43.113  2692  8308 D FeatureConfiguration: Feature FEATURE_DSDA build is supported, featureSupported=true
04-30 00:18:43.116  5600  6736 D Phone   : isImsRegistered =true
04-30 00:18:43.118  2692  8308 D FeatureConfiguration: Checking feature: FEATURE_DSDA
04-30 00:18:43.118  2692  8308 D FeatureConfiguration: Feature FEATURE_DSDA build is supported, featureSupported=true
04-30 00:18:43.136  5600  6736 D InternalTelephonyUtils: isValidChinaMobileNumber = false
04-30 00:18:43.218  5600  6736 D Phone   : isImsRegistered =true
04-30 00:18:43.220  5600  6525 D FeatureConfiguration: Checking feature: FEATURE_DUAL_VOLTE
04-30 00:18:43.220  5600  6525 D FeatureConfiguration: Feature FEATURE_DUAL_VOLTE build is supported, featureSupported=true
04-30 00:18:43.220  5600  6525 D ImsManagerIM [0]: getLocalImsConfigKeInt() for key:68, result: 0
04-30 00:18:43.224  5600  6525 D Phone   : isImsRegistered =true
04-30 00:18:43.228  5600  6736 D Phone   : isImsRegistered =true
04-30 00:18:43.250  5600  6736 D FeatureConfiguration: Checking feature: FEATURE_DUAL_VOLTE
04-30 00:18:43.250  5600  6736 D FeatureConfiguration: Feature FEATURE_DUAL_VOLTE build is supported, featureSupported=true
04-30 00:18:43.250  5600  6736 D ImsManagerIM [0]: getLocalImsConfigKeInt() for key:68, result: 0
04-30 00:18:43.254  5600  6736 D Phone   : isImsRegistered =true
04-30 00:18:43.266  5600  6736 D FeatureConfiguration: Checking feature: FEATURE_DUAL_VOLTE
04-30 00:18:43.266  5600  6736 D FeatureConfiguration: Feature FEATURE_DUAL_VOLTE build is supported, featureSupported=true
04-30 00:18:43.266  5600  6736 D ImsManagerIM [0]: getLocalImsConfigKeInt() for key:68, result: 0
04-30 00:18:43.269  5600  6736 D Phone   : isImsRegistered =true
04-30 00:18:43.426  5600  6736 D FeatureConfiguration: Checking feature: FEATURE_DUAL_VOLTE
04-30 00:18:43.426  5600  6736 D FeatureConfiguration: Feature FEATURE_DUAL_VOLTE build is supported, featureSupported=true
04-30 00:18:43.432  5600  6736 D Phone   : isImsRegistered =true
04-30 00:18:43.898  5600  5600 D DNC-0   : getAllActiveCellularInterfaces All Interfaces: rmnet_data3
04-30 00:18:43.899  5600  5600 D DNC-0   : getAllActiveCellularInterfaces All Interfaces: rmnet_data1
04-30 00:18:43.911  5600  5600 D DNC-1   : getAllActiveCellularInterfaces All Interfaces: rmnet_data2
04-30 00:18:43.918  5600  5600 D RILJ    : [1502]> GET_ACTIVITY_INFO [PHONE0]
04-30 00:18:43.920  5600  5600 D RILJ    : [1503]> GET_ACTIVITY_INFO [PHONE0]
04-30 00:18:43.922  5600  5699 D RILJ    : [1502]< GET_ACTIVITY_INFO ModemActivityInfo{ mTimestamp=174818 mSleepTimeMs=0 mIdleTimeMs=0 mActivityStatsTechSpecificInfo=[{mRat=UNKNOWN,mFrequencyRange=UNKNOWN,mTxTimeMs[]=[0, 0, 0, 0, 0],mRxTimeMs=0}]} [PHONE0]
04-30 00:18:43.923  5600  5699 D RILJ    : [1503]< GET_ACTIVITY_INFO ModemActivityInfo{ mTimestamp=174819 mSleepTimeMs=0 mIdleTimeMs=0 mActivityStatsTechSpecificInfo=[{mRat=UNKNOWN,mFrequencyRange=UNKNOWN,mTxTimeMs[]=[0, 0, 0, 0, 0],mRxTimeMs=0}]} [PHONE0]
04-30 00:18:44.392  5600  5600 D ImsPhoneCallTracker: [0] handleMessage what=22
04-30 00:18:44.394  5600  5600 D ImsPhoneCallTracker: [0] VT data usage update. usage = 90689, imsCall = [ImsCall objId:45399467 onHold:N mute:N mCallProfile:{ serviceType=1, callType=6, restrictCause=0, mediaProfile={ audioQuality=0, audioDirection=3, audioCodecAttribute=null, videoQuality=0, videoDirection=1, rttMode=0, hasRttAudioSpeech=false }, emergencyServiceCategories=0, emergencyUrns=[], emergencyCallRouting=0, emergencyCallTesting=false, hasKnownUserIntentEmergency=false, mRestrictCause=0, mCallerNumberVerstat= 0, mAcceptedRtpHeaderExtensions= [] } networkType:13 updateRequest:NONE merging:N merge action pending:N merged:N multiParty:N confHost:N buried term:N isVideo: Y wasVideo: Y isWifi: N session:[ImsCallSession objId:41251834 callId:1] transientSession:null]
04-30 00:18:44.396  5600  5600 D ImsPhoneCallTracker: [0] updateVtDataUsage: call=[ImsCall objId:45399467 onHold:N mute:N mCallProfile:{ serviceType=1, callType=6, restrictCause=0, mediaProfile={ audioQuality=0, audioDirection=3, audioCodecAttribute=null, videoQuality=0, videoDirection=1, rttMode=0, hasRttAudioSpeech=false }, emergencyServiceCategories=0, emergencyUrns=[], emergencyCallRouting=0, emergencyCallTesting=false, hasKnownUserIntentEmergency=false, mRestrictCause=0, mCallerNumberVerstat= 0, mAcceptedRtpHeaderExtensions= [] } networkType:13 updateRequest:NONE merging:N merge action pending:N merged:N multiParty:N confHost:N buried term:N isVideo: Y wasVideo: Y isWifi: N session:[ImsCallSession objId:41251834 callId:1] transientSession:null], delta=90689
04-30 00:18:44.914  5600  5600 D DNC-0   : getAllActiveCellularInterfaces All Interfaces: rmnet_data3
04-30 00:18:44.914  5600  5600 D DNC-0   : getAllActiveCellularInterfaces All Interfaces: rmnet_data1
04-30 00:18:44.921  5600  5600 D DNC-1   : getAllActiveCellularInterfaces All Interfaces: rmnet_data2
04-30 00:18:44.935  1907  3959 D RequestManager: [RequestManager.cpp: 341] [Loc_hal_worker(1907,3959)] listenForResponses: record_stream_get_next: recordLen: 76, ret: -1, errno: 11, errStr: Try again, socket fd: 36
04-30 00:18:44.935  3028  3570 I qcrilNrd: RIL Response bytes written:4
04-30 00:18:44.935  1907  3959 D RequestManager: [RequestManager.cpp: 341] [Loc_hal_worker(1907,3959)] listenForResponses: record_stream_get_next: recordLen: 335, ret: 0, errno: 0, errStr: Success, socket fd: 36
04-30 00:18:44.935  1907  3959 D RequestManager: [RequestManager.cpp: 358] [Loc_hal_worker(1907,3959)] listenForResponses: Got a response parcel
04-30 00:18:44.936  3028  3570 I qcrilNrd: RIL Response bytes written:335
04-30 00:18:44.948  5600  5600 D ImsPhoneCallTracker: [0] onCallUpdated
04-30 00:18:44.948  5600  5600 D ImsPhoneCallTracker: [0] onCallUpdated: profile is { serviceType=1, callType=2, restrictCause=0, mediaProfile={ audioQuality=0, audioDirection=3, audioCodecAttribute=null, videoQuality=0, videoDirection=-1, rttMode=0, hasRttAudioSpeech=false }, emergencyServiceCategories=0, emergencyUrns=[], emergencyCallRouting=0, emergencyCallTesting=false, hasKnownUserIntentEmergency=false, mRestrictCause=0, mCallerNumberVerstat= 0, mAcceptedRtpHeaderExtensions= [] }
04-30 00:18:44.948  5600  5600 D ImsPhoneCallTracker: [0] processCallStateChange state=ACTIVE cause=0 ignoreState=true
04-30 00:18:44.949  5600  5600 D VoiceCallSessionStats: onVideoStateChange: video state=0, connectionId=715568624
04-30 00:18:44.950  5600  5600 V ImsPhoneConnection: update localCallProfile={ serviceType=1, callType=3, restrictCause=0, mediaProfile={ audioQuality=2, audioDirection=3, audioCodecAttribute=null, videoQuality=0, videoDirection=-1, rttMode=0, hasRttAudioSpeech=false }, emergencyServiceCategories=0, emergencyUrns=[], emergencyCallRouting=0, emergencyCallTesting=false, hasKnownUserIntentEmergency=false, mRestrictCause=0, mCallerNumberVerstat= 0, mAcceptedRtpHeaderExtensions= [] }
04-30 00:18:44.950  5600  5600 I ImsPhoneConnection: applyLocalCallCapabilities - localProfile = { serviceType=1, callType=3, restrictCause=0, mediaProfile={ audioQuality=2, audioDirection=3, audioCodecAttribute=null, videoQuality=0, videoDirection=-1, rttMode=0, hasRttAudioSpeech=false }, emergencyServiceCategories=0, emergencyUrns=[], emergencyCallRouting=0, emergencyCallTesting=false, hasKnownUserIntentEmergency=false, mRestrictCause=0, mCallerNumberVerstat= 0, mAcceptedRtpHeaderExtensions= [] }
04-30 00:18:44.951  5600  5600 V ImsPhoneConnection: update remoteCallProfile={ serviceType=1, callType=3, restrictCause=0, mediaProfile={ audioQuality=0, audioDirection=3, audioCodecAttribute=null, videoQuality=0, videoDirection=-1, rttMode=0, hasRttAudioSpeech=false }, emergencyServiceCategories=0, emergencyUrns=[], emergencyCallRouting=0, emergencyCallTesting=false, hasKnownUserIntentEmergency=false, mRestrictCause=0, mCallerNumberVerstat= 0, mAcceptedRtpHeaderExtensions= [] }
04-30 00:18:44.951  5600  5600 W ImsPhoneConnection: applyRemoteCallCapabilities - remoteProfile = { serviceType=1, callType=3, restrictCause=0, mediaProfile={ audioQuality=0, audioDirection=3, audioCodecAttribute=null, videoQuality=0, videoDirection=-1, rttMode=0, hasRttAudioSpeech=false }, emergencyServiceCategories=0, emergencyUrns=[], emergencyCallRouting=0, emergencyCallTesting=false, hasKnownUserIntentEmergency=false, mRestrictCause=0, mCallerNumberVerstat= 0, mAcceptedRtpHeaderExtensions= [] }
04-30 00:18:44.951  5600  5600 V ImsPhoneConnection: data is not metered
04-30 00:18:44.951  5600  5600 I ImsPhoneConnection: maybeChangeRingbackState
04-30 00:18:44.952  5600  5600 I ImsPhoneCall: maybeChangeRingbackState: state=ACTIVE
04-30 00:18:44.957  5600  5600 V SMSVC   : getSubscriptionUserHandle subId = 4 userHandle = UserHandle{-10000}
04-30 00:18:44.962  5600  6525 D Phone   : isImsRegistered =true
04-30 00:18:44.973  5600  5699 D Phone   : isImsRegistered =true
04-30 00:18:44.975  5600  6525 D Phone   : isImsRegistered =true
04-30 00:18:44.977  2692  5449 D FeatureConfiguration: Checking feature: FEATURE_DSDA
04-30 00:18:44.977  2692  5449 D FeatureConfiguration: Feature FEATURE_DSDA build is supported, featureSupported=true
04-30 00:18:44.984  5600  6525 D Phone   : isImsRegistered =true
04-30 00:18:44.987  2692  6956 D FeatureConfiguration: Checking feature: FEATURE_DSDA
04-30 00:18:44.987  2692  6956 D FeatureConfiguration: Feature FEATURE_DSDA build is supported, featureSupported=true
04-30 00:18:44.988  5600  6525 D Phone   : isImsRegistered =true
04-30 00:18:44.989  5600  5699 D MiuiPhoneInterfaceManager: isConcurrentCallsPossible true
04-30 00:18:44.990  5600  5699 D MiuiPhoneInterfaceManager: isConcurrentCallsPossible true
04-30 00:18:44.991  5600  6525 D FeatureConfiguration: Checking feature: FEATURE_DUAL_VOLTE
04-30 00:18:44.991  5600  6525 D FeatureConfiguration: Feature FEATURE_DUAL_VOLTE build is supported, featureSupported=true
04-30 00:18:44.991  5600  6525 D ImsManagerIM [0]: getLocalImsConfigKeInt() for key:68, result: 0
04-30 00:18:44.995  5600  5699 D Phone   : isImsRegistered =true
04-30 00:18:45.920  5600  5600 D DNC-0   : getAllActiveCellularInterfaces All Interfaces: rmnet_data3
04-30 00:18:45.921  5600  5600 D DNC-0   : getAllActiveCellularInterfaces All Interfaces: rmnet_data1
04-30 00:18:45.929  5600  5600 D DNC-1   : getAllActiveCellularInterfaces All Interfaces: rmnet_data2
04-30 00:18:46.930  5600  5600 D DNC-0   : getAllActiveCellularInterfaces All Interfaces: rmnet_data3
04-30 00:18:46.930  5600  5600 D DNC-0   : getAllActiveCellularInterfaces All Interfaces: rmnet_data1
04-30 00:18:46.941  5600  5600 D DNC-1   : getAllActiveCellularInterfaces All Interfaces: rmnet_data2
04-30 00:18:47.942  5600  5600 D DNC-0   : getAllActiveCellularInterfaces All Interfaces: rmnet_data3
04-30 00:18:47.942  5600  5600 D DNC-0   : getAllActiveCellularInterfaces All Interfaces: rmnet_data1
04-30 00:18:47.954  5600  5600 D DNC-1   : getAllActiveCellularInterfaces All Interfaces: rmnet_data2
04-30 00:18:48.955  5600  5600 D DNC-0   : getAllActiveCellularInterfaces All Interfaces: rmnet_data3
04-30 00:18:48.955  5600  5600 D DNC-0   : getAllActiveCellularInterfaces All Interfaces: rmnet_data1
04-30 00:18:48.965  5600  5600 D DNC-1   : getAllActiveCellularInterfaces All Interfaces: rmnet_data2
04-30 00:18:49.965  5600  5600 D DNC-0   : getAllActiveCellularInterfaces All Interfaces: rmnet_data3
