--------- beginning of radio
04-30 00:18:34.530  5600  6008 D RILJ    : Unsol response received; Sending ack to ril.cpp [PHONE0]
04-30 00:18:34.530  5600  6008 D RILJ    : [UNSL]< UNSOL_LCE_INFO_RECV [{mType=0, mDownlinkCapacityKbps=1834, mUplinkCapacityKbps=863}, {mType=1, mDownlinkCapacityKbps=0, mUplinkCapacityKbps=0}] [PHONE0]
04-30 00:18:34.530  5600  5600 D QtiGsmCdmaPhone: [0 ] handleMessage: Event: 59
04-30 00:18:34.530  5600  5600 D GsmCdmaPhone: [0] updateLinkCapacityEstimate: lce list=[{mType=0, mDownlinkCapacityKbps=1834, mUplinkCapacityKbps=863}, {mType=1, mDownlinkCapacityKbps=0, mUplinkCapacityKbps=0}]
04-30 00:18:34.783  5600  5600 D DNC-0   : getAllActiveCellularInterfaces All Interfaces: rmnet_data3
04-30 00:18:34.783  5600  5600 D DNC-0   : getAllActiveCellularInterfaces All Interfaces: rmnet_data1
04-30 00:18:34.791  5600  5600 D DNC-1   : getAllActiveCellularInterfaces All Interfaces: rmnet_data2
04-30 00:18:35.792  5600  5600 D DNC-0   : getAllActiveCellularInterfaces All Interfaces: rmnet_data3
04-30 00:18:35.792  5600  5600 D DNC-0   : getAllActiveCellularInterfaces All Interfaces: rmnet_data1
04-30 00:18:35.801  5600  5600 D DNC-1   : getAllActiveCellularInterfaces All Interfaces: rmnet_data2
04-30 00:18:36.802  5600  5600 D DNC-0   : getAllActiveCellularInterfaces All Interfaces: rmnet_data3
04-30 00:18:36.802  5600  5600 D DNC-0   : getAllActiveCellularInterfaces All Interfaces: rmnet_data1
04-30 00:18:36.813  5600  5600 D DNC-1   : getAllActiveCellularInterfaces All Interfaces: rmnet_data2
04-30 00:18:37.809  5600  5600 D DNC-0   : getAllActiveCellularInterfaces All Interfaces: rmnet_data3
04-30 00:18:37.809  5600  5600 D DNC-0   : getAllActiveCellularInterfaces All Interfaces: rmnet_data1
04-30 00:18:37.819  5600  5600 D DNC-1   : getAllActiveCellularInterfaces All Interfaces: rmnet_data2
04-30 00:18:38.813  5600  5600 D DNC-0   : getAllActiveCellularInterfaces All Interfaces: rmnet_data3
04-30 00:18:38.813  5600  5600 D DNC-0   : getAllActiveCellularInterfaces All Interfaces: rmnet_data1
04-30 00:18:38.823  5600  5600 D DNC-1   : getAllActiveCellularInterfaces All Interfaces: rmnet_data2
04-30 00:18:39.031  5600  5600 D QtiDSMGR-0: handleMessage: 5
04-30 00:18:39.031  5600  5600 D QtiDSMGR-1: handleMessage: 5
04-30 00:18:39.289  5600  6008 I MiuiCarrierConfigHelper: getBooleanCarrierConfigForSubId subId:4key: config_voicemail_ignore_sim config: false
04-30 00:18:39.290  5600  6008 D GsmCdmaPhone: [0] getVoiceMailNumber: from IccRecords number=[****]
04-30 00:18:39.291  5600  6008 D InternalTelephonyUtils: isValidChinaMobileNumber = false
04-30 00:18:39.311  2692  2722 W TelephonyRegistry: Pid 2692 has exceeded half the number of permissible registered listeners. Now at 45
04-30 00:18:39.351  5600  6736 D FeatureConfiguration: Checking feature: FEATURE_DUAL_VOLTE
04-30 00:18:39.351  5600  6736 D FeatureConfiguration: Feature FEATURE_DUAL_VOLTE build is supported, featureSupported=true
04-30 00:18:39.351  5600  6736 D ImsManagerIM [0]: getLocalImsConfigKeInt() for key:68, result: 0
04-30 00:18:39.356  5600  6736 D Phone   : isImsRegistered =true
04-30 00:18:39.361  5600  6736 I MiuiCarrierConfigHelper: getBooleanCarrierConfigForSubId subId:4key: config_voicemail_ignore_sim config: false
04-30 00:18:39.362  5600  6736 D GsmCdmaPhone: [0] getVoiceMailNumber: from IccRecords number=[****]
04-30 00:18:39.363  5600  6736 D InternalTelephonyUtils: isValidChinaMobileNumber = false
04-30 00:18:39.369  5600  6736 D Phone   : isImsRegistered =true
04-30 00:18:39.657  5600  6008 D InternalTelephonyUtils: isValidChinaMobileNumber = false
04-30 00:18:39.659  5600  6008 D InternalTelephonyUtils: isValidChinaMobileNumber = false
04-30 00:18:39.663  5600  6008 D InternalTelephonyUtils: isValidChinaMobileNumber = false
04-30 00:18:39.664  5600  6736 D InternalTelephonyUtils: isValidChinaMobileNumber = false
04-30 00:18:39.681  5600  5600 D MiuiGsmMmiCodeUtils: isVodafoneFACs MccMnc = 46007
04-30 00:18:39.682  5600  5600 D GsmMmiCode: isTwoDigitShortCode
04-30 00:18:39.692  5600  5600 V SMSVC   : getSubscriptionUserHandle subId = 4 userHandle = UserHandle{-10000}
04-30 00:18:39.693  5600  5646 I MiuiCarrierConfigHelper: getBooleanCarrierConfigForSubId subId:4key: config_voicemail_ignore_sim config: false
04-30 00:18:39.693  5600  5646 D GsmCdmaPhone: [0] getVoiceMailNumber: from IccRecords number=[****]
04-30 00:18:39.694  5600  5646 I MiuiCarrierConfigHelper: getBooleanCarrierConfigForSubId subId:2key: config_voicemail_ignore_sim config: false
04-30 00:18:39.694  5600  5646 D GsmCdmaPhone: [1] getVoiceMailNumber: from IccRecords number=[****]
04-30 00:18:39.694  5600  5600 D QtiGsmCdmaPhone: [0 ] dial: mIsInSecureMode = false, isEmergency = false
04-30 00:18:39.694  5600  5600 I GsmCdmaPhone: [0] dial; isEmergency=false (based on all phones)
04-30 00:18:39.695  5600  5600 D ImsManagerIM [0]: getLocalImsConfigKeInt() for key:68, result: 0
04-30 00:18:39.697  5600  5600 D ImsManagerIM [0]: getLocalImsConfigKeInt() for key:68, result: 0
04-30 00:18:39.707  5600  5600 I GsmCdmaPhone: [0] useImsForCall=true, useImsForPsOnlyCall=false, useOnlyDialedSimEccList=false, isEmergency=false, useImsForEmergency=false, useImsForUt=true, isUt=false, isSuppServiceCode=false, isPotentialUssdCode=false, isWpsCall=false, allowWpsOverIms=true, imsPhone=Handler (com.android.internal.telephony.imsphone.ImsPhone) {56f99b8}, imsPhone.isVoiceOverCellularImsEnabled()=true, imsPhone.isVowifiEnabled()=false, imsPhone.isVideoEnabled()=true, imsPhone.getServiceState().getState()=0
04-30 00:18:39.711  5600  5600 D MiuiCallControllerImpl: forceUseCsForCall is false
04-30 00:18:39.711  5600  5600 D GsmCdmaPhone: [0] Trying IMS PS call
04-30 00:18:39.713  5600  5600 D GsmMmiCode: isTwoDigitShortCode
04-30 00:18:39.714  5600  5600 D ImsPhone[0]: [0] dialInternal: dialing w/ mmi 'null'...
04-30 00:18:39.720  5600  5600 I ImsPhoneCallTracker: shouldProcessCall: number: [****], result: 0
04-30 00:18:39.720  5600  5600 D ImsPhoneCallTracker: [0] dial clirMode=0
04-30 00:18:39.721  5600  5600 D ImsPhoneCallTracker: [0] shouldPerformInternationalNumberRemapping: did not set the KEY_INTERNATIONAL_ROAMING_DIAL_STRING_REPLACE_STRING_ARRAY
04-30 00:18:39.721  5600  5600 D ImsPhoneCallTracker: [0] convertNumberIfNecessary convertMaps is null
04-30 00:18:39.722  5600  5600 D MiuiImsPhoneUtils:  simOperator:46007defaultClirMode:0
04-30 00:18:39.722  5600  5600 D ImsPhoneCallTracker: [0] clearDisconnected
04-30 00:18:39.722  5600  5600 D ImsPhoneCallTracker: [0] updatePhoneState pendingMo = null, rng= IDLE(), fg= IDLE(), bg= IDLE()
04-30 00:18:39.722  5600  5600 D ImsPhoneCallTracker: [0] updatePhoneState oldState=IDLE, newState=IDLE
04-30 00:18:39.726  5600  5600 D ImsPhoneCallTracker: [0] dial: deferDial = INVALID
04-30 00:18:39.726  5600  5600 D ImsPhoneConnection: acquireWakeLock
04-30 00:18:39.729  5600  5600 D ImsPhoneCallTracker: [0] dialInternal: conn.getDeferDialStatus INVALID
04-30 00:18:39.736  5600  5600 D ImsPhoneCallTracker: [0] dialInternal: isStartRttCall = true
04-30 00:18:39.740  5600  5600 D VoiceCallSessionStats: getVoiceRatWithVoNRFix: oldRat=13, newRat=20
04-30 00:18:39.740  5600  5600 D ImsPhoneConnection: getDisconnectCause: cause=0
04-30 00:18:39.740  5600  5600 D VoiceCallSessionStats: getVoiceRatWithVoNRFix: oldRat=13, newRat=20
04-30 00:18:39.740  5600  5600 D VoiceCallSessionStats: getVoiceRatWithVoNRFix: oldRat=13, newRat=20
04-30 00:18:39.773  5600  5600 D ImsPhoneCallTracker: [0] updatePhoneState pendingMo = DIALING(null/objId:32433701), rng= IDLE(), fg= DIALING(null/objId:32433701), bg= IDLE()
04-30 00:18:39.774  5600  5600 D ImsPhoneCallTracker: [0] updatePhoneState oldState=IDLE, newState=OFFHOOK
04-30 00:18:39.781  5600  5600 I MiuiCarrierConfigHelper: getBooleanCarrierConfigForSubId subId:4 key:display_hd_audio_property_bool result:true
04-30 00:18:39.784  5600  5600 D FeatureConfiguration: Checking feature: FEATURE_DSDA
04-30 00:18:39.784  5600  5600 D FeatureConfiguration: Feature FEATURE_DSDA build is supported, featureSupported=true
04-30 00:18:39.789  5600  5600 D ImsPhoneConnection: getDisconnectCause: cause=0
04-30 00:18:39.789  5600  5600 D ImsPhoneConnection: getDisconnectCause: cause=0
04-30 00:18:39.789  5600  5600 I MiuiCarrierConfigHelper: getBooleanCarrierConfigForSubId subId:4 key:display_hd_audio_property_bool result:true
04-30 00:18:39.789  5600  5600 I RelayLog: RelayManager --> onRelayCallStateChanged state:DIALING
04-30 00:18:39.789  5600  5600 I RelayLog:  --> isCallRelayed: No!
04-30 00:18:39.789  5600  5600 I RelayLog:  --> isCallRelaying: No!
04-30 00:18:39.789  5600  5600 I RelayLog: RelayManager --> onRelayCallStateChanged not update
04-30 00:18:39.791  5600  5600 I MiuiCarrierConfigHelper: getBooleanCarrierConfigForSubId subId:4 key:config_use_cnap_presentation result:false
04-30 00:18:39.792  5600  5600 V SMSVC   : getSubscriptionUserHandle subId = 4 userHandle = UserHandle{-10000}
04-30 00:18:39.800  5600  5600 D QtiTelephonyNetworkFactory[0]: got request NetworkRequest [ REQUEST id=210, [ Capabilities: INTERNET&NOT_RESTRICTED&TRUSTED&NOT_VCN_MANAGED Uid: 10168 RequestorUid: 10168 RequestorPkg: com.milink.service UnderlyingNetworks: Null] ]
04-30 00:18:39.800  5600  5600 D PhoneSwitcher: handle event - 109
04-30 00:18:39.801  5600  5600 D MiuiDataControllerImpl: Qcom Dsda State = true
04-30 00:18:39.801  5600  5600 D MiuiDataControllerImpl: isCurrentDSDAState:true
04-30 00:18:39.802  5600  5600 D MiuiPhoneSwitcherImpl: isViceVolteDataEnabled: false, isCurrentDsdaState: true, isDsdaFullConcurrencyState: false, isPlatformDE30: true, isPlatformDE50: false, isVicePhoneInVoiceCall: false
04-30 00:18:39.802  5600  5600 D PhoneSwitcher: phoneInVoiceCall:false
04-30 00:18:39.802  5600  5600 D MiuiDataControllerImpl: Qcom Dsda State = true
04-30 00:18:39.802  5600  5600 D MiuiDataControllerImpl: isCurrentDSDAState:true
04-30 00:18:39.803  5600  5600 D MiuiPhoneSwitcherImpl: isViceVolteDataEnabled: false, isCurrentDsdaState: true, isDsdaFullConcurrencyState: false, isPlatformDE30: true, isPlatformDE50: false, isVicePhoneInVoiceCall: false
04-30 00:18:39.803  5600  5600 D PhoneSwitcher: phoneInVoiceCall:false
04-30 00:18:39.803  5600  5600 D MiuiDataControllerImpl: Qcom Dsda State = true
04-30 00:18:39.803  5600  5600 D MiuiDataControllerImpl: isCurrentDSDAState:true
04-30 00:18:39.804  5600  5600 D MiuiPhoneSwitcherImpl: isViceVolteDataEnabled: false, isCurrentDsdaState: true, isDsdaFullConcurrencyState: false, isPlatformDE30: true, isPlatformDE50: false, isVicePhoneInVoiceCall: false
04-30 00:18:39.805  5600  5600 D PhoneSwitcher: phoneInVoiceCall:false
04-30 00:18:39.805  5600  5600 D MiuiDataControllerImpl: Qcom Dsda State = true
04-30 00:18:39.805  5600  5600 D MiuiDataControllerImpl: isCurrentDSDAState:true
04-30 00:18:39.806  5600  5600 D MiuiPhoneSwitcherImpl: isViceVolteDataEnabled: false, isCurrentDsdaState: true, isDsdaFullConcurrencyState: false, isPlatformDE30: true, isPlatformDE50: false, isVicePhoneInVoiceCall: false
04-30 00:18:39.806  5600  5600 D PhoneSwitcher: phoneInVoiceCall:false
04-30 00:18:39.806  5600  5600 D PhoneSwitcher: isPhoneInVoiceCallChanged: mPhoneIdInVoiceCall=-1
04-30 00:18:39.806  5600  5600 D PhoneSwitcher: EVENT_PRECISE_CALL_STATE_CHANGED Enforce evaluating once after call ends
04-30 00:18:39.806  5600  5600 D MiuiPhoneSwitcherImpl: updatePreferredDataPhoneId  TempDataPhoneId=-1,isTempDdsSwitchEnabled=false
04-30 00:18:39.806  5600  5600 D MiuiDisplayInfoController: EVENT_PRECISE_CALL_STATE_CHANGED
04-30 00:18:39.806  5600  5600 D MiuiDisplayInfoController: handleCallStateChanged: false,isHasDelay=false,phone.getState(): OFFHOOK
04-30 00:18:39.813  5600  5600 D ImsPhoneConnection: getDisconnectCause: cause=0
04-30 00:18:39.813  5600  5600 D ImsPhoneConnection: getDisconnectCause: cause=0
04-30 00:18:39.813  5600  5600 I RelayLog: RelayManager --> onRelayCallStateChanged state:DIALING
04-30 00:18:39.813  5600  5600 I RelayLog:  --> isCallRelayed: No!
04-30 00:18:39.813  5600  5600 I RelayLog:  --> isCallRelaying: No!
04-30 00:18:39.813  5600  5600 I RelayLog: RelayManager --> onRelayCallStateChanged not update
04-30 00:18:39.814  5600  5600 I MiuiCarrierConfigHelper: getBooleanCarrierConfigForSubId subId:4 key:config_use_cnap_presentation result:false
04-30 00:18:39.816  5600  5600 V SMSVC   : getSubscriptionUserHandle subId = 4 userHandle = UserHandle{-10000}
04-30 00:18:39.833  5600  5600 D ImsPhoneCallTracker: [0] onCallUpdated
04-30 00:18:39.833  5600  5600 D ImsPhoneCallTracker: [0] onCallUpdated: profile is { serviceType=1, callType=2, restrictCause=0, mediaProfile={ audioQuality=0, audioDirection=3, audioCodecAttribute=null, videoQuality=0, videoDirection=-1, rttMode=0, hasRttAudioSpeech=false }, emergencyServiceCategories=0, emergencyUrns=[], emergencyCallRouting=0, emergencyCallTesting=false, hasKnownUserIntentEmergency=false, mRestrictCause=0, mCallerNumberVerstat= 0, mAcceptedRtpHeaderExtensions= [] }
04-30 00:18:39.833  5600  5600 D ImsPhoneCallTracker: [0] processCallStateChange state=DIALING cause=0 ignoreState=true
04-30 00:18:39.838  5600  5600 V ImsPhoneConnection: update localCallProfile={ serviceType=1, callType=7, restrictCause=0, mediaProfile={ audioQuality=0, audioDirection=3, audioCodecAttribute=null, videoQuality=0, videoDirection=-1, rttMode=0, hasRttAudioSpeech=false }, emergencyServiceCategories=0, emergencyUrns=[], emergencyCallRouting=0, emergencyCallTesting=false, hasKnownUserIntentEmergency=false, mRestrictCause=0, mCallerNumberVerstat= 0, mAcceptedRtpHeaderExtensions= [] }
04-30 00:18:39.838  5600  5600 I ImsPhoneConnection: applyLocalCallCapabilities - localProfile = { serviceType=1, callType=7, restrictCause=0, mediaProfile={ audioQuality=0, audioDirection=3, audioCodecAttribute=null, videoQuality=0, videoDirection=-1, rttMode=0, hasRttAudioSpeech=false }, emergencyServiceCategories=0, emergencyUrns=[], emergencyCallRouting=0, emergencyCallTesting=false, hasKnownUserIntentEmergency=false, mRestrictCause=0, mCallerNumberVerstat= 0, mAcceptedRtpHeaderExtensions= [] }
04-30 00:18:39.841  5600  5600 V ImsPhoneConnection: update remoteCallProfile={ serviceType=1, callType=7, restrictCause=0, mediaProfile={ audioQuality=0, audioDirection=3, audioCodecAttribute=null, videoQuality=0, videoDirection=-1, rttMode=0, hasRttAudioSpeech=false }, emergencyServiceCategories=0, emergencyUrns=[], emergencyCallRouting=0, emergencyCallTesting=false, hasKnownUserIntentEmergency=false, mRestrictCause=0, mCallerNumberVerstat= 0, mAcceptedRtpHeaderExtensions= [] }
04-30 00:18:39.841  5600  5600 W ImsPhoneConnection: applyRemoteCallCapabilities - remoteProfile = { serviceType=1, callType=7, restrictCause=0, mediaProfile={ audioQuality=0, audioDirection=3, audioCodecAttribute=null, videoQuality=0, videoDirection=-1, rttMode=0, hasRttAudioSpeech=false }, emergencyServiceCategories=0, emergencyUrns=[], emergencyCallRouting=0, emergencyCallTesting=false, hasKnownUserIntentEmergency=false, mRestrictCause=0, mCallerNumberVerstat= 0, mAcceptedRtpHeaderExtensions= [] }
04-30 00:18:39.841  5600  5600 V ImsPhoneConnection: data is not metered
04-30 00:18:39.841  5600  5600 I ImsPhoneConnection: maybeChangeRingbackState
04-30 00:18:39.841  5600  5600 I ImsPhoneCall: maybeChangeRingbackState: state=DIALING
04-30 00:18:39.847  5600  5600 D QtiDSMGR-0: handleMessage: 2
04-30 00:18:39.848  5600  5600 D QtiDSMGR-0: hasTempDdsSwitched = false
04-30 00:18:39.848  5600  5600 D DSMGR-0 : mIsDataEnabled=true, prevDataEnabled=true
04-30 00:18:39.848  5600  5600 D DNC-0   : handleMessage, msg.what = 270343
04-30 00:18:39.848  5600  5600 E DNC-0   : Unexpected event 270343
04-30 00:18:39.848  5600  5600 D MiuiDataControllerImpl[0]: onVoiceCallChange,getPhoneId = 1
04-30 00:18:39.851  5600  5646 D InternalTelephonyUtils: isValidChinaMobileNumber = false
04-30 00:18:39.853  5600  5600 D DN-100-C: ConnectedState: updateNetworkCapabilities: Capabilities not changed.
04-30 00:18:39.854  5600  5600 D DN-101-C: ConnectedState: updateNetworkCapabilities: Capabilities not changed.
04-30 00:18:39.855  5600  5600 D RILJ    : [1501]> GET_ACTIVITY_INFO [PHONE0]
04-30 00:18:39.855  5600  5600 D PhoneSwitcher: handle event - 109
04-30 00:18:39.856  5600  5600 D MiuiDataControllerImpl: Qcom Dsda State = true
04-30 00:18:39.856  5600  5600 D MiuiDataControllerImpl: isCurrentDSDAState:true
04-30 00:18:39.857  5600  5600 D MiuiPhoneSwitcherImpl: isViceVolteDataEnabled: false, isCurrentDsdaState: true, isDsdaFullConcurrencyState: false, isPlatformDE30: true, isPlatformDE50: false, isVicePhoneInVoiceCall: false
04-30 00:18:39.857  5600  5600 D PhoneSwitcher: phoneInVoiceCall:false
04-30 00:18:39.857  5600  5600 D MiuiDataControllerImpl: Qcom Dsda State = true
04-30 00:18:39.857  5600  5600 D MiuiDataControllerImpl: isCurrentDSDAState:true
04-30 00:18:39.857  5600  5600 D MiuiPhoneSwitcherImpl: isViceVolteDataEnabled: false, isCurrentDsdaState: true, isDsdaFullConcurrencyState: false, isPlatformDE30: true, isPlatformDE50: false, isVicePhoneInVoiceCall: false
04-30 00:18:39.857  5600  5600 D PhoneSwitcher: phoneInVoiceCall:false
04-30 00:18:39.857  5600  5600 D MiuiDataControllerImpl: Qcom Dsda State = true
04-30 00:18:39.857  5600  5600 D MiuiDataControllerImpl: isCurrentDSDAState:true
04-30 00:18:39.857  5600  5600 D MiuiPhoneSwitcherImpl: isViceVolteDataEnabled: false, isCurrentDsdaState: true, isDsdaFullConcurrencyState: false, isPlatformDE30: true, isPlatformDE50: false, isVicePhoneInVoiceCall: false
04-30 00:18:39.857  5600  5600 D PhoneSwitcher: phoneInVoiceCall:false
04-30 00:18:39.857  5600  5600 D MiuiDataControllerImpl: Qcom Dsda State = true
04-30 00:18:39.857  5600  5600 D MiuiDataControllerImpl: isCurrentDSDAState:true
04-30 00:18:39.858  5600  5600 D MiuiPhoneSwitcherImpl: isViceVolteDataEnabled: false, isCurrentDsdaState: true, isDsdaFullConcurrencyState: false, isPlatformDE30: true, isPlatformDE50: false, isVicePhoneInVoiceCall: false
04-30 00:18:39.858  5600  5600 D PhoneSwitcher: phoneInVoiceCall:false
04-30 00:18:39.858  5600  5600 D PhoneSwitcher: isPhoneInVoiceCallChanged: mPhoneIdInVoiceCall=-1
04-30 00:18:39.858  5600  5600 D PhoneSwitcher: EVENT_PRECISE_CALL_STATE_CHANGED Enforce evaluating once after call ends
04-30 00:18:39.858  5600  5600 D MiuiPhoneSwitcherImpl: updatePreferredDataPhoneId  TempDataPhoneId=-1,isTempDdsSwitchEnabled=false
04-30 00:18:39.858  5600  5600 D MiuiDisplayInfoController: EVENT_PRECISE_CALL_STATE_CHANGED
04-30 00:18:39.858  5600  5600 D MiuiDisplayInfoController: handleCallStateChanged: false,isHasDelay=false,phone.getState(): OFFHOOK
04-30 00:18:39.859  5600  5600 D ImsPhoneConnection: getDisconnectCause: cause=0
04-30 00:18:39.859  5600  5600 D ImsPhoneConnection: getDisconnectCause: cause=0
04-30 00:18:39.859  5600  5600 I RelayLog: RelayManager --> onRelayCallStateChanged state:DIALING
04-30 00:18:39.859  5600  5600 I RelayLog:  --> isCallRelayed: No!
04-30 00:18:39.859  5600  5600 I RelayLog:  --> isCallRelaying: No!
04-30 00:18:39.859  5600  5600 I RelayLog: RelayManager --> onRelayCallStateChanged not update
04-30 00:18:39.860  5600  5600 I MiuiCarrierConfigHelper: getBooleanCarrierConfigForSubId subId:4 key:config_use_cnap_presentation result:false
04-30 00:18:39.861  5600  5600 V SMSVC   : getSubscriptionUserHandle subId = 4 userHandle = UserHandle{-10000}
04-30 00:18:39.863  5600  5600 D QtiTelephonyNetworkFactory[0]: onNeedNetworkFor [NetworkRequest [ REQUEST id=210, [ Capabilities: INTERNET&NOT_RESTRICTED&TRUSTED&NOT_VCN_MANAGED Uid: 10168 RequestorUid: 10168 RequestorPkg: com.milink.service UnderlyingNetworks: Null] ], mPriority=20, state=UNSATISFIED, mAttachedDataNetwork=null, isMetered=true, created time=00:18:39.863, evaluation result=null] shouldApply true
04-30 00:18:39.875  3028  3570 I qcrilNrd: RIL Response bytes written:4
04-30 00:18:39.875  3028  3570 I qcrilNrd: RIL Response bytes written:235
04-30 00:18:39.875  1907  3959 D RequestManager: [RequestManager.cpp: 341] [Loc_hal_worker(1907,3959)] listenForResponses: record_stream_get_next: recordLen: 235, ret: 0, errno: 0, errStr: Success, socket fd: 36
04-30 00:18:39.875  1907  3959 D RequestManager: [RequestManager.cpp: 358] [Loc_hal_worker(1907,3959)] listenForResponses: Got a response parcel
04-30 00:18:39.876  5600  5600 D DNC-0   : getAllActiveCellularInterfaces All Interfaces: rmnet_data3
04-30 00:18:39.877  5600  5600 D DNC-0   : getAllActiveCellularInterfaces All Interfaces: rmnet_data1
04-30 00:18:39.878  5600  5600 D DNC-1   : getAllActiveCellularInterfaces All Interfaces: rmnet_data2
04-30 00:18:39.888  3028  3570 I qcrilNrd: RIL Response bytes written:4
04-30 00:18:39.888  3028  3570 I qcrilNrd: RIL Response bytes written:235
04-30 00:18:39.888  1907  3959 D RequestManager: [RequestManager.cpp: 341] [Loc_hal_worker(1907,3959)] listenForResponses: record_stream_get_next: recordLen: 235, ret: -1, errno: 11, errStr: Try again, socket fd: 36
04-30 00:18:39.888  1907  3959 D RequestManager: [RequestManager.cpp: 341] [Loc_hal_worker(1907,3959)] listenForResponses: record_stream_get_next: recordLen: 235, ret: 0, errno: 0, errStr: Success, socket fd: 36
04-30 00:18:39.888  1907  3959 D RequestManager: [RequestManager.cpp: 358] [Loc_hal_worker(1907,3959)] listenForResponses: Got a response parcel
04-30 00:18:39.891  5600  5600 D PhoneReceiver: Received action:android.intent.action.PHONE_STATE
04-30 00:18:39.891  5600  5600 D PhoneReceiver: ACTION_PHONE_STATE_CHANGED phoneid: -1 state: OFFHOOK
04-30 00:18:39.891  5600  5600 D QtiGsmCdmaPhone: [1 ] handleMessage: Event: 58
04-30 00:18:39.891  5600  5600 D GsmCdmaPhone: [1] Event BarringInfoChanged Received
04-30 00:18:39.893  5600  5600 I MiuiCarrierConfigHelper: getBooleanCarrierConfigForSubId subId:4 key:display_hd_audio_property_bool result:true
04-30 00:18:39.896  5600  5646 D RILJ    : [1501]< GET_ACTIVITY_INFO ModemActivityInfo{ mTimestamp=170792 mSleepTimeMs=4750 mIdleTimeMs=1384 mActivityStatsTechSpecificInfo=[{mRat=UNKNOWN,mFrequencyRange=UNKNOWN,mTxTimeMs[]=[0, 0, 0, 0, 0],mRxTimeMs=5021}]} [PHONE0]
04-30 00:18:39.898  3028  3570 I qcrilNrd: RIL Response bytes written:4
04-30 00:18:39.898  3028  3570 I qcrilNrd: RIL Response bytes written:79
04-30 00:18:39.898  3028  3570 I qcrilNrd: RIL Response bytes written:4
04-30 00:18:39.898  3028  3570 I qcrilNrd: RIL Response bytes written:79
04-30 00:18:39.898  3028  3570 I qcrilNrd: RIL Response bytes written:4
04-30 00:18:39.898  3028  3570 I qcrilNrd: RIL Response bytes written:79
04-30 00:18:39.898  3028  3570 I qcrilNrd: RIL Response bytes written:4
04-30 00:18:39.899  3028  3570 I qcrilNrd: RIL Response bytes written:75
04-30 00:18:39.899  1907  3959 D RequestManager: [RequestManager.cpp: 341] [Loc_hal_worker(1907,3959)] listenForResponses: record_stream_get_next: recordLen: 79, ret: 0, errno: 0, errStr: Success, socket fd: 36
04-30 00:18:39.899  1907  3959 D RequestManager: [RequestManager.cpp: 358] [Loc_hal_worker(1907,3959)] listenForResponses: Got a response parcel
04-30 00:18:39.899  1907  3959 D RequestManager: [RequestManager.cpp: 341] [Loc_hal_worker(1907,3959)] listenForResponses: record_stream_get_next: recordLen: 79, ret: 0, errno: 0, errStr: Success, socket fd: 36
04-30 00:18:39.899  1907  3959 D RequestManager: [RequestManager.cpp: 358] [Loc_hal_worker(1907,3959)] listenForResponses: Got a response parcel
04-30 00:18:39.899  1907  3959 D RequestManager: [RequestManager.cpp: 341] [Loc_hal_worker(1907,3959)] listenForResponses: record_stream_get_next: recordLen: 79, ret: 0, errno: 0, errStr: Success, socket fd: 36
04-30 00:18:39.899  1907  3959 D RequestManager: [RequestManager.cpp: 358] [Loc_hal_worker(1907,3959)] listenForResponses: Got a response parcel
04-30 00:18:39.899  1907  3959 D RequestManager: [RequestManager.cpp: 341] [Loc_hal_worker(1907,3959)] listenForResponses: record_stream_get_next: recordLen: 75, ret: 0, errno: 0, errStr: Success, socket fd: 36
04-30 00:18:39.899  1907  3959 D RequestManager: [RequestManager.cpp: 358] [Loc_hal_worker(1907,3959)] listenForResponses: Got a response parcel
04-30 00:18:39.900  5600  5600 V SMSVC   : getSubscriptionUserHandle subId = 4 userHandle = UserHandle{-10000}
04-30 00:18:39.912  5600  5600 I RelayLog:  --> isInCallSupportRelay =true
04-30 00:18:39.913  5600  5600 I RelayLog:  --> isAudioSupportRelay =true
04-30 00:18:39.914  5600  5600 I RelayLog: RelayConnectionsManager --> getLocalConnectionCallRelaying, no Connection was found!
04-30 00:18:39.915  5600  5600 I RelayLog: RelayServiceFilterUtils --> hasRelaying, false
04-30 00:18:39.915  5600  5600 I RelayLog: RelayConnectionsManager --> getLocalConnectionCallRelayed, no Connection was found!
04-30 00:18:39.915  5600  5600 I RelayLog: RelayServiceFilterUtils --> hasRelayed, false
04-30 00:18:39.916  5600  5600 I RelayLog: RelayServiceFilterUtils --> Answered device is 
04-30 00:18:39.916  5600  5600 I RelayLog: RelayServiceFilterUtils --> Filtered device size 0
04-30 00:18:39.916  5600  5600 I RelayLog: PhoneContinuityController --> isContinuityServiceConnected, 0
04-30 00:18:39.916  5600  5600 I RelayLog:  --> maybeRelayCall no - relay not connected
04-30 00:18:39.918  5600  5600 D PhoneReceiver: Received action:android.intent.action.PHONE_STATE
04-30 00:18:39.918  5600  5600 D PhoneReceiver: ACTION_PHONE_STATE_CHANGED phoneid: -1 state: OFFHOOK
04-30 00:18:39.918  5600  5600 D PhoneReceiver: Received action:android.intent.action.PHONE_STATE
04-30 00:18:39.918  5600  5600 D PhoneReceiver: ACTION_PHONE_STATE_CHANGED phoneid: -1 state: OFFHOOK
04-30 00:18:39.918  5600  5600 D DNC-0   : handleMessage, msg.what = 2
04-30 00:18:39.920  5600  5600 D DPM-0   : simState= 10 existProfile=[DataProfile=[ApnSetting] 中国移动 (China Mobile) GPRS, 3660, 46007, cmnet, , null, , null, null, 0, supl | hipri | default, IPV4V6, IPV4V6, true, 0, false, 0, 0, 0, 0, 0, null, , false, UNKNOWN, UNKNOWN, 0, -1, -1, false, 961, TrafficDescriptor={mDnn=cmnet, null}, preferred=true]
04-30 00:18:39.920  5600  5600 D DNC-0   : onAddNetworkRequest: added [NetworkRequest [ REQUEST id=210, [ Capabilities: INTERNET&NOT_RESTRICTED&TRUSTED&NOT_VCN_MANAGED Uid: 10168 RequestorUid: 10168 RequestorPkg: com.milink.service UnderlyingNetworks: Null] ], mPriority=20, state=UNSATISFIED, mAttachedDataNetwork=null, isMetered=true, created time=00:18:39.862, evaluation result=null]
04-30 00:18:39.924  5600  5600 D ImsPhoneCallTracker: [0] onCallInitiating
04-30 00:18:39.924  5600  5600 D ImsPhoneCallTracker: [0] processCallStateChange state=DIALING cause=0 ignoreState=true
04-30 00:18:39.924  5600  5600 V ImsPhoneConnection: update localCallProfile={ serviceType=1, callType=2, restrictCause=0, mediaProfile={ audioQuality=0, audioDirection=3, audioCodecAttribute=null, videoQuality=0, videoDirection=-1, rttMode=0, hasRttAudioSpeech=false }, emergencyServiceCategories=0, emergencyUrns=[], emergencyCallRouting=0, emergencyCallTesting=false, hasKnownUserIntentEmergency=false, mRestrictCause=0, mCallerNumberVerstat= 0, mAcceptedRtpHeaderExtensions= [] }
04-30 00:18:39.924  5600  5600 I ImsPhoneConnection: applyLocalCallCapabilities - localProfile = { serviceType=1, callType=2, restrictCause=0, mediaProfile={ audioQuality=0, audioDirection=3, audioCodecAttribute=null, videoQuality=0, videoDirection=-1, rttMode=0, hasRttAudioSpeech=false }, emergencyServiceCategories=0, emergencyUrns=[], emergencyCallRouting=0, emergencyCallTesting=false, hasKnownUserIntentEmergency=false, mRestrictCause=0, mCallerNumberVerstat= 0, mAcceptedRtpHeaderExtensions= [] }
04-30 00:18:39.925  5600  5600 V ImsPhoneConnection: update remoteCallProfile={ serviceType=1, callType=7, restrictCause=0, mediaProfile={ audioQuality=0, audioDirection=3, audioCodecAttribute=null, videoQuality=0, videoDirection=-1, rttMode=0, hasRttAudioSpeech=false }, emergencyServiceCategories=0, emergencyUrns=[], emergencyCallRouting=0, emergencyCallTesting=false, hasKnownUserIntentEmergency=false, mRestrictCause=0, mCallerNumberVerstat= 0, mAcceptedRtpHeaderExtensions= [] }
04-30 00:18:39.925  5600  5600 W ImsPhoneConnection: applyRemoteCallCapabilities - remoteProfile = { serviceType=1, callType=7, restrictCause=0, mediaProfile={ audioQuality=0, audioDirection=3, audioCodecAttribute=null, videoQuality=0, videoDirection=-1, rttMode=0, hasRttAudioSpeech=false }, emergencyServiceCategories=0, emergencyUrns=[], emergencyCallRouting=0, emergencyCallTesting=false, hasKnownUserIntentEmergency=false, mRestrictCause=0, mCallerNumberVerstat= 0, mAcceptedRtpHeaderExtensions= [] }
04-30 00:18:39.925  5600  5600 V ImsPhoneConnection: data is not metered
04-30 00:18:39.925  5600  5600 I ImsPhoneConnection: maybeChangeRingbackState
04-30 00:18:39.925  5600  5600 I ImsPhoneCall: maybeChangeRingbackState: state=DIALING
04-30 00:18:39.930  5600  6736 D Phone   : isImsRegistered =true
04-30 00:18:39.931  5600  5600 D QtiGsmCdmaPhone: [0 ] handleMessage: Event: 58
04-30 00:18:39.931  5600  5600 D GsmCdmaPhone: [0] Event BarringInfoChanged Received
04-30 00:18:39.932  5600  5600 D ImsPhoneCallTracker: [0] onCallUpdated
04-30 00:18:39.932  5600  5600 D ImsPhoneCallTracker: [0] onCallUpdated: profile is { serviceType=1, callType=2, restrictCause=0, mediaProfile={ audioQuality=0, audioDirection=3, audioCodecAttribute=null, videoQuality=0, videoDirection=-1, rttMode=0, hasRttAudioSpeech=false }, emergencyServiceCategories=0, emergencyUrns=[], emergencyCallRouting=0, emergencyCallTesting=false, hasKnownUserIntentEmergency=false, mRestrictCause=0, mCallerNumberVerstat= 0, mAcceptedRtpHeaderExtensions= [] }
04-30 00:18:39.932  5600  5600 D ImsPhoneCallTracker: [0] processCallStateChange state=DIALING cause=0 ignoreState=true
04-30 00:18:39.936  5600  5600 V ImsPhoneConnection: update localCallProfile={ serviceType=1, callType=2, restrictCause=0, mediaProfile={ audioQuality=0, audioDirection=3, audioCodecAttribute=null, videoQuality=0, videoDirection=-1, rttMode=0, hasRttAudioSpeech=false }, emergencyServiceCategories=0, emergencyUrns=[], emergencyCallRouting=0, emergencyCallTesting=false, hasKnownUserIntentEmergency=false, mRestrictCause=0, mCallerNumberVerstat= 0, mAcceptedRtpHeaderExtensions= [] }
04-30 00:18:39.936  5600  5600 I ImsPhoneConnection: applyLocalCallCapabilities - localProfile = { serviceType=1, callType=2, restrictCause=0, mediaProfile={ audioQuality=0, audioDirection=3, audioCodecAttribute=null, videoQuality=0, videoDirection=-1, rttMode=0, hasRttAudioSpeech=false }, emergencyServiceCategories=0, emergencyUrns=[], emergencyCallRouting=0, emergencyCallTesting=false, hasKnownUserIntentEmergency=false, mRestrictCause=0, mCallerNumberVerstat= 0, mAcceptedRtpHeaderExtensions= [] }
04-30 00:18:39.937  5600  5600 V ImsPhoneConnection: update remoteCallProfile={ serviceType=1, callType=7, restrictCause=0, mediaProfile={ audioQuality=0, audioDirection=3, audioCodecAttribute=null, videoQuality=0, videoDirection=-1, rttMode=0, hasRttAudioSpeech=false }, emergencyServiceCategories=0, emergencyUrns=[], emergencyCallRouting=0, emergencyCallTesting=false, hasKnownUserIntentEmergency=false, mRestrictCause=0, mCallerNumberVerstat= 0, mAcceptedRtpHeaderExtensions= [] }
04-30 00:18:39.937  5600  5600 W ImsPhoneConnection: applyRemoteCallCapabilities - remoteProfile = { serviceType=1, callType=7, restrictCause=0, mediaProfile={ audioQuality=0, audioDirection=3, audioCodecAttribute=null, videoQuality=0, videoDirection=-1, rttMode=0, hasRttAudioSpeech=false }, emergencyServiceCategories=0, emergencyUrns=[], emergencyCallRouting=0, emergencyCallTesting=false, hasKnownUserIntentEmergency=false, mRestrictCause=0, mCallerNumberVerstat= 0, mAcceptedRtpHeaderExtensions= [] }
04-30 00:18:39.937  5600  5600 V ImsPhoneConnection: data is not metered
04-30 00:18:39.937  5600  5600 I ImsPhoneConnection: maybeChangeRingbackState
04-30 00:18:39.937  5600  5600 I ImsPhoneCall: maybeChangeRingbackState: state=DIALING
04-30 00:18:39.937  5600  6736 D Phone   : isImsRegistered =true
04-30 00:18:39.938  5600  5600 D DN-100-C: ConnectedState: Successfully attached network request [NetworkRequest [ REQUEST id=210, [ Capabilities: INTERNET&NOT_RESTRICTED&TRUSTED&NOT_VCN_MANAGED Uid: 10168 RequestorUid: 10168 RequestorPkg: com.milink.service UnderlyingNetworks: Null] ], mPriority=20, state=SATISFIED, mAttachedDataNetwork=DN-100-C, isMetered=true, created time=00:18:39.863, evaluation result=null]
04-30 00:18:39.956  5600  6736 D FeatureConfiguration: Checking feature: FEATURE_DUAL_VOLTE
04-30 00:18:39.956  5600  6736 D FeatureConfiguration: Feature FEATURE_DUAL_VOLTE build is supported, featureSupported=true
04-30 00:18:39.957  5600  6736 D ImsManagerIM [0]: getLocalImsConfigKeInt() for key:68, result: 0
04-30 00:18:39.959  5600  6736 D Phone   : isImsRegistered =true
04-30 00:18:39.974  5600  6736 D Phone   : isImsRegistered =true
04-30 00:18:39.979  5600  6736 D Phone   : isImsRegistered =true
04-30 00:18:39.991  5600  6736 D Phone   : isImsRegistered =true
04-30 00:18:39.994  5600  6736 D Phone   : isImsRegistered =true
04-30 00:18:40.008  5600  6736 D FeatureConfiguration: Checking feature: FEATURE_DUAL_VOLTE
04-30 00:18:40.008  5600  6736 D FeatureConfiguration: Feature FEATURE_DUAL_VOLTE build is supported, featureSupported=true
04-30 00:18:40.008  5600  6736 D ImsManagerIM [0]: getLocalImsConfigKeInt() for key:68, result: 0
04-30 00:18:40.009  5600  6736 D Phone   : isImsRegistered =true
04-30 00:18:40.013  5600  6736 D FeatureConfiguration: Checking feature: FEATURE_DUAL_VOLTE
04-30 00:18:40.013  5600  6736 D FeatureConfiguration: Feature FEATURE_DUAL_VOLTE build is supported, featureSupported=true
04-30 00:18:40.013  5600  6736 D ImsManagerIM [0]: getLocalImsConfigKeInt() for key:68, result: 0
04-30 00:18:40.014  5600  6736 D Phone   : isImsRegistered =true
04-30 00:18:40.018  5600  6736 D FeatureConfiguration: Checking feature: FEATURE_DUAL_VOLTE
04-30 00:18:40.018  5600  6736 D FeatureConfiguration: Feature FEATURE_DUAL_VOLTE build is supported, featureSupported=true
04-30 00:18:40.018  5600  6736 D ImsManagerIM [0]: getLocalImsConfigKeInt() for key:68, result: 0
04-30 00:18:40.020  5600  6736 D Phone   : isImsRegistered =true
04-30 00:18:40.576  1907  3959 D RequestManager: [RequestManager.cpp: 341] [Loc_hal_worker(1907,3959)] listenForResponses: record_stream_get_next: recordLen: 75, ret: -1, errno: 11, errStr: Try again, socket fd: 36
04-30 00:18:40.576  3028  3570 I qcrilNrd: RIL Response bytes written:4
04-30 00:18:40.577  1907  3959 D RequestManager: [RequestManager.cpp: 341] [Loc_hal_worker(1907,3959)] listenForResponses: record_stream_get_next: recordLen: 215, ret: 0, errno: 0, errStr: Success, socket fd: 36
04-30 00:18:40.577  1907  3959 D RequestManager: [RequestManager.cpp: 358] [Loc_hal_worker(1907,3959)] listenForResponses: Got a response parcel
04-30 00:18:40.577  3028  3570 I qcrilNrd: RIL Response bytes written:215
04-30 00:18:40.583  5600  5600 D ImsPhoneCallTracker: [0] onCallUpdated
04-30 00:18:40.584  5600  5600 D ImsPhoneCallTracker: [0] onCallUpdated: profile is { serviceType=1, callType=2, restrictCause=0, mediaProfile={ audioQuality=0, audioDirection=3, audioCodecAttribute=null, videoQuality=0, videoDirection=-1, rttMode=0, hasRttAudioSpeech=false }, emergencyServiceCategories=0, emergencyUrns=[], emergencyCallRouting=0, emergencyCallTesting=false, hasKnownUserIntentEmergency=false, mRestrictCause=0, mCallerNumberVerstat= 0, mAcceptedRtpHeaderExtensions= [] }
04-30 00:18:40.584  5600  5600 D ImsPhoneCallTracker: [0] processCallStateChange state=DIALING cause=0 ignoreState=true
04-30 00:18:40.585  5600  5600 V ImsPhoneConnection: update localCallProfile={ serviceType=1, callType=2, restrictCause=0, mediaProfile={ audioQuality=1, audioDirection=3, audioCodecAttribute=null, videoQuality=0, videoDirection=-1, rttMode=0, hasRttAudioSpeech=false }, emergencyServiceCategories=0, emergencyUrns=[], emergencyCallRouting=0, emergencyCallTesting=false, hasKnownUserIntentEmergency=false, mRestrictCause=0, mCallerNumberVerstat= 0, mAcceptedRtpHeaderExtensions= [] }
04-30 00:18:40.585  5600  5600 I ImsPhoneConnection: applyLocalCallCapabilities - localProfile = { serviceType=1, callType=2, restrictCause=0, mediaProfile={ audioQuality=1, audioDirection=3, audioCodecAttribute=null, videoQuality=0, videoDirection=-1, rttMode=0, hasRttAudioSpeech=false }, emergencyServiceCategories=0, emergencyUrns=[], emergencyCallRouting=0, emergencyCallTesting=false, hasKnownUserIntentEmergency=false, mRestrictCause=0, mCallerNumberVerstat= 0, mAcceptedRtpHeaderExtensions= [] }
04-30 00:18:40.587  5600  5600 V ImsPhoneConnection: update remoteCallProfile={ serviceType=1, callType=7, restrictCause=0, mediaProfile={ audioQuality=0, audioDirection=3, audioCodecAttribute=null, videoQuality=0, videoDirection=-1, rttMode=0, hasRttAudioSpeech=false }, emergencyServiceCategories=0, emergencyUrns=[], emergencyCallRouting=0, emergencyCallTesting=false, hasKnownUserIntentEmergency=false, mRestrictCause=0, mCallerNumberVerstat= 0, mAcceptedRtpHeaderExtensions= [] }
04-30 00:18:40.587  5600  5600 W ImsPhoneConnection: applyRemoteCallCapabilities - remoteProfile = { serviceType=1, callType=7, restrictCause=0, mediaProfile={ audioQuality=0, audioDirection=3, audioCodecAttribute=null, videoQuality=0, videoDirection=-1, rttMode=0, hasRttAudioSpeech=false }, emergencyServiceCategories=0, emergencyUrns=[], emergencyCallRouting=0, emergencyCallTesting=false, hasKnownUserIntentEmergency=false, mRestrictCause=0, mCallerNumberVerstat= 0, mAcceptedRtpHeaderExtensions= [] }
04-30 00:18:40.587  5600  5600 V ImsPhoneConnection: data is not metered
04-30 00:18:40.588  5600  5600 I ImsPhoneConnection: updateMediaCapabilities: mediate attributes changed: codec = 1, bitRate=0.0, bandwidth=0.0
04-30 00:18:40.590  5600  5600 I ImsPhoneConnection: maybeChangeRingbackState
04-30 00:18:40.590  5600  5600 I ImsPhoneCall: maybeChangeRingbackState: state=DIALING
04-30 00:18:40.595  3028  3570 I qcrilNrd: RIL Response bytes written:4
04-30 00:18:40.595  3028  3570 I qcrilNrd: RIL Response bytes written:295
04-30 00:18:40.595  1907  3959 D RequestManager: [RequestManager.cpp: 341] [Loc_hal_worker(1907,3959)] listenForResponses: record_stream_get_next: recordLen: 295, ret: 0, errno: 0, errStr: Success, socket fd: 36
04-30 00:18:40.596  1907  3959 D RequestManager: [RequestManager.cpp: 358] [Loc_hal_worker(1907,3959)] listenForResponses: Got a response parcel
04-30 00:18:40.596  1907  3959 D RequestManager: [RequestManager.cpp: 341] [Loc_hal_worker(1907,3959)] listenForResponses: record_stream_get_next: recordLen: 295, ret: -1, errno: 11, errStr: Try again, socket fd: 36
04-30 00:18:40.596  3028  3570 I qcrilNrd: RIL Response bytes written:4
04-30 00:18:40.596  1907  3959 D RequestManager: [RequestManager.cpp: 341] [Loc_hal_worker(1907,3959)] listenForResponses: record_stream_get_next: recordLen: 76, ret: 0, errno: 0, errStr: Success, socket fd: 36
04-30 00:18:40.596  1907  3959 D RequestManager: [RequestManager.cpp: 358] [Loc_hal_worker(1907,3959)] listenForResponses: Got a response parcel
04-30 00:18:40.596  3028  3570 I qcrilNrd: RIL Response bytes written:76
04-30 00:18:40.600  5600  5600 D ImsPhoneCallTracker: [0] onCallProgressing
04-30 00:18:40.603  5600  5600 D ImsPhoneCallTracker: [0] processCallStateChange [ImsCall objId:45399467 onHold:N mute:N mCallProfile:{ serviceType=1, callType=2, restrictCause=0, mediaProfile={ audioQuality=0, audioDirection=3, audioCodecAttribute=null, videoQuality=0, videoDirection=-1, rttMode=0, hasRttAudioSpeech=false }, emergencyServiceCategories=0, emergencyUrns=[], emergencyCallRouting=0, emergencyCallTesting=false, hasKnownUserIntentEmergency=false, mRestrictCause=0, mCallerNumberVerstat= 0, mAcceptedRtpHeaderExtensions= [] } networkType:13 updateRequest:NONE merging:N merge action pending:N merged:N multiParty:N confHost:N buried term:N isVideo: N wasVideo: N isWifi: N session:[ImsCallSession objId:41251834 callId:1] transientSession:null] state=ALERTING cause=0
04-30 00:18:40.603  5600  5600 D ImsPhoneCallTracker: [0] processCallStateChange state=ALERTING cause=0 ignoreState=false
04-30 00:18:40.604  5600  5600 V ImsPhoneConnection: update localCallProfile={ serviceType=1, callType=2, restrictCause=0, mediaProfile={ audioQuality=1, audioDirection=3, audioCodecAttribute=null, videoQuality=0, videoDirection=-1, rttMode=0, hasRttAudioSpeech=false }, emergencyServiceCategories=0, emergencyUrns=[], emergencyCallRouting=0, emergencyCallTesting=false, hasKnownUserIntentEmergency=false, mRestrictCause=0, mCallerNumberVerstat= 0, mAcceptedRtpHeaderExtensions= [] }
04-30 00:18:40.604  5600  5600 I ImsPhoneConnection: applyLocalCallCapabilities - localProfile = { serviceType=1, callType=2, restrictCause=0, mediaProfile={ audioQuality=1, audioDirection=3, audioCodecAttribute=null, videoQuality=0, videoDirection=-1, rttMode=0, hasRttAudioSpeech=false }, emergencyServiceCategories=0, emergencyUrns=[], emergencyCallRouting=0, emergencyCallTesting=false, hasKnownUserIntentEmergency=false, mRestrictCause=0, mCallerNumberVerstat= 0, mAcceptedRtpHeaderExtensions= [] }
04-30 00:18:40.606  5600  5600 V ImsPhoneConnection: update remoteCallProfile={ serviceType=1, callType=3, restrictCause=0, mediaProfile={ audioQuality=0, audioDirection=3, audioCodecAttribute=null, videoQuality=0, videoDirection=-1, rttMode=0, hasRttAudioSpeech=false }, emergencyServiceCategories=0, emergencyUrns=[], emergencyCallRouting=0, emergencyCallTesting=false, hasKnownUserIntentEmergency=false, mRestrictCause=0, mCallerNumberVerstat= 0, mAcceptedRtpHeaderExtensions= [] }
04-30 00:18:40.606  5600  5600 W ImsPhoneConnection: applyRemoteCallCapabilities - remoteProfile = { serviceType=1, callType=3, restrictCause=0, mediaProfile={ audioQuality=0, audioDirection=3, audioCodecAttribute=null, videoQuality=0, videoDirection=-1, rttMode=0, hasRttAudioSpeech=false }, emergencyServiceCategories=0, emergencyUrns=[], emergencyCallRouting=0, emergencyCallTesting=false, hasKnownUserIntentEmergency=false, mRestrictCause=0, mCallerNumberVerstat= 0, mAcceptedRtpHeaderExtensions= [] }
04-30 00:18:40.606  5600  5600 V ImsPhoneConnection: data is not metered
04-30 00:18:40.606  5600  5600 I ImsPhoneCall: maybeChangeRingbackState: state=ALERTING
04-30 00:18:40.606  5600  5600 I ImsPhoneCall: isLocalTone: audioDirection=3, playRingback=false
04-30 00:18:40.607  5600  5600 V ImsPhoneConnection: update localCallProfile={ serviceType=1, callType=2, restrictCause=0, mediaProfile={ audioQuality=1, audioDirection=3, audioCodecAttribute=null, videoQuality=0, videoDirection=-1, rttMode=0, hasRttAudioSpeech=false }, emergencyServiceCategories=0, emergencyUrns=[], emergencyCallRouting=0, emergencyCallTesting=false, hasKnownUserIntentEmergency=false, mRestrictCause=0, mCallerNumberVerstat= 0, mAcceptedRtpHeaderExtensions= [] }
04-30 00:18:40.607  5600  5600 I ImsPhoneConnection: applyLocalCallCapabilities - localProfile = { serviceType=1, callType=2, restrictCause=0, mediaProfile={ audioQuality=1, audioDirection=3, audioCodecAttribute=null, videoQuality=0, videoDirection=-1, rttMode=0, hasRttAudioSpeech=false }, emergencyServiceCategories=0, emergencyUrns=[], emergencyCallRouting=0, emergencyCallTesting=false, hasKnownUserIntentEmergency=false, mRestrictCause=0, mCallerNumberVerstat= 0, mAcceptedRtpHeaderExtensions= [] }
04-30 00:18:40.608  5600  5600 V ImsPhoneConnection: update remoteCallProfile={ serviceType=1, callType=3, restrictCause=0, mediaProfile={ audioQuality=0, audioDirection=3, audioCodecAttribute=null, videoQuality=0, videoDirection=-1, rttMode=0, hasRttAudioSpeech=false }, emergencyServiceCategories=0, emergencyUrns=[], emergencyCallRouting=0, emergencyCallTesting=false, hasKnownUserIntentEmergency=false, mRestrictCause=0, mCallerNumberVerstat= 0, mAcceptedRtpHeaderExtensions= [] }
04-30 00:18:40.609  5600  5600 W ImsPhoneConnection: applyRemoteCallCapabilities - remoteProfile = { serviceType=1, callType=3, restrictCause=0, mediaProfile={ audioQuality=0, audioDirection=3, audioCodecAttribute=null, videoQuality=0, videoDirection=-1, rttMode=0, hasRttAudioSpeech=false }, emergencyServiceCategories=0, emergencyUrns=[], emergencyCallRouting=0, emergencyCallTesting=false, hasKnownUserIntentEmergency=false, mRestrictCause=0, mCallerNumberVerstat= 0, mAcceptedRtpHeaderExtensions= [] }
04-30 00:18:40.609  5600  5600 V ImsPhoneConnection: data is not metered
04-30 00:18:40.610  5600  5600 D ImsPhoneCallTracker: [0] updatePhoneState pendingMo = null, rng= IDLE(), fg= ALERTING(TC@1_1/objId:32433701), bg= IDLE()
04-30 00:18:40.610  5600  5600 D ImsPhoneCallTracker: [0] updatePhoneState oldState=OFFHOOK, newState=OFFHOOK
04-30 00:18:40.615  5600  5600 D PhoneSwitcher: handle event - 109
04-30 00:18:40.615  5600  5600 D MiuiDataControllerImpl: Qcom Dsda State = true
04-30 00:18:40.615  5600  5600 D MiuiDataControllerImpl: isCurrentDSDAState:true
04-30 00:18:40.617  5600  5600 D MiuiPhoneSwitcherImpl: isViceVolteDataEnabled: false, isCurrentDsdaState: true, isDsdaFullConcurrencyState: false, isPlatformDE30: true, isPlatformDE50: false, isVicePhoneInVoiceCall: false
04-30 00:18:40.617  5600  5600 D PhoneSwitcher: phoneInVoiceCall:false
04-30 00:18:40.617  5600  5600 D MiuiDataControllerImpl: Qcom Dsda State = true
04-30 00:18:40.617  5600  5600 D MiuiDataControllerImpl: isCurrentDSDAState:true
04-30 00:18:40.618  5600  5600 D MiuiPhoneSwitcherImpl: isViceVolteDataEnabled: false, isCurrentDsdaState: true, isDsdaFullConcurrencyState: false, isPlatformDE30: true, isPlatformDE50: false, isVicePhoneInVoiceCall: false
04-30 00:18:40.618  5600  5600 D PhoneSwitcher: phoneInVoiceCall:false
04-30 00:18:40.618  5600  5600 D MiuiDataControllerImpl: Qcom Dsda State = true
04-30 00:18:40.618  5600  5600 D MiuiDataControllerImpl: isCurrentDSDAState:true
04-30 00:18:40.618  5600  6736 D Phone   : isImsRegistered =true
04-30 00:18:40.620  5600  5600 D MiuiPhoneSwitcherImpl: isViceVolteDataEnabled: false, isCurrentDsdaState: true, isDsdaFullConcurrencyState: false, isPlatformDE30: true, isPlatformDE50: false, isVicePhoneInVoiceCall: false
04-30 00:18:40.620  5600  5600 D PhoneSwitcher: phoneInVoiceCall:false
04-30 00:18:40.620  5600  5600 D MiuiDataControllerImpl: Qcom Dsda State = true
04-30 00:18:40.620  5600  5600 D MiuiDataControllerImpl: isCurrentDSDAState:true
04-30 00:18:40.621  5600  5600 D MiuiPhoneSwitcherImpl: isViceVolteDataEnabled: false, isCurrentDsdaState: true, isDsdaFullConcurrencyState: false, isPlatformDE30: true, isPlatformDE50: false, isVicePhoneInVoiceCall: false
04-30 00:18:40.621  5600  5600 D PhoneSwitcher: phoneInVoiceCall:false
04-30 00:18:40.621  5600  5600 D PhoneSwitcher: isPhoneInVoiceCallChanged: mPhoneIdInVoiceCall=-1
04-30 00:18:40.621  5600  5600 D PhoneSwitcher: EVENT_PRECISE_CALL_STATE_CHANGED Enforce evaluating once after call ends
04-30 00:18:40.621  5600  5600 D MiuiPhoneSwitcherImpl: updatePreferredDataPhoneId  TempDataPhoneId=-1,isTempDdsSwitchEnabled=false
04-30 00:18:40.621  5600  5600 D MiuiDisplayInfoController: EVENT_PRECISE_CALL_STATE_CHANGED
04-30 00:18:40.621  5600  5600 D MiuiDisplayInfoController: handleCallStateChanged: false,isHasDelay=false,phone.getState(): OFFHOOK
04-30 00:18:40.623  5600  5600 D ImsPhoneConnection: getDisconnectCause: cause=0
04-30 00:18:40.623  5600  5600 D ImsPhoneConnection: getDisconnectCause: cause=0
04-30 00:18:40.623  5600  5600 I MiuiCarrierConfigHelper: getBooleanCarrierConfigForSubId subId:4 key:display_hd_audio_property_bool result:true
04-30 00:18:40.625  5600  5600 I RelayLog: RelayManager --> onRelayCallStateChanged state:DIALING
04-30 00:18:40.625  5600  5600 I RelayLog:  --> isCallRelayed: No!
04-30 00:18:40.625  5600  5600 I RelayLog:  --> isCallRelaying: No!
04-30 00:18:40.625  5600  5600 I RelayLog: RelayManager --> onRelayCallStateChanged not update
04-30 00:18:40.630  5600  5600 I MiuiCarrierConfigHelper: getBooleanCarrierConfigForSubId subId:4 key:config_use_cnap_presentation result:false
04-30 00:18:40.631  5600  5600 V SMSVC   : getSubscriptionUserHandle subId = 4 userHandle = UserHandle{-10000}
04-30 00:18:40.631  5600  6736 D Phone   : isImsRegistered =true
04-30 00:18:40.647  5600  6736 D FeatureConfiguration: Checking feature: FEATURE_DUAL_VOLTE
04-30 00:18:40.647  5600  6736 D FeatureConfiguration: Feature FEATURE_DUAL_VOLTE build is supported, featureSupported=true
04-30 00:18:40.647  5600  6736 D ImsManagerIM [0]: getLocalImsConfigKeInt() for key:68, result: 0
04-30 00:18:40.651  5600  6736 D Phone   : isImsRegistered =true
04-30 00:18:40.878  5600  5600 D DNC-0   : getAllActiveCellularInterfaces All Interfaces: rmnet_data3
04-30 00:18:40.879  5600  5600 D DNC-0   : getAllActiveCellularInterfaces All Interfaces: rmnet_data1
04-30 00:18:40.887  5600  5600 D DNC-1   : getAllActiveCellularInterfaces All Interfaces: rmnet_data2
04-30 00:18:41.887  5600  5600 D DNC-0   : getAllActiveCellularInterfaces All Interfaces: rmnet_data3
04-30 00:18:41.888  5600  5600 D DNC-0   : getAllActiveCellularInterfaces All Interfaces: rmnet_data1
04-30 00:18:41.896  5600  5600 D DNC-1   : getAllActiveCellularInterfaces All Interfaces: rmnet_data2
04-30 00:18:42.212  1907  3959 D RequestManager: [RequestManager.cpp: 341] [Loc_hal_worker(1907,3959)] listenForResponses: record_stream_get_next: recordLen: 76, ret: -1, errno: 11, errStr: Try again, socket fd: 36
04-30 00:18:42.212  3028  3570 I qcrilNrd: RIL Response bytes written:4
04-30 00:18:42.212  1907  3959 D RequestManager: [RequestManager.cpp: 341] [Loc_hal_worker(1907,3959)] listenForResponses: record_stream_get_next: recordLen: 295, ret: 0, errno: 0, errStr: Success, socket fd: 36
04-30 00:18:42.212  1907  3959 D RequestManager: [RequestManager.cpp: 358] [Loc_hal_worker(1907,3959)] listenForResponses: Got a response parcel
04-30 00:18:42.212  3028  3570 I qcrilNrd: RIL Response bytes written:295
04-30 00:18:42.221  5600  5600 D ImsPhoneCallTracker: [0] onCallUpdated
