04-28 23:05:56.113  5521  5521 V ImsPhoneConnection: update remoteCallProfile={ serviceType=1, callType=3, restrictCause=0, mediaProfile={ audioQuality=0, audioDirection=3, audioCodecAttribute=null, videoQuality=0, videoDirection=-1, rttMode=0, hasRttAudioSpeech=false }, emergencyServiceCategories=0, emergencyUrns=[], emergencyCallRouting=0, emergencyCallTesting=false, hasKnownUserIntentEmergency=false, mRestrictCause=0, mCallerNumberVerstat= 0, mAcceptedRtpHeaderExtensions= [] }
04-28 23:05:56.113  5521  5521 W ImsPhoneConnection: applyRemoteCallCapabilities - remoteProfile = { serviceType=1, callType=3, restrictCause=0, mediaProfile={ audioQuality=0, audioDirection=3, audioCodecAttribute=null, videoQuality=0, videoDirection=-1, rttMode=0, hasRttAudioSpeech=false }, emergencyServiceCategories=0, emergencyUrns=[], emergencyCallRouting=0, emergencyCallTesting=false, hasKnownUserIntentEmergency=false, mRestrictCause=0, mCallerNumberVerstat= 0, mAcceptedRtpHeaderExtensions= [] }
04-28 23:05:56.113  5521  5521 V ImsPhoneConnection: data is not metered
04-28 23:05:56.114  5521  5521 D ImsPhoneCallTracker: [0] updatePhoneState pendingMo = null, rng= IDLE(), fg= ALERTING(TC@27_1/objId:236712542), bg= IDLE()
04-28 23:05:56.114  5521  5521 D ImsPhoneCallTracker: [0] updatePhoneState oldState=OFFHOOK, newState=OFFHOOK
04-28 23:05:56.118  5521  5521 D PhoneSwitcher: handle event - 109
04-28 23:05:56.118  5521  5521 D MiuiDataControllerImpl: Qcom Dsda State = true
04-28 23:05:56.118  5521  5521 D MiuiDataControllerImpl: isCurrentDSDAState:true
04-28 23:05:56.119  5521  5521 D MiuiPhoneSwitcherImpl: isViceVolteDataEnabled: false, isCurrentDsdaState: true, isDsdaFullConcurrencyState: false, isPlatformDE30: true, isPlatformDE50: false, isVicePhoneInVoiceCall: false
04-28 23:05:56.119  5521  5521 D PhoneSwitcher: phoneInVoiceCall:false
04-28 23:05:56.119  5521  5521 D MiuiDataControllerImpl: Qcom Dsda State = true
04-28 23:05:56.119  5521  5521 D MiuiDataControllerImpl: isCurrentDSDAState:true
04-28 23:05:56.121  5521  5521 D MiuiPhoneSwitcherImpl: isViceVolteDataEnabled: false, isCurrentDsdaState: true, isDsdaFullConcurrencyState: false, isPlatformDE30: true, isPlatformDE50: false, isVicePhoneInVoiceCall: false
04-28 23:05:56.121  5521  5521 D PhoneSwitcher: phoneInVoiceCall:false
04-28 23:05:56.121  5521  5521 D MiuiDataControllerImpl: Qcom Dsda State = true
04-28 23:05:56.121  5521  5521 D MiuiDataControllerImpl: isCurrentDSDAState:true
04-28 23:05:56.122  5521  5521 D MiuiPhoneSwitcherImpl: isViceVolteDataEnabled: false, isCurrentDsdaState: true, isDsdaFullConcurrencyState: false, isPlatformDE30: true, isPlatformDE50: false, isVicePhoneInVoiceCall: false
04-28 23:05:56.122  5521  5521 D PhoneSwitcher: phoneInVoiceCall:false
04-28 23:05:56.122  5521  5521 D MiuiDataControllerImpl: Qcom Dsda State = true
04-28 23:05:56.122  5521  5521 D MiuiDataControllerImpl: isCurrentDSDAState:true
04-28 23:05:56.124  5521  5521 D MiuiPhoneSwitcherImpl: isViceVolteDataEnabled: false, isCurrentDsdaState: true, isDsdaFullConcurrencyState: false, isPlatformDE30: true, isPlatformDE50: false, isVicePhoneInVoiceCall: false
04-28 23:05:56.124  5521  5521 D PhoneSwitcher: phoneInVoiceCall:false
04-28 23:05:56.124  5521  5521 D PhoneSwitcher: isPhoneInVoiceCallChanged: mPhoneIdInVoiceCall=-1
04-28 23:05:56.125  5521  5521 D PhoneSwitcher: EVENT_PRECISE_CALL_STATE_CHANGED Enforce evaluating once after call ends
04-28 23:05:56.125  5521  5521 D MiuiPhoneSwitcherImpl: updatePreferredDataPhoneId  TempDataPhoneId=-1,isTempDdsSwitchEnabled=false
04-28 23:05:56.125  5521  5521 D MiuiDisplayInfoController: EVENT_PRECISE_CALL_STATE_CHANGED
04-28 23:05:56.125  5521  5521 D MiuiDisplayInfoController: handleCallStateChanged: false,isHasDelay=false,phone.getState(): OFFHOOK
04-28 23:05:56.126  5521  6551 D Phone   : isImsRegistered =true
04-28 23:05:56.127  5521  5521 D ImsPhoneConnection: getDisconnectCause: cause=0
04-28 23:05:56.128  5521  5521 D ImsPhoneConnection: getDisconnectCause: cause=0
04-28 23:05:56.128  5521  5521 I MiuiCarrierConfigHelper: getBooleanCarrierConfigForSubId subId:4 key:display_hd_audio_property_bool result:true
04-28 23:05:56.132  5521  5521 I RelayLog: RelayManager --> onRelayCallStateChanged state:DIALING
04-28 23:05:56.132  5521  5521 I RelayLog:  --> isCallRelayed: No!
04-28 23:05:56.132  5521  5521 I RelayLog:  --> isCallRelaying: No!
04-28 23:05:56.132  5521  5521 I RelayLog: RelayManager --> onRelayCallStateChanged not update
04-28 23:05:56.133  5521  6505 D Phone   : isImsRegistered =true
04-28 23:05:56.134  5521  5521 I MiuiCarrierConfigHelper: getBooleanCarrierConfigForSubId subId:4 key:config_use_cnap_presentation result:false
04-28 23:05:56.137  5521  5521 V SMSVC   : getSubscriptionUserHandle subId = 4 userHandle = UserHandle{-10000}
04-28 23:05:56.150  5521  6551 D FeatureConfiguration: Checking feature: FEATURE_DUAL_VOLTE
04-28 23:05:56.150  5521  6551 D FeatureConfiguration: Feature FEATURE_DUAL_VOLTE build is supported, featureSupported=true
04-28 23:05:56.150  5521  6551 D ImsManagerIM [0]: getLocalImsConfigKeInt() for key:68, result: 0
04-28 23:05:56.156  5521  6551 D Phone   : isImsRegistered =true
04-28 23:05:56.513  5521  5521 D DNC-0   : getAllActiveCellularInterfaces All Interfaces: rmnet_data1
04-28 23:05:56.513  5521  5521 D DNC-0   : getAllActiveCellularInterfaces All Interfaces: rmnet_data4
04-28 23:05:56.527  5521  5521 D DNC-1   : getAllActiveCellularInterfaces All Interfaces: rmnet_data2
04-28 23:05:57.527  5521  5521 D DNC-0   : getAllActiveCellularInterfaces All Interfaces: rmnet_data1
04-28 23:05:57.527  5521  5521 D DNC-0   : getAllActiveCellularInterfaces All Interfaces: rmnet_data4
04-28 23:05:57.540  5521  5521 D DNC-1   : getAllActiveCellularInterfaces All Interfaces: rmnet_data2
04-28 23:05:57.636  1894  3705 D RequestManager: [RequestManager.cpp: 341] [Loc_hal_worker(1894,3705)] listenForResponses: record_stream_get_next: recordLen: 76, ret: -1, errno: 11, errStr: Try again, socket fd: 32
04-28 23:05:57.636  2951  3573 I qcrilNrd: RIL Response bytes written:4
04-28 23:05:57.636  1894  3705 D RequestManager: [RequestManager.cpp: 341] [Loc_hal_worker(1894,3705)] listenForResponses: record_stream_get_next: recordLen: 295, ret: 0, errno: 0, errStr: Success, socket fd: 32
04-28 23:05:57.636  1894  3705 D RequestManager: [RequestManager.cpp: 358] [Loc_hal_worker(1894,3705)] listenForResponses: Got a response parcel
04-28 23:05:57.636  2951  3573 I qcrilNrd: RIL Response bytes written:295
04-28 23:05:57.653  5521  5521 D ImsPhoneCallTracker: [0] onCallUpdated
04-28 23:05:57.653  5521  5521 D ImsPhoneCallTracker: [0] onCallUpdated: profile is { serviceType=1, callType=2, restrictCause=0, mediaProfile={ audioQuality=0, audioDirection=3, audioCodecAttribute=null, videoQuality=0, videoDirection=-1, rttMode=0, hasRttAudioSpeech=false }, emergencyServiceCategories=0, emergencyUrns=[], emergencyCallRouting=0, emergencyCallTesting=false, hasKnownUserIntentEmergency=false, mRestrictCause=0, mCallerNumberVerstat= 0, mAcceptedRtpHeaderExtensions= [] }
04-28 23:05:57.654  5521  5521 D ImsPhoneCallTracker: [0] processCallStateChange state=ALERTING cause=0 ignoreState=true
04-28 23:05:57.655  5521  5521 V ImsPhoneConnection: update localCallProfile={ serviceType=1, callType=2, restrictCause=0, mediaProfile={ audioQuality=2, audioDirection=3, audioCodecAttribute=null, videoQuality=0, videoDirection=-1, rttMode=0, hasRttAudioSpeech=false }, emergencyServiceCategories=0, emergencyUrns=[], emergencyCallRouting=0, emergencyCallTesting=false, hasKnownUserIntentEmergency=false, mRestrictCause=0, mCallerNumberVerstat= 0, mAcceptedRtpHeaderExtensions= [] }
04-28 23:05:57.655  5521  5521 I ImsPhoneConnection: applyLocalCallCapabilities - localProfile = { serviceType=1, callType=2, restrictCause=0, mediaProfile={ audioQuality=2, audioDirection=3, audioCodecAttribute=null, videoQuality=0, videoDirection=-1, rttMode=0, hasRttAudioSpeech=false }, emergencyServiceCategories=0, emergencyUrns=[], emergencyCallRouting=0, emergencyCallTesting=false, hasKnownUserIntentEmergency=false, mRestrictCause=0, mCallerNumberVerstat= 0, mAcceptedRtpHeaderExtensions= [] }
04-28 23:05:57.656  5521  5521 V ImsPhoneConnection: update remoteCallProfile={ serviceType=1, callType=3, restrictCause=0, mediaProfile={ audioQuality=0, audioDirection=3, audioCodecAttribute=null, videoQuality=0, videoDirection=-1, rttMode=0, hasRttAudioSpeech=false }, emergencyServiceCategories=0, emergencyUrns=[], emergencyCallRouting=0, emergencyCallTesting=false, hasKnownUserIntentEmergency=false, mRestrictCause=0, mCallerNumberVerstat= 0, mAcceptedRtpHeaderExtensions= [] }
04-28 23:05:57.656  5521  5521 W ImsPhoneConnection: applyRemoteCallCapabilities - remoteProfile = { serviceType=1, callType=3, restrictCause=0, mediaProfile={ audioQuality=0, audioDirection=3, audioCodecAttribute=null, videoQuality=0, videoDirection=-1, rttMode=0, hasRttAudioSpeech=false }, emergencyServiceCategories=0, emergencyUrns=[], emergencyCallRouting=0, emergencyCallTesting=false, hasKnownUserIntentEmergency=false, mRestrictCause=0, mCallerNumberVerstat= 0, mAcceptedRtpHeaderExtensions= [] }
04-28 23:05:57.656  5521  5521 V ImsPhoneConnection: data is not metered
04-28 23:05:57.657  5521  5521 I ImsPhoneConnection: updateMediaCapabilities: mediate attributes changed: codec = 2, bitRate=0.0, bandwidth=0.0
04-28 23:05:57.658  5521  5521 I ImsPhoneConnection: maybeChangeRingbackState
04-28 23:05:57.658  5521  5521 I ImsPhoneCall: maybeChangeRingbackState: state=ALERTING
04-28 23:05:57.658  5521  5521 I ImsPhoneCall: isLocalTone: audioDirection=3, playRingback=false
04-28 23:05:57.660  5521  5521 I MiuiCarrierConfigHelper: getBooleanCarrierConfigForSubId subId:4 key:display_hd_audio_property_bool result:true
04-28 23:05:57.673  5521  6551 D Phone   : isImsRegistered =true
04-28 23:05:57.682  5521  6505 D Phone   : isImsRegistered =true
04-28 23:05:57.706  5521  6551 D FeatureConfiguration: Checking feature: FEATURE_DUAL_VOLTE
04-28 23:05:57.706  5521  6551 D FeatureConfiguration: Feature FEATURE_DUAL_VOLTE build is supported, featureSupported=true
04-28 23:05:57.706  5521  6551 D ImsManagerIM [0]: getLocalImsConfigKeInt() for key:68, result: 0
04-28 23:05:57.709  5521  6551 D Phone   : isImsRegistered =true
04-28 23:05:57.734  1894  3705 D RequestManager: [RequestManager.cpp: 341] [Loc_hal_worker(1894,3705)] listenForResponses: record_stream_get_next: recordLen: 295, ret: -1, errno: 11, errStr: Try again, socket fd: 32
04-28 23:05:57.734  2951  3573 I qcrilNrd: RIL Response bytes written:4
04-28 23:05:57.735  1894  3705 D RequestManager: [RequestManager.cpp: 341] [Loc_hal_worker(1894,3705)] listenForResponses: record_stream_get_next: recordLen: 30, ret: 0, errno: 0, errStr: Success, socket fd: 32
04-28 23:05:57.735  1894  3705 D RequestManager: [RequestManager.cpp: 358] [Loc_hal_worker(1894,3705)] listenForResponses: Got a response parcel
04-28 23:05:57.735  2951  3573 I qcrilNrd: RIL Response bytes written:30
04-28 23:05:57.755  1894  3705 D RequestManager: [RequestManager.cpp: 341] [Loc_hal_worker(1894,3705)] listenForResponses: record_stream_get_next: recordLen: 30, ret: -1, errno: 11, errStr: Try again, socket fd: 32
04-28 23:05:57.755  2951  3573 I qcrilNrd: RIL Response bytes written:4
04-28 23:05:57.755  1894  3705 D RequestManager: [RequestManager.cpp: 341] [Loc_hal_worker(1894,3705)] listenForResponses: record_stream_get_next: recordLen: 295, ret: 0, errno: 0, errStr: Success, socket fd: 32
04-28 23:05:57.755  1894  3705 D RequestManager: [RequestManager.cpp: 358] [Loc_hal_worker(1894,3705)] listenForResponses: Got a response parcel
04-28 23:05:57.755  2951  3573 I qcrilNrd: RIL Response bytes written:295
04-28 23:05:57.756  1894  3705 D RequestManager: [RequestManager.cpp: 341] [Loc_hal_worker(1894,3705)] listenForResponses: record_stream_get_next: recordLen: 295, ret: -1, errno: 11, errStr: Try again, socket fd: 32
04-28 23:05:57.756  2951  3573 I qcrilNrd: RIL Response bytes written:4
04-28 23:05:57.756  1894  3705 D RequestManager: [RequestManager.cpp: 341] [Loc_hal_worker(1894,3705)] listenForResponses: record_stream_get_next: recordLen: 76, ret: 0, errno: 0, errStr: Success, socket fd: 32
04-28 23:05:57.756  1894  3705 D RequestManager: [RequestManager.cpp: 358] [Loc_hal_worker(1894,3705)] listenForResponses: Got a response parcel
04-28 23:05:57.756  2951  3573 I qcrilNrd: RIL Response bytes written:76
04-28 23:05:57.778  5521  5521 D ImsPhoneCallTracker: [0] onCallUpdated
04-28 23:05:57.778  5521  5521 D ImsPhoneCallTracker: [0] onCallUpdated: profile is { serviceType=1, callType=6, restrictCause=0, mediaProfile={ audioQuality=0, audioDirection=3, audioCodecAttribute=null, videoQuality=0, videoDirection=1, rttMode=0, hasRttAudioSpeech=false }, emergencyServiceCategories=0, emergencyUrns=[], emergencyCallRouting=0, emergencyCallTesting=false, hasKnownUserIntentEmergency=false, mRestrictCause=0, mCallerNumberVerstat= 0, mAcceptedRtpHeaderExtensions= [] }
04-28 23:05:57.779  5521  5521 D ImsPhoneCallTracker: [0] processCallStateChange state=ALERTING cause=0 ignoreState=true
04-28 23:05:57.779  5521  5521 D VoiceCallSessionStats: onVideoStateChange: video state=2, connectionId=624804196
04-28 23:05:57.780  5521  5521 V ImsPhoneConnection: update localCallProfile={ serviceType=1, callType=7, restrictCause=0, mediaProfile={ audioQuality=2, audioDirection=3, audioCodecAttribute=null, videoQuality=0, videoDirection=-1, rttMode=0, hasRttAudioSpeech=false }, emergencyServiceCategories=0, emergencyUrns=[], emergencyCallRouting=0, emergencyCallTesting=false, hasKnownUserIntentEmergency=false, mRestrictCause=0, mCallerNumberVerstat= 0, mAcceptedRtpHeaderExtensions= [] }
04-28 23:05:57.780  5521  5521 I ImsPhoneConnection: applyLocalCallCapabilities - localProfile = { serviceType=1, callType=7, restrictCause=0, mediaProfile={ audioQuality=2, audioDirection=3, audioCodecAttribute=null, videoQuality=0, videoDirection=-1, rttMode=0, hasRttAudioSpeech=false }, emergencyServiceCategories=0, emergencyUrns=[], emergencyCallRouting=0, emergencyCallTesting=false, hasKnownUserIntentEmergency=false, mRestrictCause=0, mCallerNumberVerstat= 0, mAcceptedRtpHeaderExtensions= [] }
04-28 23:05:57.781  5521  5521 V ImsPhoneConnection: update remoteCallProfile={ serviceType=1, callType=3, restrictCause=0, mediaProfile={ audioQuality=0, audioDirection=3, audioCodecAttribute=null, videoQuality=0, videoDirection=-1, rttMode=0, hasRttAudioSpeech=false }, emergencyServiceCategories=0, emergencyUrns=[], emergencyCallRouting=0, emergencyCallTesting=false, hasKnownUserIntentEmergency=false, mRestrictCause=0, mCallerNumberVerstat= 0, mAcceptedRtpHeaderExtensions= [] }
04-28 23:05:57.781  5521  5521 W ImsPhoneConnection: applyRemoteCallCapabilities - remoteProfile = { serviceType=1, callType=3, restrictCause=0, mediaProfile={ audioQuality=0, audioDirection=3, audioCodecAttribute=null, videoQuality=0, videoDirection=-1, rttMode=0, hasRttAudioSpeech=false }, emergencyServiceCategories=0, emergencyUrns=[], emergencyCallRouting=0, emergencyCallTesting=false, hasKnownUserIntentEmergency=false, mRestrictCause=0, mCallerNumberVerstat= 0, mAcceptedRtpHeaderExtensions= [] }
04-28 23:05:57.781  5521  5521 V ImsPhoneConnection: data is not metered
04-28 23:05:57.781  5521  5521 I ImsPhoneConnection: maybeChangeRingbackState
04-28 23:05:57.781  5521  5521 I ImsPhoneCall: maybeChangeRingbackState: state=ALERTING
04-28 23:05:57.781  5521  5521 I ImsPhoneCall: isLocalTone: audioDirection=3, playRingback=false
04-28 23:05:57.783  5521  5521 V SMSVC   : getSubscriptionUserHandle subId = 4 userHandle = UserHandle{-10000}
04-28 23:05:57.795  5521  6551 D Phone   : isImsRegistered =true
04-28 23:05:57.805  5521  6551 D Phone   : isImsRegistered =true
04-28 23:05:57.825  5521  6505 D FeatureConfiguration: Checking feature: FEATURE_DUAL_VOLTE
04-28 23:05:57.825  5521  6505 D FeatureConfiguration: Feature FEATURE_DUAL_VOLTE build is supported, featureSupported=true
04-28 23:05:57.825  5521  6505 D ImsManagerIM [0]: getLocalImsConfigKeInt() for key:68, result: 0
04-28 23:05:57.829  5521  6505 D Phone   : isImsRegistered =true
04-28 23:05:57.837  5521  6505 D Phone   : isImsRegistered =true
04-28 23:05:57.842  5521  6551 D Phone   : isImsRegistered =true
04-28 23:05:57.858  5521  6551 D FeatureConfiguration: Checking feature: FEATURE_DUAL_VOLTE
04-28 23:05:57.858  5521  6551 D FeatureConfiguration: Feature FEATURE_DUAL_VOLTE build is supported, featureSupported=true
04-28 23:05:57.858  5521  6551 D ImsManagerIM [0]: getLocalImsConfigKeInt() for key:68, result: 0
04-28 23:05:57.860  5521  6551 D Phone   : isImsRegistered =true
04-28 23:05:57.934  5521  5521 D ImsPhoneCallTracker: [0] onCallUpdated
04-28 23:05:57.934  5521  5521 D ImsPhoneCallTracker: [0] onCallUpdated: profile is { serviceType=1, callType=6, restrictCause=0, mediaProfile={ audioQuality=0, audioDirection=3, audioCodecAttribute=null, videoQuality=0, videoDirection=1, rttMode=0, hasRttAudioSpeech=false }, emergencyServiceCategories=0, emergencyUrns=[], emergencyCallRouting=0, emergencyCallTesting=false, hasKnownUserIntentEmergency=false, mRestrictCause=0, mCallerNumberVerstat= 0, mAcceptedRtpHeaderExtensions= [] }
04-28 23:05:57.934  5521  5521 D ImsPhoneCallTracker: [0] processCallStateChange state=ALERTING cause=0 ignoreState=true
04-28 23:05:57.936  5521  5521 V ImsPhoneConnection: update localCallProfile={ serviceType=1, callType=7, restrictCause=0, mediaProfile={ audioQuality=2, audioDirection=3, audioCodecAttribute=null, videoQuality=0, videoDirection=-1, rttMode=0, hasRttAudioSpeech=false }, emergencyServiceCategories=0, emergencyUrns=[], emergencyCallRouting=0, emergencyCallTesting=false, hasKnownUserIntentEmergency=false, mRestrictCause=0, mCallerNumberVerstat= 0, mAcceptedRtpHeaderExtensions= [] }
04-28 23:05:57.936  5521  5521 I ImsPhoneConnection: applyLocalCallCapabilities - localProfile = { serviceType=1, callType=7, restrictCause=0, mediaProfile={ audioQuality=2, audioDirection=3, audioCodecAttribute=null, videoQuality=0, videoDirection=-1, rttMode=0, hasRttAudioSpeech=false }, emergencyServiceCategories=0, emergencyUrns=[], emergencyCallRouting=0, emergencyCallTesting=false, hasKnownUserIntentEmergency=false, mRestrictCause=0, mCallerNumberVerstat= 0, mAcceptedRtpHeaderExtensions= [] }
04-28 23:05:57.937  5521  5521 V ImsPhoneConnection: update remoteCallProfile={ serviceType=1, callType=3, restrictCause=0, mediaProfile={ audioQuality=0, audioDirection=3, audioCodecAttribute=null, videoQuality=0, videoDirection=-1, rttMode=0, hasRttAudioSpeech=false }, emergencyServiceCategories=0, emergencyUrns=[], emergencyCallRouting=0, emergencyCallTesting=false, hasKnownUserIntentEmergency=false, mRestrictCause=0, mCallerNumberVerstat= 0, mAcceptedRtpHeaderExtensions= [] }
04-28 23:05:57.937  5521  5521 W ImsPhoneConnection: applyRemoteCallCapabilities - remoteProfile = { serviceType=1, callType=3, restrictCause=0, mediaProfile={ audioQuality=0, audioDirection=3, audioCodecAttribute=null, videoQuality=0, videoDirection=-1, rttMode=0, hasRttAudioSpeech=false }, emergencyServiceCategories=0, emergencyUrns=[], emergencyCallRouting=0, emergencyCallTesting=false, hasKnownUserIntentEmergency=false, mRestrictCause=0, mCallerNumberVerstat= 0, mAcceptedRtpHeaderExtensions= [] }
04-28 23:05:57.937  5521  5521 V ImsPhoneConnection: data is not metered
04-28 23:05:57.937  5521  5521 I ImsPhoneConnection: maybeChangeRingbackState
04-28 23:05:57.937  5521  5521 I ImsPhoneCall: maybeChangeRingbackState: state=ALERTING
04-28 23:05:57.937  5521  5521 I ImsPhoneCall: isLocalTone: audioDirection=3, playRingback=false
04-28 23:05:58.118  1894  3705 D RequestManager: [RequestManager.cpp: 341] [Loc_hal_worker(1894,3705)] listenForResponses: record_stream_get_next: recordLen: 76, ret: -1, errno: 11, errStr: Try again, socket fd: 32
04-28 23:05:58.118  2951  3573 I qcrilNrd: RIL Response bytes written:4
04-28 23:05:58.118  1894  3705 D RequestManager: [RequestManager.cpp: 341] [Loc_hal_worker(1894,3705)] listenForResponses: record_stream_get_next: recordLen: 305, ret: 0, errno: 0, errStr: Success, socket fd: 32
04-28 23:05:58.118  1894  3705 D RequestManager: [RequestManager.cpp: 358] [Loc_hal_worker(1894,3705)] listenForResponses: Got a response parcel
04-28 23:05:58.118  2951  3573 I qcrilNrd: RIL Response bytes written:305
04-28 23:05:58.132  5521  5521 D ImsPhoneCallTracker: [0] onCallUpdated
04-28 23:05:58.133  5521  5521 D ImsPhoneCallTracker: [0] onCallUpdated: profile is { serviceType=1, callType=6, restrictCause=0, mediaProfile={ audioQuality=0, audioDirection=3, audioCodecAttribute=null, videoQuality=0, videoDirection=1, rttMode=0, hasRttAudioSpeech=false }, emergencyServiceCategories=0, emergencyUrns=[], emergencyCallRouting=0, emergencyCallTesting=false, hasKnownUserIntentEmergency=false, mRestrictCause=0, mCallerNumberVerstat= 0, mAcceptedRtpHeaderExtensions= [] }
04-28 23:05:58.133  5521  5521 D ImsPhoneCallTracker: [0] processCallStateChange state=ALERTING cause=0 ignoreState=true
04-28 23:05:58.135  5521  5521 V ImsPhoneConnection: update localCallProfile={ serviceType=1, callType=7, restrictCause=0, mediaProfile={ audioQuality=2, audioDirection=3, audioCodecAttribute=null, videoQuality=0, videoDirection=-1, rttMode=0, hasRttAudioSpeech=false }, emergencyServiceCategories=0, emergencyUrns=[], emergencyCallRouting=0, emergencyCallTesting=false, hasKnownUserIntentEmergency=false, mRestrictCause=0, mCallerNumberVerstat= 0, mAcceptedRtpHeaderExtensions= [] }
04-28 23:05:58.135  5521  5521 I ImsPhoneConnection: applyLocalCallCapabilities - localProfile = { serviceType=1, callType=7, restrictCause=0, mediaProfile={ audioQuality=2, audioDirection=3, audioCodecAttribute=null, videoQuality=0, videoDirection=-1, rttMode=0, hasRttAudioSpeech=false }, emergencyServiceCategories=0, emergencyUrns=[], emergencyCallRouting=0, emergencyCallTesting=false, hasKnownUserIntentEmergency=false, mRestrictCause=0, mCallerNumberVerstat= 0, mAcceptedRtpHeaderExtensions= [] }
04-28 23:05:58.136  1894  3705 D RequestManager: [RequestManager.cpp: 341] [Loc_hal_worker(1894,3705)] listenForResponses: record_stream_get_next: recordLen: 305, ret: -1, errno: 11, errStr: Try again, socket fd: 32
04-28 23:05:58.137  2951  3573 I qcrilNrd: RIL Response bytes written:4
04-28 23:05:58.137  1894  3705 D RequestManager: [RequestManager.cpp: 341] [Loc_hal_worker(1894,3705)] listenForResponses: record_stream_get_next: recordLen: 295, ret: 0, errno: 0, errStr: Success, socket fd: 32
04-28 23:05:58.137  1894  3705 D RequestManager: [RequestManager.cpp: 358] [Loc_hal_worker(1894,3705)] listenForResponses: Got a response parcel
04-28 23:05:58.137  5521  5521 V ImsPhoneConnection: update remoteCallProfile={ serviceType=1, callType=3, restrictCause=0, mediaProfile={ audioQuality=0, audioDirection=3, audioCodecAttribute=null, videoQuality=0, videoDirection=-1, rttMode=0, hasRttAudioSpeech=false }, emergencyServiceCategories=0, emergencyUrns=[], emergencyCallRouting=0, emergencyCallTesting=false, hasKnownUserIntentEmergency=false, mRestrictCause=0, mCallerNumberVerstat= 0, mAcceptedRtpHeaderExtensions= [] }
04-28 23:05:58.137  2951  3573 I qcrilNrd: RIL Response bytes written:295
04-28 23:05:58.137  5521  5521 W ImsPhoneConnection: applyRemoteCallCapabilities - remoteProfile = { serviceType=1, callType=3, restrictCause=0, mediaProfile={ audioQuality=0, audioDirection=3, audioCodecAttribute=null, videoQuality=0, videoDirection=-1, rttMode=0, hasRttAudioSpeech=false }, emergencyServiceCategories=0, emergencyUrns=[], emergencyCallRouting=0, emergencyCallTesting=false, hasKnownUserIntentEmergency=false, mRestrictCause=0, mCallerNumberVerstat= 0, mAcceptedRtpHeaderExtensions= [] }
04-28 23:05:58.137  5521  5521 V ImsPhoneConnection: data is not metered
04-28 23:05:58.138  5521  5521 I ImsPhoneConnection: maybeChangeRingbackState
04-28 23:05:58.138  5521  5521 I ImsPhoneCall: maybeChangeRingbackState: state=ALERTING
04-28 23:05:58.138  1894  3705 D RequestManager: [RequestManager.cpp: 341] [Loc_hal_worker(1894,3705)] listenForResponses: record_stream_get_next: recordLen: 295, ret: -1, errno: 11, errStr: Try again, socket fd: 32
04-28 23:05:58.138  5521  5521 I ImsPhoneCall: isLocalTone: audioDirection=3, playRingback=false
04-28 23:05:58.138  2951  3573 I qcrilNrd: RIL Response bytes written:4
04-28 23:05:58.138  1894  3705 D RequestManager: [RequestManager.cpp: 341] [Loc_hal_worker(1894,3705)] listenForResponses: record_stream_get_next: recordLen: 76, ret: 0, errno: 0, errStr: Success, socket fd: 32
04-28 23:05:58.138  1894  3705 D RequestManager: [RequestManager.cpp: 358] [Loc_hal_worker(1894,3705)] listenForResponses: Got a response parcel
04-28 23:05:58.139  2951  3573 I qcrilNrd: RIL Response bytes written:76
04-28 23:05:58.139  1894  3705 D RequestManager: [RequestManager.cpp: 341] [Loc_hal_worker(1894,3705)] listenForResponses: record_stream_get_next: recordLen: 76, ret: -1, errno: 11, errStr: Try again, socket fd: 32
04-28 23:05:58.139  2951  3573 I qcrilNrd: RIL Response bytes written:4
04-28 23:05:58.139  1894  3705 D RequestManager: [RequestManager.cpp: 341] [Loc_hal_worker(1894,3705)] listenForResponses: record_stream_get_next: recordLen: 76, ret: 0, errno: 0, errStr: Success, socket fd: 32
04-28 23:05:58.139  1894  3705 D RequestManager: [RequestManager.cpp: 358] [Loc_hal_worker(1894,3705)] listenForResponses: Got a response parcel
04-28 23:05:58.139  2951  3573 I qcrilNrd: RIL Response bytes written:76
04-28 23:05:58.147  5521  5521 D ImsPhoneCallTracker: [0] onCallUpdated
04-28 23:05:58.147  5521  5521 D ImsPhoneCallTracker: [0] onCallUpdated: profile is { serviceType=1, callType=6, restrictCause=0, mediaProfile={ audioQuality=0, audioDirection=3, audioCodecAttribute=null, videoQuality=0, videoDirection=1, rttMode=0, hasRttAudioSpeech=false }, emergencyServiceCategories=0, emergencyUrns=[], emergencyCallRouting=0, emergencyCallTesting=false, hasKnownUserIntentEmergency=false, mRestrictCause=0, mCallerNumberVerstat= 0, mAcceptedRtpHeaderExtensions= [] }
04-28 23:05:58.147  5521  5521 D ImsPhoneCallTracker: [0] processCallStateChange state=ALERTING cause=0 ignoreState=true
04-28 23:05:58.147  5521  5521 V ImsPhoneConnection: update localCallProfile={ serviceType=1, callType=7, restrictCause=0, mediaProfile={ audioQuality=2, audioDirection=3, audioCodecAttribute=null, videoQuality=0, videoDirection=-1, rttMode=0, hasRttAudioSpeech=false }, emergencyServiceCategories=0, emergencyUrns=[], emergencyCallRouting=0, emergencyCallTesting=false, hasKnownUserIntentEmergency=false, mRestrictCause=0, mCallerNumberVerstat= 0, mAcceptedRtpHeaderExtensions= [] }
04-28 23:05:58.148  5521  5521 I ImsPhoneConnection: applyLocalCallCapabilities - localProfile = { serviceType=1, callType=7, restrictCause=0, mediaProfile={ audioQuality=2, audioDirection=3, audioCodecAttribute=null, videoQuality=0, videoDirection=-1, rttMode=0, hasRttAudioSpeech=false }, emergencyServiceCategories=0, emergencyUrns=[], emergencyCallRouting=0, emergencyCallTesting=false, hasKnownUserIntentEmergency=false, mRestrictCause=0, mCallerNumberVerstat= 0, mAcceptedRtpHeaderExtensions= [] }
04-28 23:05:58.149  5521  5521 V ImsPhoneConnection: update remoteCallProfile={ serviceType=1, callType=3, restrictCause=0, mediaProfile={ audioQuality=0, audioDirection=3, audioCodecAttribute=null, videoQuality=0, videoDirection=-1, rttMode=0, hasRttAudioSpeech=false }, emergencyServiceCategories=0, emergencyUrns=[], emergencyCallRouting=0, emergencyCallTesting=false, hasKnownUserIntentEmergency=false, mRestrictCause=0, mCallerNumberVerstat= 0, mAcceptedRtpHeaderExtensions= [] }
04-28 23:05:58.149  5521  5521 W ImsPhoneConnection: applyRemoteCallCapabilities - remoteProfile = { serviceType=1, callType=3, restrictCause=0, mediaProfile={ audioQuality=0, audioDirection=3, audioCodecAttribute=null, videoQuality=0, videoDirection=-1, rttMode=0, hasRttAudioSpeech=false }, emergencyServiceCategories=0, emergencyUrns=[], emergencyCallRouting=0, emergencyCallTesting=false, hasKnownUserIntentEmergency=false, mRestrictCause=0, mCallerNumberVerstat= 0, mAcceptedRtpHeaderExtensions= [] }
04-28 23:05:58.149  5521  5521 V ImsPhoneConnection: data is not metered
04-28 23:05:58.149  5521  5521 I ImsPhoneConnection: maybeChangeRingbackState
04-28 23:05:58.149  5521  5521 I ImsPhoneCall: maybeChangeRingbackState: state=ALERTING
04-28 23:05:58.149  5521  5521 I ImsPhoneCall: isLocalTone: audioDirection=3, playRingback=false
04-28 23:05:58.262  5521  5521 D ImsPhoneCallTracker: [0] onCallUpdated
04-28 23:05:58.262  5521  5521 D ImsPhoneCallTracker: [0] onCallUpdated: profile is { serviceType=1, callType=6, restrictCause=0, mediaProfile={ audioQuality=0, audioDirection=3, audioCodecAttribute=null, videoQuality=0, videoDirection=1, rttMode=0, hasRttAudioSpeech=false }, emergencyServiceCategories=0, emergencyUrns=[], emergencyCallRouting=0, emergencyCallTesting=false, hasKnownUserIntentEmergency=false, mRestrictCause=0, mCallerNumberVerstat= 0, mAcceptedRtpHeaderExtensions= [] }
04-28 23:05:58.262  5521  5521 D ImsPhoneCallTracker: [0] processCallStateChange state=ALERTING cause=0 ignoreState=true
04-28 23:05:58.263  5521  5521 V ImsPhoneConnection: update localCallProfile={ serviceType=1, callType=7, restrictCause=0, mediaProfile={ audioQuality=2, audioDirection=3, audioCodecAttribute=null, videoQuality=0, videoDirection=-1, rttMode=0, hasRttAudioSpeech=false }, emergencyServiceCategories=0, emergencyUrns=[], emergencyCallRouting=0, emergencyCallTesting=false, hasKnownUserIntentEmergency=false, mRestrictCause=0, mCallerNumberVerstat= 0, mAcceptedRtpHeaderExtensions= [] }
04-28 23:05:58.263  5521  5521 I ImsPhoneConnection: applyLocalCallCapabilities - localProfile = { serviceType=1, callType=7, restrictCause=0, mediaProfile={ audioQuality=2, audioDirection=3, audioCodecAttribute=null, videoQuality=0, videoDirection=-1, rttMode=0, hasRttAudioSpeech=false }, emergencyServiceCategories=0, emergencyUrns=[], emergencyCallRouting=0, emergencyCallTesting=false, hasKnownUserIntentEmergency=false, mRestrictCause=0, mCallerNumberVerstat= 0, mAcceptedRtpHeaderExtensions= [] }
04-28 23:05:58.264  5521  5521 V ImsPhoneConnection: update remoteCallProfile={ serviceType=1, callType=3, restrictCause=0, mediaProfile={ audioQuality=0, audioDirection=3, audioCodecAttribute=null, videoQuality=0, videoDirection=-1, rttMode=0, hasRttAudioSpeech=false }, emergencyServiceCategories=0, emergencyUrns=[], emergencyCallRouting=0, emergencyCallTesting=false, hasKnownUserIntentEmergency=false, mRestrictCause=0, mCallerNumberVerstat= 0, mAcceptedRtpHeaderExtensions= [] }
04-28 23:05:58.264  5521  5521 W ImsPhoneConnection: applyRemoteCallCapabilities - remoteProfile = { serviceType=1, callType=3, restrictCause=0, mediaProfile={ audioQuality=0, audioDirection=3, audioCodecAttribute=null, videoQuality=0, videoDirection=-1, rttMode=0, hasRttAudioSpeech=false }, emergencyServiceCategories=0, emergencyUrns=[], emergencyCallRouting=0, emergencyCallTesting=false, hasKnownUserIntentEmergency=false, mRestrictCause=0, mCallerNumberVerstat= 0, mAcceptedRtpHeaderExtensions= [] }
04-28 23:05:58.264  5521  5521 V ImsPhoneConnection: data is not metered
04-28 23:05:58.264  5521  5521 I ImsPhoneConnection: maybeChangeRingbackState
04-28 23:05:58.264  5521  5521 I ImsPhoneCall: maybeChangeRingbackState: state=ALERTING
04-28 23:05:58.264  5521  5521 I ImsPhoneCall: isLocalTone: audioDirection=3, playRingback=false
04-28 23:05:58.267  2951  3573 I qcrilNrd: RIL Response bytes written:4
04-28 23:05:58.267  2951  3573 I qcrilNrd: RIL Response bytes written:375
04-28 23:05:58.268  1894  3705 D RequestManager: [RequestManager.cpp: 341] [Loc_hal_worker(1894,3705)] listenForResponses: record_stream_get_next: recordLen: 375, ret: 0, errno: 0, errStr: Success, socket fd: 32
04-28 23:05:58.268  1894  3705 D RequestManager: [RequestManager.cpp: 358] [Loc_hal_worker(1894,3705)] listenForResponses: Got a response parcel
04-28 23:05:58.269  2951  3573 I qcrilNrd: RIL Response bytes written:4
04-28 23:05:58.269  2951  3573 I qcrilNrd: RIL Response bytes written:76
04-28 23:05:58.269  1894  3705 D RequestManager: [RequestManager.cpp: 341] [Loc_hal_worker(1894,3705)] listenForResponses: record_stream_get_next: recordLen: 76, ret: 0, errno: 0, errStr: Success, socket fd: 32
04-28 23:05:58.269  1894  3705 D RequestManager: [RequestManager.cpp: 358] [Loc_hal_worker(1894,3705)] listenForResponses: Got a response parcel
04-28 23:05:58.279  5521  5521 D ImsPhoneCallTracker: [0] onCallStarted
04-28 23:05:58.281  5521  5521 D ImsPhoneCallTracker: [0] processCallStateChange [ImsCall objId:245992533 onHold:N mute:N mCallProfile:{ serviceType=1, callType=6, restrictCause=0, mediaProfile={ audioQuality=0, audioDirection=3, audioCodecAttribute=null, videoQuality=0, videoDirection=1, rttMode=0, hasRttAudioSpeech=false }, emergencyServiceCategories=0, emergencyUrns=[], emergencyCallRouting=0, emergencyCallTesting=false, hasKnownUserIntentEmergency=false, mRestrictCause=0, mCallerNumberVerstat= 0, mAcceptedRtpHeaderExtensions= [] } networkType:13 updateRequest:NONE merging:N merge action pending:N merged:N multiParty:N confHost:N buried term:N isVideo: Y wasVideo: Y isWifi: N session:[ImsCallSession objId:144378636 callId:1] transientSession:null] state=ACTIVE cause=0
04-28 23:05:58.281  5521  5521 D ImsPhoneCallTracker: [0] processCallStateChange state=ACTIVE cause=0 ignoreState=false
04-28 23:05:58.295  5521  5521 V ImsPhoneConnection: update localCallProfile={ serviceType=1, callType=3, restrictCause=0, mediaProfile={ audioQuality=2, audioDirection=3, audioCodecAttribute=null, videoQuality=0, videoDirection=-1, rttMode=0, hasRttAudioSpeech=false }, emergencyServiceCategories=0, emergencyUrns=[], emergencyCallRouting=0, emergencyCallTesting=false, hasKnownUserIntentEmergency=false, mRestrictCause=0, mCallerNumberVerstat= 0, mAcceptedRtpHeaderExtensions= [] }
04-28 23:05:58.295  5521  5521 I ImsPhoneConnection: applyLocalCallCapabilities - localProfile = { serviceType=1, callType=3, restrictCause=0, mediaProfile={ audioQuality=2, audioDirection=3, audioCodecAttribute=null, videoQuality=0, videoDirection=-1, rttMode=0, hasRttAudioSpeech=false }, emergencyServiceCategories=0, emergencyUrns=[], emergencyCallRouting=0, emergencyCallTesting=false, hasKnownUserIntentEmergency=false, mRestrictCause=0, mCallerNumberVerstat= 0, mAcceptedRtpHeaderExtensions= [] }
04-28 23:05:58.296  5521  5521 V ImsPhoneConnection: update remoteCallProfile={ serviceType=1, callType=3, restrictCause=0, mediaProfile={ audioQuality=0, audioDirection=3, audioCodecAttribute=null, videoQuality=0, videoDirection=-1, rttMode=0, hasRttAudioSpeech=false }, emergencyServiceCategories=0, emergencyUrns=[], emergencyCallRouting=0, emergencyCallTesting=false, hasKnownUserIntentEmergency=false, mRestrictCause=0, mCallerNumberVerstat= 0, mAcceptedRtpHeaderExtensions= [] }
04-28 23:05:58.296  5521  5521 W ImsPhoneConnection: applyRemoteCallCapabilities - remoteProfile = { serviceType=1, callType=3, restrictCause=0, mediaProfile={ audioQuality=0, audioDirection=3, audioCodecAttribute=null, videoQuality=0, videoDirection=-1, rttMode=0, hasRttAudioSpeech=false }, emergencyServiceCategories=0, emergencyUrns=[], emergencyCallRouting=0, emergencyCallTesting=false, hasKnownUserIntentEmergency=false, mRestrictCause=0, mCallerNumberVerstat= 0, mAcceptedRtpHeaderExtensions= [] }
04-28 23:05:58.296  5521  5521 V ImsPhoneConnection: data is not metered
04-28 23:05:58.296  5521  5521 D ImsPhoneConnection: onConnectedInOrOut: connectTime=1714316758296
04-28 23:05:58.297  5521  5521 D ImsPhoneConnection: releaseWakeLock
04-28 23:05:58.298  5521  5521 I ImsPhoneCall: maybeChangeRingbackState: state=ACTIVE
04-28 23:05:58.298  5521  5521 V ImsPhoneConnection: update localCallProfile={ serviceType=1, callType=3, restrictCause=0, mediaProfile={ audioQuality=2, audioDirection=3, audioCodecAttribute=null, videoQuality=0, videoDirection=-1, rttMode=0, hasRttAudioSpeech=false }, emergencyServiceCategories=0, emergencyUrns=[], emergencyCallRouting=0, emergencyCallTesting=false, hasKnownUserIntentEmergency=false, mRestrictCause=0, mCallerNumberVerstat= 0, mAcceptedRtpHeaderExtensions= [] }
04-28 23:05:58.298  5521  5521 I ImsPhoneConnection: applyLocalCallCapabilities - localProfile = { serviceType=1, callType=3, restrictCause=0, mediaProfile={ audioQuality=2, audioDirection=3, audioCodecAttribute=null, videoQuality=0, videoDirection=-1, rttMode=0, hasRttAudioSpeech=false }, emergencyServiceCategories=0, emergencyUrns=[], emergencyCallRouting=0, emergencyCallTesting=false, hasKnownUserIntentEmergency=false, mRestrictCause=0, mCallerNumberVerstat= 0, mAcceptedRtpHeaderExtensions= [] }
04-28 23:05:58.301  5521  5521 V ImsPhoneConnection: update remoteCallProfile={ serviceType=1, callType=3, restrictCause=0, mediaProfile={ audioQuality=0, audioDirection=3, audioCodecAttribute=null, videoQuality=0, videoDirection=-1, rttMode=0, hasRttAudioSpeech=false }, emergencyServiceCategories=0, emergencyUrns=[], emergencyCallRouting=0, emergencyCallTesting=false, hasKnownUserIntentEmergency=false, mRestrictCause=0, mCallerNumberVerstat= 0, mAcceptedRtpHeaderExtensions= [] }
04-28 23:05:58.301  5521  5521 W ImsPhoneConnection: applyRemoteCallCapabilities - remoteProfile = { serviceType=1, callType=3, restrictCause=0, mediaProfile={ audioQuality=0, audioDirection=3, audioCodecAttribute=null, videoQuality=0, videoDirection=-1, rttMode=0, hasRttAudioSpeech=false }, emergencyServiceCategories=0, emergencyUrns=[], emergencyCallRouting=0, emergencyCallTesting=false, hasKnownUserIntentEmergency=false, mRestrictCause=0, mCallerNumberVerstat= 0, mAcceptedRtpHeaderExtensions= [] }
04-28 23:05:58.301  5521  5521 V ImsPhoneConnection: data is not metered
04-28 23:05:58.302  5521  5521 D VoiceCallSessionStats: getVoiceRatWithVoNRFix: oldRat=20, newRat=20
04-28 23:05:58.303  5521  5521 D ImsPhoneCallTracker: [0] updatePhoneState pendingMo = null, rng= IDLE(), fg= ACTIVE(TC@27_1/objId:236712542), bg= IDLE()
04-28 23:05:58.303  5521  5521 D ImsPhoneCallTracker: [0] updatePhoneState oldState=OFFHOOK, newState=OFFHOOK
04-28 23:05:58.307  5521  5521 D ImsPhoneCallTracker: [0] onCallUpdated
04-28 23:05:58.307  5521  5521 D ImsPhoneCallTracker: [0] onCallUpdated: profile is { serviceType=1, callType=6, restrictCause=0, mediaProfile={ audioQuality=0, audioDirection=3, audioCodecAttribute=null, videoQuality=0, videoDirection=1, rttMode=0, hasRttAudioSpeech=false }, emergencyServiceCategories=0, emergencyUrns=[], emergencyCallRouting=0, emergencyCallTesting=false, hasKnownUserIntentEmergency=false, mRestrictCause=0, mCallerNumberVerstat= 0, mAcceptedRtpHeaderExtensions= [] }
04-28 23:05:58.307  5521  5521 D ImsPhoneCallTracker: [0] processCallStateChange state=ACTIVE cause=0 ignoreState=true
04-28 23:05:58.309  5521  5521 V ImsPhoneConnection: update localCallProfile={ serviceType=1, callType=3, restrictCause=0, mediaProfile={ audioQuality=2, audioDirection=3, audioCodecAttribute=null, videoQuality=0, videoDirection=-1, rttMode=0, hasRttAudioSpeech=false }, emergencyServiceCategories=0, emergencyUrns=[], emergencyCallRouting=0, emergencyCallTesting=false, hasKnownUserIntentEmergency=false, mRestrictCause=0, mCallerNumberVerstat= 0, mAcceptedRtpHeaderExtensions= [] }
04-28 23:05:58.309  5521  5521 I ImsPhoneConnection: applyLocalCallCapabilities - localProfile = { serviceType=1, callType=3, restrictCause=0, mediaProfile={ audioQuality=2, audioDirection=3, audioCodecAttribute=null, videoQuality=0, videoDirection=-1, rttMode=0, hasRttAudioSpeech=false }, emergencyServiceCategories=0, emergencyUrns=[], emergencyCallRouting=0, emergencyCallTesting=false, hasKnownUserIntentEmergency=false, mRestrictCause=0, mCallerNumberVerstat= 0, mAcceptedRtpHeaderExtensions= [] }
04-28 23:05:58.310  5521  5521 V ImsPhoneConnection: update remoteCallProfile={ serviceType=1, callType=3, restrictCause=0, mediaProfile={ audioQuality=0, audioDirection=3, audioCodecAttribute=null, videoQuality=0, videoDirection=-1, rttMode=0, hasRttAudioSpeech=false }, emergencyServiceCategories=0, emergencyUrns=[], emergencyCallRouting=0, emergencyCallTesting=false, hasKnownUserIntentEmergency=false, mRestrictCause=0, mCallerNumberVerstat= 0, mAcceptedRtpHeaderExtensions= [] }
04-28 23:05:58.310  5521  5521 W ImsPhoneConnection: applyRemoteCallCapabilities - remoteProfile = { serviceType=1, callType=3, restrictCause=0, mediaProfile={ audioQuality=0, audioDirection=3, audioCodecAttribute=null, videoQuality=0, videoDirection=-1, rttMode=0, hasRttAudioSpeech=false }, emergencyServiceCategories=0, emergencyUrns=[], emergencyCallRouting=0, emergencyCallTesting=false, hasKnownUserIntentEmergency=false, mRestrictCause=0, mCallerNumberVerstat= 0, mAcceptedRtpHeaderExtensions= [] }
04-28 23:05:58.310  5521  5521 V ImsPhoneConnection: data is not metered
04-28 23:05:58.311  5521  5521 I ImsPhoneConnection: maybeChangeRingbackState
04-28 23:05:58.311  5521  5521 I ImsPhoneCall: maybeChangeRingbackState: state=ACTIVE
04-28 23:05:58.317  5521  5521 D ImsPhoneCallTracker: [0] handleMessage what=35
04-28 23:05:58.321  5521  5521 D PhoneSwitcher: handle event - 109
04-28 23:05:58.322  5521  5521 D MiuiDataControllerImpl: Qcom Dsda State = true
04-28 23:05:58.322  5521  5521 D MiuiDataControllerImpl: isCurrentDSDAState:true
04-28 23:05:58.322  5521  6505 D Phone   : isImsRegistered =true
04-28 23:05:58.324  5521  5521 D MiuiPhoneSwitcherImpl: isViceVolteDataEnabled: false, isCurrentDsdaState: true, isDsdaFullConcurrencyState: false, isPlatformDE30: true, isPlatformDE50: false, isVicePhoneInVoiceCall: false
04-28 23:05:58.325  5521  5521 D PhoneSwitcher: phoneInVoiceCall:false
04-28 23:05:58.325  5521  5521 D MiuiDataControllerImpl: Qcom Dsda State = true
04-28 23:05:58.325  5521  5521 D MiuiDataControllerImpl: isCurrentDSDAState:true
04-28 23:05:58.326  5521  5521 D MiuiPhoneSwitcherImpl: isViceVolteDataEnabled: false, isCurrentDsdaState: true, isDsdaFullConcurrencyState: false, isPlatformDE30: true, isPlatformDE50: false, isVicePhoneInVoiceCall: false
04-28 23:05:58.326  5521  5521 D PhoneSwitcher: phoneInVoiceCall:false
04-28 23:05:58.326  5521  5521 D MiuiDataControllerImpl: Qcom Dsda State = true
04-28 23:05:58.326  5521  5521 D MiuiDataControllerImpl: isCurrentDSDAState:true
04-28 23:05:58.327  5521  5521 D MiuiPhoneSwitcherImpl: isViceVolteDataEnabled: false, isCurrentDsdaState: true, isDsdaFullConcurrencyState: false, isPlatformDE30: true, isPlatformDE50: false, isVicePhoneInVoiceCall: false
04-28 23:05:58.327  5521  5521 D PhoneSwitcher: phoneInVoiceCall:false
04-28 23:05:58.327  5521  5521 D MiuiDataControllerImpl: Qcom Dsda State = true
04-28 23:05:58.327  5521  5521 D MiuiDataControllerImpl: isCurrentDSDAState:true
04-28 23:05:58.328  5521  5521 D MiuiPhoneSwitcherImpl: isViceVolteDataEnabled: false, isCurrentDsdaState: true, isDsdaFullConcurrencyState: false, isPlatformDE30: true, isPlatformDE50: false, isVicePhoneInVoiceCall: false
04-28 23:05:58.328  5521  5521 D PhoneSwitcher: phoneInVoiceCall:false
04-28 23:05:58.328  5521  5521 D PhoneSwitcher: isPhoneInVoiceCallChanged: mPhoneIdInVoiceCall=-1
04-28 23:05:58.328  5521  5521 D PhoneSwitcher: EVENT_PRECISE_CALL_STATE_CHANGED Enforce evaluating once after call ends
04-28 23:05:58.328  5521  5521 D MiuiPhoneSwitcherImpl: updatePreferredDataPhoneId  TempDataPhoneId=-1,isTempDdsSwitchEnabled=false
04-28 23:05:58.328  5521  5521 D MiuiDisplayInfoController: EVENT_PRECISE_CALL_STATE_CHANGED
04-28 23:05:58.328  5521  5521 D MiuiDisplayInfoController: handleCallStateChanged: false,isHasDelay=false,phone.getState(): OFFHOOK
04-28 23:05:58.328  5521  6505 D Phone   : isImsRegistered =true
04-28 23:05:58.330  5521  5521 D ImsPhoneConnection: getDisconnectCause: cause=0
04-28 23:05:58.330  5521  5521 D ImsPhoneConnection: getDisconnectCause: cause=0
04-28 23:05:58.330  5521  5521 I MiuiCarrierConfigHelper: getBooleanCarrierConfigForSubId subId:4 key:display_hd_audio_property_bool result:true
04-28 23:05:58.339  5521  6551 D Phone   : isImsRegistered =true
04-28 23:05:58.341  5521  5521 I RelayLog: RelayManager --> onRelayCallStateChanged state:ACTIVE
04-28 23:05:58.341  5521  5521 I RelayLog:  --> isCallRelayed: No!
04-28 23:05:58.343  5521  5521 I RelayLog:  --> isCallRelaying: No!
04-28 23:05:58.343  5521  5521 I RelayLog: RelayManager --> onRelayCallStateChanged not update
04-28 23:05:58.344  2674  5813 D FeatureConfiguration: Checking feature: FEATURE_DSDA
04-28 23:05:58.344  2674  5813 D FeatureConfiguration: Feature FEATURE_DSDA build is supported, featureSupported=true
04-28 23:05:58.348  5521  6551 D Phone   : isImsRegistered =true
04-28 23:05:58.358  5521  5521 I MiuiCarrierConfigHelper: getBooleanCarrierConfigForSubId subId:4 key:config_use_cnap_presentation result:false
04-28 23:05:58.362  5521  5521 V SMSVC   : getSubscriptionUserHandle subId = 4 userHandle = UserHandle{-10000}
04-28 23:05:58.380  5521  6551 D Phone   : isImsRegistered =true
04-28 23:05:58.395  5521  5570 D Phone   : isImsRegistered =true
04-28 23:05:58.398  5521  6505 D InternalTelephonyUtils: isValidChinaMobileNumber = false
04-28 23:05:58.399  5521  6551 D FeatureConfiguration: Checking feature: FEATURE_DUAL_VOLTE
04-28 23:05:58.399  5521  6551 D FeatureConfiguration: Feature FEATURE_DUAL_VOLTE build is supported, featureSupported=true
04-28 23:05:58.399  5521  6551 D ImsManagerIM [0]: getLocalImsConfigKeInt() for key:68, result: 0
04-28 23:05:58.403  5521  6551 D Phone   : isImsRegistered =true
04-28 23:05:58.416  5521  6505 D Phone   : isImsRegistered =true
04-28 23:05:58.416  5521  5570 D Phone   : isImsRegistered =true
04-28 23:05:58.418  2674  5813 D FeatureConfiguration: Checking feature: FEATURE_DSDA
04-28 23:05:58.418  2674  5813 D FeatureConfiguration: Feature FEATURE_DSDA build is supported, featureSupported=true
04-28 23:05:58.420  5521  6412 D Phone   : isImsRegistered =true
04-28 23:05:58.423  2674  5813 D FeatureConfiguration: Checking feature: FEATURE_DSDA
04-28 23:05:58.423  2674  5813 D FeatureConfiguration: Feature FEATURE_DSDA build is supported, featureSupported=true
04-28 23:05:58.430  5521  6505 D Phone   : isImsRegistered =true
04-28 23:05:58.454  5521  5570 D Phone   : isImsRegistered =true
04-28 23:05:58.459  5521  5570 D FeatureConfiguration: Checking feature: FEATURE_DUAL_VOLTE
04-28 23:05:58.460  5521  5570 D FeatureConfiguration: Feature FEATURE_DUAL_VOLTE build is supported, featureSupported=true
04-28 23:05:58.460  5521  5570 D ImsManagerIM [0]: getLocalImsConfigKeInt() for key:68, result: 0
04-28 23:05:58.462  5521  6505 D Phone   : isImsRegistered =true
04-28 23:05:58.462  5521  5570 D Phone   : isImsRegistered =true
04-28 23:05:58.490  5521  5570 D FeatureConfiguration: Checking feature: FEATURE_DUAL_VOLTE
04-28 23:05:58.490  5521  5570 D FeatureConfiguration: Feature FEATURE_DUAL_VOLTE build is supported, featureSupported=true
04-28 23:05:58.490  5521  5570 D ImsManagerIM [0]: getLocalImsConfigKeInt() for key:68, result: 0
04-28 23:05:58.492  5521  5570 D Phone   : isImsRegistered =true
04-28 23:05:58.501  5521  5570 D FeatureConfiguration: Checking feature: FEATURE_DUAL_VOLTE
04-28 23:05:58.501  5521  5570 D FeatureConfiguration: Feature FEATURE_DUAL_VOLTE build is supported, featureSupported=true
04-28 23:05:58.501  5521  5570 D ImsManagerIM [0]: getLocalImsConfigKeInt() for key:68, result: 0
04-28 23:05:58.503  5521  5570 D Phone   : isImsRegistered =true
04-28 23:05:58.512  5521  5570 D FeatureConfiguration: Checking feature: FEATURE_DUAL_VOLTE
04-28 23:05:58.512  5521  5570 D FeatureConfiguration: Feature FEATURE_DUAL_VOLTE build is supported, featureSupported=true
04-28 23:05:58.512  5521  5570 D ImsManagerIM [0]: getLocalImsConfigKeInt() for key:68, result: 0
04-28 23:05:58.518  5521  5570 D Phone   : isImsRegistered =true
04-28 23:05:58.541  5521  5521 D DNC-0   : getAllActiveCellularInterfaces All Interfaces: rmnet_data1
04-28 23:05:58.541  5521  5521 D DNC-0   : getAllActiveCellularInterfaces All Interfaces: rmnet_data4
04-28 23:05:58.553  5521  5521 D DNC-1   : getAllActiveCellularInterfaces All Interfaces: rmnet_data2
04-28 23:05:58.614  5521  6505 D FeatureConfiguration: Checking feature: FEATURE_DUAL_VOLTE
04-28 23:05:58.614  5521  6505 D FeatureConfiguration: Feature FEATURE_DUAL_VOLTE build is supported, featureSupported=true
04-28 23:05:58.621  5521  6505 D Phone   : isImsRegistered =true
04-28 23:05:59.553  5521  5521 D DNC-0   : getAllActiveCellularInterfaces All Interfaces: rmnet_data1
04-28 23:05:59.553  5521  5521 D DNC-0   : getAllActiveCellularInterfaces All Interfaces: rmnet_data4
04-28 23:05:59.571  5521  5521 D DNC-1   : getAllActiveCellularInterfaces All Interfaces: rmnet_data2
04-28 23:05:59.889  5521  5521 D ImsPhoneCallTracker: [0] handleMessage what=22
04-28 23:05:59.891  5521  5521 D ImsPhoneCallTracker: [0] VT data usage update. usage = 98296, imsCall = [ImsCall objId:245992533 onHold:N mute:N mCallProfile:{ serviceType=1, callType=6, restrictCause=0, mediaProfile={ audioQuality=0, audioDirection=3, audioCodecAttribute=null, videoQuality=0, videoDirection=1, rttMode=0, hasRttAudioSpeech=false }, emergencyServiceCategories=0, emergencyUrns=[], emergencyCallRouting=0, emergencyCallTesting=false, hasKnownUserIntentEmergency=false, mRestrictCause=0, mCallerNumberVerstat= 0, mAcceptedRtpHeaderExtensions= [] } networkType:13 updateRequest:NONE merging:N merge action pending:N merged:N multiParty:N confHost:N buried term:N isVideo: Y wasVideo: Y isWifi: N session:[ImsCallSession objId:144378636 callId:1] transientSession:null]
