04-28 23:06:43.935  5521  5521 I MiuiCarrierConfigHelper: getBooleanCarrierConfigForSubId subId:4 key:display_hd_audio_property_bool result:true
04-28 23:06:43.941  1894  3705 D RequestManager: [RequestManager.cpp: 341] [Loc_hal_worker(1894,3705)] listenForResponses: record_stream_get_next: recordLen: 221, ret: -1, errno: 11, errStr: Try again, socket fd: 32
04-28 23:06:43.941  2951  3573 I qcrilNrd: RIL Response bytes written:4
04-28 23:06:43.941  1894  3705 D RequestManager: [RequestManager.cpp: 341] [Loc_hal_worker(1894,3705)] listenForResponses: record_stream_get_next: recordLen: 301, ret: 0, errno: 0, errStr: Success, socket fd: 32
04-28 23:06:43.941  1894  3705 D RequestManager: [RequestManager.cpp: 358] [Loc_hal_worker(1894,3705)] listenForResponses: Got a response parcel
04-28 23:06:43.941  2951  3573 I qcrilNrd: RIL Response bytes written:301
04-28 23:06:43.942  1894  3705 D RequestManager: [RequestManager.cpp: 341] [Loc_hal_worker(1894,3705)] listenForResponses: record_stream_get_next: recordLen: 301, ret: -1, errno: 11, errStr: Try again, socket fd: 32
04-28 23:06:43.942  2951  3573 I qcrilNrd: RIL Response bytes written:4
04-28 23:06:43.942  1894  3705 D RequestManager: [RequestManager.cpp: 341] [Loc_hal_worker(1894,3705)] listenForResponses: record_stream_get_next: recordLen: 76, ret: 0, errno: 0, errStr: Success, socket fd: 32
04-28 23:06:43.942  1894  3705 D RequestManager: [RequestManager.cpp: 358] [Loc_hal_worker(1894,3705)] listenForResponses: Got a response parcel
04-28 23:06:43.942  2951  3573 I qcrilNrd: RIL Response bytes written:76
04-28 23:06:43.950  5521  6409 D Phone   : isImsRegistered =true
04-28 23:06:43.958  5521  6409 D Phone   : isImsRegistered =true
04-28 23:06:43.958  5521  5521 D ImsPhoneCallTracker: [0] onCallProgressing
04-28 23:06:43.960  5521  5521 D ImsPhoneCallTracker: [0] processCallStateChange [ImsCall objId:119423273 onHold:N mute:N mCallProfile:{ serviceType=1, callType=2, restrictCause=0, mediaProfile={ audioQuality=0, audioDirection=3, audioCodecAttribute=null, videoQuality=0, videoDirection=-1, rttMode=0, hasRttAudioSpeech=false }, emergencyServiceCategories=0, emergencyUrns=[], emergencyCallRouting=0, emergencyCallTesting=false, hasKnownUserIntentEmergency=false, mRestrictCause=0, mCallerNumberVerstat= 0, mAcceptedRtpHeaderExtensions= [] } networkType:13 updateRequest:NONE merging:N merge action pending:N merged:N multiParty:N confHost:N buried term:N isVideo: N wasVideo: N isWifi: N session:[ImsCallSession objId:98107056 callId:1] transientSession:null] state=ALERTING cause=0
04-28 23:06:43.960  5521  5521 D ImsPhoneCallTracker: [0] processCallStateChange state=ALERTING cause=0 ignoreState=false
04-28 23:06:43.961  5521  5521 V ImsPhoneConnection: update localCallProfile={ serviceType=1, callType=2, restrictCause=0, mediaProfile={ audioQuality=2, audioDirection=3, audioCodecAttribute=null, videoQuality=0, videoDirection=-1, rttMode=0, hasRttAudioSpeech=false }, emergencyServiceCategories=0, emergencyUrns=[], emergencyCallRouting=0, emergencyCallTesting=false, hasKnownUserIntentEmergency=false, mRestrictCause=0, mCallerNumberVerstat= 0, mAcceptedRtpHeaderExtensions= [] }
04-28 23:06:43.961  5521  5521 I ImsPhoneConnection: applyLocalCallCapabilities - localProfile = { serviceType=1, callType=2, restrictCause=0, mediaProfile={ audioQuality=2, audioDirection=3, audioCodecAttribute=null, videoQuality=0, videoDirection=-1, rttMode=0, hasRttAudioSpeech=false }, emergencyServiceCategories=0, emergencyUrns=[], emergencyCallRouting=0, emergencyCallTesting=false, hasKnownUserIntentEmergency=false, mRestrictCause=0, mCallerNumberVerstat= 0, mAcceptedRtpHeaderExtensions= [] }
04-28 23:06:43.961  5521  5521 V ImsPhoneConnection: update remoteCallProfile={ serviceType=1, callType=3, restrictCause=0, mediaProfile={ audioQuality=0, audioDirection=3, audioCodecAttribute=null, videoQuality=0, videoDirection=-1, rttMode=0, hasRttAudioSpeech=false }, emergencyServiceCategories=0, emergencyUrns=[], emergencyCallRouting=0, emergencyCallTesting=false, hasKnownUserIntentEmergency=false, mRestrictCause=0, mCallerNumberVerstat= 0, mAcceptedRtpHeaderExtensions= [] }
04-28 23:06:43.962  5521  5521 W ImsPhoneConnection: applyRemoteCallCapabilities - remoteProfile = { serviceType=1, callType=3, restrictCause=0, mediaProfile={ audioQuality=0, audioDirection=3, audioCodecAttribute=null, videoQuality=0, videoDirection=-1, rttMode=0, hasRttAudioSpeech=false }, emergencyServiceCategories=0, emergencyUrns=[], emergencyCallRouting=0, emergencyCallTesting=false, hasKnownUserIntentEmergency=false, mRestrictCause=0, mCallerNumberVerstat= 0, mAcceptedRtpHeaderExtensions= [] }
04-28 23:06:43.962  5521  5521 V ImsPhoneConnection: data is not metered
04-28 23:06:43.962  5521  5521 I ImsPhoneCall: maybeChangeRingbackState: state=ALERTING
04-28 23:06:43.962  5521  5521 I ImsPhoneCall: isLocalTone: audioDirection=3, playRingback=false
04-28 23:06:43.962  5521  5521 V ImsPhoneConnection: update localCallProfile={ serviceType=1, callType=2, restrictCause=0, mediaProfile={ audioQuality=2, audioDirection=3, audioCodecAttribute=null, videoQuality=0, videoDirection=-1, rttMode=0, hasRttAudioSpeech=false }, emergencyServiceCategories=0, emergencyUrns=[], emergencyCallRouting=0, emergencyCallTesting=false, hasKnownUserIntentEmergency=false, mRestrictCause=0, mCallerNumberVerstat= 0, mAcceptedRtpHeaderExtensions= [] }
04-28 23:06:43.963  5521  5521 I ImsPhoneConnection: applyLocalCallCapabilities - localProfile = { serviceType=1, callType=2, restrictCause=0, mediaProfile={ audioQuality=2, audioDirection=3, audioCodecAttribute=null, videoQuality=0, videoDirection=-1, rttMode=0, hasRttAudioSpeech=false }, emergencyServiceCategories=0, emergencyUrns=[], emergencyCallRouting=0, emergencyCallTesting=false, hasKnownUserIntentEmergency=false, mRestrictCause=0, mCallerNumberVerstat= 0, mAcceptedRtpHeaderExtensions= [] }
04-28 23:06:43.964  5521  5521 V ImsPhoneConnection: update remoteCallProfile={ serviceType=1, callType=3, restrictCause=0, mediaProfile={ audioQuality=0, audioDirection=3, audioCodecAttribute=null, videoQuality=0, videoDirection=-1, rttMode=0, hasRttAudioSpeech=false }, emergencyServiceCategories=0, emergencyUrns=[], emergencyCallRouting=0, emergencyCallTesting=false, hasKnownUserIntentEmergency=false, mRestrictCause=0, mCallerNumberVerstat= 0, mAcceptedRtpHeaderExtensions= [] }
04-28 23:06:43.964  5521  5521 W ImsPhoneConnection: applyRemoteCallCapabilities - remoteProfile = { serviceType=1, callType=3, restrictCause=0, mediaProfile={ audioQuality=0, audioDirection=3, audioCodecAttribute=null, videoQuality=0, videoDirection=-1, rttMode=0, hasRttAudioSpeech=false }, emergencyServiceCategories=0, emergencyUrns=[], emergencyCallRouting=0, emergencyCallTesting=false, hasKnownUserIntentEmergency=false, mRestrictCause=0, mCallerNumberVerstat= 0, mAcceptedRtpHeaderExtensions= [] }
04-28 23:06:43.964  5521  5521 V ImsPhoneConnection: data is not metered
04-28 23:06:43.965  5521  5521 D ImsPhoneCallTracker: [0] updatePhoneState pendingMo = null, rng= IDLE(), fg= ALERTING(TC@28_1/objId:211148589), bg= IDLE()
04-28 23:06:43.965  5521  5521 D ImsPhoneCallTracker: [0] updatePhoneState oldState=OFFHOOK, newState=OFFHOOK
04-28 23:06:43.967  5521  6409 D Phone   : isImsRegistered =true
04-28 23:06:43.968  5521  6409 D MiuiPhoneInterfaceManager: isConcurrentCallsPossible true
04-28 23:06:43.969  5521  6409 D MiuiPhoneInterfaceManager: isConcurrentCallsPossible true
04-28 23:06:43.970  5521  5521 D PhoneSwitcher: handle event - 109
04-28 23:06:43.970  5521  5521 D MiuiDataControllerImpl: Qcom Dsda State = true
04-28 23:06:43.970  5521  5521 D MiuiDataControllerImpl: isCurrentDSDAState:true
04-28 23:06:43.971  5521  5521 D MiuiPhoneSwitcherImpl: isViceVolteDataEnabled: false, isCurrentDsdaState: true, isDsdaFullConcurrencyState: false, isPlatformDE30: true, isPlatformDE50: false, isVicePhoneInVoiceCall: false
04-28 23:06:43.971  5521  5521 D PhoneSwitcher: phoneInVoiceCall:false
04-28 23:06:43.971  5521  5521 D MiuiDataControllerImpl: Qcom Dsda State = true
04-28 23:06:43.971  5521  5521 D MiuiDataControllerImpl: isCurrentDSDAState:true
04-28 23:06:43.971  5521  5521 D MiuiPhoneSwitcherImpl: isViceVolteDataEnabled: false, isCurrentDsdaState: true, isDsdaFullConcurrencyState: false, isPlatformDE30: true, isPlatformDE50: false, isVicePhoneInVoiceCall: false
04-28 23:06:43.971  5521  5521 D PhoneSwitcher: phoneInVoiceCall:false
04-28 23:06:43.972  5521  5521 D MiuiDataControllerImpl: Qcom Dsda State = true
04-28 23:06:43.972  5521  5521 D MiuiDataControllerImpl: isCurrentDSDAState:true
04-28 23:06:43.972  5521  5521 D MiuiPhoneSwitcherImpl: isViceVolteDataEnabled: false, isCurrentDsdaState: true, isDsdaFullConcurrencyState: false, isPlatformDE30: true, isPlatformDE50: false, isVicePhoneInVoiceCall: false
04-28 23:06:43.972  5521  5521 D PhoneSwitcher: phoneInVoiceCall:false
04-28 23:06:43.972  5521  5521 D MiuiDataControllerImpl: Qcom Dsda State = true
04-28 23:06:43.972  5521  5521 D MiuiDataControllerImpl: isCurrentDSDAState:true
04-28 23:06:43.973  5521  5521 D MiuiPhoneSwitcherImpl: isViceVolteDataEnabled: false, isCurrentDsdaState: true, isDsdaFullConcurrencyState: false, isPlatformDE30: true, isPlatformDE50: false, isVicePhoneInVoiceCall: false
04-28 23:06:43.973  5521  5521 D PhoneSwitcher: phoneInVoiceCall:false
04-28 23:06:43.973  5521  5521 D PhoneSwitcher: isPhoneInVoiceCallChanged: mPhoneIdInVoiceCall=-1
04-28 23:06:43.973  5521  5521 D PhoneSwitcher: EVENT_PRECISE_CALL_STATE_CHANGED Enforce evaluating once after call ends
04-28 23:06:43.973  5521  5521 D MiuiPhoneSwitcherImpl: updatePreferredDataPhoneId  TempDataPhoneId=-1,isTempDdsSwitchEnabled=false
04-28 23:06:43.973  5521  5521 D MiuiDisplayInfoController: EVENT_PRECISE_CALL_STATE_CHANGED
04-28 23:06:43.973  5521  5521 D MiuiDisplayInfoController: handleCallStateChanged: false,isHasDelay=false,phone.getState(): OFFHOOK
04-28 23:06:43.975  5521  5521 D ImsPhoneConnection: getDisconnectCause: cause=0
04-28 23:06:43.975  5521  5521 D ImsPhoneConnection: getDisconnectCause: cause=0
04-28 23:06:43.975  5521  5521 I MiuiCarrierConfigHelper: getBooleanCarrierConfigForSubId subId:4 key:display_hd_audio_property_bool result:true
04-28 23:06:43.980  5521  5521 I RelayLog: RelayManager --> onRelayCallStateChanged state:DIALING
04-28 23:06:43.980  5521  5521 I RelayLog:  --> isCallRelayed: No!
04-28 23:06:43.980  5521  5521 I RelayLog:  --> isCallRelaying: No!
04-28 23:06:43.980  5521  5521 I RelayLog: RelayManager --> onRelayCallStateChanged not update
04-28 23:06:43.984  5521  5521 I MiuiCarrierConfigHelper: getBooleanCarrierConfigForSubId subId:4 key:config_use_cnap_presentation result:false
04-28 23:06:43.989  5521  5521 V SMSVC   : getSubscriptionUserHandle subId = 4 userHandle = UserHandle{-10000}
04-28 23:06:43.989  5521  6412 D Phone   : isImsRegistered =true
04-28 23:06:43.991  5521  6412 D FeatureConfiguration: Checking feature: FEATURE_DUAL_VOLTE
04-28 23:06:43.991  5521  6412 D FeatureConfiguration: Feature FEATURE_DUAL_VOLTE build is supported, featureSupported=true
04-28 23:06:43.991  5521  6412 D ImsManagerIM [0]: getLocalImsConfigKeInt() for key:68, result: 0
04-28 23:06:43.994  5521  6412 D Phone   : isImsRegistered =true
04-28 23:06:44.000  5521  6505 D Phone   : isImsRegistered =true
04-28 23:06:44.010  5521  6505 D Phone   : isImsRegistered =true
04-28 23:06:44.012  5521  6505 D MiuiPhoneInterfaceManager: isConcurrentCallsPossible true
04-28 23:06:44.012  5521  6505 D MiuiPhoneInterfaceManager: isConcurrentCallsPossible true
04-28 23:06:44.027  5521  6505 D FeatureConfiguration: Checking feature: FEATURE_DUAL_VOLTE
04-28 23:06:44.027  5521  6505 D FeatureConfiguration: Feature FEATURE_DUAL_VOLTE build is supported, featureSupported=true
04-28 23:06:44.027  5521  6505 D ImsManagerIM [0]: getLocalImsConfigKeInt() for key:68, result: 0
04-28 23:06:44.030  5521  6505 D Phone   : isImsRegistered =true
04-28 23:06:44.291  2953  3576 I qcrilNrd: RIL Response bytes written:4
04-28 23:06:44.292  2953  3576 I qcrilNrd: RIL Response bytes written:8
04-28 23:06:44.293  1894  3707 D RequestManager: [RequestManager.cpp: 341] [Loc_hal_worker(1894,3707)] listenForResponses: record_stream_get_next: recordLen: 8, ret: 0, errno: 0, errStr: Success, socket fd: 33
04-28 23:06:44.295  1894  3707 D RequestManager: [RequestManager.cpp: 358] [Loc_hal_worker(1894,3707)] listenForResponses: Got a response parcel
04-28 23:06:44.310  5521  5521 D DNC-0   : getAllActiveCellularInterfaces All Interfaces: rmnet_data1
04-28 23:06:44.310  5521  5521 D DNC-0   : getAllActiveCellularInterfaces All Interfaces: rmnet_data4
04-28 23:06:44.318  5521  5521 D DNC-1   : getAllActiveCellularInterfaces All Interfaces: rmnet_data2
04-28 23:06:44.326  1894  3707 D RequestManager: [RequestManager.cpp: 341] [Loc_hal_worker(1894,3707)] listenForResponses: record_stream_get_next: recordLen: 8, ret: -1, errno: 11, errStr: Try again, socket fd: 33
04-28 23:06:44.326  2953  3576 I qcrilNrd: RIL Response bytes written:4
04-28 23:06:44.326  1894  3707 D RequestManager: [RequestManager.cpp: 341] [Loc_hal_worker(1894,3707)] listenForResponses: record_stream_get_next: recordLen: 301, ret: 0, errno: 0, errStr: Success, socket fd: 33
04-28 23:06:44.326  1894  3707 D RequestManager: [RequestManager.cpp: 358] [Loc_hal_worker(1894,3707)] listenForResponses: Got a response parcel
04-28 23:06:44.326  2953  3576 I qcrilNrd: RIL Response bytes written:301
04-28 23:06:44.328  1894  3707 D RequestManager: [RequestManager.cpp: 341] [Loc_hal_worker(1894,3707)] listenForResponses: record_stream_get_next: recordLen: 301, ret: -1, errno: 11, errStr: Try again, socket fd: 33
04-28 23:06:44.328  2953  3576 I qcrilNrd: RIL Response bytes written:4
04-28 23:06:44.328  1894  3707 D RequestManager: [RequestManager.cpp: 341] [Loc_hal_worker(1894,3707)] listenForResponses: record_stream_get_next: recordLen: 8, ret: 0, errno: 0, errStr: Success, socket fd: 33
04-28 23:06:44.328  1894  3707 D RequestManager: [RequestManager.cpp: 358] [Loc_hal_worker(1894,3707)] listenForResponses: Got a response parcel
04-28 23:06:44.328  2953  3576 I qcrilNrd: RIL Response bytes written:8
04-28 23:06:44.336  5521  5521 D ImsPhoneCallTracker: [1] processIncomingCall: incoming call intent
04-28 23:06:44.336  5521  5521 D ImsPhoneCallTracker: [1] processIncomingCall: isUnknown = false fg = IDLE bg = IDLE
04-28 23:06:44.340  5521  5521 D ImsPhoneConnection: acquireWakeLock
04-28 23:06:44.343  5521  5521 V ImsPhoneConnection: update localCallProfile={ serviceType=1, callType=2, restrictCause=0, mediaProfile={ audioQuality=0, audioDirection=3, audioCodecAttribute=null, videoQuality=0, videoDirection=-1, rttMode=0, hasRttAudioSpeech=false }, emergencyServiceCategories=0, emergencyUrns=[], emergencyCallRouting=0, emergencyCallTesting=false, hasKnownUserIntentEmergency=false, mRestrictCause=0, mCallerNumberVerstat= 0, mAcceptedRtpHeaderExtensions= [] }
04-28 23:06:44.343  5521  5521 I ImsPhoneConnection: applyLocalCallCapabilities - localProfile = { serviceType=1, callType=2, restrictCause=0, mediaProfile={ audioQuality=0, audioDirection=3, audioCodecAttribute=null, videoQuality=0, videoDirection=-1, rttMode=0, hasRttAudioSpeech=false }, emergencyServiceCategories=0, emergencyUrns=[], emergencyCallRouting=0, emergencyCallTesting=false, hasKnownUserIntentEmergency=false, mRestrictCause=0, mCallerNumberVerstat= 0, mAcceptedRtpHeaderExtensions= [] }
04-28 23:06:44.344  5521  5521 V ImsPhoneConnection: update remoteCallProfile={ serviceType=1, callType=3, restrictCause=0, mediaProfile={ audioQuality=0, audioDirection=3, audioCodecAttribute=null, videoQuality=0, videoDirection=-1, rttMode=0, hasRttAudioSpeech=false }, emergencyServiceCategories=0, emergencyUrns=[], emergencyCallRouting=0, emergencyCallTesting=false, hasKnownUserIntentEmergency=false, mRestrictCause=0, mCallerNumberVerstat= 0, mAcceptedRtpHeaderExtensions= [] }
04-28 23:06:44.344  5521  5521 W ImsPhoneConnection: applyRemoteCallCapabilities - remoteProfile = { serviceType=1, callType=3, restrictCause=0, mediaProfile={ audioQuality=0, audioDirection=3, audioCodecAttribute=null, videoQuality=0, videoDirection=-1, rttMode=0, hasRttAudioSpeech=false }, emergencyServiceCategories=0, emergencyUrns=[], emergencyCallRouting=0, emergencyCallTesting=false, hasKnownUserIntentEmergency=false, mRestrictCause=0, mCallerNumberVerstat= 0, mAcceptedRtpHeaderExtensions= [] }
04-28 23:06:44.344  5521  5521 V ImsPhoneConnection: data is not metered
04-28 23:06:44.346  1894  3707 D RequestManager: [RequestManager.cpp: 341] [Loc_hal_worker(1894,3707)] listenForResponses: record_stream_get_next: recordLen: 8, ret: -1, errno: 11, errStr: Try again, socket fd: 33
04-28 23:06:44.346  2953  3576 I qcrilNrd: RIL Response bytes written:4
04-28 23:06:44.346  1894  3707 D RequestManager: [RequestManager.cpp: 341] [Loc_hal_worker(1894,3707)] listenForResponses: record_stream_get_next: recordLen: 301, ret: 0, errno: 0, errStr: Success, socket fd: 33
04-28 23:06:44.346  1894  3707 D RequestManager: [RequestManager.cpp: 358] [Loc_hal_worker(1894,3707)] listenForResponses: Got a response parcel
04-28 23:06:44.346  2953  3576 I qcrilNrd: RIL Response bytes written:301
04-28 23:06:44.351  5521  5521 D VoiceCallSessionStats: getVoiceRatWithVoNRFix: oldRat=20, newRat=20
04-28 23:06:44.351  5521  5521 D ImsPhoneConnection: getDisconnectCause: cause=0
04-28 23:06:44.358  5521  5521 D VoiceCallSessionStats: getVoiceRatWithVoNRFix: oldRat=20, newRat=20
04-28 23:06:44.358  5521  5521 D VoiceCallSessionStats: getVoiceRatWithVoNRFix: oldRat=20, newRat=20
04-28 23:06:44.360  5521  5521 I Phone   : notifyNewRingingConnection: phoneId=[1], connection=[[ImsPhoneConnection objId: 129643349 telecomCallID: null address: [****] isAdhocConf: N ImsCall: [ImsCall objId:75099660 onHold:N mute:N mCallProfile:{ serviceType=1, callType=2, restrictCause=0, mediaProfile={ audioQuality=0, audioDirection=3, audioCodecAttribute=null, videoQuality=0, videoDirection=-1, rttMode=0, hasRttAudioSpeech=false }, emergencyServiceCategories=0, emergencyUrns=[], emergencyCallRouting=0, emergencyCallTesting=false, hasKnownUserIntentEmergency=false, mRestrictCause=0, mCallerNumberVerstat= 0, mAcceptedRtpHeaderExtensions= [] } networkType:13 updateRequest:NONE merging:N merge action pending:N merged:N multiParty:N confHost:N buried term:N isVideo: N wasVideo: N isWifi: N session:[ImsCallSession objId:214144319 callId:1] transientSession:null]]], registrants=[com.android.internal.telephony.Registrant@99263e5, com.android.internal.telephony.Registrant@5e27eba]
04-28 23:06:44.360  5521  5521 D ImsPhone[1]: [1] notifyIncomingRing
04-28 23:06:44.360  5521  5521 D ImsPhoneCallTracker: [1] updatePhoneState pendingMo = null, rng= INCOMING(null/objId:129643349), fg= IDLE(), bg= IDLE()
04-28 23:06:44.360  5521  5521 D ImsPhoneCallTracker: [1] updatePhoneState oldState=IDLE, newState=RINGING
04-28 23:06:44.362  1894  3707 D RequestManager: [RequestManager.cpp: 341] [Loc_hal_worker(1894,3707)] listenForResponses: record_stream_get_next: recordLen: 301, ret: -1, errno: 11, errStr: Try again, socket fd: 33
04-28 23:06:44.362  2953  3576 I qcrilNrd: RIL Response bytes written:4
04-28 23:06:44.362  1894  3707 D RequestManager: [RequestManager.cpp: 341] [Loc_hal_worker(1894,3707)] listenForResponses: record_stream_get_next: recordLen: 301, ret: 0, errno: 0, errStr: Success, socket fd: 33
04-28 23:06:44.362  1894  3707 D RequestManager: [RequestManager.cpp: 358] [Loc_hal_worker(1894,3707)] listenForResponses: Got a response parcel
04-28 23:06:44.362  2953  3576 I qcrilNrd: RIL Response bytes written:301
04-28 23:06:44.364  1894  3707 D RequestManager: [RequestManager.cpp: 341] [Loc_hal_worker(1894,3707)] listenForResponses: record_stream_get_next: recordLen: 301, ret: -1, errno: 11, errStr: Try again, socket fd: 33
04-28 23:06:44.364  2953  3576 I qcrilNrd: RIL Response bytes written:4
04-28 23:06:44.364  1894  3707 D RequestManager: [RequestManager.cpp: 341] [Loc_hal_worker(1894,3707)] listenForResponses: record_stream_get_next: recordLen: 79, ret: 0, errno: 0, errStr: Success, socket fd: 33
04-28 23:06:44.364  1894  3707 D RequestManager: [RequestManager.cpp: 358] [Loc_hal_worker(1894,3707)] listenForResponses: Got a response parcel
04-28 23:06:44.364  2953  3576 I qcrilNrd: RIL Response bytes written:79
04-28 23:06:44.364  1894  3707 D RequestManager: [RequestManager.cpp: 341] [Loc_hal_worker(1894,3707)] listenForResponses: record_stream_get_next: recordLen: 79, ret: -1, errno: 11, errStr: Try again, socket fd: 33
04-28 23:06:44.364  2953  3576 I qcrilNrd: RIL Response bytes written:4
04-28 23:06:44.365  1894  3707 D RequestManager: [RequestManager.cpp: 341] [Loc_hal_worker(1894,3707)] listenForResponses: record_stream_get_next: recordLen: 79, ret: 0, errno: 0, errStr: Success, socket fd: 33
04-28 23:06:44.365  1894  3707 D RequestManager: [RequestManager.cpp: 358] [Loc_hal_worker(1894,3707)] listenForResponses: Got a response parcel
04-28 23:06:44.365  2953  3576 I qcrilNrd: RIL Response bytes written:79
04-28 23:06:44.365  1894  3707 D RequestManager: [RequestManager.cpp: 341] [Loc_hal_worker(1894,3707)] listenForResponses: record_stream_get_next: recordLen: 79, ret: -1, errno: 11, errStr: Try again, socket fd: 33
04-28 23:06:44.365  2953  3576 I qcrilNrd: RIL Response bytes written:4
04-28 23:06:44.365  1894  3707 D RequestManager: [RequestManager.cpp: 341] [Loc_hal_worker(1894,3707)] listenForResponses: record_stream_get_next: recordLen: 79, ret: 0, errno: 0, errStr: Success, socket fd: 33
04-28 23:06:44.365  1894  3707 D RequestManager: [RequestManager.cpp: 358] [Loc_hal_worker(1894,3707)] listenForResponses: Got a response parcel
04-28 23:06:44.365  2953  3576 I qcrilNrd: RIL Response bytes written:79
04-28 23:06:44.366  1894  3707 D RequestManager: [RequestManager.cpp: 341] [Loc_hal_worker(1894,3707)] listenForResponses: record_stream_get_next: recordLen: 79, ret: -1, errno: 11, errStr: Try again, socket fd: 33
04-28 23:06:44.366  2953  3576 I qcrilNrd: RIL Response bytes written:4
04-28 23:06:44.366  1894  3707 D RequestManager: [RequestManager.cpp: 341] [Loc_hal_worker(1894,3707)] listenForResponses: record_stream_get_next: recordLen: 79, ret: 0, errno: 0, errStr: Success, socket fd: 33
04-28 23:06:44.366  1894  3707 D RequestManager: [RequestManager.cpp: 358] [Loc_hal_worker(1894,3707)] listenForResponses: Got a response parcel
04-28 23:06:44.366  2953  3576 I qcrilNrd: RIL Response bytes written:79
04-28 23:06:44.366  1894  3707 D RequestManager: [RequestManager.cpp: 341] [Loc_hal_worker(1894,3707)] listenForResponses: record_stream_get_next: recordLen: 79, ret: -1, errno: 11, errStr: Try again, socket fd: 33
04-28 23:06:44.366  2953  3576 I qcrilNrd: RIL Response bytes written:4
04-28 23:06:44.366  1894  3707 D RequestManager: [RequestManager.cpp: 341] [Loc_hal_worker(1894,3707)] listenForResponses: record_stream_get_next: recordLen: 79, ret: 0, errno: 0, errStr: Success, socket fd: 33
04-28 23:06:44.366  1894  3707 D RequestManager: [RequestManager.cpp: 358] [Loc_hal_worker(1894,3707)] listenForResponses: Got a response parcel
04-28 23:06:44.366  2953  3576 I qcrilNrd: RIL Response bytes written:79
04-28 23:06:44.367  1894  3707 D RequestManager: [RequestManager.cpp: 341] [Loc_hal_worker(1894,3707)] listenForResponses: record_stream_get_next: recordLen: 79, ret: -1, errno: 11, errStr: Try again, socket fd: 33
04-28 23:06:44.367  2953  3576 I qcrilNrd: RIL Response bytes written:4
04-28 23:06:44.367  1894  3707 D RequestManager: [RequestManager.cpp: 341] [Loc_hal_worker(1894,3707)] listenForResponses: record_stream_get_next: recordLen: 79, ret: 0, errno: 0, errStr: Success, socket fd: 33
04-28 23:06:44.367  1894  3707 D RequestManager: [RequestManager.cpp: 358] [Loc_hal_worker(1894,3707)] listenForResponses: Got a response parcel
04-28 23:06:44.367  2953  3576 I qcrilNrd: RIL Response bytes written:79
04-28 23:06:44.369  5521  5521 D ImsPhoneCallTracker: [1] onCallUpdated
04-28 23:06:44.370  5521  5521 D ImsPhoneCallTracker: [1] onCallUpdated: profile is { serviceType=1, callType=2, restrictCause=0, mediaProfile={ audioQuality=0, audioDirection=3, audioCodecAttribute=null, videoQuality=0, videoDirection=-1, rttMode=0, hasRttAudioSpeech=false }, emergencyServiceCategories=0, emergencyUrns=[], emergencyCallRouting=0, emergencyCallTesting=false, hasKnownUserIntentEmergency=false, mRestrictCause=0, mCallerNumberVerstat= 0, mAcceptedRtpHeaderExtensions= [] }
04-28 23:06:44.370  5521  5521 D ImsPhoneCallTracker: [1] processCallStateChange state=INCOMING cause=0 ignoreState=true
04-28 23:06:44.371  5521  5521 V ImsPhoneConnection: update localCallProfile={ serviceType=1, callType=2, restrictCause=0, mediaProfile={ audioQuality=0, audioDirection=3, audioCodecAttribute=null, videoQuality=0, videoDirection=-1, rttMode=0, hasRttAudioSpeech=false }, emergencyServiceCategories=0, emergencyUrns=[], emergencyCallRouting=0, emergencyCallTesting=false, hasKnownUserIntentEmergency=false, mRestrictCause=0, mCallerNumberVerstat= 0, mAcceptedRtpHeaderExtensions= [] }
04-28 23:06:44.371  5521  5521 I ImsPhoneConnection: applyLocalCallCapabilities - localProfile = { serviceType=1, callType=2, restrictCause=0, mediaProfile={ audioQuality=0, audioDirection=3, audioCodecAttribute=null, videoQuality=0, videoDirection=-1, rttMode=0, hasRttAudioSpeech=false }, emergencyServiceCategories=0, emergencyUrns=[], emergencyCallRouting=0, emergencyCallTesting=false, hasKnownUserIntentEmergency=false, mRestrictCause=0, mCallerNumberVerstat= 0, mAcceptedRtpHeaderExtensions= [] }
04-28 23:06:44.374  5521  5521 V ImsPhoneConnection: update remoteCallProfile={ serviceType=1, callType=3, restrictCause=0, mediaProfile={ audioQuality=0, audioDirection=3, audioCodecAttribute=null, videoQuality=0, videoDirection=-1, rttMode=0, hasRttAudioSpeech=false }, emergencyServiceCategories=0, emergencyUrns=[], emergencyCallRouting=0, emergencyCallTesting=false, hasKnownUserIntentEmergency=false, mRestrictCause=0, mCallerNumberVerstat= 0, mAcceptedRtpHeaderExtensions= [] }
04-28 23:06:44.374  5521  5521 W ImsPhoneConnection: applyRemoteCallCapabilities - remoteProfile = { serviceType=1, callType=3, restrictCause=0, mediaProfile={ audioQuality=0, audioDirection=3, audioCodecAttribute=null, videoQuality=0, videoDirection=-1, rttMode=0, hasRttAudioSpeech=false }, emergencyServiceCategories=0, emergencyUrns=[], emergencyCallRouting=0, emergencyCallTesting=false, hasKnownUserIntentEmergency=false, mRestrictCause=0, mCallerNumberVerstat= 0, mAcceptedRtpHeaderExtensions= [] }
04-28 23:06:44.374  5521  5521 V ImsPhoneConnection: data is not metered
04-28 23:06:44.374  5521  5521 D ImsPhoneConnection: updateAddressDisplay: callId = null address = [****] name =  nump = 1 namep = 3
04-28 23:06:44.374  5521  5521 I ImsPhoneConnection: maybeChangeRingbackState
04-28 23:06:44.374  5521  5521 I ImsPhoneCall: maybeChangeRingbackState: state=INCOMING
04-28 23:06:44.375  5521  5521 I FlashManager: registerListener....
04-28 23:06:44.380  5521  5521 I FlashManager: isFlashEnabled = true
04-28 23:06:44.393  5521  6412 I MiuiCarrierConfigHelper: getBooleanCarrierConfigForSubId subId:4key: config_voicemail_ignore_sim config: false
04-28 23:06:44.393  5521  5521 D ImsPhone[1]: [1] handleMessage what=14
04-28 23:06:44.393  5521  5521 D Phone   : Event EVENT_CALL_RING Received state=RINGING
04-28 23:06:44.393  5521  5521 D Phone   : Sending notifyIncomingRing
04-28 23:06:44.393  5521  5521 D QtiDSMGR-1: handleMessage: 2
04-28 23:06:44.393  5521  6412 D GsmCdmaPhone: [0] getVoiceMailNumber: from IccRecords number=[****]
04-28 23:06:44.393  5521  5521 D QtiDSMGR-1: hasTempDdsSwitched = false
04-28 23:06:44.393  5521  5521 D DSMGR-1 : mIsDataEnabled=true, prevDataEnabled=true
04-28 23:06:44.393  5521  5521 D DNC-1   : handleMessage, msg.what = 270343
04-28 23:06:44.393  5521  5521 E DNC-1   : Unexpected event 270343
04-28 23:06:44.393  5521  5521 D MiuiDataControllerImpl[1]: onVoiceCallChange,getPhoneId = 0
04-28 23:06:44.394  5521  5521 D MiuiDataControllerImpl: Qcom Dsda State = true
04-28 23:06:44.394  5521  5521 D MiuiDataControllerImpl: isCurrentDSDAState:true
04-28 23:06:44.394  5521  5521 D MiuiDisplayInfoController: activeDataSubId = 4, otherPhoneIsInCall = false, isDsdaFullOrTxsConcurrencyState = true, isDsdaOrDsdalike = true, isDualDataConnected = false, subId = 4, phoneId = 0
04-28 23:06:44.394  5521  5521 D MiuiDisplayInfoController: isInternetNetworkConnected = true, isDataSuspended = false, phoneId = 0
04-28 23:06:44.394  5521  6257 D MiuiDefaultPhoneNotifierImpl: notifyDataConnectionForSubscriber[0] state = CONNECTED
04-28 23:06:44.395  5521  6412 D InternalTelephonyUtils: isValidChinaMobileNumber = false
04-28 23:06:44.395  5521  5521 D DN-102-C: ConnectedState: updateNetworkCapabilities: Capabilities not changed.
04-28 23:06:44.395  5521  5521 D PhoneSwitcher: handle event - 109
04-28 23:06:44.396  5521  5521 D MiuiDisplayInfoController: EVENT_PRECISE_CALL_STATE_CHANGED
04-28 23:06:44.396  5521  5521 D MiuiDisplayInfoController: handleCallStateChanged: false,isHasDelay=false,phone.getState(): RINGING
04-28 23:06:44.401  5521  5521 D ImsPhoneCallTracker: [1] onCallUpdated
04-28 23:06:44.401  5521  5521 D ImsPhoneCallTracker: [1] onCallUpdated: profile is { serviceType=1, callType=2, restrictCause=0, mediaProfile={ audioQuality=0, audioDirection=3, audioCodecAttribute=null, videoQuality=0, videoDirection=-1, rttMode=0, hasRttAudioSpeech=false }, emergencyServiceCategories=0, emergencyUrns=[], emergencyCallRouting=0, emergencyCallTesting=false, hasKnownUserIntentEmergency=false, mRestrictCause=0, mCallerNumberVerstat= 0, mAcceptedRtpHeaderExtensions= [] }
04-28 23:06:44.401  5521  5521 D ImsPhoneCallTracker: [1] processCallStateChange state=INCOMING cause=0 ignoreState=true
04-28 23:06:44.402  5521  5521 V ImsPhoneConnection: update localCallProfile={ serviceType=1, callType=2, restrictCause=0, mediaProfile={ audioQuality=2, audioDirection=3, audioCodecAttribute=null, videoQuality=0, videoDirection=-1, rttMode=0, hasRttAudioSpeech=false }, emergencyServiceCategories=0, emergencyUrns=[], emergencyCallRouting=0, emergencyCallTesting=false, hasKnownUserIntentEmergency=false, mRestrictCause=0, mCallerNumberVerstat= 0, mAcceptedRtpHeaderExtensions= [] }
04-28 23:06:44.402  5521  5521 I ImsPhoneConnection: applyLocalCallCapabilities - localProfile = { serviceType=1, callType=2, restrictCause=0, mediaProfile={ audioQuality=2, audioDirection=3, audioCodecAttribute=null, videoQuality=0, videoDirection=-1, rttMode=0, hasRttAudioSpeech=false }, emergencyServiceCategories=0, emergencyUrns=[], emergencyCallRouting=0, emergencyCallTesting=false, hasKnownUserIntentEmergency=false, mRestrictCause=0, mCallerNumberVerstat= 0, mAcceptedRtpHeaderExtensions= [] }
04-28 23:06:44.403  5521  5521 V ImsPhoneConnection: update remoteCallProfile={ serviceType=1, callType=3, restrictCause=0, mediaProfile={ audioQuality=0, audioDirection=3, audioCodecAttribute=null, videoQuality=0, videoDirection=-1, rttMode=0, hasRttAudioSpeech=false }, emergencyServiceCategories=0, emergencyUrns=[], emergencyCallRouting=0, emergencyCallTesting=false, hasKnownUserIntentEmergency=false, mRestrictCause=0, mCallerNumberVerstat= 0, mAcceptedRtpHeaderExtensions= [] }
04-28 23:06:44.403  5521  5521 W ImsPhoneConnection: applyRemoteCallCapabilities - remoteProfile = { serviceType=1, callType=3, restrictCause=0, mediaProfile={ audioQuality=0, audioDirection=3, audioCodecAttribute=null, videoQuality=0, videoDirection=-1, rttMode=0, hasRttAudioSpeech=false }, emergencyServiceCategories=0, emergencyUrns=[], emergencyCallRouting=0, emergencyCallTesting=false, hasKnownUserIntentEmergency=false, mRestrictCause=0, mCallerNumberVerstat= 0, mAcceptedRtpHeaderExtensions= [] }
04-28 23:06:44.403  5521  5521 V ImsPhoneConnection: data is not metered
04-28 23:06:44.404  5521  5521 I ImsPhoneConnection: updateMediaCapabilities: mediate attributes changed: codec = 2, bitRate=0.0, bandwidth=0.0
04-28 23:06:44.404  5521  5521 D ImsPhoneConnection: updateAddressDisplay: callId = null address = [****] name =  nump = 1 namep = 3
04-28 23:06:44.404  5521  5521 I ImsPhoneConnection: maybeChangeRingbackState
04-28 23:06:44.404  5521  5521 I ImsPhoneCall: maybeChangeRingbackState: state=INCOMING
04-28 23:06:44.409  5521  5521 I MiuiCarrierConfigHelper: getBooleanCarrierConfigForSubId subId:2 key:display_hd_audio_property_bool result:true
04-28 23:06:44.412  5521  5521 D FeatureConfiguration: Checking feature: FEATURE_DSDA
04-28 23:06:44.412  5521  5521 D FeatureConfiguration: Feature FEATURE_DSDA build is supported, featureSupported=true
04-28 23:06:44.416  5521  5521 D ImsPhoneConnection: getDisconnectCause: cause=0
04-28 23:06:44.416  5521  5521 D ImsPhoneConnection: getDisconnectCause: cause=0
04-28 23:06:44.416  5521  5521 I MiuiCarrierConfigHelper: getBooleanCarrierConfigForSubId subId:2 key:display_hd_audio_property_bool result:true
04-28 23:06:44.417  5521  5521 I RelayLog: RelayManager --> onRelayCallStateChanged state:RINGING
04-28 23:06:44.417  5521  5521 I RelayLog:  --> isCallRelayed: No!
04-28 23:06:44.417  5521  5521 I RelayLog:  --> isCallRelaying: No!
04-28 23:06:44.417  5521  5521 I RelayLog: RelayManager --> onRelayCallStateChanged not update
04-28 23:06:44.420  5521  5521 I MiuiCarrierConfigHelper: getBooleanCarrierConfigForSubId subId:2 key:config_use_cnap_presentation result:false
04-28 23:06:44.422  5521  5521 V SMSVC   : getSubscriptionUserHandle subId = 2 userHandle = UserHandle{-10000}
04-28 23:06:44.435  5521  5521 V SMSVC   : getSubscriptionUserHandle subId = 2 userHandle = UserHandle{-10000}
04-28 23:06:44.450  5521  6406 V SMSVC   : getSubscriptionUserHandle subId = 4 userHandle = UserHandle{-10000}
04-28 23:06:44.518  5521  5521 V SMSVC   : getSubscriptionUserHandle subId = 2 userHandle = UserHandle{-10000}
04-28 23:06:44.521  5521  5521 I RelayLog:  --> isInCallSupportRelay =true
04-28 23:06:44.522  5521  5521 I RelayLog:  --> isAudioSupportRelay =true
04-28 23:06:44.522  5521  5521 I RelayLog: RelayConnectionsManager --> getLocalConnectionCallRelaying, no Connection was found!
04-28 23:06:44.522  5521  5521 I RelayLog: RelayServiceFilterUtils --> hasRelaying, false
04-28 23:06:44.522  5521  5521 I RelayLog: RelayConnectionsManager --> getLocalConnectionCallRelayed, no Connection was found!
04-28 23:06:44.522  5521  5521 I RelayLog: RelayServiceFilterUtils --> hasRelayed, false
04-28 23:06:44.522  5521  5521 I RelayLog: RelayServiceFilterUtils --> Answered device is 
04-28 23:06:44.522  5521  5521 I RelayLog: RelayServiceFilterUtils --> Filtered device size 0
04-28 23:06:44.522  5521  5521 I RelayLog: PhoneContinuityController --> isContinuityServiceConnected, 0
04-28 23:06:44.522  5521  5521 I RelayLog:  --> maybeRelayCall no - relay not connected
04-28 23:06:44.528  5521  6406 I MiuiCarrierConfigHelper: getBooleanCarrierConfigForSubId subId:4key: config_voicemail_ignore_sim config: false
04-28 23:06:44.528  5521  6406 D GsmCdmaPhone: [0] getVoiceMailNumber: from IccRecords number=[****]
04-28 23:06:44.530  5521  6406 D InternalTelephonyUtils: isValidChinaMobileNumber = false
04-28 23:06:44.600  5521  6406 V SMSVC   : getSubscriptionUserHandle subId = 4 userHandle = UserHandle{-10000}
04-28 23:06:44.612  5521  6412 V SMSVC   : getSubscriptionUserHandle subId = 4 userHandle = UserHandle{-10000}
04-28 23:06:44.623  5521  6412 V SMSVC   : getSubscriptionUserHandle subId = 4 userHandle = UserHandle{-10000}
04-28 23:06:44.629  5521  6505 V SMSVC   : getSubscriptionUserHandle subId = 4 userHandle = UserHandle{-10000}
04-28 23:06:44.634  5521  6407 I MiuiCarrierConfigHelper: getBooleanCarrierConfigForSubId subId:4key: config_voicemail_ignore_sim config: false
04-28 23:06:44.634  5521  6407 D GsmCdmaPhone: [0] getVoiceMailNumber: from IccRecords number=[****]
04-28 23:06:44.635  5521  6505 V SMSVC   : getSubscriptionUserHandle subId = 4 userHandle = UserHandle{-10000}
04-28 23:06:44.636  5521  6406 I MiuiCarrierConfigHelper: getBooleanCarrierConfigForSubId subId:2key: config_voicemail_ignore_sim config: false
04-28 23:06:44.636  5521  6406 D GsmCdmaPhone: [1] getVoiceMailNumber: from IccRecords number=[****]
04-28 23:06:44.640  5521  6406 V SMSVC   : getSubscriptionUserHandle subId = 4 userHandle = UserHandle{-10000}
04-28 23:06:44.665  5521  6409 D FeatureConfiguration: Checking feature: FEATURE_DUAL_VOLTE
04-28 23:06:44.666  5521  6409 D FeatureConfiguration: Feature FEATURE_DUAL_VOLTE build is supported, featureSupported=true
04-28 23:06:44.666  5521  6409 D ImsManagerIM [0]: getLocalImsConfigKeInt() for key:68, result: 0
04-28 23:06:44.671  5521  6407 D Phone   : isImsRegistered =true
04-28 23:06:44.672  5521  6407 D InternalTelephonyUtils: isValidChinaMobileNumber = false
04-28 23:06:44.679  5521  5521 D PhoneReceiver: Received action:android.intent.action.PHONE_STATE
04-28 23:06:44.679  5521  5521 D PhoneReceiver: ACTION_PHONE_STATE_CHANGED phoneid: -1 state: RINGING
04-28 23:06:44.686  5521  6407 D FeatureConfiguration: Checking feature: FEATURE_DUAL_VOLTE
04-28 23:06:44.686  5521  6407 D FeatureConfiguration: Feature FEATURE_DUAL_VOLTE build is supported, featureSupported=true
04-28 23:06:44.686  5521  6407 D ImsManagerIM [0]: getLocalImsConfigKeInt() for key:68, result: 0
04-28 23:06:44.691  5521  6409 D InternalTelephonyUtils: isValidChinaMobileNumber = false
04-28 23:06:44.695  5521  6407 D Phone   : isImsRegistered =true
04-28 23:06:44.706  5521  5521 D PhoneReceiver: Received action:android.intent.action.PHONE_STATE
04-28 23:06:44.706  5521  5521 D PhoneReceiver: ACTION_PHONE_STATE_CHANGED phoneid: -1 state: RINGING
04-28 23:06:44.711  5521  6406 D Phone   : isImsRegistered =true
04-28 23:06:44.713  5521  6406 D FeatureConfiguration: Checking feature: FEATURE_DUAL_VOLTE
04-28 23:06:44.713  5521  6406 D FeatureConfiguration: Feature FEATURE_DUAL_VOLTE build is supported, featureSupported=true
04-28 23:06:44.713  5521  6406 D ImsManagerIM [0]: getLocalImsConfigKeInt() for key:68, result: 0
04-28 23:06:44.715  5521  6407 D Phone   : isImsRegistered =true
04-28 23:06:44.715  5521  6407 D FeatureConfiguration: Checking feature: FEATURE_DUAL_VOLTE
04-28 23:06:44.715  5521  6407 D FeatureConfiguration: Feature FEATURE_DUAL_VOLTE build is supported, featureSupported=true
04-28 23:06:44.715  5521  6407 D ImsManagerIM [0]: getLocalImsConfigKeInt() for key:68, result: 0
04-28 23:06:44.717  5521  6407 D Phone   : isImsRegistered =true
04-28 23:06:44.721  5521  6406 D Phone   : isImsRegistered =true
04-28 23:06:44.723  5521  5521 D PhoneReceiver: Received action:android.intent.action.PHONE_STATE
04-28 23:06:44.723  5521  5521 D PhoneReceiver: ACTION_PHONE_STATE_CHANGED phoneid: -1 state: RINGING
04-28 23:06:44.751  5521  6552 D MiuiPhoneInterfaceManager: isConcurrentCallsPossible true
04-28 23:06:44.768  5521  6409 D Phone   : isImsRegistered =true
04-28 23:06:44.773  5521  6406 D Phone   : isImsRegistered =true
04-28 23:06:44.787  5521  6406 D FeatureConfiguration: Checking feature: FEATURE_DUAL_VOLTE
04-28 23:06:44.787  5521  6406 D FeatureConfiguration: Feature FEATURE_DUAL_VOLTE build is supported, featureSupported=true
04-28 23:06:44.787  5521  6406 D ImsManagerIM [0]: getLocalImsConfigKeInt() for key:68, result: 0
04-28 23:06:44.789  5521  6406 D Phone   : isImsRegistered =true
04-28 23:06:44.798  5521  6406 D Phone   : isImsRegistered =true
04-28 23:06:44.802  5521  6406 D Phone   : isImsRegistered =true
04-28 23:06:44.818  5521  6552 D FeatureConfiguration: Checking feature: FEATURE_DUAL_VOLTE
04-28 23:06:44.818  5521  6552 D FeatureConfiguration: Feature FEATURE_DUAL_VOLTE build is supported, featureSupported=true
04-28 23:06:44.818  5521  6552 D ImsManagerIM [0]: getLocalImsConfigKeInt() for key:68, result: 0
04-28 23:06:44.820  5521  6552 D Phone   : isImsRegistered =true
04-28 23:06:44.826  5521  6552 D FeatureConfiguration: Checking feature: FEATURE_DUAL_VOLTE
04-28 23:06:44.827  5521  6552 D FeatureConfiguration: Feature FEATURE_DUAL_VOLTE build is supported, featureSupported=true
04-28 23:06:44.827  5521  6552 D ImsManagerIM [0]: getLocalImsConfigKeInt() for key:68, result: 0
04-28 23:06:44.829  5521  6552 D Phone   : isImsRegistered =true
04-28 23:06:44.835  5521  6552 D FeatureConfiguration: Checking feature: FEATURE_DUAL_VOLTE
04-28 23:06:44.835  5521  6552 D FeatureConfiguration: Feature FEATURE_DUAL_VOLTE build is supported, featureSupported=true
04-28 23:06:44.835  5521  6552 D ImsManagerIM [0]: getLocalImsConfigKeInt() for key:68, result: 0
04-28 23:06:44.837  5521  6552 D Phone   : isImsRegistered =true
04-28 23:06:44.845  5521  6552 D FeatureConfiguration: Checking feature: FEATURE_DUAL_VOLTE
04-28 23:06:44.845  5521  6552 D FeatureConfiguration: Feature FEATURE_DUAL_VOLTE build is supported, featureSupported=true
04-28 23:06:44.845  5521  6552 D ImsManagerIM [0]: getLocalImsConfigKeInt() for key:68, result: 0
04-28 23:06:44.847  5521  6552 D Phone   : isImsRegistered =true
04-28 23:06:44.870  5521  6552 D FeatureConfiguration: Checking feature: FEATURE_DUAL_VOLTE
04-28 23:06:44.870  5521  6552 D FeatureConfiguration: Feature FEATURE_DUAL_VOLTE build is supported, featureSupported=true
04-28 23:06:44.870  5521  6552 D ImsManagerIM [0]: getLocalImsConfigKeInt() for key:68, result: 0
04-28 23:06:44.874  5521  6552 D Phone   : isImsRegistered =true
04-28 23:06:44.889  5521  6552 D FeatureConfiguration: Checking feature: FEATURE_DUAL_VOLTE
04-28 23:06:44.889  5521  6552 D FeatureConfiguration: Feature FEATURE_DUAL_VOLTE build is supported, featureSupported=true
04-28 23:06:44.889  5521  6552 D ImsManagerIM [0]: getLocalImsConfigKeInt() for key:68, result: 0
04-28 23:06:44.892  5521  6552 D Phone   : isImsRegistered =true
04-28 23:06:44.903  5521  6552 D FeatureConfiguration: Checking feature: FEATURE_DUAL_VOLTE
04-28 23:06:44.903  5521  6552 D FeatureConfiguration: Feature FEATURE_DUAL_VOLTE build is supported, featureSupported=true
04-28 23:06:44.903  5521  6552 D ImsManagerIM [0]: getLocalImsConfigKeInt() for key:68, result: 0
04-28 23:06:44.908  5521  6552 D Phone   : isImsRegistered =true
04-28 23:06:44.975  1894  3705 D RequestManager: [RequestManager.cpp: 341] [Loc_hal_worker(1894,3705)] listenForResponses: record_stream_get_next: recordLen: 76, ret: -1, errno: 11, errStr: Try again, socket fd: 32
04-28 23:06:44.975  2951  3573 I qcrilNrd: RIL Response bytes written:4
04-28 23:06:44.975  1894  3705 D RequestManager: [RequestManager.cpp: 341] [Loc_hal_worker(1894,3705)] listenForResponses: record_stream_get_next: recordLen: 311, ret: 0, errno: 0, errStr: Success, socket fd: 32
04-28 23:06:44.975  1894  3705 D RequestManager: [RequestManager.cpp: 358] [Loc_hal_worker(1894,3705)] listenForResponses: Got a response parcel
04-28 23:06:44.976  2951  3573 I qcrilNrd: RIL Response bytes written:311
04-28 23:06:44.989  1894  3705 D RequestManager: [RequestManager.cpp: 341] [Loc_hal_worker(1894,3705)] listenForResponses: record_stream_get_next: recordLen: 311, ret: -1, errno: 11, errStr: Try again, socket fd: 32
04-28 23:06:44.989  2951  3573 I qcrilNrd: RIL Response bytes written:4
04-28 23:06:44.989  1894  3705 D RequestManager: [RequestManager.cpp: 341] [Loc_hal_worker(1894,3705)] listenForResponses: record_stream_get_next: recordLen: 301, ret: 0, errno: 0, errStr: Success, socket fd: 32
04-28 23:06:44.989  1894  3705 D RequestManager: [RequestManager.cpp: 358] [Loc_hal_worker(1894,3705)] listenForResponses: Got a response parcel
04-28 23:06:44.989  2951  3573 I qcrilNrd: RIL Response bytes written:301
04-28 23:06:44.991  1894  3705 D RequestManager: [RequestManager.cpp: 341] [Loc_hal_worker(1894,3705)] listenForResponses: record_stream_get_next: recordLen: 301, ret: -1, errno: 11, errStr: Try again, socket fd: 32
04-28 23:06:44.991  2951  3573 I qcrilNrd: RIL Response bytes written:4
04-28 23:06:44.991  1894  3705 D RequestManager: [RequestManager.cpp: 341] [Loc_hal_worker(1894,3705)] listenForResponses: record_stream_get_next: recordLen: 76, ret: 0, errno: 0, errStr: Success, socket fd: 32
04-28 23:06:44.991  1894  3705 D RequestManager: [RequestManager.cpp: 358] [Loc_hal_worker(1894,3705)] listenForResponses: Got a response parcel
04-28 23:06:44.991  2951  3573 I qcrilNrd: RIL Response bytes written:76
04-28 23:06:44.992  1894  3705 D RequestManager: [RequestManager.cpp: 341] [Loc_hal_worker(1894,3705)] listenForResponses: record_stream_get_next: recordLen: 76, ret: -1, errno: 11, errStr: Try again, socket fd: 32
04-28 23:06:44.992  2951  3573 I qcrilNrd: RIL Response bytes written:4
04-28 23:06:44.992  1894  3705 D RequestManager: [RequestManager.cpp: 341] [Loc_hal_worker(1894,3705)] listenForResponses: record_stream_get_next: recordLen: 76, ret: 0, errno: 0, errStr: Success, socket fd: 32
04-28 23:06:44.992  1894  3705 D RequestManager: [RequestManager.cpp: 358] [Loc_hal_worker(1894,3705)] listenForResponses: Got a response parcel
04-28 23:06:44.992  2951  3573 I qcrilNrd: RIL Response bytes written:76
04-28 23:06:45.000  5521  5521 D ImsPhoneCallTracker: [0] onCallUpdated
04-28 23:06:45.001  5521  5521 D ImsPhoneCallTracker: [0] onCallUpdated: profile is { serviceType=1, callType=2, restrictCause=0, mediaProfile={ audioQuality=0, audioDirection=3, audioCodecAttribute=null, videoQuality=0, videoDirection=-1, rttMode=0, hasRttAudioSpeech=false }, emergencyServiceCategories=0, emergencyUrns=[], emergencyCallRouting=0, emergencyCallTesting=false, hasKnownUserIntentEmergency=false, mRestrictCause=0, mCallerNumberVerstat= 0, mAcceptedRtpHeaderExtensions= [] }
04-28 23:06:45.001  5521  5521 D ImsPhoneCallTracker: [0] processCallStateChange state=ALERTING cause=0 ignoreState=true
04-28 23:06:45.001  5521  5521 V ImsPhoneConnection: update localCallProfile={ serviceType=1, callType=2, restrictCause=0, mediaProfile={ audioQuality=2, audioDirection=3, audioCodecAttribute=null, videoQuality=0, videoDirection=-1, rttMode=0, hasRttAudioSpeech=false }, emergencyServiceCategories=0, emergencyUrns=[], emergencyCallRouting=0, emergencyCallTesting=false, hasKnownUserIntentEmergency=false, mRestrictCause=0, mCallerNumberVerstat= 0, mAcceptedRtpHeaderExtensions= [] }
04-28 23:06:45.001  5521  5521 I ImsPhoneConnection: applyLocalCallCapabilities - localProfile = { serviceType=1, callType=2, restrictCause=0, mediaProfile={ audioQuality=2, audioDirection=3, audioCodecAttribute=null, videoQuality=0, videoDirection=-1, rttMode=0, hasRttAudioSpeech=false }, emergencyServiceCategories=0, emergencyUrns=[], emergencyCallRouting=0, emergencyCallTesting=false, hasKnownUserIntentEmergency=false, mRestrictCause=0, mCallerNumberVerstat= 0, mAcceptedRtpHeaderExtensions= [] }
04-28 23:06:45.002  5521  5521 V ImsPhoneConnection: update remoteCallProfile={ serviceType=1, callType=3, restrictCause=0, mediaProfile={ audioQuality=0, audioDirection=3, audioCodecAttribute=null, videoQuality=0, videoDirection=-1, rttMode=0, hasRttAudioSpeech=false }, emergencyServiceCategories=0, emergencyUrns=[], emergencyCallRouting=0, emergencyCallTesting=false, hasKnownUserIntentEmergency=false, mRestrictCause=0, mCallerNumberVerstat= 0, mAcceptedRtpHeaderExtensions= [] }
04-28 23:06:45.002  5521  5521 W ImsPhoneConnection: applyRemoteCallCapabilities - remoteProfile = { serviceType=1, callType=3, restrictCause=0, mediaProfile={ audioQuality=0, audioDirection=3, audioCodecAttribute=null, videoQuality=0, videoDirection=-1, rttMode=0, hasRttAudioSpeech=false }, emergencyServiceCategories=0, emergencyUrns=[], emergencyCallRouting=0, emergencyCallTesting=false, hasKnownUserIntentEmergency=false, mRestrictCause=0, mCallerNumberVerstat= 0, mAcceptedRtpHeaderExtensions= [] }
04-28 23:06:45.002  5521  5521 V ImsPhoneConnection: data is not metered
04-28 23:06:45.002  5521  5521 I ImsPhoneConnection: maybeChangeRingbackState
04-28 23:06:45.002  5521  5521 I ImsPhoneCall: maybeChangeRingbackState: state=ALERTING
04-28 23:06:45.002  5521  5521 I ImsPhoneCall: isLocalTone: audioDirection=3, playRingback=false
04-28 23:06:45.004  5521  5521 D ImsPhoneCallTracker: [0] onCallUpdated
04-28 23:06:45.004  5521  5521 D ImsPhoneCallTracker: [0] onCallUpdated: profile is { serviceType=1, callType=2, restrictCause=0, mediaProfile={ audioQuality=0, audioDirection=3, audioCodecAttribute=null, videoQuality=0, videoDirection=-1, rttMode=0, hasRttAudioSpeech=false }, emergencyServiceCategories=0, emergencyUrns=[], emergencyCallRouting=0, emergencyCallTesting=false, hasKnownUserIntentEmergency=false, mRestrictCause=0, mCallerNumberVerstat= 0, mAcceptedRtpHeaderExtensions= [] }
04-28 23:06:45.004  5521  5521 D ImsPhoneCallTracker: [0] processCallStateChange state=ALERTING cause=0 ignoreState=true
04-28 23:06:45.005  5521  5521 V ImsPhoneConnection: update localCallProfile={ serviceType=1, callType=2, restrictCause=0, mediaProfile={ audioQuality=2, audioDirection=3, audioCodecAttribute=null, videoQuality=0, videoDirection=-1, rttMode=0, hasRttAudioSpeech=false }, emergencyServiceCategories=0, emergencyUrns=[], emergencyCallRouting=0, emergencyCallTesting=false, hasKnownUserIntentEmergency=false, mRestrictCause=0, mCallerNumberVerstat= 0, mAcceptedRtpHeaderExtensions= [] }
04-28 23:06:45.005  5521  5521 I ImsPhoneConnection: applyLocalCallCapabilities - localProfile = { serviceType=1, callType=2, restrictCause=0, mediaProfile={ audioQuality=2, audioDirection=3, audioCodecAttribute=null, videoQuality=0, videoDirection=-1, rttMode=0, hasRttAudioSpeech=false }, emergencyServiceCategories=0, emergencyUrns=[], emergencyCallRouting=0, emergencyCallTesting=false, hasKnownUserIntentEmergency=false, mRestrictCause=0, mCallerNumberVerstat= 0, mAcceptedRtpHeaderExtensions= [] }
