04-28 23:06:45.007  5521  5521 V ImsPhoneConnection: update remoteCallProfile={ serviceType=1, callType=3, restrictCause=0, mediaProfile={ audioQuality=0, audioDirection=3, audioCodecAttribute=null, videoQuality=0, videoDirection=-1, rttMode=0, hasRttAudioSpeech=false }, emergencyServiceCategories=0, emergencyUrns=[], emergencyCallRouting=0, emergencyCallTesting=false, hasKnownUserIntentEmergency=false, mRestrictCause=0, mCallerNumberVerstat= 0, mAcceptedRtpHeaderExtensions= [] }
04-28 23:06:45.007  5521  5521 W ImsPhoneConnection: applyRemoteCallCapabilities - remoteProfile = { serviceType=1, callType=3, restrictCause=0, mediaProfile={ audioQuality=0, audioDirection=3, audioCodecAttribute=null, videoQuality=0, videoDirection=-1, rttMode=0, hasRttAudioSpeech=false }, emergencyServiceCategories=0, emergencyUrns=[], emergencyCallRouting=0, emergencyCallTesting=false, hasKnownUserIntentEmergency=false, mRestrictCause=0, mCallerNumberVerstat= 0, mAcceptedRtpHeaderExtensions= [] }
04-28 23:06:45.007  5521  5521 V ImsPhoneConnection: data is not metered
04-28 23:06:45.007  5521  5521 I ImsPhoneConnection: maybeChangeRingbackState
04-28 23:06:45.007  5521  5521 I ImsPhoneCall: maybeChangeRingbackState: state=ALERTING
04-28 23:06:45.007  5521  5521 I ImsPhoneCall: isLocalTone: audioDirection=3, playRingback=false
04-28 23:06:45.201  2951  3573 I qcrilNrd: RIL Response bytes written:4
04-28 23:06:45.201  2951  3573 I qcrilNrd: RIL Response bytes written:301
04-28 23:06:45.201  1894  3705 D RequestManager: [RequestManager.cpp: 341] [Loc_hal_worker(1894,3705)] listenForResponses: record_stream_get_next: recordLen: 301, ret: 0, errno: 0, errStr: Success, socket fd: 32
04-28 23:06:45.201  1894  3705 D RequestManager: [RequestManager.cpp: 358] [Loc_hal_worker(1894,3705)] listenForResponses: Got a response parcel
04-28 23:06:45.202  2951  3573 I qcrilNrd: RIL Response bytes written:4
04-28 23:06:45.202  2951  3573 I qcrilNrd: RIL Response bytes written:76
04-28 23:06:45.203  1894  3705 D RequestManager: [RequestManager.cpp: 341] [Loc_hal_worker(1894,3705)] listenForResponses: record_stream_get_next: recordLen: 76, ret: 0, errno: 0, errStr: Success, socket fd: 32
04-28 23:06:45.203  1894  3705 D RequestManager: [RequestManager.cpp: 358] [Loc_hal_worker(1894,3705)] listenForResponses: Got a response parcel
04-28 23:06:45.205  5521  5521 D ImsPhoneCallTracker: [0] onCallUpdated
04-28 23:06:45.205  5521  5521 D ImsPhoneCallTracker: [0] onCallUpdated: profile is { serviceType=1, callType=2, restrictCause=0, mediaProfile={ audioQuality=0, audioDirection=3, audioCodecAttribute=null, videoQuality=0, videoDirection=-1, rttMode=0, hasRttAudioSpeech=false }, emergencyServiceCategories=0, emergencyUrns=[], emergencyCallRouting=0, emergencyCallTesting=false, hasKnownUserIntentEmergency=false, mRestrictCause=0, mCallerNumberVerstat= 0, mAcceptedRtpHeaderExtensions= [] }
04-28 23:06:45.205  5521  5521 D ImsPhoneCallTracker: [0] processCallStateChange state=ALERTING cause=0 ignoreState=true
04-28 23:06:45.207  5521  5521 V ImsPhoneConnection: update localCallProfile={ serviceType=1, callType=2, restrictCause=0, mediaProfile={ audioQuality=2, audioDirection=3, audioCodecAttribute=null, videoQuality=0, videoDirection=-1, rttMode=0, hasRttAudioSpeech=false }, emergencyServiceCategories=0, emergencyUrns=[], emergencyCallRouting=0, emergencyCallTesting=false, hasKnownUserIntentEmergency=false, mRestrictCause=0, mCallerNumberVerstat= 0, mAcceptedRtpHeaderExtensions= [] }
04-28 23:06:45.207  5521  5521 I ImsPhoneConnection: applyLocalCallCapabilities - localProfile = { serviceType=1, callType=2, restrictCause=0, mediaProfile={ audioQuality=2, audioDirection=3, audioCodecAttribute=null, videoQuality=0, videoDirection=-1, rttMode=0, hasRttAudioSpeech=false }, emergencyServiceCategories=0, emergencyUrns=[], emergencyCallRouting=0, emergencyCallTesting=false, hasKnownUserIntentEmergency=false, mRestrictCause=0, mCallerNumberVerstat= 0, mAcceptedRtpHeaderExtensions= [] }
04-28 23:06:45.208  5521  5521 V ImsPhoneConnection: update remoteCallProfile={ serviceType=1, callType=3, restrictCause=0, mediaProfile={ audioQuality=0, audioDirection=3, audioCodecAttribute=null, videoQuality=0, videoDirection=-1, rttMode=0, hasRttAudioSpeech=false }, emergencyServiceCategories=0, emergencyUrns=[], emergencyCallRouting=0, emergencyCallTesting=false, hasKnownUserIntentEmergency=false, mRestrictCause=0, mCallerNumberVerstat= 0, mAcceptedRtpHeaderExtensions= [] }
04-28 23:06:45.208  5521  5521 W ImsPhoneConnection: applyRemoteCallCapabilities - remoteProfile = { serviceType=1, callType=3, restrictCause=0, mediaProfile={ audioQuality=0, audioDirection=3, audioCodecAttribute=null, videoQuality=0, videoDirection=-1, rttMode=0, hasRttAudioSpeech=false }, emergencyServiceCategories=0, emergencyUrns=[], emergencyCallRouting=0, emergencyCallTesting=false, hasKnownUserIntentEmergency=false, mRestrictCause=0, mCallerNumberVerstat= 0, mAcceptedRtpHeaderExtensions= [] }
04-28 23:06:45.208  5521  5521 V ImsPhoneConnection: data is not metered
04-28 23:06:45.208  5521  5521 I ImsPhoneConnection: maybeChangeRingbackState
04-28 23:06:45.208  5521  5521 I ImsPhoneCall: maybeChangeRingbackState: state=ALERTING
04-28 23:06:45.208  5521  5521 I ImsPhoneCall: isLocalTone: audioDirection=3, playRingback=false
04-28 23:06:45.314  5521  5521 D DNC-0   : getAllActiveCellularInterfaces All Interfaces: rmnet_data1
04-28 23:06:45.314  5521  5521 D DNC-0   : getAllActiveCellularInterfaces All Interfaces: rmnet_data4
04-28 23:06:45.322  5521  5521 D DNC-1   : getAllActiveCellularInterfaces All Interfaces: rmnet_data2
04-28 23:06:46.320  5521  5521 D DNC-0   : getAllActiveCellularInterfaces All Interfaces: rmnet_data1
04-28 23:06:46.320  5521  5521 D DNC-0   : getAllActiveCellularInterfaces All Interfaces: rmnet_data4
04-28 23:06:46.334  5521  5521 D DNC-1   : getAllActiveCellularInterfaces All Interfaces: rmnet_data2
04-28 23:06:47.332  5521  5521 D DNC-0   : getAllActiveCellularInterfaces All Interfaces: rmnet_data1
04-28 23:06:47.332  5521  5521 D DNC-0   : getAllActiveCellularInterfaces All Interfaces: rmnet_data4
04-28 23:06:47.342  5521  5521 D DNC-1   : getAllActiveCellularInterfaces All Interfaces: rmnet_data2
04-28 23:06:47.393  5521  5521 D ImsPhone[1]: [1] handleMessage what=15
04-28 23:06:47.393  5521  5521 D Phone   : Event EVENT_CALL_RING_CONTINUE Received state=RINGING
04-28 23:06:47.394  5521  5521 D Phone   : Sending notifyIncomingRing
04-28 23:06:48.342  5521  5521 D DNC-0   : getAllActiveCellularInterfaces All Interfaces: rmnet_data1
04-28 23:06:48.342  5521  5521 D DNC-0   : getAllActiveCellularInterfaces All Interfaces: rmnet_data4
04-28 23:06:48.356  5521  5521 D DNC-1   : getAllActiveCellularInterfaces All Interfaces: rmnet_data2
04-28 23:06:48.931  5521  6406 D Phone   : isImsRegistered =true
04-28 23:06:48.933  5521  6552 D FeatureConfiguration: Checking feature: FEATURE_DUAL_VOLTE
04-28 23:06:48.933  5521  6552 D FeatureConfiguration: Feature FEATURE_DUAL_VOLTE build is supported, featureSupported=true
04-28 23:06:48.933  5521  6552 D ImsManagerIM [0]: getLocalImsConfigKeInt() for key:68, result: 0
04-28 23:06:48.933  5521  5521 D ImsPhoneCallTracker: [1] hangup call - reason=1
04-28 23:06:48.933  5521  5521 D ImsPhoneCallTracker: [1] (ringing) hangup incoming
04-28 23:06:48.935  5521  6552 D Phone   : isImsRegistered =true
04-28 23:06:48.941  5521  5521 D PhoneSwitcher: handle event - 109
04-28 23:06:48.941  5521  5521 D MiuiDisplayInfoController: EVENT_PRECISE_CALL_STATE_CHANGED
04-28 23:06:48.941  5521  5521 D MiuiDisplayInfoController: handleCallStateChanged: false,isHasDelay=false,phone.getState(): RINGING
04-28 23:06:48.942  5521  5521 D ImsPhoneConnection: getDisconnectCause: cause=3
04-28 23:06:48.942  5521  5521 D ImsPhoneConnection: getDisconnectCause: cause=3
04-28 23:06:48.942  5521  5521 I RelayLog: RelayManager --> onRelayCallStateChanged state:RINGING
04-28 23:06:48.942  5521  5521 I RelayLog:  --> isCallRelayed: No!
04-28 23:06:48.942  5521  5521 I RelayLog:  --> isCallRelaying: No!
04-28 23:06:48.942  5521  5521 I RelayLog: RelayManager --> onRelayCallStateChanged not update
04-28 23:06:48.946  5521  5521 I MiuiCarrierConfigHelper: getBooleanCarrierConfigForSubId subId:2 key:config_use_cnap_presentation result:false
04-28 23:06:48.947  5521  6552 V SMSVC   : getSubscriptionUserHandle subId = 4 userHandle = UserHandle{-10000}
04-28 23:06:48.948  2953  3576 E qcrilNrd: onDisconnect: call failure cause = 25 in struct: call_end_reason_enum_v02 in file: voice_service_common_v02.h
04-28 23:06:48.949  5521  5521 V SMSVC   : getSubscriptionUserHandle subId = 2 userHandle = UserHandle{-10000}
04-28 23:06:48.960  2953  3576 I qcrilNrd: RIL Response bytes written:4
04-28 23:06:48.960  2953  3576 I qcrilNrd: RIL Response bytes written:329
04-28 23:06:48.961  1894  3707 D RequestManager: [RequestManager.cpp: 341] [Loc_hal_worker(1894,3707)] listenForResponses: record_stream_get_next: recordLen: 329, ret: 0, errno: 0, errStr: Success, socket fd: 33
04-28 23:06:48.961  1894  3707 D RequestManager: [RequestManager.cpp: 358] [Loc_hal_worker(1894,3707)] listenForResponses: Got a response parcel
04-28 23:06:48.961  2953  3576 I qcrilNrd: RIL Response bytes written:4
04-28 23:06:48.961  2953  3576 I qcrilNrd: RIL Response bytes written:16
04-28 23:06:48.962  1894  3707 D RequestManager: [RequestManager.cpp: 341] [Loc_hal_worker(1894,3707)] listenForResponses: record_stream_get_next: recordLen: 16, ret: 0, errno: 0, errStr: Success, socket fd: 33
04-28 23:06:48.962  1894  3707 D RequestManager: [RequestManager.cpp: 358] [Loc_hal_worker(1894,3707)] listenForResponses: Got a response parcel
04-28 23:06:48.962  2953  3576 I qcrilNrd: RIL Response bytes written:4
04-28 23:06:48.962  2953  3576 I qcrilNrd: RIL Response bytes written:79
04-28 23:06:48.962  1894  3707 D RequestManager: [RequestManager.cpp: 341] [Loc_hal_worker(1894,3707)] listenForResponses: record_stream_get_next: recordLen: 79, ret: 0, errno: 0, errStr: Success, socket fd: 33
04-28 23:06:48.962  1894  3707 D RequestManager: [RequestManager.cpp: 358] [Loc_hal_worker(1894,3707)] listenForResponses: Got a response parcel
04-28 23:06:48.962  2953  3576 I qcrilNrd: RIL Response bytes written:4
04-28 23:06:48.962  2953  3576 I qcrilNrd: RIL Response bytes written:79
04-28 23:06:48.962  5521  6406 D RILJ    : Unsol response received; Sending ack to ril.cpp [PHONE1]
04-28 23:06:48.962  1894  3707 D RequestManager: [RequestManager.cpp: 341] [Loc_hal_worker(1894,3707)] listenForResponses: record_stream_get_next: recordLen: 79, ret: 0, errno: 0, errStr: Success, socket fd: 33
04-28 23:06:48.962  1894  3707 D RequestManager: [RequestManager.cpp: 358] [Loc_hal_worker(1894,3707)] listenForResponses: Got a response parcel
04-28 23:06:48.962  5521  6406 D RILJ    : [UNSL]< UNSOL_LCE_INFO_RECV [{mType=0, mDownlinkCapacityKbps=91, mUplinkCapacityKbps=-1}, {mType=1, mDownlinkCapacityKbps=0, mUplinkCapacityKbps=0}] [PHONE1]
04-28 23:06:48.962  2953  3576 I qcrilNrd: RIL Response bytes written:4
04-28 23:06:48.962  2953  3576 I qcrilNrd: RIL Response bytes written:79
04-28 23:06:48.963  1894  3707 D RequestManager: [RequestManager.cpp: 341] [Loc_hal_worker(1894,3707)] listenForResponses: record_stream_get_next: recordLen: 79, ret: 0, errno: 0, errStr: Success, socket fd: 33
04-28 23:06:48.963  1894  3707 D RequestManager: [RequestManager.cpp: 358] [Loc_hal_worker(1894,3707)] listenForResponses: Got a response parcel
04-28 23:06:48.964  5521  6552 V SMSVC   : getSubscriptionUserHandle subId = 4 userHandle = UserHandle{-10000}
04-28 23:06:48.966  5521  5521 D ImsPhoneCallTracker: [1] onCallTerminated reasonCode=143
04-28 23:06:48.966  5521  5521 D ImsPhoneCallTracker: [1] maybeRemapReasonCode : fromCode = 143 ; message = 
04-28 23:06:48.968  5521  6406 V SMSVC   : getSubscriptionUserHandle subId = 4 userHandle = UserHandle{-10000}
04-28 23:06:48.969  5521  5521 D ImsPhoneCallTracker: [1] cause = 16 conn = [ImsPhoneConnection objId: 129643349 telecomCallID: TC@29_1 address: [****] isAdhocConf: N ImsCall: [ImsCall objId:75099660 onHold:N mute:N mCallProfile:{ serviceType=1, callType=2, restrictCause=0, mediaProfile={ audioQuality=0, audioDirection=3, audioCodecAttribute=null, videoQuality=0, videoDirection=-1, rttMode=0, hasRttAudioSpeech=false }, emergencyServiceCategories=0, emergencyUrns=[], emergencyCallRouting=0, emergencyCallTesting=false, hasKnownUserIntentEmergency=false, mRestrictCause=0, mCallerNumberVerstat= 0, mAcceptedRtpHeaderExtensions= [] } networkType:13 updateRequest:NONE merging:N merge action pending:N merged:N multiParty:N confHost:N buried term:N isVideo: N wasVideo: N isWifi: N session:[ImsCallSession objId:214144319 callId:1] transientSession:null]]
04-28 23:06:48.969  5521  5521 D ImsPhoneConnection: getDisconnectCause: cause=3
04-28 23:06:48.969  5521  5521 D ImsPhoneCallTracker: [1] Incoming connection of 0 connect time detected - translated cause = 16
04-28 23:06:48.972  5521  6406 V SMSVC   : getSubscriptionUserHandle subId = 4 userHandle = UserHandle{-10000}
04-28 23:06:48.973  5521  5521 D ImsPhoneCallTracker: [1] maybeRemapReasonCode : fromCode = 143 ; message = 
04-28 23:06:48.974  5521  5521 D VoiceCallSessionStats: Time per codec quality = [0, 0, 4570, 0, 0]
04-28 23:06:48.978  5521  5521 D VoiceCallSessionStats: getVoiceRatWithVoNRFix: oldRat=20, newRat=20
04-28 23:06:48.978  5521  6406 V SMSVC   : getSubscriptionUserHandle subId = 4 userHandle = UserHandle{-10000}
04-28 23:06:48.978  5521  5521 D PersistAtomsStorage: Add new voice call session: band_at_end: 41
04-28 23:06:48.978  5521  5521 D PersistAtomsStorage: bearer_at_end: 2
04-28 23:06:48.978  5521  5521 D PersistAtomsStorage: bearer_at_start: 2
04-28 23:06:48.978  5521  5521 D PersistAtomsStorage: call_duration: 0
04-28 23:06:48.978  5521  5521 D PersistAtomsStorage: carrier_id: 1435
04-28 23:06:48.978  5521  5521 D PersistAtomsStorage: codec_bitmask: 4
04-28 23:06:48.978  5521  5521 D PersistAtomsStorage: concurrent_call_count_at_end: 0
04-28 23:06:48.978  5521  5521 D PersistAtomsStorage: concurrent_call_count_at_start: 0
04-28 23:06:48.978  5521  5521 D PersistAtomsStorage: direction: 2
04-28 23:06:48.978  5521  5521 D PersistAtomsStorage: disconnect_extra_code: 0
04-28 23:06:48.978  5521  5521 D PersistAtomsStorage: disconnect_extra_message: ""
04-28 23:06:48.978  5521  5521 D PersistAtomsStorage: disconnect_reason_code: 143
04-28 23:06:48.978  5521  5521 D PersistAtomsStorage: fold_state: 1
04-28 23:06:48.978  5521  5521 D PersistAtomsStorage: is_emergency: false
04-28 23:06:48.978  5521  5521 D PersistAtomsStorage: is_esim: false
04-28 23:06:48.978  5521  5521 D PersistAtomsStorage: is_multi_sim: true
04-28 23:06:48.978  5521  5521 D PersistAtomsStorage: is_multiparty: false
04-28 23:06:48.978  5521  5521 D PersistAtomsStorage: is_roaming: false
04-28 23:06:48.978  5521  5521 D PersistAtomsStorage: last_known_rat: 20
04-28 23:06:48.978  5521  5521 D PersistAtomsStorage: main_codec_quality: 2
04-28 23:06:48.978  5521  5521 D PersistAtomsStorage: rat_at_connected: 0
04-28 23:06:48.978  5521  5521 D PersistAtomsStorage: rat_at_end: 20
04-28 23:06:48.978  5521  5521 D PersistAtomsStorage: rat_at_start: 20
04-28 23:06:48.978  5521  5521 D PersistAtomsStorage: rat_switch_count: 0
04-28 23:06:48.978  5521  5521 D PersistAtomsStorage: rtt_enabled: false
04-28 23:06:48.978  5521  5521 D PersistAtomsStorage: setup_begin_millis: 0
04-28 23:06:48.978  5521  5521 D PersistAtomsStorage: setup_duration_millis: 0
04-28 23:06:48.978  5521  5521 D PersistAtomsStorage: setup_failed: true
04-28 23:06:48.978  5521  5521 D PersistAtomsStorage: signal_strength_at_end: 3
04-28 23:06:48.978  5521  5521 D PersistAtomsStorage: sim_slot_index: 1
04-28 23:06:48.978  5521  5521 D PersistAtomsStorage: srvcc_cancellation_count: 0
04-28 23:06:48.978  5521  5521 D PersistAtomsStorage: srvcc_completed: false
04-28 23:06:48.978  5521  5521 D PersistAtomsStorage: srvcc_failure_count: 0
04-28 23:06:48.978  5521  5521 D PersistAtomsStorage: video_enabled: false
04-28 23:06:48.981  5521  5521 D ImsPhoneCallTracker: [1] maybeRemapReasonCode : fromCode = 143 ; message = 
04-28 23:06:48.982  5521  5521 D ImsPhoneCallTracker: [1] processCallStateChange [ImsCall objId:75099660 onHold:N mute:N mCallProfile:{ serviceType=1, callType=2, restrictCause=0, mediaProfile={ audioQuality=0, audioDirection=3, audioCodecAttribute=null, videoQuality=0, videoDirection=-1, rttMode=0, hasRttAudioSpeech=false }, emergencyServiceCategories=0, emergencyUrns=[], emergencyCallRouting=0, emergencyCallTesting=false, hasKnownUserIntentEmergency=false, mRestrictCause=0, mCallerNumberVerstat= 0, mAcceptedRtpHeaderExtensions= [] } networkType:13 updateRequest:NONE merging:N merge action pending:N merged:N multiParty:N confHost:N buried term:N isVideo: N wasVideo: N isWifi: N session:[ImsCallSession objId:214144319 callId:1] transientSession:null] state=DISCONNECTED cause=16
04-28 23:06:48.982  5521  5521 D ImsPhoneCallTracker: [1] processCallStateChange state=DISCONNECTED cause=16 ignoreState=false
04-28 23:06:48.982  5521  6406 V SMSVC   : getSubscriptionUserHandle subId = 4 userHandle = UserHandle{-10000}
04-28 23:06:48.982  5521  5521 V ImsPhoneConnection: update localCallProfile={ serviceType=1, callType=2, restrictCause=0, mediaProfile={ audioQuality=2, audioDirection=3, audioCodecAttribute=null, videoQuality=0, videoDirection=-1, rttMode=0, hasRttAudioSpeech=false }, emergencyServiceCategories=0, emergencyUrns=[], emergencyCallRouting=0, emergencyCallTesting=false, hasKnownUserIntentEmergency=false, mRestrictCause=0, mCallerNumberVerstat= 0, mAcceptedRtpHeaderExtensions= [] }
04-28 23:06:48.982  5521  5521 I ImsPhoneConnection: applyLocalCallCapabilities - localProfile = { serviceType=1, callType=2, restrictCause=0, mediaProfile={ audioQuality=2, audioDirection=3, audioCodecAttribute=null, videoQuality=0, videoDirection=-1, rttMode=0, hasRttAudioSpeech=false }, emergencyServiceCategories=0, emergencyUrns=[], emergencyCallRouting=0, emergencyCallTesting=false, hasKnownUserIntentEmergency=false, mRestrictCause=0, mCallerNumberVerstat= 0, mAcceptedRtpHeaderExtensions= [] }
04-28 23:06:48.982  5521  5521 V ImsPhoneConnection: update remoteCallProfile={ serviceType=1, callType=3, restrictCause=0, mediaProfile={ audioQuality=0, audioDirection=3, audioCodecAttribute=null, videoQuality=0, videoDirection=-1, rttMode=0, hasRttAudioSpeech=false }, emergencyServiceCategories=0, emergencyUrns=[], emergencyCallRouting=0, emergencyCallTesting=false, hasKnownUserIntentEmergency=false, mRestrictCause=0, mCallerNumberVerstat= 0, mAcceptedRtpHeaderExtensions= [] }
04-28 23:06:48.982  5521  5521 W ImsPhoneConnection: applyRemoteCallCapabilities - remoteProfile = { serviceType=1, callType=3, restrictCause=0, mediaProfile={ audioQuality=0, audioDirection=3, audioCodecAttribute=null, videoQuality=0, videoDirection=-1, rttMode=0, hasRttAudioSpeech=false }, emergencyServiceCategories=0, emergencyUrns=[], emergencyCallRouting=0, emergencyCallTesting=false, hasKnownUserIntentEmergency=false, mRestrictCause=0, mCallerNumberVerstat= 0, mAcceptedRtpHeaderExtensions= [] }
04-28 23:06:48.982  5521  5521 V ImsPhoneConnection: data is not metered
04-28 23:06:48.983  5521  5521 I ImsPhoneCall: maybeChangeRingbackState: state=DISCONNECTED
04-28 23:06:48.983  5521  5521 D ImsPhoneConnection: updateAddressDisplay: callId = TC@29_1 address = [****] name =  nump = 1 namep = 3
04-28 23:06:48.983  5521  5521 V ImsPhoneConnection: update localCallProfile={ serviceType=1, callType=2, restrictCause=0, mediaProfile={ audioQuality=2, audioDirection=3, audioCodecAttribute=null, videoQuality=0, videoDirection=-1, rttMode=0, hasRttAudioSpeech=false }, emergencyServiceCategories=0, emergencyUrns=[], emergencyCallRouting=0, emergencyCallTesting=false, hasKnownUserIntentEmergency=false, mRestrictCause=0, mCallerNumberVerstat= 0, mAcceptedRtpHeaderExtensions= [] }
04-28 23:06:48.983  5521  5521 I ImsPhoneConnection: applyLocalCallCapabilities - localProfile = { serviceType=1, callType=2, restrictCause=0, mediaProfile={ audioQuality=2, audioDirection=3, audioCodecAttribute=null, videoQuality=0, videoDirection=-1, rttMode=0, hasRttAudioSpeech=false }, emergencyServiceCategories=0, emergencyUrns=[], emergencyCallRouting=0, emergencyCallTesting=false, hasKnownUserIntentEmergency=false, mRestrictCause=0, mCallerNumberVerstat= 0, mAcceptedRtpHeaderExtensions= [] }
04-28 23:06:48.983  5521  5521 V ImsPhoneConnection: update remoteCallProfile={ serviceType=1, callType=3, restrictCause=0, mediaProfile={ audioQuality=0, audioDirection=3, audioCodecAttribute=null, videoQuality=0, videoDirection=-1, rttMode=0, hasRttAudioSpeech=false }, emergencyServiceCategories=0, emergencyUrns=[], emergencyCallRouting=0, emergencyCallTesting=false, hasKnownUserIntentEmergency=false, mRestrictCause=0, mCallerNumberVerstat= 0, mAcceptedRtpHeaderExtensions= [] }
04-28 23:06:48.983  5521  5521 W ImsPhoneConnection: applyRemoteCallCapabilities - remoteProfile = { serviceType=1, callType=3, restrictCause=0, mediaProfile={ audioQuality=0, audioDirection=3, audioCodecAttribute=null, videoQuality=0, videoDirection=-1, rttMode=0, hasRttAudioSpeech=false }, emergencyServiceCategories=0, emergencyUrns=[], emergencyCallRouting=0, emergencyCallTesting=false, hasKnownUserIntentEmergency=false, mRestrictCause=0, mCallerNumberVerstat= 0, mAcceptedRtpHeaderExtensions= [] }
04-28 23:06:48.983  5521  5521 V ImsPhoneConnection: data is not metered
04-28 23:06:48.983  5521  5521 D ImsPhoneConnection: onDisconnect: cause=16
04-28 23:06:48.983  5521  5521 I Connection: notifyDisconnect: callId=TC@29_1, reason=16
04-28 23:06:48.984  5521  5521 D ImsPhoneConnection: releaseWakeLock
04-28 23:06:48.985  5521  5521 D ImsPhoneCallTracker: [1] updatePhoneState pendingMo = null, rng= IDLE(), fg= IDLE(), bg= IDLE()
04-28 23:06:48.985  5521  5521 D ImsPhoneCallTracker: [1] updatePhoneState oldState=RINGING, newState=IDLE
04-28 23:06:48.985  5521  6406 V SMSVC   : getSubscriptionUserHandle subId = 4 userHandle = UserHandle{-10000}
04-28 23:06:48.985  5521  6409 D FeatureConfiguration: Checking feature: FEATURE_DUAL_VOLTE
04-28 23:06:48.986  5521  6409 D FeatureConfiguration: Feature FEATURE_DUAL_VOLTE build is supported, featureSupported=true
04-28 23:06:48.986  5521  5521 D QtiGsmCdmaPhone: [1 ] handleMessage: Event: 59
04-28 23:06:48.986  5521  5521 D GsmCdmaPhone: [1] updateLinkCapacityEstimate: lce list=[{mType=0, mDownlinkCapacityKbps=91, mUplinkCapacityKbps=-1}, {mType=1, mDownlinkCapacityKbps=0, mUplinkCapacityKbps=0}]
04-28 23:06:48.987  5521  6409 D ImsManagerIM [0]: getLocalImsConfigKeInt() for key:68, result: 0
04-28 23:06:48.988  5521  6406 D Phone   : isImsRegistered =true
04-28 23:06:48.989  5521  6409 V SMSVC   : getSubscriptionUserHandle subId = 4 userHandle = UserHandle{-10000}
04-28 23:06:48.990  5521  6284 D FeatureConfiguration: Checking feature: FEATURE_DSDA
04-28 23:06:48.990  5521  6284 D FeatureConfiguration: Feature FEATURE_DSDA build is supported, featureSupported=true
04-28 23:06:48.990  5521  6284 D MiuiPhoneInterfaceManager: isConcurrentCallsPossible true
04-28 23:06:48.990  5521  6284 D MiuiPhoneInterfaceManager: isConcurrentCallsPossible true
04-28 23:06:48.991  5521  5521 D ImsPhoneConnection: getDisconnectCause: cause=16
04-28 23:06:48.991  5521  5521 D ImsPhoneConnection: getDisconnectCause: cause=16
04-28 23:06:48.991  5521  5521 D ImsPhoneConnection: getDisconnectCause: cause=16
04-28 23:06:48.994  5521  6409 V SMSVC   : getSubscriptionUserHandle subId = 4 userHandle = UserHandle{-10000}
04-28 23:06:48.996  5521  6284 D MiuiPhoneInterfaceManager: isConcurrentCallsPossible true
04-28 23:06:48.996  5521  6284 D MiuiDsdaStatistic: nonDataSlot: 1 , isVideoCallfalse
04-28 23:06:48.997  5521  5521 I RelayLog: RelayManager --> onRelayCallStateChanged state:DISCONNECTED
04-28 23:06:48.997  5521  5521 I RelayLog:  --> isCallRelayed: No!
04-28 23:06:48.997  5521  5521 I RelayLog:  --> isCallRelaying: No!
04-28 23:06:48.997  5521  5521 I RelayLog: RelayManager --> onRelayCallStateChanged not update
04-28 23:06:48.997  5521  5521 D QtiDSMGR-1: handleMessage: 2
04-28 23:06:48.997  5521  5521 D QtiDSMGR-1: hasTempDdsSwitched = false
04-28 23:06:48.997  5521  5521 D DSMGR-1 : mIsDataEnabled=true, prevDataEnabled=true
04-28 23:06:48.997  5521  5521 D DNC-1   : handleMessage, msg.what = 18
04-28 23:06:48.997  5521  5521 D MiuiDataControllerImpl[1]: onVoiceCallChange,getPhoneId = 0
04-28 23:06:48.998  5521  6409 V SMSVC   : getSubscriptionUserHandle subId = 4 userHandle = UserHandle{-10000}
04-28 23:06:48.998  5521  5521 D MiuiDataControllerImpl: Qcom Dsda State = true
04-28 23:06:48.998  5521  5521 D MiuiDataControllerImpl: isCurrentDSDAState:true
04-28 23:06:48.998  5521  5521 D MiuiDisplayInfoController: activeDataSubId = 4, otherPhoneIsInCall = false, isDsdaFullOrTxsConcurrencyState = true, isDsdaOrDsdalike = true, isDualDataConnected = false, subId = 4, phoneId = 0
04-28 23:06:48.998  5521  5521 D MiuiDisplayInfoController: isInternetNetworkConnected = true, isDataSuspended = false, phoneId = 0
04-28 23:06:48.998  5521  6257 D MiuiDefaultPhoneNotifierImpl: notifyDataConnectionForSubscriber[0] state = CONNECTED
04-28 23:06:48.999  5521  5521 D DN-102-C: ConnectedState: updateNetworkCapabilities: Capabilities not changed.
04-28 23:06:48.999  5521  5521 D PhoneSwitcher: handle event - 109
04-28 23:06:48.999  5521  5521 D MiuiDataControllerImpl: Qcom Dsda State = true
04-28 23:06:48.999  5521  5521 D MiuiDataControllerImpl: isCurrentDSDAState:true
04-28 23:06:48.999  5521  5521 D MiuiPhoneSwitcherImpl: isViceVolteDataEnabled: false, isCurrentDsdaState: true, isDsdaFullConcurrencyState: false, isPlatformDE30: true, isPlatformDE50: false, isVicePhoneInVoiceCall: false
04-28 23:06:48.999  5521  5521 D PhoneSwitcher: phoneInVoiceCall:false
04-28 23:06:48.999  5521  5521 D MiuiDataControllerImpl: Qcom Dsda State = true
04-28 23:06:48.999  5521  5521 D MiuiDataControllerImpl: isCurrentDSDAState:true
04-28 23:06:49.000  5521  5521 D MiuiPhoneSwitcherImpl: isViceVolteDataEnabled: false, isCurrentDsdaState: true, isDsdaFullConcurrencyState: false, isPlatformDE30: true, isPlatformDE50: false, isVicePhoneInVoiceCall: false
04-28 23:06:49.000  5521  5521 D PhoneSwitcher: phoneInVoiceCall:false
04-28 23:06:49.000  5521  5521 D MiuiDataControllerImpl: Qcom Dsda State = true
04-28 23:06:49.000  5521  5521 D MiuiDataControllerImpl: isCurrentDSDAState:true
04-28 23:06:49.001  5521  5521 D MiuiPhoneSwitcherImpl: isViceVolteDataEnabled: false, isCurrentDsdaState: true, isDsdaFullConcurrencyState: false, isPlatformDE30: true, isPlatformDE50: false, isVicePhoneInVoiceCall: false
04-28 23:06:49.001  5521  5521 D PhoneSwitcher: phoneInVoiceCall:false
04-28 23:06:49.001  5521  5521 D MiuiDataControllerImpl: Qcom Dsda State = true
04-28 23:06:49.001  5521  5521 D MiuiDataControllerImpl: isCurrentDSDAState:true
04-28 23:06:49.001  5521  5521 D MiuiPhoneSwitcherImpl: isViceVolteDataEnabled: false, isCurrentDsdaState: true, isDsdaFullConcurrencyState: false, isPlatformDE30: true, isPlatformDE50: false, isVicePhoneInVoiceCall: false
04-28 23:06:49.001  5521  5521 D PhoneSwitcher: phoneInVoiceCall:false
04-28 23:06:49.001  5521  5521 D PhoneSwitcher: isPhoneInVoiceCallChanged: mPhoneIdInVoiceCall=-1
04-28 23:06:49.001  5521  5521 D PhoneSwitcher: EVENT_PRECISE_CALL_STATE_CHANGED Enforce evaluating once after call ends
04-28 23:06:49.001  5521  5521 D MiuiPhoneSwitcherImpl: updatePreferredDataPhoneId  TempDataPhoneId=-1,isTempDdsSwitchEnabled=false
04-28 23:06:49.001  5521  5521 D MiuiDisplayInfoController: EVENT_PRECISE_CALL_STATE_CHANGED
04-28 23:06:49.001  5521  5521 D MiuiDisplayInfoController: handleCallStateChanged: false,isHasDelay=false,phone.getState(): IDLE
04-28 23:06:49.002  5521  6409 V SMSVC   : getSubscriptionUserHandle subId = 4 userHandle = UserHandle{-10000}
04-28 23:06:49.003  5521  5521 D RILJ    : [8821]> GET_ACTIVITY_INFO [PHONE0]
04-28 23:06:49.003  5521  5521 D DNC-1   : handleMessage, msg.what = 16
04-28 23:06:49.003  5521  5521 D DNC-1   : Re-evaluating 1 existing data networks due to VOICE_CALL_ENDED
04-28 23:06:49.003  5521  5521 D DNC-1   : addDataDisallowedReasonWhenInSecureMode: mIsInSecureMode = false
04-28 23:06:49.003  5521  5521 D MiuiDataControllerImpl[1]: isFdnEnableSupport = false
04-28 23:06:49.003  5521  5521 D MiuiDataControllerImpl[1]: isFdnEnabled = false
04-28 23:06:49.004  5521  5521 D QtiDSMGR-1: hasTempDdsSwitched = false
04-28 23:06:49.004  5521  5521 D DNC-1   : Evaluated [DataNetwork: DN-102-C, ims, state=ConnectedState], Data evaluation: evaluation reason:VOICE_CALL_ENDED, Data allowed reason: NORMAL, candidate profile=null, time=23:06:49.004
04-28 23:06:49.007  5521  6406 D RILJ    : [8821]< GET_ACTIVITY_INFO ModemActivityInfo{ mTimestamp=1401549385 mSleepTimeMs=92 mIdleTimeMs=4 mActivityStatsTechSpecificInfo=[{mRat=UNKNOWN,mFrequencyRange=UNKNOWN,mTxTimeMs[]=[0, 0, 0, 0, 0],mRxTimeMs=6922}]} [PHONE0]
04-28 23:06:49.008  5521  6409 V SMSVC   : getSubscriptionUserHandle subId = 4 userHandle = UserHandle{-10000}
04-28 23:06:49.012  5521  6409 V SMSVC   : getSubscriptionUserHandle subId = 4 userHandle = UserHandle{-10000}
04-28 23:06:49.016  5521  6409 V SMSVC   : getSubscriptionUserHandle subId = 4 userHandle = UserHandle{-10000}
04-28 23:06:49.020  5521  6409 V SMSVC   : getSubscriptionUserHandle subId = 4 userHandle = UserHandle{-10000}
04-28 23:06:49.024  5521  6409 V SMSVC   : getSubscriptionUserHandle subId = 4 userHandle = UserHandle{-10000}
04-28 23:06:49.028  5521  6409 V SMSVC   : getSubscriptionUserHandle subId = 4 userHandle = UserHandle{-10000}
04-28 23:06:49.032  5521  6409 V SMSVC   : getSubscriptionUserHandle subId = 4 userHandle = UserHandle{-10000}
04-28 23:06:49.037  5521  6409 V SMSVC   : getSubscriptionUserHandle subId = 4 userHandle = UserHandle{-10000}
04-28 23:06:49.040  5521  6409 V SMSVC   : getSubscriptionUserHandle subId = 4 userHandle = UserHandle{-10000}
04-28 23:06:49.044  5521  6409 V SMSVC   : getSubscriptionUserHandle subId = 4 userHandle = UserHandle{-10000}
04-28 23:06:49.047  5521  6409 V SMSVC   : getSubscriptionUserHandle subId = 4 userHandle = UserHandle{-10000}
04-28 23:06:49.050  5521  6409 V SMSVC   : getSubscriptionUserHandle subId = 4 userHandle = UserHandle{-10000}
04-28 23:06:49.054  5521  6409 V SMSVC   : getSubscriptionUserHandle subId = 4 userHandle = UserHandle{-10000}
04-28 23:06:49.064  5521  6409 V SMSVC   : getSubscriptionUserHandle subId = 4 userHandle = UserHandle{-10000}
04-28 23:06:49.068  5521  6409 V SMSVC   : getSubscriptionUserHandle subId = 4 userHandle = UserHandle{-10000}
04-28 23:06:49.071  5521  6409 V SMSVC   : getSubscriptionUserHandle subId = 4 userHandle = UserHandle{-10000}
04-28 23:06:49.075  5521  6409 V SMSVC   : getSubscriptionUserHandle subId = 4 userHandle = UserHandle{-10000}
04-28 23:06:49.078  5521  6409 V SMSVC   : getSubscriptionUserHandle subId = 4 userHandle = UserHandle{-10000}
04-28 23:06:49.082  5521  6409 V SMSVC   : getSubscriptionUserHandle subId = 4 userHandle = UserHandle{-10000}
04-28 23:06:49.085  2674  6744 D FeatureConfiguration: Checking feature: FEATURE_HNAGUP_OPTIMIZATION_V3
04-28 23:06:49.085  2674  6744 D FeatureConfiguration: Feature FEATURE_HNAGUP_OPTIMIZATION_V3 build is supported, featureSupported=true
04-28 23:06:49.086  2674  6744 E PhoneNumberUtils: formatNumber exception: 
04-28 23:06:49.086  2674  6744 E PhoneNumberUtils: Error type: NOT_A_NUMBER. The string supplied did not seem to be a phone number.
04-28 23:06:49.086  2674  6744 E PhoneNumberUtils: 	at com.android.i18n.phonenumbers.PhoneNumberUtil.parseHelper(PhoneNumberUtil.java:3287)
04-28 23:06:49.086  2674  6744 E PhoneNumberUtils: 	at com.android.i18n.phonenumbers.PhoneNumberUtil.parseAndKeepRawInput(PhoneNumberUtil.java:3197)
04-28 23:06:49.086  2674  6744 E PhoneNumberUtils: 	at com.android.i18n.phonenumbers.PhoneNumberUtil.parseAndKeepRawInput(PhoneNumberUtil.java:3186)
04-28 23:06:49.086  2674  6744 E PhoneNumberUtils: 	at android.telephony.PhoneNumberUtils.formatNumber(PhoneNumberUtils.java:1665)
04-28 23:06:49.086  2674  6744 E PhoneNumberUtils: 	at com.android.server.telecom.CallLogManager.logCall(CallLogManager.java:322)
04-28 23:06:49.086  2674  6744 E PhoneNumberUtils: 	at com.android.server.telecom.CallLogManager.logCall(CallLogManager.java:279)
04-28 23:06:49.086  2674  6744 E PhoneNumberUtils: 	at com.android.server.telecom.CallLogManager.onCallStateChanged(CallLogManager.java:157)
04-28 23:06:49.086  2674  6744 E PhoneNumberUtils: 	at com.android.server.telecom.CallsManager.notifyCallStateChanged(CallsManager.java:4815)
04-28 23:06:49.086  2674  6744 E PhoneNumberUtils: 	at com.android.server.telecom.CallsManager.setCallState(CallsManager.java:4792)
04-28 23:06:49.086  2674  6744 E PhoneNumberUtils: 	at com.android.server.telecom.CallsManager.markCallAsDisconnected(CallsManager.java:4070)
04-28 23:06:49.086  2674  6744 E PhoneNumberUtils: 	at com.android.server.telecom.ConnectionServiceWrapper$Adapter.setDisconnected(ConnectionServiceWrapper.java:314)
04-28 23:06:49.086  2674  6744 E PhoneNumberUtils: 	at com.android.internal.telecom.IConnectionServiceAdapter$Stub.onTransact(IConnectionServiceAdapter.java:445)
04-28 23:06:49.086  2674  6744 E PhoneNumberUtils: 	at android.os.Binder.execTransactInternal(Binder.java:1351)
04-28 23:06:49.086  2674  6744 E PhoneNumberUtils: 	at android.os.Binder.execTransact(Binder.java:1282)
04-28 23:06:49.104  5521  5521 D RILJ    : [8822]> GET_ACTIVITY_INFO [PHONE0]
04-28 23:06:49.107  5521  6409 D Phone   : isImsRegistered =true
04-28 23:06:49.108  5521  6406 D RILJ    : [8822]< GET_ACTIVITY_INFO ModemActivityInfo{ mTimestamp=1401549487 mSleepTimeMs=0 mIdleTimeMs=0 mActivityStatsTechSpecificInfo=[{mRat=UNKNOWN,mFrequencyRange=UNKNOWN,mTxTimeMs[]=[0, 0, 0, 0, 0],mRxTimeMs=0}]} [PHONE0]
04-28 23:06:49.109  5521  5521 D PhoneReceiver: Received action:android.intent.action.PHONE_STATE
04-28 23:06:49.109  5521  5521 D PhoneReceiver: ACTION_PHONE_STATE_CHANGED phoneid: -1 state: OFFHOOK
04-28 23:06:49.109  5521  5521 D PhoneReceiver: Received action:android.intent.action.PHONE_STATE
04-28 23:06:49.109  5521  5521 D PhoneReceiver: ACTION_PHONE_STATE_CHANGED phoneid: -1 state: OFFHOOK
04-28 23:06:49.110  5521  5521 D PhoneReceiver: Received action:android.intent.action.PHONE_STATE
04-28 23:06:49.110  5521  5521 D PhoneReceiver: ACTION_PHONE_STATE_CHANGED phoneid: -1 state: OFFHOOK
04-28 23:06:49.117  5521  6406 D InternalTelephonyUtils: isValidChinaMobileNumber = false
04-28 23:06:49.118  5521  6409 D FeatureConfiguration: Checking feature: FEATURE_DUAL_VOLTE
04-28 23:06:49.118  5521  6409 D FeatureConfiguration: Feature FEATURE_DUAL_VOLTE build is supported, featureSupported=true
04-28 23:06:49.118  5521  6409 D ImsManagerIM [0]: getLocalImsConfigKeInt() for key:68, result: 0
04-28 23:06:49.122  5521  6409 D Phone   : isImsRegistered =true
04-28 23:06:49.123  5521  6407 D Phone   : isImsRegistered =true
04-28 23:06:49.138  5521  6409 D Phone   : isImsRegistered =true
04-28 23:06:49.141  5521  6409 D MiuiPhoneInterfaceManager: isConcurrentCallsPossible true
04-28 23:06:49.142  5521  6409 D MiuiPhoneInterfaceManager: isConcurrentCallsPossible true
04-28 23:06:49.144  5521  6409 D MiuiPhoneInterfaceManager: isConcurrentCallsPossible true
04-28 23:06:49.145  5521  6409 D Phone   : isImsRegistered =true
04-28 23:06:49.149  5521  6409 D Phone   : isImsRegistered =true
04-28 23:06:49.153  5521  6409 D MiuiPhoneInterfaceManager: isConcurrentCallsPossible true
04-28 23:06:49.154  5521  6409 D MiuiPhoneInterfaceManager: isConcurrentCallsPossible true
04-28 23:06:49.167  5521  6409 D FeatureConfiguration: Checking feature: FEATURE_DUAL_VOLTE
04-28 23:06:49.167  5521  6409 D FeatureConfiguration: Feature FEATURE_DUAL_VOLTE build is supported, featureSupported=true
04-28 23:06:49.167  5521  6409 D ImsManagerIM [0]: getLocalImsConfigKeInt() for key:68, result: 0
04-28 23:06:49.168  5521  6409 D Phone   : isImsRegistered =true
04-28 23:06:49.174  5521  6409 D FeatureConfiguration: Checking feature: FEATURE_DUAL_VOLTE
04-28 23:06:49.174  5521  6409 D FeatureConfiguration: Feature FEATURE_DUAL_VOLTE build is supported, featureSupported=true
04-28 23:06:49.174  5521  6409 D ImsManagerIM [0]: getLocalImsConfigKeInt() for key:68, result: 0
04-28 23:06:49.177  5521  6409 D Phone   : isImsRegistered =true
04-28 23:06:49.298  1894  3705 D RequestManager: [RequestManager.cpp: 341] [Loc_hal_worker(1894,3705)] listenForResponses: record_stream_get_next: recordLen: 76, ret: -1, errno: 11, errStr: Try again, socket fd: 32
04-28 23:06:49.298  2951  3573 I qcrilNrd: RIL Response bytes written:4
04-28 23:06:49.298  1894  3705 D RequestManager: [RequestManager.cpp: 341] [Loc_hal_worker(1894,3705)] listenForResponses: record_stream_get_next: recordLen: 301, ret: 0, errno: 0, errStr: Success, socket fd: 32
04-28 23:06:49.298  1894  3705 D RequestManager: [RequestManager.cpp: 358] [Loc_hal_worker(1894,3705)] listenForResponses: Got a response parcel
04-28 23:06:49.299  2951  3573 I qcrilNrd: RIL Response bytes written:301
04-28 23:06:49.302  5521  5521 D ImsPhoneCallTracker: [0] onCallUpdated
04-28 23:06:49.302  5521  5521 D ImsPhoneCallTracker: [0] onCallUpdated: profile is { serviceType=1, callType=2, restrictCause=0, mediaProfile={ audioQuality=0, audioDirection=3, audioCodecAttribute=null, videoQuality=0, videoDirection=-1, rttMode=0, hasRttAudioSpeech=false }, emergencyServiceCategories=0, emergencyUrns=[], emergencyCallRouting=0, emergencyCallTesting=false, hasKnownUserIntentEmergency=false, mRestrictCause=0, mCallerNumberVerstat= 0, mAcceptedRtpHeaderExtensions= [] }
04-28 23:06:49.302  5521  5521 D ImsPhoneCallTracker: [0] processCallStateChange state=ALERTING cause=0 ignoreState=true
04-28 23:06:49.303  5521  5521 V ImsPhoneConnection: update localCallProfile={ serviceType=1, callType=2, restrictCause=0, mediaProfile={ audioQuality=1, audioDirection=3, audioCodecAttribute=null, videoQuality=0, videoDirection=-1, rttMode=0, hasRttAudioSpeech=false }, emergencyServiceCategories=0, emergencyUrns=[], emergencyCallRouting=0, emergencyCallTesting=false, hasKnownUserIntentEmergency=false, mRestrictCause=0, mCallerNumberVerstat= 0, mAcceptedRtpHeaderExtensions= [] }
04-28 23:06:49.303  5521  5521 I ImsPhoneConnection: applyLocalCallCapabilities - localProfile = { serviceType=1, callType=2, restrictCause=0, mediaProfile={ audioQuality=1, audioDirection=3, audioCodecAttribute=null, videoQuality=0, videoDirection=-1, rttMode=0, hasRttAudioSpeech=false }, emergencyServiceCategories=0, emergencyUrns=[], emergencyCallRouting=0, emergencyCallTesting=false, hasKnownUserIntentEmergency=false, mRestrictCause=0, mCallerNumberVerstat= 0, mAcceptedRtpHeaderExtensions= [] }
04-28 23:06:49.303  5521  5521 V ImsPhoneConnection: update remoteCallProfile={ serviceType=1, callType=3, restrictCause=0, mediaProfile={ audioQuality=0, audioDirection=3, audioCodecAttribute=null, videoQuality=0, videoDirection=-1, rttMode=0, hasRttAudioSpeech=false }, emergencyServiceCategories=0, emergencyUrns=[], emergencyCallRouting=0, emergencyCallTesting=false, hasKnownUserIntentEmergency=false, mRestrictCause=0, mCallerNumberVerstat= 0, mAcceptedRtpHeaderExtensions= [] }
04-28 23:06:49.303  5521  5521 W ImsPhoneConnection: applyRemoteCallCapabilities - remoteProfile = { serviceType=1, callType=3, restrictCause=0, mediaProfile={ audioQuality=0, audioDirection=3, audioCodecAttribute=null, videoQuality=0, videoDirection=-1, rttMode=0, hasRttAudioSpeech=false }, emergencyServiceCategories=0, emergencyUrns=[], emergencyCallRouting=0, emergencyCallTesting=false, hasKnownUserIntentEmergency=false, mRestrictCause=0, mCallerNumberVerstat= 0, mAcceptedRtpHeaderExtensions= [] }
04-28 23:06:49.303  5521  5521 V ImsPhoneConnection: data is not metered
04-28 23:06:49.303  5521  5521 I ImsPhoneConnection: updateMediaCapabilities: mediate attributes changed: codec = 1, bitRate=0.0, bandwidth=0.0
04-28 23:06:49.304  5521  5521 I ImsPhoneConnection: maybeChangeRingbackState
04-28 23:06:49.304  5521  5521 I ImsPhoneCall: maybeChangeRingbackState: state=ALERTING
04-28 23:06:49.304  5521  5521 I ImsPhoneCall: isLocalTone: audioDirection=3, playRingback=false
04-28 23:06:49.305  5521  5521 I MiuiCarrierConfigHelper: getBooleanCarrierConfigForSubId subId:4 key:display_hd_audio_property_bool result:true
04-28 23:06:49.309  5521  6407 D Phone   : isImsRegistered =true
04-28 23:06:49.314  5521  6407 D Phone   : isImsRegistered =true
04-28 23:06:49.316  1894  3705 D RequestManager: [RequestManager.cpp: 341] [Loc_hal_worker(1894,3705)] listenForResponses: record_stream_get_next: recordLen: 301, ret: -1, errno: 11, errStr: Try again, socket fd: 32
04-28 23:06:49.316  2951  3573 I qcrilNrd: RIL Response bytes written:4
04-28 23:06:49.316  1894  3705 D RequestManager: [RequestManager.cpp: 341] [Loc_hal_worker(1894,3705)] listenForResponses: record_stream_get_next: recordLen: 301, ret: 0, errno: 0, errStr: Success, socket fd: 32
04-28 23:06:49.316  1894  3705 D RequestManager: [RequestManager.cpp: 358] [Loc_hal_worker(1894,3705)] listenForResponses: Got a response parcel
04-28 23:06:49.316  2951  3573 I qcrilNrd: RIL Response bytes written:301
04-28 23:06:49.318  5521  5521 D ImsPhoneCallTracker: [0] onCallUpdated
04-28 23:06:49.318  5521  5521 D ImsPhoneCallTracker: [0] onCallUpdated: profile is { serviceType=1, callType=2, restrictCause=0, mediaProfile={ audioQuality=0, audioDirection=3, audioCodecAttribute=null, videoQuality=0, videoDirection=-1, rttMode=0, hasRttAudioSpeech=false }, emergencyServiceCategories=0, emergencyUrns=[], emergencyCallRouting=0, emergencyCallTesting=false, hasKnownUserIntentEmergency=false, mRestrictCause=0, mCallerNumberVerstat= 0, mAcceptedRtpHeaderExtensions= [] }
04-28 23:06:49.318  5521  5521 D ImsPhoneCallTracker: [0] processCallStateChange state=ALERTING cause=0 ignoreState=true
04-28 23:06:49.319  5521  5521 V ImsPhoneConnection: update localCallProfile={ serviceType=1, callType=2, restrictCause=0, mediaProfile={ audioQuality=1, audioDirection=3, audioCodecAttribute=null, videoQuality=0, videoDirection=-1, rttMode=0, hasRttAudioSpeech=false }, emergencyServiceCategories=0, emergencyUrns=[], emergencyCallRouting=0, emergencyCallTesting=false, hasKnownUserIntentEmergency=false, mRestrictCause=0, mCallerNumberVerstat= 0, mAcceptedRtpHeaderExtensions= [] }
04-28 23:06:49.319  5521  5521 I ImsPhoneConnection: applyLocalCallCapabilities - localProfile = { serviceType=1, callType=2, restrictCause=0, mediaProfile={ audioQuality=1, audioDirection=3, audioCodecAttribute=null, videoQuality=0, videoDirection=-1, rttMode=0, hasRttAudioSpeech=false }, emergencyServiceCategories=0, emergencyUrns=[], emergencyCallRouting=0, emergencyCallTesting=false, hasKnownUserIntentEmergency=false, mRestrictCause=0, mCallerNumberVerstat= 0, mAcceptedRtpHeaderExtensions= [] }
04-28 23:06:49.319  5521  5521 V ImsPhoneConnection: update remoteCallProfile={ serviceType=1, callType=3, restrictCause=0, mediaProfile={ audioQuality=0, audioDirection=3, audioCodecAttribute=null, videoQuality=0, videoDirection=-1, rttMode=0, hasRttAudioSpeech=false }, emergencyServiceCategories=0, emergencyUrns=[], emergencyCallRouting=0, emergencyCallTesting=false, hasKnownUserIntentEmergency=false, mRestrictCause=0, mCallerNumberVerstat= 0, mAcceptedRtpHeaderExtensions= [] }
04-28 23:06:49.319  5521  5521 W ImsPhoneConnection: applyRemoteCallCapabilities - remoteProfile = { serviceType=1, callType=3, restrictCause=0, mediaProfile={ audioQuality=0, audioDirection=3, audioCodecAttribute=null, videoQuality=0, videoDirection=-1, rttMode=0, hasRttAudioSpeech=false }, emergencyServiceCategories=0, emergencyUrns=[], emergencyCallRouting=0, emergencyCallTesting=false, hasKnownUserIntentEmergency=false, mRestrictCause=0, mCallerNumberVerstat= 0, mAcceptedRtpHeaderExtensions= [] }
04-28 23:06:49.320  5521  5521 V ImsPhoneConnection: data is not metered
04-28 23:06:49.320  5521  5521 I ImsPhoneConnection: maybeChangeRingbackState
04-28 23:06:49.320  5521  5521 I ImsPhoneCall: maybeChangeRingbackState: state=ALERTING
04-28 23:06:49.320  5521  5521 I ImsPhoneCall: isLocalTone: audioDirection=3, playRingback=false
04-28 23:06:49.323  5521  6407 D Phone   : isImsRegistered =true
04-28 23:06:49.325  5521  6407 D MiuiPhoneInterfaceManager: isConcurrentCallsPossible true
04-28 23:06:49.325  5521  6409 D MiuiPhoneInterfaceManager: isConcurrentCallsPossible true
04-28 23:06:49.326  5521  6409 D FeatureConfiguration: Checking feature: FEATURE_DUAL_VOLTE
04-28 23:06:49.326  5521  6409 D FeatureConfiguration: Feature FEATURE_DUAL_VOLTE build is supported, featureSupported=true
04-28 23:06:49.326  5521  6409 D ImsManagerIM [0]: getLocalImsConfigKeInt() for key:68, result: 0
04-28 23:06:49.327  1894  3705 D RequestManager: [RequestManager.cpp: 341] [Loc_hal_worker(1894,3705)] listenForResponses: record_stream_get_next: recordLen: 301, ret: -1, errno: 11, errStr: Try again, socket fd: 32
04-28 23:06:49.327  2951  3573 I qcrilNrd: RIL Response bytes written:4
04-28 23:06:49.327  1894  3705 D RequestManager: [RequestManager.cpp: 341] [Loc_hal_worker(1894,3705)] listenForResponses: record_stream_get_next: recordLen: 301, ret: 0, errno: 0, errStr: Success, socket fd: 32
04-28 23:06:49.327  1894  3705 D RequestManager: [RequestManager.cpp: 358] [Loc_hal_worker(1894,3705)] listenForResponses: Got a response parcel
04-28 23:06:49.327  2951  3573 I qcrilNrd: RIL Response bytes written:301
04-28 23:06:49.328  1894  3705 D RequestManager: [RequestManager.cpp: 341] [Loc_hal_worker(1894,3705)] listenForResponses: record_stream_get_next: recordLen: 301, ret: -1, errno: 11, errStr: Try again, socket fd: 32
04-28 23:06:49.328  2951  3573 I qcrilNrd: RIL Response bytes written:4
04-28 23:06:49.328  1894  3705 D RequestManager: [RequestManager.cpp: 341] [Loc_hal_worker(1894,3705)] listenForResponses: record_stream_get_next: recordLen: 76, ret: 0, errno: 0, errStr: Success, socket fd: 32
04-28 23:06:49.328  1894  3705 D RequestManager: [RequestManager.cpp: 358] [Loc_hal_worker(1894,3705)] listenForResponses: Got a response parcel
04-28 23:06:49.328  2951  3573 I qcrilNrd: RIL Response bytes written:76
04-28 23:06:49.328  1894  3705 D RequestManager: [RequestManager.cpp: 341] [Loc_hal_worker(1894,3705)] listenForResponses: record_stream_get_next: recordLen: 76, ret: -1, errno: 11, errStr: Try again, socket fd: 32
04-28 23:06:49.328  2951  3573 I qcrilNrd: RIL Response bytes written:4
04-28 23:06:49.328  1894  3705 D RequestManager: [RequestManager.cpp: 341] [Loc_hal_worker(1894,3705)] listenForResponses: record_stream_get_next: recordLen: 76, ret: 0, errno: 0, errStr: Success, socket fd: 32
04-28 23:06:49.328  1894  3705 D RequestManager: [RequestManager.cpp: 358] [Loc_hal_worker(1894,3705)] listenForResponses: Got a response parcel
04-28 23:06:49.328  2951  3573 I qcrilNrd: RIL Response bytes written:76
04-28 23:06:49.330  5521  5521 D ImsPhoneCallTracker: [0] onCallUpdated
04-28 23:06:49.330  5521  5521 D ImsPhoneCallTracker: [0] onCallUpdated: profile is { serviceType=1, callType=2, restrictCause=0, mediaProfile={ audioQuality=0, audioDirection=3, audioCodecAttribute=null, videoQuality=0, videoDirection=-1, rttMode=0, hasRttAudioSpeech=false }, emergencyServiceCategories=0, emergencyUrns=[], emergencyCallRouting=0, emergencyCallTesting=false, hasKnownUserIntentEmergency=false, mRestrictCause=0, mCallerNumberVerstat= 0, mAcceptedRtpHeaderExtensions= [] }
04-28 23:06:49.330  5521  5521 D ImsPhoneCallTracker: [0] processCallStateChange state=ALERTING cause=0 ignoreState=true
04-28 23:06:49.331  5521  5521 V ImsPhoneConnection: update localCallProfile={ serviceType=1, callType=2, restrictCause=0, mediaProfile={ audioQuality=1, audioDirection=3, audioCodecAttribute=null, videoQuality=0, videoDirection=-1, rttMode=0, hasRttAudioSpeech=false }, emergencyServiceCategories=0, emergencyUrns=[], emergencyCallRouting=0, emergencyCallTesting=false, hasKnownUserIntentEmergency=false, mRestrictCause=0, mCallerNumberVerstat= 0, mAcceptedRtpHeaderExtensions= [] }
04-28 23:06:49.331  5521  5521 I ImsPhoneConnection: applyLocalCallCapabilities - localProfile = { serviceType=1, callType=2, restrictCause=0, mediaProfile={ audioQuality=1, audioDirection=3, audioCodecAttribute=null, videoQuality=0, videoDirection=-1, rttMode=0, hasRttAudioSpeech=false }, emergencyServiceCategories=0, emergencyUrns=[], emergencyCallRouting=0, emergencyCallTesting=false, hasKnownUserIntentEmergency=false, mRestrictCause=0, mCallerNumberVerstat= 0, mAcceptedRtpHeaderExtensions= [] }
04-28 23:06:49.331  5521  6409 D Phone   : isImsRegistered =true
04-28 23:06:49.331  5521  5521 V ImsPhoneConnection: update remoteCallProfile={ serviceType=1, callType=3, restrictCause=0, mediaProfile={ audioQuality=0, audioDirection=3, audioCodecAttribute=null, videoQuality=0, videoDirection=-1, rttMode=0, hasRttAudioSpeech=false }, emergencyServiceCategories=0, emergencyUrns=[], emergencyCallRouting=0, emergencyCallTesting=false, hasKnownUserIntentEmergency=false, mRestrictCause=0, mCallerNumberVerstat= 0, mAcceptedRtpHeaderExtensions= [] }
04-28 23:06:49.331  5521  5521 W ImsPhoneConnection: applyRemoteCallCapabilities - remoteProfile = { serviceType=1, callType=3, restrictCause=0, mediaProfile={ audioQuality=0, audioDirection=3, audioCodecAttribute=null, videoQuality=0, videoDirection=-1, rttMode=0, hasRttAudioSpeech=false }, emergencyServiceCategories=0, emergencyUrns=[], emergencyCallRouting=0, emergencyCallTesting=false, hasKnownUserIntentEmergency=false, mRestrictCause=0, mCallerNumberVerstat= 0, mAcceptedRtpHeaderExtensions= [] }
04-28 23:06:49.331  5521  5521 V ImsPhoneConnection: data is not metered
04-28 23:06:49.332  5521  5521 I ImsPhoneConnection: maybeChangeRingbackState
