--------- beginning of radio
04-28 23:06:34.104  5521  5521 D DNC-0   : getAllActiveCellularInterfaces All Interfaces: rmnet_data1
04-28 23:06:34.105  5521  5521 D DNC-0   : getAllActiveCellularInterfaces All Interfaces: rmnet_data4
04-28 23:06:34.121  5521  5521 D DNC-1   : getAllActiveCellularInterfaces All Interfaces: rmnet_data2
04-28 23:06:35.119  5521  5521 D DNC-0   : getAllActiveCellularInterfaces All Interfaces: rmnet_data1
04-28 23:06:35.120  5521  5521 D DNC-0   : getAllActiveCellularInterfaces All Interfaces: rmnet_data4
04-28 23:06:35.141  5521  5521 D DNC-1   : getAllActiveCellularInterfaces All Interfaces: rmnet_data2
04-28 23:06:36.139  5521  5521 D DNC-0   : getAllActiveCellularInterfaces All Interfaces: rmnet_data1
04-28 23:06:36.140  5521  5521 D DNC-0   : getAllActiveCellularInterfaces All Interfaces: rmnet_data4
04-28 23:06:36.156  5521  5521 D DNC-1   : getAllActiveCellularInterfaces All Interfaces: rmnet_data2
04-28 23:06:37.154  5521  5521 D DNC-0   : getAllActiveCellularInterfaces All Interfaces: rmnet_data1
04-28 23:06:37.155  5521  5521 D DNC-0   : getAllActiveCellularInterfaces All Interfaces: rmnet_data4
04-28 23:06:37.165  5521  5521 D DNC-1   : getAllActiveCellularInterfaces All Interfaces: rmnet_data2
04-28 23:06:38.167  5521  5521 D DNC-0   : getAllActiveCellularInterfaces All Interfaces: rmnet_data1
04-28 23:06:38.168  5521  5521 D DNC-0   : getAllActiveCellularInterfaces All Interfaces: rmnet_data4
04-28 23:06:38.178  5521  5521 D DNC-1   : getAllActiveCellularInterfaces All Interfaces: rmnet_data2
04-28 23:06:39.180  5521  5521 D DNC-0   : getAllActiveCellularInterfaces All Interfaces: rmnet_data1
04-28 23:06:39.180  5521  5521 D DNC-0   : getAllActiveCellularInterfaces All Interfaces: rmnet_data4
04-28 23:06:39.186  5521  5521 D DNC-1   : getAllActiveCellularInterfaces All Interfaces: rmnet_data2
04-28 23:06:39.289  5521  6552 I MiuiCarrierConfigHelper: getBooleanCarrierConfigForSubId subId:4key: config_voicemail_ignore_sim config: false
04-28 23:06:39.289  5521  6552 D GsmCdmaPhone: [0] getVoiceMailNumber: from IccRecords number=[****]
04-28 23:06:39.294  5521  6632 I MiuiCarrierConfigHelper: getBooleanCarrierConfigForSubId subId:4key: config_voicemail_ignore_sim config: false
04-28 23:06:39.294  5521  6632 D GsmCdmaPhone: [0] getVoiceMailNumber: from IccRecords number=[****]
04-28 23:06:39.305  5521  6632 I MiuiCarrierConfigHelper: getBooleanCarrierConfigForSubId subId:4key: config_voicemail_ignore_sim config: false
04-28 23:06:39.305  5521  6632 D GsmCdmaPhone: [0] getVoiceMailNumber: from IccRecords number=[****]
04-28 23:06:39.310  5521  6552 I MiuiCarrierConfigHelper: getBooleanCarrierConfigForSubId subId:4key: config_voicemail_ignore_sim config: false
04-28 23:06:39.310  5521  6552 D GsmCdmaPhone: [0] getVoiceMailNumber: from IccRecords number=[****]
04-28 23:06:39.314  5521  6552 I MiuiCarrierConfigHelper: getBooleanCarrierConfigForSubId subId:4key: config_voicemail_ignore_sim config: false
04-28 23:06:39.314  5521  6552 D GsmCdmaPhone: [0] getVoiceMailNumber: from IccRecords number=[****]
04-28 23:06:39.319  5521  6552 I MiuiCarrierConfigHelper: getBooleanCarrierConfigForSubId subId:4key: config_voicemail_ignore_sim config: false
04-28 23:06:39.319  5521  6552 D GsmCdmaPhone: [0] getVoiceMailNumber: from IccRecords number=[****]
04-28 23:06:39.324  5521  6632 I MiuiCarrierConfigHelper: getBooleanCarrierConfigForSubId subId:4key: config_voicemail_ignore_sim config: false
04-28 23:06:39.324  5521  6632 D GsmCdmaPhone: [0] getVoiceMailNumber: from IccRecords number=[****]
04-28 23:06:39.329  5521  6552 I MiuiCarrierConfigHelper: getBooleanCarrierConfigForSubId subId:4key: config_voicemail_ignore_sim config: false
04-28 23:06:39.330  5521  6552 D GsmCdmaPhone: [0] getVoiceMailNumber: from IccRecords number=[****]
04-28 23:06:39.457  5521  6552 I MiuiCarrierConfigHelper: getBooleanCarrierConfigForSubId subId:4key: config_voicemail_ignore_sim config: false
04-28 23:06:39.457  5521  6552 D GsmCdmaPhone: [0] getVoiceMailNumber: from IccRecords number=[****]
04-28 23:06:39.461  5521  6632 I MiuiCarrierConfigHelper: getBooleanCarrierConfigForSubId subId:4key: config_voicemail_ignore_sim config: false
04-28 23:06:39.461  5521  6632 D GsmCdmaPhone: [0] getVoiceMailNumber: from IccRecords number=[****]
04-28 23:06:39.467  5521  6632 I MiuiCarrierConfigHelper: getBooleanCarrierConfigForSubId subId:4key: config_voicemail_ignore_sim config: false
04-28 23:06:39.467  5521  6632 D GsmCdmaPhone: [0] getVoiceMailNumber: from IccRecords number=[****]
04-28 23:06:39.473  5521  6552 I MiuiCarrierConfigHelper: getBooleanCarrierConfigForSubId subId:4key: config_voicemail_ignore_sim config: false
04-28 23:06:39.473  5521  6552 D GsmCdmaPhone: [0] getVoiceMailNumber: from IccRecords number=[****]
04-28 23:06:39.479  5521  6632 I MiuiCarrierConfigHelper: getBooleanCarrierConfigForSubId subId:4key: config_voicemail_ignore_sim config: false
04-28 23:06:39.479  5521  6632 D GsmCdmaPhone: [0] getVoiceMailNumber: from IccRecords number=[****]
04-28 23:06:39.619  5521  6552 I MiuiCarrierConfigHelper: getBooleanCarrierConfigForSubId subId:4key: config_voicemail_ignore_sim config: false
04-28 23:06:39.619  5521  6552 D GsmCdmaPhone: [0] getVoiceMailNumber: from IccRecords number=[****]
04-28 23:06:39.623  5521  6632 I MiuiCarrierConfigHelper: getBooleanCarrierConfigForSubId subId:4key: config_voicemail_ignore_sim config: false
04-28 23:06:39.623  5521  6632 D GsmCdmaPhone: [0] getVoiceMailNumber: from IccRecords number=[****]
04-28 23:06:39.627  5521  6632 I MiuiCarrierConfigHelper: getBooleanCarrierConfigForSubId subId:4key: config_voicemail_ignore_sim config: false
04-28 23:06:39.627  5521  6632 D GsmCdmaPhone: [0] getVoiceMailNumber: from IccRecords number=[****]
04-28 23:06:39.796  5521  6552 I MiuiCarrierConfigHelper: getBooleanCarrierConfigForSubId subId:4key: config_voicemail_ignore_sim config: false
04-28 23:06:39.796  5521  6552 D GsmCdmaPhone: [0] getVoiceMailNumber: from IccRecords number=[****]
04-28 23:06:39.800  5521  6632 I MiuiCarrierConfigHelper: getBooleanCarrierConfigForSubId subId:4key: config_voicemail_ignore_sim config: false
04-28 23:06:39.800  5521  6632 D GsmCdmaPhone: [0] getVoiceMailNumber: from IccRecords number=[****]
04-28 23:06:40.187  5521  5521 D DNC-0   : getAllActiveCellularInterfaces All Interfaces: rmnet_data1
04-28 23:06:40.187  5521  5521 D DNC-0   : getAllActiveCellularInterfaces All Interfaces: rmnet_data4
04-28 23:06:40.194  5521  5521 D DNC-1   : getAllActiveCellularInterfaces All Interfaces: rmnet_data2
04-28 23:06:40.379  5521  5570 I MiuiCarrierConfigHelper: getBooleanCarrierConfigForSubId subId:4key: config_voicemail_ignore_sim config: false
04-28 23:06:40.380  5521  5570 D GsmCdmaPhone: [0] getVoiceMailNumber: from IccRecords number=[****]
04-28 23:06:40.616  5521  6409 I MiuiCarrierConfigHelper: getBooleanCarrierConfigForSubId subId:4key: config_voicemail_ignore_sim config: false
04-28 23:06:40.616  5521  6409 D GsmCdmaPhone: [0] getVoiceMailNumber: from IccRecords number=[****]
04-28 23:06:40.885  5521  5570 I MiuiCarrierConfigHelper: getBooleanCarrierConfigForSubId subId:4key: config_voicemail_ignore_sim config: false
04-28 23:06:40.885  5521  5570 D GsmCdmaPhone: [0] getVoiceMailNumber: from IccRecords number=[****]
04-28 23:06:41.116  5521  6409 I MiuiCarrierConfigHelper: getBooleanCarrierConfigForSubId subId:4key: config_voicemail_ignore_sim config: false
04-28 23:06:41.116  5521  6409 D GsmCdmaPhone: [0] getVoiceMailNumber: from IccRecords number=[****]
04-28 23:06:41.195  5521  5521 D DNC-0   : getAllActiveCellularInterfaces All Interfaces: rmnet_data1
04-28 23:06:41.195  5521  5521 D DNC-0   : getAllActiveCellularInterfaces All Interfaces: rmnet_data4
04-28 23:06:41.202  5521  5521 D DNC-1   : getAllActiveCellularInterfaces All Interfaces: rmnet_data2
04-28 23:06:41.341  5521  5570 I MiuiCarrierConfigHelper: getBooleanCarrierConfigForSubId subId:4key: config_voicemail_ignore_sim config: false
04-28 23:06:41.341  5521  5570 D GsmCdmaPhone: [0] getVoiceMailNumber: from IccRecords number=[****]
04-28 23:06:41.889  5521  5570 I MiuiCarrierConfigHelper: getBooleanCarrierConfigForSubId subId:4key: config_voicemail_ignore_sim config: false
04-28 23:06:41.889  5521  5570 D GsmCdmaPhone: [0] getVoiceMailNumber: from IccRecords number=[****]
04-28 23:06:41.890  5521  5570 D InternalTelephonyUtils: isValidChinaMobileNumber = false
04-28 23:06:41.895  5521  5570 I MiuiCarrierConfigHelper: getBooleanCarrierConfigForSubId subId:4key: config_voicemail_ignore_sim config: false
04-28 23:06:41.895  5521  5570 D GsmCdmaPhone: [0] getVoiceMailNumber: from IccRecords number=[****]
04-28 23:06:41.895  5521  5570 D InternalTelephonyUtils: isValidChinaMobileNumber = false
04-28 23:06:41.913  5521  5570 D FeatureConfiguration: Checking feature: FEATURE_DUAL_VOLTE
04-28 23:06:41.913  5521  5570 D FeatureConfiguration: Feature FEATURE_DUAL_VOLTE build is supported, featureSupported=true
04-28 23:06:41.913  5521  5570 D ImsManagerIM [0]: getLocalImsConfigKeInt() for key:68, result: 0
04-28 23:06:41.915  5521  5570 D Phone   : isImsRegistered =true
04-28 23:06:41.916  5521  5570 I MiuiCarrierConfigHelper: getBooleanCarrierConfigForSubId subId:4key: config_voicemail_ignore_sim config: false
04-28 23:06:41.916  5521  5570 D GsmCdmaPhone: [0] getVoiceMailNumber: from IccRecords number=[****]
04-28 23:06:41.917  5521  5570 D InternalTelephonyUtils: isValidChinaMobileNumber = false
04-28 23:06:41.921  5521  5570 D Phone   : isImsRegistered =true
04-28 23:06:41.985  5521  5570 I MiuiCarrierConfigHelper: getBooleanCarrierConfigForSubId subId:4key: config_voicemail_ignore_sim config: false
04-28 23:06:41.986  5521  5570 D GsmCdmaPhone: [0] getVoiceMailNumber: from IccRecords number=[****]
04-28 23:06:41.987  5521  5521 D RILJ    : [8815]> GET_ACTIVITY_INFO [PHONE0]
04-28 23:06:41.990  5521  5570 I MiuiCarrierConfigHelper: getBooleanCarrierConfigForSubId subId:2key: config_voicemail_ignore_sim config: false
04-28 23:06:41.990  5521  5570 D GsmCdmaPhone: [1] getVoiceMailNumber: from IccRecords number=[****]
04-28 23:06:41.991  5521  5570 D RILJ    : [8815]< GET_ACTIVITY_INFO ModemActivityInfo{ mTimestamp=1401542369 mSleepTimeMs=8646 mIdleTimeMs=265 mActivityStatsTechSpecificInfo=[{mRat=UNKNOWN,mFrequencyRange=UNKNOWN,mTxTimeMs[]=[0, 0, 0, 0, 0],mRxTimeMs=16346}]} [PHONE0]
04-28 23:06:42.062  5521  5570 I MiuiCarrierConfigHelper: getBooleanCarrierConfigForSubId subId:4key: config_voicemail_ignore_sim config: false
04-28 23:06:42.062  5521  5570 D GsmCdmaPhone: [0] getVoiceMailNumber: from IccRecords number=[****]
04-28 23:06:42.063  5521  5570 D InternalTelephonyUtils: isValidChinaMobileNumber = false
04-28 23:06:42.080  5521  6552 I MiuiCarrierConfigHelper: getBooleanCarrierConfigForSubId subId:4key: config_voicemail_ignore_sim config: false
04-28 23:06:42.080  5521  6552 D GsmCdmaPhone: [0] getVoiceMailNumber: from IccRecords number=[****]
04-28 23:06:42.092  5521  5570 I MiuiCarrierConfigHelper: getBooleanCarrierConfigForSubId subId:4key: config_voicemail_ignore_sim config: false
04-28 23:06:42.092  5521  5570 D GsmCdmaPhone: [0] getVoiceMailNumber: from IccRecords number=[****]
04-28 23:06:42.095  5521  5570 D Phone   : isImsRegistered =true
04-28 23:06:42.112  5521  6505 D InternalTelephonyUtils: isValidChinaMobileNumber = false
04-28 23:06:42.114  5521  6632 D InternalTelephonyUtils: isValidChinaMobileNumber = false
04-28 23:06:42.115  5521  5570 D Phone   : isImsRegistered =true
04-28 23:06:42.115  5521  6409 I MiuiCarrierConfigHelper: getBooleanCarrierConfigForSubId subId:4key: config_voicemail_ignore_sim config: false
04-28 23:06:42.115  5521  6409 D GsmCdmaPhone: [0] getVoiceMailNumber: from IccRecords number=[****]
04-28 23:06:42.126  5521  5521 D MiuiGsmMmiCodeUtils: isVodafoneFACs MccMnc = 46007
04-28 23:06:42.127  5521  5570 I MiuiCarrierConfigHelper: getBooleanCarrierConfigForSubId subId:4key: config_voicemail_ignore_sim config: false
04-28 23:06:42.127  5521  5570 D GsmCdmaPhone: [0] getVoiceMailNumber: from IccRecords number=[****]
04-28 23:06:42.128  5521  5521 D GsmMmiCode: isTwoDigitShortCode
04-28 23:06:42.136  5521  5570 I MiuiCarrierConfigHelper: getBooleanCarrierConfigForSubId subId:4key: config_voicemail_ignore_sim config: false
04-28 23:06:42.136  5521  5570 D GsmCdmaPhone: [0] getVoiceMailNumber: from IccRecords number=[****]
04-28 23:06:42.144  5521  6632 D FeatureConfiguration: Checking feature: FEATURE_DUAL_VOLTE
04-28 23:06:42.144  5521  6632 D FeatureConfiguration: Feature FEATURE_DUAL_VOLTE build is supported, featureSupported=true
04-28 23:06:42.145  5521  5570 I MiuiCarrierConfigHelper: getBooleanCarrierConfigForSubId subId:4key: config_voicemail_ignore_sim config: false
04-28 23:06:42.145  5521  5570 D GsmCdmaPhone: [0] getVoiceMailNumber: from IccRecords number=[****]
04-28 23:06:42.146  5521  6409 D InternalTelephonyUtils: isValidChinaMobileNumber = false
04-28 23:06:42.147  5521  6632 D Phone   : isImsRegistered =true
04-28 23:06:42.148  5521  6409 D InternalTelephonyUtils: isValidChinaMobileNumber = false
04-28 23:06:42.148  5521  5570 D MiuiPhoneInterfaceManager: isConcurrentCallsPossible true
04-28 23:06:42.149  5521  5521 V SMSVC   : getSubscriptionUserHandle subId = 4 userHandle = UserHandle{-10000}
04-28 23:06:42.149  5521  5570 D MiuiPhoneInterfaceManager: isConcurrentCallsPossible true
04-28 23:06:42.152  5521  5521 D QtiGsmCdmaPhone: [0 ] dial: mIsInSecureMode = false, isEmergency = false
04-28 23:06:42.156  5521  5521 I GsmCdmaPhone: [0] dial; isEmergency=false (based on all phones)
04-28 23:06:42.156  5521  5521 D ImsManagerIM [0]: getLocalImsConfigKeInt() for key:68, result: 0
04-28 23:06:42.161  5521  6409 I MiuiCarrierConfigHelper: getBooleanCarrierConfigForSubId subId:4key: config_voicemail_ignore_sim config: false
04-28 23:06:42.161  5521  6409 D GsmCdmaPhone: [0] getVoiceMailNumber: from IccRecords number=[****]
04-28 23:06:42.162  5521  6409 D Phone   : isImsRegistered =true
04-28 23:06:42.163  5521  5521 D ImsManagerIM [0]: getLocalImsConfigKeInt() for key:68, result: 0
04-28 23:06:42.166  5521  5521 I GsmCdmaPhone: [0] useImsForCall=true, useImsForPsOnlyCall=false, useOnlyDialedSimEccList=false, isEmergency=false, useImsForEmergency=false, useImsForUt=true, isUt=false, isSuppServiceCode=false, isPotentialUssdCode=false, isWpsCall=false, allowWpsOverIms=true, imsPhone=Handler (com.android.internal.telephony.imsphone.ImsPhone) {e690598}, imsPhone.isVoiceOverCellularImsEnabled()=true, imsPhone.isVowifiEnabled()=false, imsPhone.isVideoEnabled()=true, imsPhone.getServiceState().getState()=0
04-28 23:06:42.167  5521  6409 I MiuiCarrierConfigHelper: getBooleanCarrierConfigForSubId subId:4key: config_voicemail_ignore_sim config: false
04-28 23:06:42.167  5521  6409 D GsmCdmaPhone: [0] getVoiceMailNumber: from IccRecords number=[****]
04-28 23:06:42.167  5521  5521 D MiuiCallControllerImpl: forceUseCsForCall is false
04-28 23:06:42.167  5521  5521 D GsmCdmaPhone: [0] Trying IMS PS call
04-28 23:06:42.168  5521  5521 D GsmMmiCode: isTwoDigitShortCode
04-28 23:06:42.169  5521  5521 D ImsPhone[0]: [0] dialInternal: dialing w/ mmi 'null'...
04-28 23:06:42.173  5521  5521 I ImsPhoneCallTracker: shouldProcessCall: number: [****], result: 0
04-28 23:06:42.173  5521  5521 D ImsPhoneCallTracker: [0] dial clirMode=0
04-28 23:06:42.174  5521  6409 I MiuiCarrierConfigHelper: getBooleanCarrierConfigForSubId subId:4key: config_voicemail_ignore_sim config: false
04-28 23:06:42.174  5521  6409 D GsmCdmaPhone: [0] getVoiceMailNumber: from IccRecords number=[****]
04-28 23:06:42.174  5521  5521 D ImsPhoneCallTracker: [0] shouldPerformInternationalNumberRemapping: did not set the KEY_INTERNATIONAL_ROAMING_DIAL_STRING_REPLACE_STRING_ARRAY
04-28 23:06:42.174  5521  5521 D ImsPhoneCallTracker: [0] convertNumberIfNecessary convertMaps is null
04-28 23:06:42.179  5521  5521 D MiuiImsPhoneUtils:  simOperator:46007defaultClirMode:0
04-28 23:06:42.179  5521  5521 D ImsPhoneCallTracker: [0] clearDisconnected
04-28 23:06:42.179  5521  5521 D ImsPhoneCallTracker: [0] updatePhoneState pendingMo = null, rng= IDLE(), fg= IDLE(), bg= IDLE()
04-28 23:06:42.179  5521  5521 D ImsPhoneCallTracker: [0] updatePhoneState oldState=IDLE, newState=IDLE
04-28 23:06:42.180  5521  6409 I MiuiCarrierConfigHelper: getBooleanCarrierConfigForSubId subId:4key: config_voicemail_ignore_sim config: false
04-28 23:06:42.180  5521  6409 D GsmCdmaPhone: [0] getVoiceMailNumber: from IccRecords number=[****]
04-28 23:06:42.180  5521  5521 D ImsPhoneCallTracker: [0] dial: deferDial = INVALID
04-28 23:06:42.180  5521  5521 D ImsPhoneConnection: acquireWakeLock
04-28 23:06:42.182  5521  5521 D ImsPhoneCallTracker: [0] dialInternal: conn.getDeferDialStatus INVALID
04-28 23:06:42.187  5521  5521 D ImsPhoneCallTracker: [0] dialInternal: isStartRttCall = true
04-28 23:06:42.188  5521  5570 D Phone   : isImsRegistered =true
04-28 23:06:42.194  5521  5570 I MiuiCarrierConfigHelper: getBooleanCarrierConfigForSubId subId:4key: config_voicemail_ignore_sim config: false
04-28 23:06:42.194  5521  5570 D GsmCdmaPhone: [0] getVoiceMailNumber: from IccRecords number=[****]
04-28 23:06:42.194  5521  5521 D VoiceCallSessionStats: getVoiceRatWithVoNRFix: oldRat=20, newRat=20
04-28 23:06:42.195  5521  5521 D ImsPhoneConnection: getDisconnectCause: cause=0
04-28 23:06:42.195  5521  5521 D VoiceCallSessionStats: getVoiceRatWithVoNRFix: oldRat=20, newRat=20
04-28 23:06:42.195  5521  5521 D VoiceCallSessionStats: getVoiceRatWithVoNRFix: oldRat=20, newRat=20
04-28 23:06:42.205  5521  6409 D Phone   : isImsRegistered =true
04-28 23:06:42.217  5521  6409 D Phone   : isImsRegistered =true
04-28 23:06:42.228  5521  5521 D ImsPhoneCallTracker: [0] updatePhoneState pendingMo = DIALING(null/objId:211148589), rng= IDLE(), fg= DIALING(null/objId:211148589), bg= IDLE()
04-28 23:06:42.228  5521  5521 D ImsPhoneCallTracker: [0] updatePhoneState oldState=IDLE, newState=OFFHOOK
04-28 23:06:42.238  2951  3573 I qcrilNrd: RIL Response bytes written:4
04-28 23:06:42.238  2951  3573 I qcrilNrd: RIL Response bytes written:241
04-28 23:06:42.238  1894  3705 D RequestManager: [RequestManager.cpp: 341] [Loc_hal_worker(1894,3705)] listenForResponses: record_stream_get_next: recordLen: 241, ret: 0, errno: 0, errStr: Success, socket fd: 32
04-28 23:06:42.239  1894  3705 D RequestManager: [RequestManager.cpp: 358] [Loc_hal_worker(1894,3705)] listenForResponses: Got a response parcel
04-28 23:06:42.245  5521  5521 I MiuiCarrierConfigHelper: getBooleanCarrierConfigForSubId subId:4 key:display_hd_audio_property_bool result:true
04-28 23:06:42.247  5521  5521 D FeatureConfiguration: Checking feature: FEATURE_DSDA
04-28 23:06:42.247  5521  5521 D FeatureConfiguration: Feature FEATURE_DSDA build is supported, featureSupported=true
04-28 23:06:42.247  5521  5521 D ImsPhoneConnection: getDisconnectCause: cause=0
04-28 23:06:42.247  5521  5521 D ImsPhoneConnection: getDisconnectCause: cause=0
04-28 23:06:42.247  5521  5521 I MiuiCarrierConfigHelper: getBooleanCarrierConfigForSubId subId:4 key:display_hd_audio_property_bool result:true
04-28 23:06:42.247  5521  5521 I RelayLog: RelayManager --> onRelayCallStateChanged state:DIALING
04-28 23:06:42.247  5521  5521 I RelayLog:  --> isCallRelayed: No!
04-28 23:06:42.247  5521  5521 I RelayLog:  --> isCallRelaying: No!
04-28 23:06:42.247  5521  5521 I RelayLog: RelayManager --> onRelayCallStateChanged not update
04-28 23:06:42.249  5521  5521 I MiuiCarrierConfigHelper: getBooleanCarrierConfigForSubId subId:4 key:config_use_cnap_presentation result:false
04-28 23:06:42.251  5521  5521 V SMSVC   : getSubscriptionUserHandle subId = 4 userHandle = UserHandle{-10000}
04-28 23:06:42.252  2951  3573 I qcrilNrd: RIL Response bytes written:4
04-28 23:06:42.252  2951  3573 I qcrilNrd: RIL Response bytes written:241
04-28 23:06:42.253  1894  3705 D RequestManager: [RequestManager.cpp: 341] [Loc_hal_worker(1894,3705)] listenForResponses: record_stream_get_next: recordLen: 241, ret: 0, errno: 0, errStr: Success, socket fd: 32
04-28 23:06:42.253  1894  3705 D RequestManager: [RequestManager.cpp: 358] [Loc_hal_worker(1894,3705)] listenForResponses: Got a response parcel
04-28 23:06:42.257  2951  3573 I qcrilNrd: RIL Response bytes written:4
04-28 23:06:42.257  2951  3573 I qcrilNrd: RIL Response bytes written:79
04-28 23:06:42.258  1894  3705 D RequestManager: [RequestManager.cpp: 341] [Loc_hal_worker(1894,3705)] listenForResponses: record_stream_get_next: recordLen: 79, ret: 0, errno: 0, errStr: Success, socket fd: 32
04-28 23:06:42.258  1894  3705 D RequestManager: [RequestManager.cpp: 358] [Loc_hal_worker(1894,3705)] listenForResponses: Got a response parcel
04-28 23:06:42.258  2951  3573 I qcrilNrd: RIL Response bytes written:4
04-28 23:06:42.258  2951  3573 I qcrilNrd: RIL Response bytes written:79
04-28 23:06:42.258  1894  3705 D RequestManager: [RequestManager.cpp: 341] [Loc_hal_worker(1894,3705)] listenForResponses: record_stream_get_next: recordLen: 79, ret: 0, errno: 0, errStr: Success, socket fd: 32
04-28 23:06:42.258  1894  3705 D RequestManager: [RequestManager.cpp: 358] [Loc_hal_worker(1894,3705)] listenForResponses: Got a response parcel
04-28 23:06:42.259  2951  3573 I qcrilNrd: RIL Response bytes written:4
04-28 23:06:42.259  2951  3573 I qcrilNrd: RIL Response bytes written:79
04-28 23:06:42.259  1894  3705 D RequestManager: [RequestManager.cpp: 341] [Loc_hal_worker(1894,3705)] listenForResponses: record_stream_get_next: recordLen: 79, ret: -1, errno: 11, errStr: Try again, socket fd: 32
04-28 23:06:42.259  1894  3705 D RequestManager: [RequestManager.cpp: 341] [Loc_hal_worker(1894,3705)] listenForResponses: record_stream_get_next: recordLen: 79, ret: 0, errno: 0, errStr: Success, socket fd: 32
04-28 23:06:42.259  1894  3705 D RequestManager: [RequestManager.cpp: 358] [Loc_hal_worker(1894,3705)] listenForResponses: Got a response parcel
04-28 23:06:42.259  2951  3573 I qcrilNrd: RIL Response bytes written:4
04-28 23:06:42.259  2951  3573 I qcrilNrd: RIL Response bytes written:75
04-28 23:06:42.260  1894  3705 D RequestManager: [RequestManager.cpp: 341] [Loc_hal_worker(1894,3705)] listenForResponses: record_stream_get_next: recordLen: 75, ret: 0, errno: 0, errStr: Success, socket fd: 32
04-28 23:06:42.260  1894  3705 D RequestManager: [RequestManager.cpp: 358] [Loc_hal_worker(1894,3705)] listenForResponses: Got a response parcel
04-28 23:06:42.268  5521  5521 D PhoneSwitcher: handle event - 109
04-28 23:06:42.268  5521  5521 D MiuiDataControllerImpl: Qcom Dsda State = true
04-28 23:06:42.268  5521  5521 D MiuiDataControllerImpl: isCurrentDSDAState:true
04-28 23:06:42.269  5521  5521 D MiuiPhoneSwitcherImpl: isViceVolteDataEnabled: false, isCurrentDsdaState: true, isDsdaFullConcurrencyState: false, isPlatformDE30: true, isPlatformDE50: false, isVicePhoneInVoiceCall: false
04-28 23:06:42.269  5521  5521 D PhoneSwitcher: phoneInVoiceCall:false
04-28 23:06:42.269  5521  5521 D MiuiDataControllerImpl: Qcom Dsda State = true
04-28 23:06:42.269  5521  5521 D MiuiDataControllerImpl: isCurrentDSDAState:true
04-28 23:06:42.269  5521  5521 D MiuiPhoneSwitcherImpl: isViceVolteDataEnabled: false, isCurrentDsdaState: true, isDsdaFullConcurrencyState: false, isPlatformDE30: true, isPlatformDE50: false, isVicePhoneInVoiceCall: false
04-28 23:06:42.269  5521  5521 D PhoneSwitcher: phoneInVoiceCall:false
04-28 23:06:42.269  5521  5521 D MiuiDataControllerImpl: Qcom Dsda State = true
04-28 23:06:42.269  5521  5521 D MiuiDataControllerImpl: isCurrentDSDAState:true
04-28 23:06:42.270  5521  5521 D MiuiPhoneSwitcherImpl: isViceVolteDataEnabled: false, isCurrentDsdaState: true, isDsdaFullConcurrencyState: false, isPlatformDE30: true, isPlatformDE50: false, isVicePhoneInVoiceCall: false
04-28 23:06:42.270  5521  5521 D PhoneSwitcher: phoneInVoiceCall:false
04-28 23:06:42.270  5521  5521 D MiuiDataControllerImpl: Qcom Dsda State = true
04-28 23:06:42.270  5521  5521 D MiuiDataControllerImpl: isCurrentDSDAState:true
04-28 23:06:42.271  5521  5521 D MiuiPhoneSwitcherImpl: isViceVolteDataEnabled: false, isCurrentDsdaState: true, isDsdaFullConcurrencyState: false, isPlatformDE30: true, isPlatformDE50: false, isVicePhoneInVoiceCall: false
04-28 23:06:42.271  5521  5521 D PhoneSwitcher: phoneInVoiceCall:false
04-28 23:06:42.271  5521  5521 D PhoneSwitcher: isPhoneInVoiceCallChanged: mPhoneIdInVoiceCall=-1
04-28 23:06:42.271  5521  5521 D PhoneSwitcher: EVENT_PRECISE_CALL_STATE_CHANGED Enforce evaluating once after call ends
04-28 23:06:42.271  5521  5521 D MiuiPhoneSwitcherImpl: updatePreferredDataPhoneId  TempDataPhoneId=-1,isTempDdsSwitchEnabled=false
04-28 23:06:42.271  5521  5521 D MiuiDisplayInfoController: EVENT_PRECISE_CALL_STATE_CHANGED
04-28 23:06:42.271  5521  5521 D MiuiDisplayInfoController: handleCallStateChanged: false,isHasDelay=false,phone.getState(): OFFHOOK
04-28 23:06:42.272  5521  5521 D ImsPhoneConnection: getDisconnectCause: cause=0
04-28 23:06:42.272  5521  5521 D ImsPhoneConnection: getDisconnectCause: cause=0
04-28 23:06:42.272  5521  5521 I RelayLog: RelayManager --> onRelayCallStateChanged state:DIALING
04-28 23:06:42.272  5521  5521 I RelayLog:  --> isCallRelayed: No!
04-28 23:06:42.272  5521  5521 I RelayLog:  --> isCallRelaying: No!
04-28 23:06:42.272  5521  5521 I RelayLog: RelayManager --> onRelayCallStateChanged not update
04-28 23:06:42.274  5521  5521 I MiuiCarrierConfigHelper: getBooleanCarrierConfigForSubId subId:4 key:config_use_cnap_presentation result:false
04-28 23:06:42.275  5521  5521 V SMSVC   : getSubscriptionUserHandle subId = 4 userHandle = UserHandle{-10000}
04-28 23:06:42.278  5521  6409 D Phone   : isImsRegistered =true
04-28 23:06:42.285  5521  6409 D Phone   : isImsRegistered =true
04-28 23:06:42.290  5521  5521 D DNC-0   : getAllActiveCellularInterfaces All Interfaces: rmnet_data1
04-28 23:06:42.290  5521  5521 D DNC-0   : getAllActiveCellularInterfaces All Interfaces: rmnet_data4
04-28 23:06:42.294  5521  6505 D FeatureConfiguration: Checking feature: FEATURE_DUAL_VOLTE
04-28 23:06:42.294  5521  6505 D FeatureConfiguration: Feature FEATURE_DUAL_VOLTE build is supported, featureSupported=true
04-28 23:06:42.295  5521  6505 D ImsManagerIM [0]: getLocalImsConfigKeInt() for key:68, result: 0
04-28 23:06:42.299  5521  5521 D ImsPhoneCallTracker: [0] onCallUpdated
04-28 23:06:42.299  5521  5521 D ImsPhoneCallTracker: [0] onCallUpdated: profile is { serviceType=1, callType=2, restrictCause=0, mediaProfile={ audioQuality=0, audioDirection=3, audioCodecAttribute=null, videoQuality=0, videoDirection=-1, rttMode=0, hasRttAudioSpeech=false }, emergencyServiceCategories=0, emergencyUrns=[], emergencyCallRouting=0, emergencyCallTesting=false, hasKnownUserIntentEmergency=false, mRestrictCause=0, mCallerNumberVerstat= 0, mAcceptedRtpHeaderExtensions= [] }
04-28 23:06:42.299  5521  5521 D ImsPhoneCallTracker: [0] processCallStateChange state=DIALING cause=0 ignoreState=true
04-28 23:06:42.299  5521  5521 V ImsPhoneConnection: update localCallProfile={ serviceType=1, callType=2, restrictCause=0, mediaProfile={ audioQuality=0, audioDirection=3, audioCodecAttribute=null, videoQuality=0, videoDirection=-1, rttMode=0, hasRttAudioSpeech=false }, emergencyServiceCategories=0, emergencyUrns=[], emergencyCallRouting=0, emergencyCallTesting=false, hasKnownUserIntentEmergency=false, mRestrictCause=0, mCallerNumberVerstat= 0, mAcceptedRtpHeaderExtensions= [] }
04-28 23:06:42.299  5521  5521 I ImsPhoneConnection: applyLocalCallCapabilities - localProfile = { serviceType=1, callType=2, restrictCause=0, mediaProfile={ audioQuality=0, audioDirection=3, audioCodecAttribute=null, videoQuality=0, videoDirection=-1, rttMode=0, hasRttAudioSpeech=false }, emergencyServiceCategories=0, emergencyUrns=[], emergencyCallRouting=0, emergencyCallTesting=false, hasKnownUserIntentEmergency=false, mRestrictCause=0, mCallerNumberVerstat= 0, mAcceptedRtpHeaderExtensions= [] }
04-28 23:06:42.301  5521  6505 D Phone   : isImsRegistered =true
04-28 23:06:42.302  5521  5521 V ImsPhoneConnection: update remoteCallProfile={ serviceType=1, callType=7, restrictCause=0, mediaProfile={ audioQuality=0, audioDirection=3, audioCodecAttribute=null, videoQuality=0, videoDirection=-1, rttMode=0, hasRttAudioSpeech=false }, emergencyServiceCategories=0, emergencyUrns=[], emergencyCallRouting=0, emergencyCallTesting=false, hasKnownUserIntentEmergency=false, mRestrictCause=0, mCallerNumberVerstat= 0, mAcceptedRtpHeaderExtensions= [] }
04-28 23:06:42.302  5521  5521 W ImsPhoneConnection: applyRemoteCallCapabilities - remoteProfile = { serviceType=1, callType=7, restrictCause=0, mediaProfile={ audioQuality=0, audioDirection=3, audioCodecAttribute=null, videoQuality=0, videoDirection=-1, rttMode=0, hasRttAudioSpeech=false }, emergencyServiceCategories=0, emergencyUrns=[], emergencyCallRouting=0, emergencyCallTesting=false, hasKnownUserIntentEmergency=false, mRestrictCause=0, mCallerNumberVerstat= 0, mAcceptedRtpHeaderExtensions= [] }
04-28 23:06:42.302  5521  5521 V ImsPhoneConnection: data is not metered
04-28 23:06:42.302  5521  5570 D Phone   : isImsRegistered =true
04-28 23:06:42.302  5521  5521 I ImsPhoneConnection: maybeChangeRingbackState
04-28 23:06:42.302  5521  5521 I ImsPhoneCall: maybeChangeRingbackState: state=DIALING
04-28 23:06:42.304  5521  6409 D MiuiPhoneInterfaceManager: isConcurrentCallsPossible true
04-28 23:06:42.304  5521  6409 D MiuiPhoneInterfaceManager: isConcurrentCallsPossible true
04-28 23:06:42.306  5521  6552 D InternalTelephonyUtils: isValidChinaMobileNumber = false
04-28 23:06:42.309  5521  5521 D DNC-1   : getAllActiveCellularInterfaces All Interfaces: rmnet_data2
04-28 23:06:42.311  5521  5521 D QtiDSMGR-0: handleMessage: 2
04-28 23:06:42.311  5521  5521 D QtiDSMGR-0: hasTempDdsSwitched = false
04-28 23:06:42.311  5521  5521 D DSMGR-0 : mIsDataEnabled=true, prevDataEnabled=true
04-28 23:06:42.311  5521  5521 D DNC-0   : handleMessage, msg.what = 270343
04-28 23:06:42.311  5521  5521 E DNC-0   : Unexpected event 270343
04-28 23:06:42.311  5521  5521 D MiuiDataControllerImpl[0]: onVoiceCallChange,getPhoneId = 1
04-28 23:06:42.312  5521  5521 D DN-142-C: ConnectedState: updateNetworkCapabilities: Capabilities not changed.
04-28 23:06:42.312  5521  5521 D DN-143-C: ConnectedState: updateNetworkCapabilities: Capabilities not changed.
04-28 23:06:42.312  5521  5521 D QtiGsmCdmaPhone: [1 ] handleMessage: Event: 58
04-28 23:06:42.312  5521  5521 D GsmCdmaPhone: [1] Event BarringInfoChanged Received
04-28 23:06:42.312  5521  5521 D PhoneSwitcher: handle event - 109
04-28 23:06:42.312  5521  5521 D MiuiDataControllerImpl: Qcom Dsda State = true
04-28 23:06:42.312  5521  5521 D MiuiDataControllerImpl: isCurrentDSDAState:true
04-28 23:06:42.313  5521  5521 D MiuiPhoneSwitcherImpl: isViceVolteDataEnabled: false, isCurrentDsdaState: true, isDsdaFullConcurrencyState: false, isPlatformDE30: true, isPlatformDE50: false, isVicePhoneInVoiceCall: false
04-28 23:06:42.313  5521  5521 D PhoneSwitcher: phoneInVoiceCall:false
04-28 23:06:42.313  5521  5521 D MiuiDataControllerImpl: Qcom Dsda State = true
04-28 23:06:42.313  5521  5521 D MiuiDataControllerImpl: isCurrentDSDAState:true
04-28 23:06:42.313  5521  5521 D MiuiPhoneSwitcherImpl: isViceVolteDataEnabled: false, isCurrentDsdaState: true, isDsdaFullConcurrencyState: false, isPlatformDE30: true, isPlatformDE50: false, isVicePhoneInVoiceCall: false
04-28 23:06:42.313  5521  5521 D PhoneSwitcher: phoneInVoiceCall:false
04-28 23:06:42.313  5521  5521 D MiuiDataControllerImpl: Qcom Dsda State = true
04-28 23:06:42.313  5521  5521 D MiuiDataControllerImpl: isCurrentDSDAState:true
04-28 23:06:42.314  5521  5521 D MiuiPhoneSwitcherImpl: isViceVolteDataEnabled: false, isCurrentDsdaState: true, isDsdaFullConcurrencyState: false, isPlatformDE30: true, isPlatformDE50: false, isVicePhoneInVoiceCall: false
04-28 23:06:42.314  5521  5521 D PhoneSwitcher: phoneInVoiceCall:false
04-28 23:06:42.314  5521  5521 D MiuiDataControllerImpl: Qcom Dsda State = true
04-28 23:06:42.314  5521  5521 D MiuiDataControllerImpl: isCurrentDSDAState:true
04-28 23:06:42.314  5521  5521 D MiuiPhoneSwitcherImpl: isViceVolteDataEnabled: false, isCurrentDsdaState: true, isDsdaFullConcurrencyState: false, isPlatformDE30: true, isPlatformDE50: false, isVicePhoneInVoiceCall: false
04-28 23:06:42.314  5521  5521 D PhoneSwitcher: phoneInVoiceCall:false
04-28 23:06:42.314  5521  5521 D PhoneSwitcher: isPhoneInVoiceCallChanged: mPhoneIdInVoiceCall=-1
04-28 23:06:42.314  5521  5521 D PhoneSwitcher: EVENT_PRECISE_CALL_STATE_CHANGED Enforce evaluating once after call ends
04-28 23:06:42.314  5521  5521 D MiuiPhoneSwitcherImpl: updatePreferredDataPhoneId  TempDataPhoneId=-1,isTempDdsSwitchEnabled=false
04-28 23:06:42.314  5521  5521 D MiuiDisplayInfoController: EVENT_PRECISE_CALL_STATE_CHANGED
04-28 23:06:42.314  5521  5521 D MiuiDisplayInfoController: handleCallStateChanged: false,isHasDelay=false,phone.getState(): OFFHOOK
04-28 23:06:42.315  5521  6412 D Phone   : isImsRegistered =true
04-28 23:06:42.316  5521  5521 D ImsPhoneConnection: getDisconnectCause: cause=0
04-28 23:06:42.316  5521  5521 D ImsPhoneConnection: getDisconnectCause: cause=0
04-28 23:06:42.316  5521  5521 I RelayLog: RelayManager --> onRelayCallStateChanged state:DIALING
04-28 23:06:42.316  5521  5521 I RelayLog:  --> isCallRelayed: No!
04-28 23:06:42.316  5521  5521 I RelayLog:  --> isCallRelaying: No!
04-28 23:06:42.316  5521  5521 I RelayLog: RelayManager --> onRelayCallStateChanged not update
04-28 23:06:42.318  5521  5521 I MiuiCarrierConfigHelper: getBooleanCarrierConfigForSubId subId:4 key:config_use_cnap_presentation result:false
04-28 23:06:42.318  5521  5521 V SMSVC   : getSubscriptionUserHandle subId = 4 userHandle = UserHandle{-10000}
04-28 23:06:42.320  5521  6412 D Phone   : isImsRegistered =true
04-28 23:06:42.323  5521  5521 D RILJ    : [8816]> GET_ACTIVITY_INFO [PHONE0]
04-28 23:06:42.323  5521  5521 D QtiDSMGR-0: handleMessage: 5
04-28 23:06:42.323  5521  5521 D QtiDSMGR-1: handleMessage: 5
04-28 23:06:42.324  5521  6407 D RILJ    : [8816]< GET_ACTIVITY_INFO ModemActivityInfo{ mTimestamp=1401542703 mSleepTimeMs=0 mIdleTimeMs=0 mActivityStatsTechSpecificInfo=[{mRat=UNKNOWN,mFrequencyRange=UNKNOWN,mTxTimeMs[]=[0, 0, 0, 0, 0],mRxTimeMs=0}]} [PHONE0]
04-28 23:06:42.325  5521  5521 D ImsPhoneCallTracker: [0] onCallInitiating
04-28 23:06:42.325  5521  5521 D ImsPhoneCallTracker: [0] processCallStateChange state=DIALING cause=0 ignoreState=true
04-28 23:06:42.326  5521  5521 V ImsPhoneConnection: update localCallProfile={ serviceType=1, callType=2, restrictCause=0, mediaProfile={ audioQuality=0, audioDirection=3, audioCodecAttribute=null, videoQuality=0, videoDirection=-1, rttMode=0, hasRttAudioSpeech=false }, emergencyServiceCategories=0, emergencyUrns=[], emergencyCallRouting=0, emergencyCallTesting=false, hasKnownUserIntentEmergency=false, mRestrictCause=0, mCallerNumberVerstat= 0, mAcceptedRtpHeaderExtensions= [] }
04-28 23:06:42.326  5521  5521 I ImsPhoneConnection: applyLocalCallCapabilities - localProfile = { serviceType=1, callType=2, restrictCause=0, mediaProfile={ audioQuality=0, audioDirection=3, audioCodecAttribute=null, videoQuality=0, videoDirection=-1, rttMode=0, hasRttAudioSpeech=false }, emergencyServiceCategories=0, emergencyUrns=[], emergencyCallRouting=0, emergencyCallTesting=false, hasKnownUserIntentEmergency=false, mRestrictCause=0, mCallerNumberVerstat= 0, mAcceptedRtpHeaderExtensions= [] }
04-28 23:06:42.328  5521  5521 V ImsPhoneConnection: update remoteCallProfile={ serviceType=1, callType=7, restrictCause=0, mediaProfile={ audioQuality=0, audioDirection=3, audioCodecAttribute=null, videoQuality=0, videoDirection=-1, rttMode=0, hasRttAudioSpeech=false }, emergencyServiceCategories=0, emergencyUrns=[], emergencyCallRouting=0, emergencyCallTesting=false, hasKnownUserIntentEmergency=false, mRestrictCause=0, mCallerNumberVerstat= 0, mAcceptedRtpHeaderExtensions= [] }
04-28 23:06:42.328  5521  5521 W ImsPhoneConnection: applyRemoteCallCapabilities - remoteProfile = { serviceType=1, callType=7, restrictCause=0, mediaProfile={ audioQuality=0, audioDirection=3, audioCodecAttribute=null, videoQuality=0, videoDirection=-1, rttMode=0, hasRttAudioSpeech=false }, emergencyServiceCategories=0, emergencyUrns=[], emergencyCallRouting=0, emergencyCallTesting=false, hasKnownUserIntentEmergency=false, mRestrictCause=0, mCallerNumberVerstat= 0, mAcceptedRtpHeaderExtensions= [] }
04-28 23:06:42.328  5521  5521 V ImsPhoneConnection: data is not metered
04-28 23:06:42.329  5521  6412 D Phone   : isImsRegistered =true
04-28 23:06:42.329  5521  5521 I ImsPhoneConnection: maybeChangeRingbackState
04-28 23:06:42.329  5521  5521 I ImsPhoneCall: maybeChangeRingbackState: state=DIALING
04-28 23:06:42.329  5521  5521 D QtiGsmCdmaPhone: [0 ] handleMessage: Event: 58
04-28 23:06:42.329  5521  5521 D GsmCdmaPhone: [0] Event BarringInfoChanged Received
04-28 23:06:42.330  5521  6412 D MiuiPhoneInterfaceManager: isConcurrentCallsPossible true
04-28 23:06:42.330  5521  6412 D MiuiPhoneInterfaceManager: isConcurrentCallsPossible true
04-28 23:06:42.333  5521  5521 D ImsPhoneCallTracker: [0] onCallUpdated
04-28 23:06:42.333  5521  5521 D ImsPhoneCallTracker: [0] onCallUpdated: profile is { serviceType=1, callType=2, restrictCause=0, mediaProfile={ audioQuality=0, audioDirection=3, audioCodecAttribute=null, videoQuality=0, videoDirection=-1, rttMode=0, hasRttAudioSpeech=false }, emergencyServiceCategories=0, emergencyUrns=[], emergencyCallRouting=0, emergencyCallTesting=false, hasKnownUserIntentEmergency=false, mRestrictCause=0, mCallerNumberVerstat= 0, mAcceptedRtpHeaderExtensions= [] }
04-28 23:06:42.333  5521  5521 D ImsPhoneCallTracker: [0] processCallStateChange state=DIALING cause=0 ignoreState=true
04-28 23:06:42.334  5521  5521 V ImsPhoneConnection: update localCallProfile={ serviceType=1, callType=2, restrictCause=0, mediaProfile={ audioQuality=0, audioDirection=3, audioCodecAttribute=null, videoQuality=0, videoDirection=-1, rttMode=0, hasRttAudioSpeech=false }, emergencyServiceCategories=0, emergencyUrns=[], emergencyCallRouting=0, emergencyCallTesting=false, hasKnownUserIntentEmergency=false, mRestrictCause=0, mCallerNumberVerstat= 0, mAcceptedRtpHeaderExtensions= [] }
04-28 23:06:42.334  5521  5521 I ImsPhoneConnection: applyLocalCallCapabilities - localProfile = { serviceType=1, callType=2, restrictCause=0, mediaProfile={ audioQuality=0, audioDirection=3, audioCodecAttribute=null, videoQuality=0, videoDirection=-1, rttMode=0, hasRttAudioSpeech=false }, emergencyServiceCategories=0, emergencyUrns=[], emergencyCallRouting=0, emergencyCallTesting=false, hasKnownUserIntentEmergency=false, mRestrictCause=0, mCallerNumberVerstat= 0, mAcceptedRtpHeaderExtensions= [] }
04-28 23:06:42.335  5521  5521 V ImsPhoneConnection: update remoteCallProfile={ serviceType=1, callType=7, restrictCause=0, mediaProfile={ audioQuality=0, audioDirection=3, audioCodecAttribute=null, videoQuality=0, videoDirection=-1, rttMode=0, hasRttAudioSpeech=false }, emergencyServiceCategories=0, emergencyUrns=[], emergencyCallRouting=0, emergencyCallTesting=false, hasKnownUserIntentEmergency=false, mRestrictCause=0, mCallerNumberVerstat= 0, mAcceptedRtpHeaderExtensions= [] }
04-28 23:06:42.335  5521  5521 W ImsPhoneConnection: applyRemoteCallCapabilities - remoteProfile = { serviceType=1, callType=7, restrictCause=0, mediaProfile={ audioQuality=0, audioDirection=3, audioCodecAttribute=null, videoQuality=0, videoDirection=-1, rttMode=0, hasRttAudioSpeech=false }, emergencyServiceCategories=0, emergencyUrns=[], emergencyCallRouting=0, emergencyCallTesting=false, hasKnownUserIntentEmergency=false, mRestrictCause=0, mCallerNumberVerstat= 0, mAcceptedRtpHeaderExtensions= [] }
04-28 23:06:42.335  5521  5521 V ImsPhoneConnection: data is not metered
04-28 23:06:42.335  5521  5521 I ImsPhoneConnection: maybeChangeRingbackState
04-28 23:06:42.335  5521  5521 I ImsPhoneCall: maybeChangeRingbackState: state=DIALING
04-28 23:06:42.341  5521  6412 D FeatureConfiguration: Checking feature: FEATURE_DUAL_VOLTE
04-28 23:06:42.341  5521  6412 D FeatureConfiguration: Feature FEATURE_DUAL_VOLTE build is supported, featureSupported=true
04-28 23:06:42.341  5521  6412 D ImsManagerIM [0]: getLocalImsConfigKeInt() for key:68, result: 0
04-28 23:06:42.343  5521  6412 D Phone   : isImsRegistered =true
04-28 23:06:42.346  5521  5521 D PhoneReceiver: Received action:android.intent.action.PHONE_STATE
04-28 23:06:42.346  5521  5521 D PhoneReceiver: ACTION_PHONE_STATE_CHANGED phoneid: -1 state: OFFHOOK
04-28 23:06:42.348  5521  5521 V SMSVC   : getSubscriptionUserHandle subId = 4 userHandle = UserHandle{-10000}
04-28 23:06:42.349  5521  5521 I RelayLog:  --> isInCallSupportRelay =true
04-28 23:06:42.349  5521  5521 I RelayLog:  --> isAudioSupportRelay =true
04-28 23:06:42.349  5521  5521 I RelayLog: RelayConnectionsManager --> getLocalConnectionCallRelaying, no Connection was found!
04-28 23:06:42.349  5521  5521 I RelayLog: RelayServiceFilterUtils --> hasRelaying, false
04-28 23:06:42.349  5521  5521 I RelayLog: RelayConnectionsManager --> getLocalConnectionCallRelayed, no Connection was found!
04-28 23:06:42.349  5521  5521 I RelayLog: RelayServiceFilterUtils --> hasRelayed, false
04-28 23:06:42.349  5521  5521 I RelayLog: RelayServiceFilterUtils --> Answered device is 
04-28 23:06:42.349  5521  5521 I RelayLog: RelayServiceFilterUtils --> Filtered device size 0
04-28 23:06:42.349  5521  5521 I RelayLog: PhoneContinuityController --> isContinuityServiceConnected, 0
04-28 23:06:42.349  5521  5521 I RelayLog:  --> maybeRelayCall no - relay not connected
04-28 23:06:42.349  5521  5521 D PhoneReceiver: Received action:android.intent.action.PHONE_STATE
04-28 23:06:42.349  5521  5521 D PhoneReceiver: ACTION_PHONE_STATE_CHANGED phoneid: -1 state: OFFHOOK
04-28 23:06:42.349  5521  5521 D PhoneReceiver: Received action:android.intent.action.PHONE_STATE
04-28 23:06:42.349  5521  5521 D PhoneReceiver: ACTION_PHONE_STATE_CHANGED phoneid: -1 state: OFFHOOK
04-28 23:06:42.350  5521  5521 D RILJ    : [8817]> GET_ACTIVITY_INFO [PHONE0]
04-28 23:06:42.351  5521  5521 I MiuiCarrierConfigHelper: getBooleanCarrierConfigForSubId subId:4 key:display_hd_audio_property_bool result:true
04-28 23:06:42.351  5521  5521 D RILJ    : [8818]> GET_ACTIVITY_INFO [PHONE0]
04-28 23:06:42.351  5521  6409 D RILJ    : [8817]< GET_ACTIVITY_INFO ModemActivityInfo{ mTimestamp=1401542730 mSleepTimeMs=0 mIdleTimeMs=0 mActivityStatsTechSpecificInfo=[{mRat=UNKNOWN,mFrequencyRange=UNKNOWN,mTxTimeMs[]=[0, 0, 0, 0, 0],mRxTimeMs=0}]} [PHONE0]
04-28 23:06:42.352  5521  6409 D RILJ    : [8818]< GET_ACTIVITY_INFO ModemActivityInfo{ mTimestamp=1401542731 mSleepTimeMs=0 mIdleTimeMs=0 mActivityStatsTechSpecificInfo=[{mRat=UNKNOWN,mFrequencyRange=UNKNOWN,mTxTimeMs[]=[0, 0, 0, 0, 0],mRxTimeMs=0}]} [PHONE0]
04-28 23:06:42.360  5521  6412 D FeatureConfiguration: Checking feature: FEATURE_DUAL_VOLTE
04-28 23:06:42.361  5521  6412 D FeatureConfiguration: Feature FEATURE_DUAL_VOLTE build is supported, featureSupported=true
04-28 23:06:42.361  5521  6412 D ImsManagerIM [0]: getLocalImsConfigKeInt() for key:68, result: 0
04-28 23:06:42.362  5521  6412 D Phone   : isImsRegistered =true
04-28 23:06:43.299  5521  5521 D DNC-0   : getAllActiveCellularInterfaces All Interfaces: rmnet_data1
04-28 23:06:43.299  5521  5521 D DNC-0   : getAllActiveCellularInterfaces All Interfaces: rmnet_data4
04-28 23:06:43.311  5521  5521 D DNC-1   : getAllActiveCellularInterfaces All Interfaces: rmnet_data2
04-28 23:06:43.503  2951  3573 E RILC    : Unsupported unsolicited response code 1028
04-28 23:06:43.564  2953  3576 I qcrilNrd: RIL Response bytes written:4
04-28 23:06:43.564  5521  6412 D RILJ    : Unsol response received; Sending ack to ril.cpp [PHONE1]
04-28 23:06:43.564  1894  3707 D RequestManager: [RequestManager.cpp: 341] [Loc_hal_worker(1894,3707)] listenForResponses: record_stream_get_next: recordLen: 342, ret: -1, errno: 11, errStr: Try again, socket fd: 33
04-28 23:06:43.564  2953  3576 I qcrilNrd: RIL Response bytes written:342
04-28 23:06:43.564  1894  3707 D RequestManager: [RequestManager.cpp: 341] [Loc_hal_worker(1894,3707)] listenForResponses: record_stream_get_next: recordLen: 342, ret: 0, errno: 0, errStr: Success, socket fd: 33
04-28 23:06:43.564  1894  3707 D RequestManager: [RequestManager.cpp: 358] [Loc_hal_worker(1894,3707)] listenForResponses: Got a response parcel
04-28 23:06:43.567  5521  6412 D RILJ    : [UNSL]< UNSOL_DATA_CALL_LIST_CHANGED [DataCallResponse: { cause=NONE(0x0) retry=-1 cid=0 linkStatus=2 protocolType=1 ifname=rmnet_data2240x:812x:c7x:23x:98bx:d7fx:fecx:efx/64] dnses=[/240x:802x:200xx:6x,/240x:802x:200xx:x gateways=[/fe80::e5c1:d51f:97f5:23f0] pcscf=[/2409:8020:5002:93d::c, /2409:8020:5002:93d::1c] mtu=1500 mtuV4=0 mtuV6=1500 handoverFailureMode=legacy pduSessionId=0 defaultQos=null qosBearerSessions=[] sliceInfo=null trafficDescriptors=[TrafficDescriptor={mDnn=ims, null}]}] [PHONE1]
04-28 23:06:43.577  5521  5521 D DN-102-C: ConnectedState: onDataStateChanged: DataCallResponse: { cause=NONE(0x0) retry=-1 cid=0 linkStatus=2 protocolType=1 ifname=rmnet_data2240x:812x:c7x:23x:98bx:d7fx:fecx:efx/64] dnses=[/240x:802x:200xx:6x,/240x:802x:200xx:x gateways=[/fe80::e5c1:d51f:97f5:23f0] pcscf=[/2409:8020:5002:93d::c, /2409:8020:5002:93d::1c] mtu=1500 mtuV4=0 mtuV6=1500 handoverFailureMode=legacy pduSessionId=0 defaultQos=null qosBearerSessions=[] sliceInfo=null trafficDescriptors=[TrafficDescriptor={mDnn=ims, null}]}
04-28 23:06:43.577  5521  5521 D DN-102-C: ConnectedState: Link status updated to ACTIVE
04-28 23:06:43.577  5521  5521 D MiuiDataControllerImpl[1]: getMtuForJpKddi ret=-1
04-28 23:06:43.578  5521  5521 D DN-102-C: ConnectedState: updateQosBearerSessions: []
04-28 23:06:43.582  5521  5521 D DN-102-C: ConnectedState: updateNetworkCapabilities: Capabilities not changed.
04-28 23:06:43.586  5521  5521 D QOSCT-102: updateSessions: sessions size=0
04-28 23:06:43.920  1894  3705 D RequestManager: [RequestManager.cpp: 341] [Loc_hal_worker(1894,3705)] listenForResponses: record_stream_get_next: recordLen: 75, ret: -1, errno: 11, errStr: Try again, socket fd: 32
04-28 23:06:43.920  2951  3573 I qcrilNrd: RIL Response bytes written:4
04-28 23:06:43.920  1894  3705 D RequestManager: [RequestManager.cpp: 341] [Loc_hal_worker(1894,3705)] listenForResponses: record_stream_get_next: recordLen: 221, ret: 0, errno: 0, errStr: Success, socket fd: 32
04-28 23:06:43.920  1894  3705 D RequestManager: [RequestManager.cpp: 358] [Loc_hal_worker(1894,3705)] listenForResponses: Got a response parcel
04-28 23:06:43.920  2951  3573 I qcrilNrd: RIL Response bytes written:221
04-28 23:06:43.931  5521  5521 D ImsPhoneCallTracker: [0] onCallUpdated
04-28 23:06:43.931  5521  5521 D ImsPhoneCallTracker: [0] onCallUpdated: profile is { serviceType=1, callType=2, restrictCause=0, mediaProfile={ audioQuality=0, audioDirection=3, audioCodecAttribute=null, videoQuality=0, videoDirection=-1, rttMode=0, hasRttAudioSpeech=false }, emergencyServiceCategories=0, emergencyUrns=[], emergencyCallRouting=0, emergencyCallTesting=false, hasKnownUserIntentEmergency=false, mRestrictCause=0, mCallerNumberVerstat= 0, mAcceptedRtpHeaderExtensions= [] }
04-28 23:06:43.931  5521  5521 D ImsPhoneCallTracker: [0] processCallStateChange state=DIALING cause=0 ignoreState=true
04-28 23:06:43.932  5521  5521 V ImsPhoneConnection: update localCallProfile={ serviceType=1, callType=2, restrictCause=0, mediaProfile={ audioQuality=2, audioDirection=3, audioCodecAttribute=null, videoQuality=0, videoDirection=-1, rttMode=0, hasRttAudioSpeech=false }, emergencyServiceCategories=0, emergencyUrns=[], emergencyCallRouting=0, emergencyCallTesting=false, hasKnownUserIntentEmergency=false, mRestrictCause=0, mCallerNumberVerstat= 0, mAcceptedRtpHeaderExtensions= [] }
04-28 23:06:43.932  5521  5521 I ImsPhoneConnection: applyLocalCallCapabilities - localProfile = { serviceType=1, callType=2, restrictCause=0, mediaProfile={ audioQuality=2, audioDirection=3, audioCodecAttribute=null, videoQuality=0, videoDirection=-1, rttMode=0, hasRttAudioSpeech=false }, emergencyServiceCategories=0, emergencyUrns=[], emergencyCallRouting=0, emergencyCallTesting=false, hasKnownUserIntentEmergency=false, mRestrictCause=0, mCallerNumberVerstat= 0, mAcceptedRtpHeaderExtensions= [] }
04-28 23:06:43.932  5521  5521 V ImsPhoneConnection: update remoteCallProfile={ serviceType=1, callType=7, restrictCause=0, mediaProfile={ audioQuality=0, audioDirection=3, audioCodecAttribute=null, videoQuality=0, videoDirection=-1, rttMode=0, hasRttAudioSpeech=false }, emergencyServiceCategories=0, emergencyUrns=[], emergencyCallRouting=0, emergencyCallTesting=false, hasKnownUserIntentEmergency=false, mRestrictCause=0, mCallerNumberVerstat= 0, mAcceptedRtpHeaderExtensions= [] }
04-28 23:06:43.932  5521  5521 W ImsPhoneConnection: applyRemoteCallCapabilities - remoteProfile = { serviceType=1, callType=7, restrictCause=0, mediaProfile={ audioQuality=0, audioDirection=3, audioCodecAttribute=null, videoQuality=0, videoDirection=-1, rttMode=0, hasRttAudioSpeech=false }, emergencyServiceCategories=0, emergencyUrns=[], emergencyCallRouting=0, emergencyCallTesting=false, hasKnownUserIntentEmergency=false, mRestrictCause=0, mCallerNumberVerstat= 0, mAcceptedRtpHeaderExtensions= [] }
04-28 23:06:43.932  5521  5521 V ImsPhoneConnection: data is not metered
04-28 23:06:43.933  5521  5521 I ImsPhoneConnection: updateMediaCapabilities: mediate attributes changed: codec = 2, bitRate=0.0, bandwidth=0.0
04-28 23:06:43.933  5521  5521 I ImsPhoneConnection: maybeChangeRingbackState
04-28 23:06:43.933  5521  5521 I ImsPhoneCall: maybeChangeRingbackState: state=DIALING
