04-28 23:06:49.332  5521  5521 I ImsPhoneCall: maybeChangeRingbackState: state=ALERTING
04-28 23:06:49.332  5521  5521 I ImsPhoneCall: isLocalTone: audioDirection=3, playRingback=false
04-28 23:06:49.353  5521  5521 D DNC-0   : getAllActiveCellularInterfaces All Interfaces: rmnet_data1
04-28 23:06:49.353  5521  5521 D DNC-0   : getAllActiveCellularInterfaces All Interfaces: rmnet_data4
04-28 23:06:49.365  5521  5521 D DNC-1   : getAllActiveCellularInterfaces All Interfaces: rmnet_data2
04-28 23:06:49.484  1894  3705 D RequestManager: [RequestManager.cpp: 341] [Loc_hal_worker(1894,3705)] listenForResponses: record_stream_get_next: recordLen: 76, ret: -1, errno: 11, errStr: Try again, socket fd: 32
04-28 23:06:49.484  2951  3573 I qcrilNrd: RIL Response bytes written:4
04-28 23:06:49.484  1894  3705 D RequestManager: [RequestManager.cpp: 341] [Loc_hal_worker(1894,3705)] listenForResponses: record_stream_get_next: recordLen: 311, ret: 0, errno: 0, errStr: Success, socket fd: 32
04-28 23:06:49.484  1894  3705 D RequestManager: [RequestManager.cpp: 358] [Loc_hal_worker(1894,3705)] listenForResponses: Got a response parcel
04-28 23:06:49.484  2951  3573 I qcrilNrd: RIL Response bytes written:311
04-28 23:06:49.487  5521  5521 D ImsPhoneCallTracker: [0] onCallUpdated
04-28 23:06:49.487  5521  5521 D ImsPhoneCallTracker: [0] onCallUpdated: profile is { serviceType=1, callType=2, restrictCause=0, mediaProfile={ audioQuality=0, audioDirection=3, audioCodecAttribute=null, videoQuality=0, videoDirection=-1, rttMode=0, hasRttAudioSpeech=false }, emergencyServiceCategories=0, emergencyUrns=[], emergencyCallRouting=0, emergencyCallTesting=false, hasKnownUserIntentEmergency=false, mRestrictCause=0, mCallerNumberVerstat= 0, mAcceptedRtpHeaderExtensions= [] }
04-28 23:06:49.487  5521  5521 D ImsPhoneCallTracker: [0] processCallStateChange state=ALERTING cause=0 ignoreState=true
04-28 23:06:49.487  5521  5521 V ImsPhoneConnection: update localCallProfile={ serviceType=1, callType=2, restrictCause=0, mediaProfile={ audioQuality=1, audioDirection=3, audioCodecAttribute=null, videoQuality=0, videoDirection=-1, rttMode=0, hasRttAudioSpeech=false }, emergencyServiceCategories=0, emergencyUrns=[], emergencyCallRouting=0, emergencyCallTesting=false, hasKnownUserIntentEmergency=false, mRestrictCause=0, mCallerNumberVerstat= 0, mAcceptedRtpHeaderExtensions= [] }
04-28 23:06:49.488  5521  5521 I ImsPhoneConnection: applyLocalCallCapabilities - localProfile = { serviceType=1, callType=2, restrictCause=0, mediaProfile={ audioQuality=1, audioDirection=3, audioCodecAttribute=null, videoQuality=0, videoDirection=-1, rttMode=0, hasRttAudioSpeech=false }, emergencyServiceCategories=0, emergencyUrns=[], emergencyCallRouting=0, emergencyCallTesting=false, hasKnownUserIntentEmergency=false, mRestrictCause=0, mCallerNumberVerstat= 0, mAcceptedRtpHeaderExtensions= [] }
04-28 23:06:49.488  5521  5521 V ImsPhoneConnection: update remoteCallProfile={ serviceType=1, callType=3, restrictCause=0, mediaProfile={ audioQuality=0, audioDirection=3, audioCodecAttribute=null, videoQuality=0, videoDirection=-1, rttMode=0, hasRttAudioSpeech=false }, emergencyServiceCategories=0, emergencyUrns=[], emergencyCallRouting=0, emergencyCallTesting=false, hasKnownUserIntentEmergency=false, mRestrictCause=0, mCallerNumberVerstat= 0, mAcceptedRtpHeaderExtensions= [] }
04-28 23:06:49.488  5521  5521 W ImsPhoneConnection: applyRemoteCallCapabilities - remoteProfile = { serviceType=1, callType=3, restrictCause=0, mediaProfile={ audioQuality=0, audioDirection=3, audioCodecAttribute=null, videoQuality=0, videoDirection=-1, rttMode=0, hasRttAudioSpeech=false }, emergencyServiceCategories=0, emergencyUrns=[], emergencyCallRouting=0, emergencyCallTesting=false, hasKnownUserIntentEmergency=false, mRestrictCause=0, mCallerNumberVerstat= 0, mAcceptedRtpHeaderExtensions= [] }
04-28 23:06:49.488  5521  5521 V ImsPhoneConnection: data is not metered
04-28 23:06:49.488  5521  5521 I ImsPhoneConnection: maybeChangeRingbackState
04-28 23:06:49.488  5521  5521 I ImsPhoneCall: maybeChangeRingbackState: state=ALERTING
04-28 23:06:49.488  5521  5521 I ImsPhoneCall: isLocalTone: audioDirection=3, playRingback=false
04-28 23:06:49.497  5521  5521 D DNC-1   : handleMessage, msg.what = 5
04-28 23:06:49.497  5521  5521 D DNC-1   : Re-evaluating 0 unsatisfied network requests in 0 groups,  due to VOICE_CALL_ENDED
04-28 23:06:49.500  2951  3573 I qcrilNrd: RIL Response bytes written:4
04-28 23:06:49.500  2951  3573 I qcrilNrd: RIL Response bytes written:301
04-28 23:06:49.501  1894  3705 D RequestManager: [RequestManager.cpp: 341] [Loc_hal_worker(1894,3705)] listenForResponses: record_stream_get_next: recordLen: 301, ret: 0, errno: 0, errStr: Success, socket fd: 32
04-28 23:06:49.501  1894  3705 D RequestManager: [RequestManager.cpp: 358] [Loc_hal_worker(1894,3705)] listenForResponses: Got a response parcel
04-28 23:06:49.501  2951  3573 I qcrilNrd: RIL Response bytes written:4
04-28 23:06:49.501  2951  3573 I qcrilNrd: RIL Response bytes written:76
04-28 23:06:49.501  1894  3705 D RequestManager: [RequestManager.cpp: 341] [Loc_hal_worker(1894,3705)] listenForResponses: record_stream_get_next: recordLen: 76, ret: 0, errno: 0, errStr: Success, socket fd: 32
04-28 23:06:49.501  1894  3705 D RequestManager: [RequestManager.cpp: 358] [Loc_hal_worker(1894,3705)] listenForResponses: Got a response parcel
04-28 23:06:49.501  2951  3573 I qcrilNrd: RIL Response bytes written:4
04-28 23:06:49.501  2951  3573 I qcrilNrd: RIL Response bytes written:76
04-28 23:06:49.501  1894  3705 D RequestManager: [RequestManager.cpp: 341] [Loc_hal_worker(1894,3705)] listenForResponses: record_stream_get_next: recordLen: 76, ret: 0, errno: 0, errStr: Success, socket fd: 32
04-28 23:06:49.502  1894  3705 D RequestManager: [RequestManager.cpp: 358] [Loc_hal_worker(1894,3705)] listenForResponses: Got a response parcel
04-28 23:06:49.504  5521  5521 D ImsPhoneCallTracker: [0] onCallUpdated
04-28 23:06:49.504  5521  5521 D ImsPhoneCallTracker: [0] onCallUpdated: profile is { serviceType=1, callType=2, restrictCause=0, mediaProfile={ audioQuality=0, audioDirection=3, audioCodecAttribute=null, videoQuality=0, videoDirection=-1, rttMode=0, hasRttAudioSpeech=false }, emergencyServiceCategories=0, emergencyUrns=[], emergencyCallRouting=0, emergencyCallTesting=false, hasKnownUserIntentEmergency=false, mRestrictCause=0, mCallerNumberVerstat= 0, mAcceptedRtpHeaderExtensions= [] }
04-28 23:06:49.504  5521  5521 D ImsPhoneCallTracker: [0] processCallStateChange state=ALERTING cause=0 ignoreState=true
04-28 23:06:49.505  5521  5521 V ImsPhoneConnection: update localCallProfile={ serviceType=1, callType=2, restrictCause=0, mediaProfile={ audioQuality=1, audioDirection=3, audioCodecAttribute=null, videoQuality=0, videoDirection=-1, rttMode=0, hasRttAudioSpeech=false }, emergencyServiceCategories=0, emergencyUrns=[], emergencyCallRouting=0, emergencyCallTesting=false, hasKnownUserIntentEmergency=false, mRestrictCause=0, mCallerNumberVerstat= 0, mAcceptedRtpHeaderExtensions= [] }
04-28 23:06:49.506  5521  5521 I ImsPhoneConnection: applyLocalCallCapabilities - localProfile = { serviceType=1, callType=2, restrictCause=0, mediaProfile={ audioQuality=1, audioDirection=3, audioCodecAttribute=null, videoQuality=0, videoDirection=-1, rttMode=0, hasRttAudioSpeech=false }, emergencyServiceCategories=0, emergencyUrns=[], emergencyCallRouting=0, emergencyCallTesting=false, hasKnownUserIntentEmergency=false, mRestrictCause=0, mCallerNumberVerstat= 0, mAcceptedRtpHeaderExtensions= [] }
04-28 23:06:49.507  5521  5521 V ImsPhoneConnection: update remoteCallProfile={ serviceType=1, callType=3, restrictCause=0, mediaProfile={ audioQuality=0, audioDirection=3, audioCodecAttribute=null, videoQuality=0, videoDirection=-1, rttMode=0, hasRttAudioSpeech=false }, emergencyServiceCategories=0, emergencyUrns=[], emergencyCallRouting=0, emergencyCallTesting=false, hasKnownUserIntentEmergency=false, mRestrictCause=0, mCallerNumberVerstat= 0, mAcceptedRtpHeaderExtensions= [] }
04-28 23:06:49.507  5521  5521 W ImsPhoneConnection: applyRemoteCallCapabilities - remoteProfile = { serviceType=1, callType=3, restrictCause=0, mediaProfile={ audioQuality=0, audioDirection=3, audioCodecAttribute=null, videoQuality=0, videoDirection=-1, rttMode=0, hasRttAudioSpeech=false }, emergencyServiceCategories=0, emergencyUrns=[], emergencyCallRouting=0, emergencyCallTesting=false, hasKnownUserIntentEmergency=false, mRestrictCause=0, mCallerNumberVerstat= 0, mAcceptedRtpHeaderExtensions= [] }
04-28 23:06:49.507  5521  5521 V ImsPhoneConnection: data is not metered
04-28 23:06:49.507  5521  5521 I ImsPhoneConnection: maybeChangeRingbackState
04-28 23:06:49.507  5521  5521 I ImsPhoneCall: maybeChangeRingbackState: state=ALERTING
04-28 23:06:49.507  5521  5521 I ImsPhoneCall: isLocalTone: audioDirection=3, playRingback=false
04-28 23:06:50.358  5521  5521 D DNC-0   : getAllActiveCellularInterfaces All Interfaces: rmnet_data1
04-28 23:06:50.358  5521  5521 D DNC-0   : getAllActiveCellularInterfaces All Interfaces: rmnet_data4
04-28 23:06:50.369  5521  5521 D DNC-1   : getAllActiveCellularInterfaces All Interfaces: rmnet_data2
04-28 23:06:50.394  5521  5521 D ImsPhone[1]: [1] handleMessage what=15
04-28 23:06:50.394  5521  5521 D Phone   : Event EVENT_CALL_RING_CONTINUE Received state=IDLE
04-28 23:06:50.922  5521  6552 D Phone   : isImsRegistered =true
04-28 23:06:50.924  5521  6409 D Phone   : isImsRegistered =true
04-28 23:06:50.924  5521  6407 D Phone   : isImsRegistered =true
04-28 23:06:50.924  2674  4794 D FeatureConfiguration: Checking feature: FEATURE_HNAGUP_OPTIMIZATION_V3
04-28 23:06:50.924  2674  4794 D FeatureConfiguration: Feature FEATURE_HNAGUP_OPTIMIZATION_V3 build is supported, featureSupported=true
04-28 23:06:50.929  5521  5521 D ImsPhoneCallTracker: [0] hangup connection[ImsCall objId:119423273 onHold:N mute:N mCallProfile:{ serviceType=1, callType=2, restrictCause=0, mediaProfile={ audioQuality=0, audioDirection=3, audioCodecAttribute=null, videoQuality=0, videoDirection=-1, rttMode=0, hasRttAudioSpeech=false }, emergencyServiceCategories=0, emergencyUrns=[], emergencyCallRouting=0, emergencyCallTesting=false, hasKnownUserIntentEmergency=false, mRestrictCause=0, mCallerNumberVerstat= 0, mAcceptedRtpHeaderExtensions= [] } networkType:13 updateRequest:NONE merging:N merge action pending:N merged:N multiParty:N confHost:N buried term:N isVideo: N wasVideo: N isWifi: N session:[ImsCallSession objId:98107056 callId:1] transientSession:null]
04-28 23:06:50.929  5521  5521 D ImsPhoneCallTracker: [0] hangup call - reason=1
04-28 23:06:50.929  5521  5521 D ImsPhoneCallTracker: [0] (foregnd) hangup dialing or alerting...
04-28 23:06:50.935  5521  6552 D Phone   : isImsRegistered =true
04-28 23:06:50.941  5521  5521 D PhoneSwitcher: handle event - 109
04-28 23:06:50.941  5521  5521 D MiuiDataControllerImpl: Qcom Dsda State = true
04-28 23:06:50.941  5521  5521 D MiuiDataControllerImpl: isCurrentDSDAState:true
04-28 23:06:50.942  5521  5521 D MiuiPhoneSwitcherImpl: isViceVolteDataEnabled: false, isCurrentDsdaState: true, isDsdaFullConcurrencyState: false, isPlatformDE30: true, isPlatformDE50: false, isVicePhoneInVoiceCall: false
04-28 23:06:50.942  5521  5521 D PhoneSwitcher: phoneInVoiceCall:false
04-28 23:06:50.942  5521  5521 D MiuiDataControllerImpl: Qcom Dsda State = true
04-28 23:06:50.942  5521  5521 D MiuiDataControllerImpl: isCurrentDSDAState:true
04-28 23:06:50.942  2951  3573 I qcrilNrd: RIL Response bytes written:4
04-28 23:06:50.942  2951  3573 I qcrilNrd: RIL Response bytes written:76
04-28 23:06:50.943  1894  3705 D RequestManager: [RequestManager.cpp: 341] [Loc_hal_worker(1894,3705)] listenForResponses: record_stream_get_next: recordLen: 76, ret: 0, errno: 0, errStr: Success, socket fd: 32
04-28 23:06:50.943  1894  3705 D RequestManager: [RequestManager.cpp: 358] [Loc_hal_worker(1894,3705)] listenForResponses: Got a response parcel
04-28 23:06:50.943  5521  5521 D MiuiPhoneSwitcherImpl: isViceVolteDataEnabled: false, isCurrentDsdaState: true, isDsdaFullConcurrencyState: false, isPlatformDE30: true, isPlatformDE50: false, isVicePhoneInVoiceCall: false
04-28 23:06:50.943  5521  5521 D PhoneSwitcher: phoneInVoiceCall:false
04-28 23:06:50.943  5521  5521 D MiuiDataControllerImpl: Qcom Dsda State = true
04-28 23:06:50.943  5521  5521 D MiuiDataControllerImpl: isCurrentDSDAState:true
04-28 23:06:50.944  5521  5521 D MiuiPhoneSwitcherImpl: isViceVolteDataEnabled: false, isCurrentDsdaState: true, isDsdaFullConcurrencyState: false, isPlatformDE30: true, isPlatformDE50: false, isVicePhoneInVoiceCall: false
04-28 23:06:50.944  5521  5521 D PhoneSwitcher: phoneInVoiceCall:false
04-28 23:06:50.944  5521  5521 D MiuiDataControllerImpl: Qcom Dsda State = true
04-28 23:06:50.944  5521  5521 D MiuiDataControllerImpl: isCurrentDSDAState:true
04-28 23:06:50.944  5521  5521 D MiuiPhoneSwitcherImpl: isViceVolteDataEnabled: false, isCurrentDsdaState: true, isDsdaFullConcurrencyState: false, isPlatformDE30: true, isPlatformDE50: false, isVicePhoneInVoiceCall: false
04-28 23:06:50.944  5521  5521 D PhoneSwitcher: phoneInVoiceCall:false
04-28 23:06:50.944  5521  5521 D PhoneSwitcher: isPhoneInVoiceCallChanged: mPhoneIdInVoiceCall=-1
04-28 23:06:50.944  5521  5521 D PhoneSwitcher: EVENT_PRECISE_CALL_STATE_CHANGED Enforce evaluating once after call ends
04-28 23:06:50.944  5521  5521 D MiuiPhoneSwitcherImpl: updatePreferredDataPhoneId  TempDataPhoneId=-1,isTempDdsSwitchEnabled=false
04-28 23:06:50.945  5521  5521 D MiuiDisplayInfoController: EVENT_PRECISE_CALL_STATE_CHANGED
04-28 23:06:50.945  5521  5521 D MiuiDisplayInfoController: handleCallStateChanged: false,isHasDelay=false,phone.getState(): OFFHOOK
04-28 23:06:50.947  5521  5521 D ImsPhoneConnection: getDisconnectCause: cause=3
04-28 23:06:50.947  5521  5521 D ImsPhoneConnection: getDisconnectCause: cause=3
04-28 23:06:50.947  5521  5521 I RelayLog: RelayManager --> onRelayCallStateChanged state:DIALING
04-28 23:06:50.947  5521  5521 I RelayLog:  --> isCallRelayed: No!
04-28 23:06:50.947  5521  5521 I RelayLog:  --> isCallRelaying: No!
04-28 23:06:50.947  5521  5521 I RelayLog: RelayManager --> onRelayCallStateChanged not update
04-28 23:06:50.950  5521  5521 I MiuiCarrierConfigHelper: getBooleanCarrierConfigForSubId subId:4 key:config_use_cnap_presentation result:false
04-28 23:06:50.952  2951  3573 E qcrilNrd: onDisconnect: call failure cause = 29 in struct: call_end_reason_enum_v02 in file: voice_service_common_v02.h
04-28 23:06:50.954  5521  5521 V SMSVC   : getSubscriptionUserHandle subId = 4 userHandle = UserHandle{-10000}
04-28 23:06:50.955  5521  6409 D FeatureConfiguration: Checking feature: FEATURE_DUAL_VOLTE
04-28 23:06:50.955  5521  6409 D FeatureConfiguration: Feature FEATURE_DUAL_VOLTE build is supported, featureSupported=true
04-28 23:06:50.955  5521  6409 D ImsManagerIM [0]: getLocalImsConfigKeInt() for key:68, result: 0
04-28 23:06:50.966  5521  6409 D Phone   : isImsRegistered =true
04-28 23:06:50.969  2951  3573 I qcrilNrd: RIL Response bytes written:4
04-28 23:06:50.969  2951  3573 I qcrilNrd: RIL Response bytes written:329
04-28 23:06:50.969  1894  3705 D RequestManager: [RequestManager.cpp: 341] [Loc_hal_worker(1894,3705)] listenForResponses: record_stream_get_next: recordLen: 329, ret: 0, errno: 0, errStr: Success, socket fd: 32
04-28 23:06:50.970  1894  3705 D RequestManager: [RequestManager.cpp: 358] [Loc_hal_worker(1894,3705)] listenForResponses: Got a response parcel
04-28 23:06:50.972  2951  3573 I qcrilNrd: RIL Response bytes written:4
04-28 23:06:50.972  2951  3573 I qcrilNrd: RIL Response bytes written:79
04-28 23:06:50.972  1894  3705 D RequestManager: [RequestManager.cpp: 341] [Loc_hal_worker(1894,3705)] listenForResponses: record_stream_get_next: recordLen: 79, ret: 0, errno: 0, errStr: Success, socket fd: 32
04-28 23:06:50.972  1894  3705 D RequestManager: [RequestManager.cpp: 358] [Loc_hal_worker(1894,3705)] listenForResponses: Got a response parcel
04-28 23:06:50.972  2951  3573 I qcrilNrd: RIL Response bytes written:4
04-28 23:06:50.972  2951  3573 I qcrilNrd: RIL Response bytes written:79
04-28 23:06:50.973  1894  3705 D RequestManager: [RequestManager.cpp: 341] [Loc_hal_worker(1894,3705)] listenForResponses: record_stream_get_next: recordLen: 79, ret: 0, errno: 0, errStr: Success, socket fd: 32
04-28 23:06:50.973  1894  3705 D RequestManager: [RequestManager.cpp: 358] [Loc_hal_worker(1894,3705)] listenForResponses: Got a response parcel
04-28 23:06:50.973  2951  3573 I qcrilNrd: RIL Response bytes written:4
04-28 23:06:50.973  2951  3573 I qcrilNrd: RIL Response bytes written:79
04-28 23:06:50.973  1894  3705 D RequestManager: [RequestManager.cpp: 341] [Loc_hal_worker(1894,3705)] listenForResponses: record_stream_get_next: recordLen: 79, ret: 0, errno: 0, errStr: Success, socket fd: 32
04-28 23:06:50.973  1894  3705 D RequestManager: [RequestManager.cpp: 358] [Loc_hal_worker(1894,3705)] listenForResponses: Got a response parcel
04-28 23:06:50.977  5521  6552 D Phone   : isImsRegistered =true
04-28 23:06:50.985  5521  6409 D Phone   : isImsRegistered =true
04-28 23:06:50.986  5521  5521 D ImsPhoneCallTracker: [0] onCallTerminated reasonCode=501
04-28 23:06:50.986  5521  5521 D ImsPhoneCallTracker: [0] maybeRemapReasonCode : fromCode = 501 ; message = 
04-28 23:06:50.987  5521  5521 D ImsPhoneCallTracker: [0] cause = 3 conn = [ImsPhoneConnection objId: 211148589 telecomCallID: TC@28_1 address: [****] isAdhocConf: N ImsCall: [ImsCall objId:119423273 onHold:N mute:N mCallProfile:{ serviceType=1, callType=2, restrictCause=0, mediaProfile={ audioQuality=0, audioDirection=3, audioCodecAttribute=null, videoQuality=0, videoDirection=-1, rttMode=0, hasRttAudioSpeech=false }, emergencyServiceCategories=0, emergencyUrns=[], emergencyCallRouting=0, emergencyCallTesting=false, hasKnownUserIntentEmergency=false, mRestrictCause=0, mCallerNumberVerstat= 0, mAcceptedRtpHeaderExtensions= [] } networkType:13 updateRequest:NONE merging:N merge action pending:N merged:N multiParty:N confHost:N buried term:N isVideo: N wasVideo: N isWifi: N session:[ImsCallSession objId:98107056 callId:1] transientSession:null]]
04-28 23:06:50.987  5521  5521 D ImsPhoneCallTracker: [0] maybeRemapReasonCode : fromCode = 501 ; message = 
04-28 23:06:50.988  5521  5521 D VoiceCallSessionStats: Time per codec quality = [0, 1684, 5370, 0, 0]
04-28 23:06:50.988  5521  5521 D VoiceCallSessionStats: getVoiceRatWithVoNRFix: oldRat=20, newRat=20
04-28 23:06:50.989  5521  5521 D PersistAtomsStorage: Add new voice call session: band_at_end: 41
04-28 23:06:50.989  5521  5521 D PersistAtomsStorage: bearer_at_end: 2
04-28 23:06:50.989  5521  5521 D PersistAtomsStorage: bearer_at_start: 2
04-28 23:06:50.989  5521  5521 D PersistAtomsStorage: call_duration: 0
04-28 23:06:50.989  5521  5521 D PersistAtomsStorage: carrier_id: 1435
04-28 23:06:50.989  5521  5521 D PersistAtomsStorage: codec_bitmask: 6
04-28 23:06:50.989  5521  5521 D PersistAtomsStorage: concurrent_call_count_at_end: 0
04-28 23:06:50.989  5521  5521 D PersistAtomsStorage: concurrent_call_count_at_start: 0
04-28 23:06:50.989  5521  5521 D PersistAtomsStorage: direction: 1
04-28 23:06:50.989  5521  5521 D PersistAtomsStorage: disconnect_extra_code: 0
04-28 23:06:50.989  5521  5521 D PersistAtomsStorage: disconnect_extra_message: ""
04-28 23:06:50.989  5521  5521 D PersistAtomsStorage: disconnect_reason_code: 501
04-28 23:06:50.989  5521  5521 D PersistAtomsStorage: fold_state: 1
04-28 23:06:50.989  5521  5521 D PersistAtomsStorage: is_emergency: false
04-28 23:06:50.989  5521  5521 D PersistAtomsStorage: is_esim: false
04-28 23:06:50.989  5521  5521 D PersistAtomsStorage: is_multi_sim: true
04-28 23:06:50.989  5521  5521 D PersistAtomsStorage: is_multiparty: false
04-28 23:06:50.989  5521  5521 D PersistAtomsStorage: is_roaming: false
04-28 23:06:50.989  5521  5521 D PersistAtomsStorage: last_known_rat: 20
04-28 23:06:50.989  5521  5521 D PersistAtomsStorage: main_codec_quality: 2
04-28 23:06:50.989  5521  5521 D PersistAtomsStorage: rat_at_connected: 0
04-28 23:06:50.989  5521  5521 D PersistAtomsStorage: rat_at_end: 20
04-28 23:06:50.989  5521  5521 D PersistAtomsStorage: rat_at_start: 20
04-28 23:06:50.989  5521  5521 D PersistAtomsStorage: rat_switch_count: 0
04-28 23:06:50.989  5521  5521 D PersistAtomsStorage: rtt_enabled: false
04-28 23:06:50.989  5521  5521 D PersistAtomsStorage: setup_begin_millis: 0
04-28 23:06:50.989  5521  5521 D PersistAtomsStorage: setup_duration_millis: 1770
04-28 23:06:50.989  5521  5521 D PersistAtomsStorage: setup_failed: true
04-28 23:06:50.989  5521  5521 D PersistAtomsStorage: signal_strength_at_end: 3
04-28 23:06:50.989  5521  5521 D PersistAtomsStorage: sim_slot_index: 0
04-28 23:06:50.989  5521  5521 D PersistAtomsStorage: srvcc_cancellation_count: 0
04-28 23:06:50.989  5521  5521 D PersistAtomsStorage: srvcc_completed: false
04-28 23:06:50.989  5521  5521 D PersistAtomsStorage: srvcc_failure_count: 0
04-28 23:06:50.989  5521  5521 D PersistAtomsStorage: video_enabled: false
04-28 23:06:50.990  5521  5521 D ImsPhoneCallTracker: [0] maybeRemapReasonCode : fromCode = 501 ; message = 
04-28 23:06:50.991  5521  5521 D ImsPhoneCallTracker: [0] processCallStateChange [ImsCall objId:119423273 onHold:N mute:N mCallProfile:{ serviceType=1, callType=2, restrictCause=0, mediaProfile={ audioQuality=0, audioDirection=3, audioCodecAttribute=null, videoQuality=0, videoDirection=-1, rttMode=0, hasRttAudioSpeech=false }, emergencyServiceCategories=0, emergencyUrns=[], emergencyCallRouting=0, emergencyCallTesting=false, hasKnownUserIntentEmergency=false, mRestrictCause=0, mCallerNumberVerstat= 0, mAcceptedRtpHeaderExtensions= [] } networkType:13 updateRequest:NONE merging:N merge action pending:N merged:N multiParty:N confHost:N buried term:N isVideo: N wasVideo: N isWifi: N session:[ImsCallSession objId:98107056 callId:1] transientSession:null] state=DISCONNECTED cause=3
04-28 23:06:50.991  5521  5521 D ImsPhoneCallTracker: [0] processCallStateChange state=DISCONNECTED cause=3 ignoreState=false
04-28 23:06:50.992  5521  5521 V ImsPhoneConnection: update localCallProfile={ serviceType=1, callType=2, restrictCause=0, mediaProfile={ audioQuality=1, audioDirection=3, audioCodecAttribute=null, videoQuality=0, videoDirection=-1, rttMode=0, hasRttAudioSpeech=false }, emergencyServiceCategories=0, emergencyUrns=[], emergencyCallRouting=0, emergencyCallTesting=false, hasKnownUserIntentEmergency=false, mRestrictCause=0, mCallerNumberVerstat= 0, mAcceptedRtpHeaderExtensions= [] }
04-28 23:06:50.992  5521  5521 I ImsPhoneConnection: applyLocalCallCapabilities - localProfile = { serviceType=1, callType=2, restrictCause=0, mediaProfile={ audioQuality=1, audioDirection=3, audioCodecAttribute=null, videoQuality=0, videoDirection=-1, rttMode=0, hasRttAudioSpeech=false }, emergencyServiceCategories=0, emergencyUrns=[], emergencyCallRouting=0, emergencyCallTesting=false, hasKnownUserIntentEmergency=false, mRestrictCause=0, mCallerNumberVerstat= 0, mAcceptedRtpHeaderExtensions= [] }
04-28 23:06:50.992  5521  5521 V ImsPhoneConnection: update remoteCallProfile={ serviceType=1, callType=3, restrictCause=0, mediaProfile={ audioQuality=0, audioDirection=3, audioCodecAttribute=null, videoQuality=0, videoDirection=-1, rttMode=0, hasRttAudioSpeech=false }, emergencyServiceCategories=0, emergencyUrns=[], emergencyCallRouting=0, emergencyCallTesting=false, hasKnownUserIntentEmergency=false, mRestrictCause=0, mCallerNumberVerstat= 0, mAcceptedRtpHeaderExtensions= [] }
04-28 23:06:50.992  5521  5521 W ImsPhoneConnection: applyRemoteCallCapabilities - remoteProfile = { serviceType=1, callType=3, restrictCause=0, mediaProfile={ audioQuality=0, audioDirection=3, audioCodecAttribute=null, videoQuality=0, videoDirection=-1, rttMode=0, hasRttAudioSpeech=false }, emergencyServiceCategories=0, emergencyUrns=[], emergencyCallRouting=0, emergencyCallTesting=false, hasKnownUserIntentEmergency=false, mRestrictCause=0, mCallerNumberVerstat= 0, mAcceptedRtpHeaderExtensions= [] }
04-28 23:06:50.992  5521  5521 V ImsPhoneConnection: data is not metered
04-28 23:06:50.993  5521  5521 I ImsPhoneCall: maybeChangeRingbackState: state=DISCONNECTED
04-28 23:06:50.993  5521  5521 V ImsPhoneConnection: update localCallProfile={ serviceType=1, callType=2, restrictCause=0, mediaProfile={ audioQuality=1, audioDirection=3, audioCodecAttribute=null, videoQuality=0, videoDirection=-1, rttMode=0, hasRttAudioSpeech=false }, emergencyServiceCategories=0, emergencyUrns=[], emergencyCallRouting=0, emergencyCallTesting=false, hasKnownUserIntentEmergency=false, mRestrictCause=0, mCallerNumberVerstat= 0, mAcceptedRtpHeaderExtensions= [] }
04-28 23:06:50.993  5521  5521 I ImsPhoneConnection: applyLocalCallCapabilities - localProfile = { serviceType=1, callType=2, restrictCause=0, mediaProfile={ audioQuality=1, audioDirection=3, audioCodecAttribute=null, videoQuality=0, videoDirection=-1, rttMode=0, hasRttAudioSpeech=false }, emergencyServiceCategories=0, emergencyUrns=[], emergencyCallRouting=0, emergencyCallTesting=false, hasKnownUserIntentEmergency=false, mRestrictCause=0, mCallerNumberVerstat= 0, mAcceptedRtpHeaderExtensions= [] }
04-28 23:06:50.994  5521  5521 V ImsPhoneConnection: update remoteCallProfile={ serviceType=1, callType=3, restrictCause=0, mediaProfile={ audioQuality=0, audioDirection=3, audioCodecAttribute=null, videoQuality=0, videoDirection=-1, rttMode=0, hasRttAudioSpeech=false }, emergencyServiceCategories=0, emergencyUrns=[], emergencyCallRouting=0, emergencyCallTesting=false, hasKnownUserIntentEmergency=false, mRestrictCause=0, mCallerNumberVerstat= 0, mAcceptedRtpHeaderExtensions= [] }
04-28 23:06:50.994  5521  5521 W ImsPhoneConnection: applyRemoteCallCapabilities - remoteProfile = { serviceType=1, callType=3, restrictCause=0, mediaProfile={ audioQuality=0, audioDirection=3, audioCodecAttribute=null, videoQuality=0, videoDirection=-1, rttMode=0, hasRttAudioSpeech=false }, emergencyServiceCategories=0, emergencyUrns=[], emergencyCallRouting=0, emergencyCallTesting=false, hasKnownUserIntentEmergency=false, mRestrictCause=0, mCallerNumberVerstat= 0, mAcceptedRtpHeaderExtensions= [] }
04-28 23:06:50.994  5521  5521 V ImsPhoneConnection: data is not metered
04-28 23:06:50.994  5521  5521 D ImsPhoneConnection: onDisconnect: cause=3
04-28 23:06:50.994  5521  5521 I Connection: notifyDisconnect: callId=TC@28_1, reason=3
04-28 23:06:50.995  5521  5521 D ImsPhoneConnection: releaseWakeLock
04-28 23:06:50.997  5521  5521 D ImsPhoneCallTracker: [0] updatePhoneState pendingMo = null, rng= IDLE(), fg= IDLE(), bg= IDLE()
04-28 23:06:50.997  5521  5521 D ImsPhoneCallTracker: [0] updatePhoneState oldState=OFFHOOK, newState=IDLE
04-28 23:06:51.003  5521  6409 D FeatureConfiguration: Checking feature: FEATURE_DUAL_VOLTE
04-28 23:06:51.003  5521  6409 D FeatureConfiguration: Feature FEATURE_DUAL_VOLTE build is supported, featureSupported=true
04-28 23:06:51.004  5521  6409 D ImsManagerIM [0]: getLocalImsConfigKeInt() for key:68, result: 0
04-28 23:06:51.004  5521  6284 D FeatureConfiguration: Checking feature: FEATURE_DSDA
04-28 23:06:51.005  5521  6284 D FeatureConfiguration: Feature FEATURE_DSDA build is supported, featureSupported=true
04-28 23:06:51.005  5521  6284 D MiuiPhoneInterfaceManager: isConcurrentCallsPossible true
04-28 23:06:51.006  5521  6284 D MiuiPhoneInterfaceManager: isConcurrentCallsPossible true
04-28 23:06:51.007  5521  5521 D ImsPhoneConnection: getDisconnectCause: cause=3
04-28 23:06:51.007  5521  5521 D ImsPhoneConnection: getDisconnectCause: cause=3
04-28 23:06:51.008  5521  5521 D ImsPhoneConnection: getDisconnectCause: cause=3
04-28 23:06:51.009  5521  6409 D Phone   : isImsRegistered =true
04-28 23:06:51.009  5521  5521 I RelayLog: RelayManager --> onRelayCallStateChanged state:DISCONNECTED
04-28 23:06:51.009  5521  5521 I RelayLog:  --> isCallRelayed: No!
04-28 23:06:51.009  5521  5521 I RelayLog:  --> isCallRelaying: No!
04-28 23:06:51.009  5521  5521 I RelayLog: RelayManager --> onRelayCallStateChanged not update
04-28 23:06:51.009  5521  5521 D QtiDSMGR-0: handleMessage: 2
04-28 23:06:51.009  5521  5521 D QtiDSMGR-0: hasTempDdsSwitched = false
04-28 23:06:51.010  5521  5521 D DSMGR-0 : mIsDataEnabled=true, prevDataEnabled=true
04-28 23:06:51.010  5521  5521 D DNC-0   : handleMessage, msg.what = 18
04-28 23:06:51.010  5521  5521 D MiuiDataControllerImpl[0]: onVoiceCallChange,getPhoneId = 1
04-28 23:06:51.011  5521  5521 D DN-142-C: ConnectedState: updateNetworkCapabilities: Capabilities not changed.
04-28 23:06:51.011  5521  5521 D DN-143-C: ConnectedState: updateNetworkCapabilities: Capabilities not changed.
04-28 23:06:51.011  5521  5521 D PhoneSwitcher: handle event - 109
04-28 23:06:51.012  5521  5521 D MiuiDataControllerImpl: Qcom Dsda State = true
04-28 23:06:51.012  5521  5521 D MiuiDataControllerImpl: isCurrentDSDAState:true
04-28 23:06:51.012  5521  5521 D MiuiPhoneSwitcherImpl: isViceVolteDataEnabled: false, isCurrentDsdaState: true, isDsdaFullConcurrencyState: false, isPlatformDE30: true, isPlatformDE50: false, isVicePhoneInVoiceCall: false
04-28 23:06:51.012  5521  5521 D PhoneSwitcher: phoneInVoiceCall:false
04-28 23:06:51.012  5521  5521 D MiuiDataControllerImpl: Qcom Dsda State = true
04-28 23:06:51.012  5521  5521 D MiuiDataControllerImpl: isCurrentDSDAState:true
04-28 23:06:51.013  5521  5521 D MiuiPhoneSwitcherImpl: isViceVolteDataEnabled: false, isCurrentDsdaState: true, isDsdaFullConcurrencyState: false, isPlatformDE30: true, isPlatformDE50: false, isVicePhoneInVoiceCall: false
04-28 23:06:51.013  5521  5521 D PhoneSwitcher: phoneInVoiceCall:false
04-28 23:06:51.013  5521  5521 D MiuiDataControllerImpl: Qcom Dsda State = true
04-28 23:06:51.013  5521  5521 D MiuiDataControllerImpl: isCurrentDSDAState:true
04-28 23:06:51.013  5521  5521 D MiuiPhoneSwitcherImpl: isViceVolteDataEnabled: false, isCurrentDsdaState: true, isDsdaFullConcurrencyState: false, isPlatformDE30: true, isPlatformDE50: false, isVicePhoneInVoiceCall: false
04-28 23:06:51.013  5521  5521 D PhoneSwitcher: phoneInVoiceCall:false
04-28 23:06:51.013  5521  5521 D MiuiDataControllerImpl: Qcom Dsda State = true
04-28 23:06:51.013  5521  5521 D MiuiDataControllerImpl: isCurrentDSDAState:true
04-28 23:06:51.014  5521  5521 D MiuiPhoneSwitcherImpl: isViceVolteDataEnabled: false, isCurrentDsdaState: true, isDsdaFullConcurrencyState: false, isPlatformDE30: true, isPlatformDE50: false, isVicePhoneInVoiceCall: false
04-28 23:06:51.014  5521  5521 D PhoneSwitcher: phoneInVoiceCall:false
04-28 23:06:51.014  5521  5521 D PhoneSwitcher: isPhoneInVoiceCallChanged: mPhoneIdInVoiceCall=-1
04-28 23:06:51.014  5521  5521 D PhoneSwitcher: EVENT_PRECISE_CALL_STATE_CHANGED Enforce evaluating once after call ends
04-28 23:06:51.014  5521  5521 D MiuiPhoneSwitcherImpl: updatePreferredDataPhoneId  TempDataPhoneId=-1,isTempDdsSwitchEnabled=false
04-28 23:06:51.014  5521  5521 D MiuiDisplayInfoController: EVENT_PRECISE_CALL_STATE_CHANGED
04-28 23:06:51.014  5521  5521 D MiuiDisplayInfoController: handleCallStateChanged: false,isHasDelay=false,phone.getState(): IDLE
04-28 23:06:51.015  5521  5521 D RILJ    : [8823]> GET_ACTIVITY_INFO [PHONE0]
04-28 23:06:51.015  5521  5521 D DNC-0   : handleMessage, msg.what = 16
04-28 23:06:51.015  5521  5521 D DNC-0   : Re-evaluating 2 existing data networks due to VOICE_CALL_ENDED
04-28 23:06:51.015  5521  5521 D DNC-0   : addDataDisallowedReasonWhenInSecureMode: mIsInSecureMode = false
04-28 23:06:51.015  5521  5521 D MiuiDataControllerImpl[0]: isFdnEnableSupport = false
04-28 23:06:51.015  5521  5521 D MiuiDataControllerImpl[0]: isFdnEnabled = false
04-28 23:06:51.015  5521  5521 D QtiDSMGR-0: hasTempDdsSwitched = false
04-28 23:06:51.015  5521  5521 D QtiDSMGR-0: isInternetDataAllowedByPlatform = true
04-28 23:06:51.016  5521  5521 D DNC-0   : Evaluated [DataNetwork: DN-142-C, cmnet, state=ConnectedState], Data evaluation: evaluation reason:VOICE_CALL_ENDED, Data allowed reason: NORMAL, candidate profile=null, time=23:06:51.015
04-28 23:06:51.016  5521  5521 D DNC-0   : addDataDisallowedReasonWhenInSecureMode: mIsInSecureMode = false
04-28 23:06:51.016  5521  5521 D MiuiDataControllerImpl[0]: isFdnEnableSupport = false
04-28 23:06:51.016  5521  5521 D MiuiDataControllerImpl[0]: isFdnEnabled = false
04-28 23:06:51.016  5521  5521 D QtiDSMGR-0: hasTempDdsSwitched = false
04-28 23:06:51.016  5521  5521 D DNC-0   : Evaluated [DataNetwork: DN-143-C, ims, state=ConnectedState], Data evaluation: evaluation reason:VOICE_CALL_ENDED, Data allowed reason: NORMAL, candidate profile=null, time=23:06:51.016
04-28 23:06:51.017  5521  6284 D MiuiPhoneInterfaceManager: isConcurrentCallsPossible true
04-28 23:06:51.017  5521  6552 D RILJ    : [8823]< GET_ACTIVITY_INFO ModemActivityInfo{ mTimestamp=1401551396 mSleepTimeMs=0 mIdleTimeMs=0 mActivityStatsTechSpecificInfo=[{mRat=UNKNOWN,mFrequencyRange=UNKNOWN,mTxTimeMs[]=[0, 0, 0, 0, 0],mRxTimeMs=0}]} [PHONE0]
04-28 23:06:51.024  5521  6552 D Phone   : isImsRegistered =true
04-28 23:06:51.026  2674  9269 D FeatureConfiguration: Checking feature: FEATURE_DSDA
04-28 23:06:51.026  2674  9269 D FeatureConfiguration: Feature FEATURE_DSDA build is supported, featureSupported=true
04-28 23:06:51.027  2674  9269 D FeatureConfiguration: Checking feature: FEATURE_HNAGUP_OPTIMIZATION_V3
04-28 23:06:51.027  2674  9269 D FeatureConfiguration: Feature FEATURE_HNAGUP_OPTIMIZATION_V3 build is supported, featureSupported=true
04-28 23:06:51.028  2674  9269 E PhoneNumberUtils: formatNumber exception: 
04-28 23:06:51.028  2674  9269 E PhoneNumberUtils: Error type: NOT_A_NUMBER. The string supplied did not seem to be a phone number.
04-28 23:06:51.028  2674  9269 E PhoneNumberUtils: 	at com.android.i18n.phonenumbers.PhoneNumberUtil.parseHelper(PhoneNumberUtil.java:3287)
04-28 23:06:51.028  2674  9269 E PhoneNumberUtils: 	at com.android.i18n.phonenumbers.PhoneNumberUtil.parseAndKeepRawInput(PhoneNumberUtil.java:3197)
04-28 23:06:51.028  2674  9269 E PhoneNumberUtils: 	at com.android.i18n.phonenumbers.PhoneNumberUtil.parseAndKeepRawInput(PhoneNumberUtil.java:3186)
04-28 23:06:51.028  2674  9269 E PhoneNumberUtils: 	at android.telephony.PhoneNumberUtils.formatNumber(PhoneNumberUtils.java:1665)
04-28 23:06:51.028  2674  9269 E PhoneNumberUtils: 	at com.android.server.telecom.CallLogManager.logCall(CallLogManager.java:322)
04-28 23:06:51.028  2674  9269 E PhoneNumberUtils: 	at com.android.server.telecom.CallLogManager.logCall(CallLogManager.java:279)
04-28 23:06:51.028  2674  9269 E PhoneNumberUtils: 	at com.android.server.telecom.CallLogManager.onCallStateChanged(CallLogManager.java:157)
04-28 23:06:51.028  2674  9269 E PhoneNumberUtils: 	at com.android.server.telecom.CallsManager.notifyCallStateChanged(CallsManager.java:4815)
04-28 23:06:51.028  2674  9269 E PhoneNumberUtils: 	at com.android.server.telecom.CallsManager.setCallState(CallsManager.java:4792)
04-28 23:06:51.028  2674  9269 E PhoneNumberUtils: 	at com.android.server.telecom.CallsManager.markCallAsDisconnected(CallsManager.java:4070)
04-28 23:06:51.028  2674  9269 E PhoneNumberUtils: 	at com.android.server.telecom.ConnectionServiceWrapper$Adapter.setDisconnected(ConnectionServiceWrapper.java:314)
04-28 23:06:51.028  2674  9269 E PhoneNumberUtils: 	at com.android.internal.telecom.IConnectionServiceAdapter$Stub.onTransact(IConnectionServiceAdapter.java:445)
04-28 23:06:51.028  2674  9269 E PhoneNumberUtils: 	at android.os.Binder.execTransactInternal(Binder.java:1351)
04-28 23:06:51.028  2674  9269 E PhoneNumberUtils: 	at android.os.Binder.execTransact(Binder.java:1282)
04-28 23:06:51.038  5521  6505 D Phone   : isImsRegistered =true
04-28 23:06:51.050  5521  5570 D Phone   : isImsRegistered =true
04-28 23:06:51.061  5521  5521 D PhoneReceiver: Received action:android.intent.action.PHONE_STATE
04-28 23:06:51.061  5521  5521 D PhoneReceiver: ACTION_PHONE_STATE_CHANGED phoneid: -1 state: IDLE
04-28 23:06:51.061  5521  5521 I FlashManager: unregisterListener....
04-28 23:06:51.075  5521  6505 D Phone   : isImsRegistered =true
04-28 23:06:51.091  5521  5521 D PhoneReceiver: Received action:android.intent.action.PHONE_STATE
04-28 23:06:51.091  5521  5521 D PhoneReceiver: ACTION_PHONE_STATE_CHANGED phoneid: -1 state: IDLE
04-28 23:06:51.094  5521  5521 I FlashManager: unregisterListener....
04-28 23:06:51.111  5521  5521 D PhoneReceiver: Received action:android.intent.action.PHONE_STATE
04-28 23:06:51.111  5521  5521 D PhoneReceiver: ACTION_PHONE_STATE_CHANGED phoneid: -1 state: IDLE
04-28 23:06:51.112  5521  5521 I FlashManager: unregisterListener....
04-28 23:06:51.209  2953  3576 I qcrilNrd: RIL Response bytes written:4
04-28 23:06:51.209  2953  3576 I qcrilNrd: RIL Response bytes written:342
04-28 23:06:51.210  1894  3707 D RequestManager: [RequestManager.cpp: 341] [Loc_hal_worker(1894,3707)] listenForResponses: record_stream_get_next: recordLen: 342, ret: 0, errno: 0, errStr: Success, socket fd: 33
04-28 23:06:51.210  1894  3707 D RequestManager: [RequestManager.cpp: 358] [Loc_hal_worker(1894,3707)] listenForResponses: Got a response parcel
04-28 23:06:51.210  5521  6552 D RILJ    : Unsol response received; Sending ack to ril.cpp [PHONE1]
04-28 23:06:51.212  5521  5570 D RILJ    : Unsol response received; Sending ack to ril.cpp [PHONE1]
04-28 23:06:51.212  5521  5570 D RILJ    : [UNSL]< UNSOL_LCE_INFO_RECV [{mType=0, mDownlinkCapacityKbps=-1, mUplinkCapacityKbps=-1}, {mType=1, mDownlinkCapacityKbps=0, mUplinkCapacityKbps=0}] [PHONE1]
04-28 23:06:51.212  5521  6552 D RILJ    : [UNSL]< UNSOL_DATA_CALL_LIST_CHANGED [DataCallResponse: { cause=NONE(0x0) retry=-1 cid=0 linkStatus=1 protocolType=1 ifname=rmnet_data2240x:812x:c7x:23x:98bx:d7fx:fecx:efx/64] dnses=[/240x:802x:200xx:6x,/240x:802x:200xx:x gateways=[/fe80::e5c1:d51f:97f5:23f0] pcscf=[/2409:8020:5002:93d::c, /2409:8020:5002:93d::1c] mtu=1500 mtuV4=0 mtuV6=1500 handoverFailureMode=legacy pduSessionId=0 defaultQos=null qosBearerSessions=[] sliceInfo=null trafficDescriptors=[TrafficDescriptor={mDnn=ims, null}]}] [PHONE1]
04-28 23:06:51.213  2953  3576 I qcrilNrd: RIL Response bytes written:4
04-28 23:06:51.213  2953  3576 I qcrilNrd: RIL Response bytes written:16
04-28 23:06:51.213  1894  3707 D RequestManager: [RequestManager.cpp: 341] [Loc_hal_worker(1894,3707)] listenForResponses: record_stream_get_next: recordLen: 342, ret: -1, errno: 11, errStr: Try again, socket fd: 33
04-28 23:06:51.213  1894  3707 D RequestManager: [RequestManager.cpp: 341] [Loc_hal_worker(1894,3707)] listenForResponses: record_stream_get_next: recordLen: 16, ret: 0, errno: 0, errStr: Success, socket fd: 33
04-28 23:06:51.213  1894  3707 D RequestManager: [RequestManager.cpp: 358] [Loc_hal_worker(1894,3707)] listenForResponses: Got a response parcel
04-28 23:06:51.213  5521  5521 D QtiGsmCdmaPhone: [1 ] handleMessage: Event: 59
04-28 23:06:51.213  5521  5521 D GsmCdmaPhone: [1] updateLinkCapacityEstimate: lce list=[{mType=0, mDownlinkCapacityKbps=-1, mUplinkCapacityKbps=-1}, {mType=1, mDownlinkCapacityKbps=0, mUplinkCapacityKbps=0}]
04-28 23:06:51.217  5521  5521 D DN-102-C: ConnectedState: onDataStateChanged: DataCallResponse: { cause=NONE(0x0) retry=-1 cid=0 linkStatus=1 protocolType=1 ifname=rmnet_data2240x:812x:c7x:23x:98bx:d7fx:fecx:efx/64] dnses=[/240x:802x:200xx:6x,/240x:802x:200xx:x gateways=[/fe80::e5c1:d51f:97f5:23f0] pcscf=[/2409:8020:5002:93d::c, /2409:8020:5002:93d::1c] mtu=1500 mtuV4=0 mtuV6=1500 handoverFailureMode=legacy pduSessionId=0 defaultQos=null qosBearerSessions=[] sliceInfo=null trafficDescriptors=[TrafficDescriptor={mDnn=ims, null}]}
04-28 23:06:51.217  5521  5521 D DN-102-C: ConnectedState: Link status updated to DORMANT
04-28 23:06:51.217  5521  5521 D MiuiDataControllerImpl[1]: getMtuForJpKddi ret=-1
04-28 23:06:51.218  5521  5521 D DN-102-C: ConnectedState: updateQosBearerSessions: []
04-28 23:06:51.219  5521  5521 D DN-102-C: ConnectedState: updateNetworkCapabilities: Capabilities not changed.
04-28 23:06:51.220  5521  5521 D QOSCT-102: updateSessions: sessions size=0
04-28 23:06:51.239  2951  3573 E RILC    : Unsupported unsolicited response code 1028
04-28 23:06:51.244  5521  5521 D QtiGsmCdmaPhone: [1 ] handleMessage: Event: 58
04-28 23:06:51.244  5521  5521 D GsmCdmaPhone: [1] Event BarringInfoChanged Received
04-28 23:06:51.245  5521  5521 D QtiGsmCdmaPhone: [0 ] handleMessage: Event: 58
04-28 23:06:51.245  5521  5521 D GsmCdmaPhone: [0] Event BarringInfoChanged Received
04-28 23:06:51.356  2951  3573 E RILC    : Unsupported unsolicited response code 1028
04-28 23:06:51.382  5521  5521 D DNC-0   : getAllActiveCellularInterfaces All Interfaces: rmnet_data1
04-28 23:06:51.382  5521  5521 D DNC-0   : getAllActiveCellularInterfaces All Interfaces: rmnet_data4
04-28 23:06:51.387  5521  5521 D DNC-1   : getAllActiveCellularInterfaces All Interfaces: rmnet_data2
04-28 23:06:51.400  5521  5570 I MiuiCarrierConfigHelper: getBooleanCarrierConfigForSubId subId:4key: config_voicemail_ignore_sim config: false
04-28 23:06:51.400  5521  5570 D GsmCdmaPhone: [0] getVoiceMailNumber: from IccRecords number=[****]
04-28 23:06:51.405  5521  6552 I MiuiCarrierConfigHelper: getBooleanCarrierConfigForSubId subId:4key: config_voicemail_ignore_sim config: false
04-28 23:06:51.405  5521  6552 D GsmCdmaPhone: [0] getVoiceMailNumber: from IccRecords number=[****]
04-28 23:06:51.412  5521  6505 I MiuiCarrierConfigHelper: getBooleanCarrierConfigForSubId subId:4key: config_voicemail_ignore_sim config: false
04-28 23:06:51.412  5521  6505 D GsmCdmaPhone: [0] getVoiceMailNumber: from IccRecords number=[****]
04-28 23:06:51.415  5521  6551 I MiuiCarrierConfigHelper: getBooleanCarrierConfigForSubId subId:4key: config_voicemail_ignore_sim config: false
04-28 23:06:51.415  5521  6551 D GsmCdmaPhone: [0] getVoiceMailNumber: from IccRecords number=[****]
04-28 23:06:51.426  5521  6551 I MiuiCarrierConfigHelper: getBooleanCarrierConfigForSubId subId:4key: config_voicemail_ignore_sim config: false
04-28 23:06:51.426  5521  6551 D GsmCdmaPhone: [0] getVoiceMailNumber: from IccRecords number=[****]
04-28 23:06:51.429  5521  6505 I MiuiCarrierConfigHelper: getBooleanCarrierConfigForSubId subId:4key: config_voicemail_ignore_sim config: false
04-28 23:06:51.429  5521  6505 D GsmCdmaPhone: [0] getVoiceMailNumber: from IccRecords number=[****]
04-28 23:06:51.432  5521  5521 D QtiGsmCdmaPhone: [0 ] handleMessage: Event: 58
04-28 23:06:51.432  5521  5521 D GsmCdmaPhone: [0] Event BarringInfoChanged Received
04-28 23:06:51.432  5521  5521 D QtiGsmCdmaPhone: [1 ] handleMessage: Event: 58
04-28 23:06:51.432  5521  5521 D GsmCdmaPhone: [1] Event BarringInfoChanged Received
04-28 23:06:51.434  5521  6505 I MiuiCarrierConfigHelper: getBooleanCarrierConfigForSubId subId:4key: config_voicemail_ignore_sim config: false
04-28 23:06:51.434  5521  6505 D GsmCdmaPhone: [0] getVoiceMailNumber: from IccRecords number=[****]
04-28 23:06:51.437  5521  6505 I MiuiCarrierConfigHelper: getBooleanCarrierConfigForSubId subId:4key: config_voicemail_ignore_sim config: false
04-28 23:06:51.437  5521  6505 D GsmCdmaPhone: [0] getVoiceMailNumber: from IccRecords number=[****]
04-28 23:06:51.440  5521  6505 I MiuiCarrierConfigHelper: getBooleanCarrierConfigForSubId subId:4key: config_voicemail_ignore_sim config: false
04-28 23:06:51.440  5521  6505 D GsmCdmaPhone: [0] getVoiceMailNumber: from IccRecords number=[****]
04-28 23:06:51.444  5521  6505 I MiuiCarrierConfigHelper: getBooleanCarrierConfigForSubId subId:4key: config_voicemail_ignore_sim config: false
04-28 23:06:51.444  5521  6505 D GsmCdmaPhone: [0] getVoiceMailNumber: from IccRecords number=[****]
04-28 23:06:51.447  5521  6552 I MiuiCarrierConfigHelper: getBooleanCarrierConfigForSubId subId:4key: config_voicemail_ignore_sim config: false
04-28 23:06:51.447  5521  6552 D GsmCdmaPhone: [0] getVoiceMailNumber: from IccRecords number=[****]
04-28 23:06:51.471  5521  6551 I MiuiCarrierConfigHelper: getBooleanCarrierConfigForSubId subId:4key: config_voicemail_ignore_sim config: false
04-28 23:06:51.471  5521  6551 D GsmCdmaPhone: [0] getVoiceMailNumber: from IccRecords number=[****]
04-28 23:06:51.474  5521  6505 I MiuiCarrierConfigHelper: getBooleanCarrierConfigForSubId subId:4key: config_voicemail_ignore_sim config: false
04-28 23:06:51.474  5521  6505 D GsmCdmaPhone: [0] getVoiceMailNumber: from IccRecords number=[****]
04-28 23:06:51.478  5521  5570 I MiuiCarrierConfigHelper: getBooleanCarrierConfigForSubId subId:4key: config_voicemail_ignore_sim config: false
04-28 23:06:51.478  5521  5570 D GsmCdmaPhone: [0] getVoiceMailNumber: from IccRecords number=[****]
04-28 23:06:51.486  5521  6505 I MiuiCarrierConfigHelper: getBooleanCarrierConfigForSubId subId:4key: config_voicemail_ignore_sim config: false
04-28 23:06:51.486  5521  6505 D GsmCdmaPhone: [0] getVoiceMailNumber: from IccRecords number=[****]
04-28 23:06:51.500  5521  6552 I MiuiCarrierConfigHelper: getBooleanCarrierConfigForSubId subId:4key: config_voicemail_ignore_sim config: false
04-28 23:06:51.500  5521  6552 D GsmCdmaPhone: [0] getVoiceMailNumber: from IccRecords number=[****]
04-28 23:06:51.503  5521  6505 I MiuiCarrierConfigHelper: getBooleanCarrierConfigForSubId subId:4key: config_voicemail_ignore_sim config: false
04-28 23:06:51.503  5521  6505 D GsmCdmaPhone: [0] getVoiceMailNumber: from IccRecords number=[****]
04-28 23:06:51.507  5521  6552 I MiuiCarrierConfigHelper: getBooleanCarrierConfigForSubId subId:4key: config_voicemail_ignore_sim config: false
04-28 23:06:51.507  5521  6552 D GsmCdmaPhone: [0] getVoiceMailNumber: from IccRecords number=[****]
04-28 23:06:51.510  5521  6552 I MiuiCarrierConfigHelper: getBooleanCarrierConfigForSubId subId:4key: config_voicemail_ignore_sim config: false
04-28 23:06:51.510  5521  6552 D GsmCdmaPhone: [0] getVoiceMailNumber: from IccRecords number=[****]
04-28 23:06:51.510  5521  5521 D DNC-0   : handleMessage, msg.what = 5
04-28 23:06:51.511  5521  5521 D DNC-0   : Re-evaluating 0 unsatisfied network requests in 0 groups,  due to VOICE_CALL_ENDED
04-28 23:06:51.513  5521  6552 I MiuiCarrierConfigHelper: getBooleanCarrierConfigForSubId subId:4key: config_voicemail_ignore_sim config: false
04-28 23:06:51.513  5521  6552 D GsmCdmaPhone: [0] getVoiceMailNumber: from IccRecords number=[****]
04-28 23:06:51.516  5521  6552 I MiuiCarrierConfigHelper: getBooleanCarrierConfigForSubId subId:4key: config_voicemail_ignore_sim config: false
04-28 23:06:51.516  5521  6552 D GsmCdmaPhone: [0] getVoiceMailNumber: from IccRecords number=[****]
04-28 23:06:51.520  5521  6552 I MiuiCarrierConfigHelper: getBooleanCarrierConfigForSubId subId:4key: config_voicemail_ignore_sim config: false
04-28 23:06:51.520  5521  6552 D GsmCdmaPhone: [0] getVoiceMailNumber: from IccRecords number=[****]
04-28 23:06:51.544  2951  3573 E RILC    : Unsupported unsolicited response code 1028
04-28 23:06:52.073  2951  3573 I qcrilNrd: RIL Response bytes written:4
04-28 23:06:52.073  1894  3705 D RequestManager: [RequestManager.cpp: 341] [Loc_hal_worker(1894,3705)] listenForResponses: record_stream_get_next: recordLen: 79, ret: -1, errno: 11, errStr: Try again, socket fd: 32
04-28 23:06:52.073  2951  3573 I qcrilNrd: RIL Response bytes written:16
04-28 23:06:52.073  1894  3705 D RequestManager: [RequestManager.cpp: 341] [Loc_hal_worker(1894,3705)] listenForResponses: record_stream_get_next: recordLen: 16, ret: 0, errno: 0, errStr: Success, socket fd: 32
04-28 23:06:52.073  1894  3705 D RequestManager: [RequestManager.cpp: 358] [Loc_hal_worker(1894,3705)] listenForResponses: Got a response parcel
04-28 23:06:52.074  5521  6505 D RILJ    : Unsol response received; Sending ack to ril.cpp [PHONE0]
04-28 23:06:52.075  5521  6505 D RILJ    : [UNSL]< UNSOL_LCE_INFO_RECV [{mType=0, mDownlinkCapacityKbps=0, mUplinkCapacityKbps=115}, {mType=1, mDownlinkCapacityKbps=0, mUplinkCapacityKbps=0}] [PHONE0]
04-28 23:06:52.075  5521  5521 D QtiGsmCdmaPhone: [0 ] handleMessage: Event: 59
04-28 23:06:52.075  5521  5521 D GsmCdmaPhone: [0] updateLinkCapacityEstimate: lce list=[{mType=0, mDownlinkCapacityKbps=0, mUplinkCapacityKbps=115}, {mType=1, mDownlinkCapacityKbps=0, mUplinkCapacityKbps=0}]
