04-28 23:05:59.892  5521  5521 D ImsPhoneCallTracker: [0] updateVtDataUsage: call=[ImsCall objId:245992533 onHold:N mute:N mCallProfile:{ serviceType=1, callType=6, restrictCause=0, mediaProfile={ audioQuality=0, audioDirection=3, audioCodecAttribute=null, videoQuality=0, videoDirection=1, rttMode=0, hasRttAudioSpeech=false }, emergencyServiceCategories=0, emergencyUrns=[], emergencyCallRouting=0, emergencyCallTesting=false, hasKnownUserIntentEmergency=false, mRestrictCause=0, mCallerNumberVerstat= 0, mAcceptedRtpHeaderExtensions= [] } networkType:13 updateRequest:NONE merging:N merge action pending:N merged:N multiParty:N confHost:N buried term:N isVideo: Y wasVideo: Y isWifi: N session:[ImsCallSession objId:144378636 callId:1] transientSession:null], delta=98296
04-28 23:05:59.911  2951  3573 I qcrilNrd: RIL Response bytes written:4
04-28 23:05:59.911  2951  3573 I qcrilNrd: RIL Response bytes written:335
04-28 23:05:59.911  1894  3705 D RequestManager: [RequestManager.cpp: 341] [Loc_hal_worker(1894,3705)] listenForResponses: record_stream_get_next: recordLen: 335, ret: 0, errno: 0, errStr: Success, socket fd: 32
04-28 23:05:59.911  1894  3705 D RequestManager: [RequestManager.cpp: 358] [Loc_hal_worker(1894,3705)] listenForResponses: Got a response parcel
04-28 23:05:59.931  5521  5521 D ImsPhoneCallTracker: [0] onCallUpdated
04-28 23:05:59.931  5521  5521 D ImsPhoneCallTracker: [0] onCallUpdated: profile is { serviceType=1, callType=2, restrictCause=0, mediaProfile={ audioQuality=0, audioDirection=3, audioCodecAttribute=null, videoQuality=0, videoDirection=-1, rttMode=0, hasRttAudioSpeech=false }, emergencyServiceCategories=0, emergencyUrns=[], emergencyCallRouting=0, emergencyCallTesting=false, hasKnownUserIntentEmergency=false, mRestrictCause=0, mCallerNumberVerstat= 0, mAcceptedRtpHeaderExtensions= [] }
04-28 23:05:59.931  5521  5521 D ImsPhoneCallTracker: [0] processCallStateChange state=ACTIVE cause=0 ignoreState=true
04-28 23:05:59.931  5521  5521 D VoiceCallSessionStats: onVideoStateChange: video state=0, connectionId=624804196
04-28 23:05:59.932  5521  5521 V ImsPhoneConnection: update localCallProfile={ serviceType=1, callType=3, restrictCause=0, mediaProfile={ audioQuality=2, audioDirection=3, audioCodecAttribute=null, videoQuality=0, videoDirection=-1, rttMode=0, hasRttAudioSpeech=false }, emergencyServiceCategories=0, emergencyUrns=[], emergencyCallRouting=0, emergencyCallTesting=false, hasKnownUserIntentEmergency=false, mRestrictCause=0, mCallerNumberVerstat= 0, mAcceptedRtpHeaderExtensions= [] }
04-28 23:05:59.932  5521  5521 I ImsPhoneConnection: applyLocalCallCapabilities - localProfile = { serviceType=1, callType=3, restrictCause=0, mediaProfile={ audioQuality=2, audioDirection=3, audioCodecAttribute=null, videoQuality=0, videoDirection=-1, rttMode=0, hasRttAudioSpeech=false }, emergencyServiceCategories=0, emergencyUrns=[], emergencyCallRouting=0, emergencyCallTesting=false, hasKnownUserIntentEmergency=false, mRestrictCause=0, mCallerNumberVerstat= 0, mAcceptedRtpHeaderExtensions= [] }
04-28 23:05:59.934  5521  5521 V ImsPhoneConnection: update remoteCallProfile={ serviceType=1, callType=3, restrictCause=0, mediaProfile={ audioQuality=0, audioDirection=3, audioCodecAttribute=null, videoQuality=0, videoDirection=-1, rttMode=0, hasRttAudioSpeech=false }, emergencyServiceCategories=0, emergencyUrns=[], emergencyCallRouting=0, emergencyCallTesting=false, hasKnownUserIntentEmergency=false, mRestrictCause=0, mCallerNumberVerstat= 0, mAcceptedRtpHeaderExtensions= [] }
04-28 23:05:59.934  5521  5521 W ImsPhoneConnection: applyRemoteCallCapabilities - remoteProfile = { serviceType=1, callType=3, restrictCause=0, mediaProfile={ audioQuality=0, audioDirection=3, audioCodecAttribute=null, videoQuality=0, videoDirection=-1, rttMode=0, hasRttAudioSpeech=false }, emergencyServiceCategories=0, emergencyUrns=[], emergencyCallRouting=0, emergencyCallTesting=false, hasKnownUserIntentEmergency=false, mRestrictCause=0, mCallerNumberVerstat= 0, mAcceptedRtpHeaderExtensions= [] }
04-28 23:05:59.934  5521  5521 V ImsPhoneConnection: data is not metered
04-28 23:05:59.934  5521  5521 I ImsPhoneConnection: maybeChangeRingbackState
04-28 23:05:59.934  5521  5521 I ImsPhoneCall: maybeChangeRingbackState: state=ACTIVE
04-28 23:05:59.938  5521  5521 V SMSVC   : getSubscriptionUserHandle subId = 4 userHandle = UserHandle{-10000}
04-28 23:05:59.948  5521  6412 D Phone   : isImsRegistered =true
04-28 23:05:59.950  5521  6505 D MiuiPhoneInterfaceManager: isConcurrentCallsPossible true
04-28 23:05:59.951  5521  6412 D MiuiPhoneInterfaceManager: isConcurrentCallsPossible true
04-28 23:05:59.951  5521  6505 D Phone   : isImsRegistered =true
04-28 23:05:59.953  2674  5813 D FeatureConfiguration: Checking feature: FEATURE_DSDA
04-28 23:05:59.953  2674  5813 D FeatureConfiguration: Feature FEATURE_DSDA build is supported, featureSupported=true
04-28 23:05:59.955  5521  6412 D Phone   : isImsRegistered =true
04-28 23:05:59.958  5521  6412 D Phone   : isImsRegistered =true
04-28 23:05:59.960  2674  5813 D FeatureConfiguration: Checking feature: FEATURE_DSDA
04-28 23:05:59.960  2674  5813 D FeatureConfiguration: Feature FEATURE_DSDA build is supported, featureSupported=true
04-28 23:05:59.960  5521  6412 D Phone   : isImsRegistered =true
04-28 23:05:59.976  5521  6505 D FeatureConfiguration: Checking feature: FEATURE_DUAL_VOLTE
04-28 23:05:59.976  5521  6505 D FeatureConfiguration: Feature FEATURE_DUAL_VOLTE build is supported, featureSupported=true
04-28 23:05:59.976  5521  6505 D ImsManagerIM [0]: getLocalImsConfigKeInt() for key:68, result: 0
04-28 23:05:59.979  5521  6505 D Phone   : isImsRegistered =true
04-28 23:06:00.572  5521  5521 D DNC-0   : getAllActiveCellularInterfaces All Interfaces: rmnet_data1
04-28 23:06:00.572  5521  5521 D DNC-0   : getAllActiveCellularInterfaces All Interfaces: rmnet_data4
04-28 23:06:00.584  5521  5521 D DNC-1   : getAllActiveCellularInterfaces All Interfaces: rmnet_data2
04-28 23:06:01.202  2951  3573 I qcrilNrd: RIL Response bytes written:4
04-28 23:06:01.202  2951  3573 I qcrilNrd: RIL Response bytes written:16
04-28 23:06:01.202  1894  3705 D RequestManager: [RequestManager.cpp: 341] [Loc_hal_worker(1894,3705)] listenForResponses: record_stream_get_next: recordLen: 16, ret: 0, errno: 0, errStr: Success, socket fd: 32
04-28 23:06:01.202  1894  3705 D RequestManager: [RequestManager.cpp: 358] [Loc_hal_worker(1894,3705)] listenForResponses: Got a response parcel
04-28 23:06:01.203  5521  6505 D RILJ    : Unsol response received; Sending ack to ril.cpp [PHONE0]
04-28 23:06:01.204  5521  6505 D RILJ    : [UNSL]< UNSOL_LCE_INFO_RECV [{mType=0, mDownlinkCapacityKbps=892, mUplinkCapacityKbps=0}, {mType=1, mDownlinkCapacityKbps=0, mUplinkCapacityKbps=0}] [PHONE0]
04-28 23:06:01.204  5521  5521 D QtiGsmCdmaPhone: [0 ] handleMessage: Event: 59
04-28 23:06:01.206  5521  5521 D GsmCdmaPhone: [0] updateLinkCapacityEstimate: lce list=[{mType=0, mDownlinkCapacityKbps=892, mUplinkCapacityKbps=0}, {mType=1, mDownlinkCapacityKbps=0, mUplinkCapacityKbps=0}]
04-28 23:06:01.404  2951  3573 I qcrilNrd: RIL Response bytes written:4
04-28 23:06:01.404  2951  3573 I qcrilNrd: RIL Response bytes written:16
04-28 23:06:01.404  5521  6505 D RILJ    : Unsol response received; Sending ack to ril.cpp [PHONE0]
04-28 23:06:01.404  5521  6505 D RILJ    : [UNSL]< UNSOL_LCE_INFO_RECV [{mType=0, mDownlinkCapacityKbps=892, mUplinkCapacityKbps=115}, {mType=1, mDownlinkCapacityKbps=0, mUplinkCapacityKbps=0}] [PHONE0]
04-28 23:06:01.405  1894  3705 D RequestManager: [RequestManager.cpp: 341] [Loc_hal_worker(1894,3705)] listenForResponses: record_stream_get_next: recordLen: 16, ret: 0, errno: 0, errStr: Success, socket fd: 32
04-28 23:06:01.405  1894  3705 D RequestManager: [RequestManager.cpp: 358] [Loc_hal_worker(1894,3705)] listenForResponses: Got a response parcel
04-28 23:06:01.407  5521  5521 D QtiGsmCdmaPhone: [0 ] handleMessage: Event: 59
04-28 23:06:01.408  5521  5521 D GsmCdmaPhone: [0] updateLinkCapacityEstimate: lce list=[{mType=0, mDownlinkCapacityKbps=892, mUplinkCapacityKbps=115}, {mType=1, mDownlinkCapacityKbps=0, mUplinkCapacityKbps=0}]
04-28 23:06:01.583  5521  5521 D DNC-0   : getAllActiveCellularInterfaces All Interfaces: rmnet_data1
04-28 23:06:01.583  5521  5521 D DNC-0   : getAllActiveCellularInterfaces All Interfaces: rmnet_data4
04-28 23:06:01.596  5521  5521 D DNC-1   : getAllActiveCellularInterfaces All Interfaces: rmnet_data2
04-28 23:06:02.597  5521  5521 D DNC-0   : getAllActiveCellularInterfaces All Interfaces: rmnet_data1
04-28 23:06:02.597  5521  5521 D DNC-0   : getAllActiveCellularInterfaces All Interfaces: rmnet_data4
04-28 23:06:02.612  5521  5521 D DNC-1   : getAllActiveCellularInterfaces All Interfaces: rmnet_data2
04-28 23:06:03.613  5521  5521 D DNC-0   : getAllActiveCellularInterfaces All Interfaces: rmnet_data1
04-28 23:06:03.613  5521  5521 D DNC-0   : getAllActiveCellularInterfaces All Interfaces: rmnet_data4
04-28 23:06:03.633  5521  5521 D DNC-1   : getAllActiveCellularInterfaces All Interfaces: rmnet_data2
04-28 23:06:04.630  5521  5521 D DNC-0   : getAllActiveCellularInterfaces All Interfaces: rmnet_data1
04-28 23:06:04.631  5521  5521 D DNC-0   : getAllActiveCellularInterfaces All Interfaces: rmnet_data4
04-28 23:06:04.646  5521  5521 D DNC-1   : getAllActiveCellularInterfaces All Interfaces: rmnet_data2
04-28 23:06:05.647  5521  5521 D DNC-0   : getAllActiveCellularInterfaces All Interfaces: rmnet_data1
04-28 23:06:05.649  5521  5521 D DNC-0   : getAllActiveCellularInterfaces All Interfaces: rmnet_data4
04-28 23:06:05.664  5521  5521 D DNC-1   : getAllActiveCellularInterfaces All Interfaces: rmnet_data2
04-28 23:06:06.665  5521  5521 D DNC-0   : getAllActiveCellularInterfaces All Interfaces: rmnet_data1
04-28 23:06:06.667  5521  5521 D DNC-0   : getAllActiveCellularInterfaces All Interfaces: rmnet_data4
04-28 23:06:06.684  5521  5521 D DNC-1   : getAllActiveCellularInterfaces All Interfaces: rmnet_data2
04-28 23:06:07.683  5521  5521 D DNC-0   : getAllActiveCellularInterfaces All Interfaces: rmnet_data1
04-28 23:06:07.684  5521  5521 D DNC-0   : getAllActiveCellularInterfaces All Interfaces: rmnet_data4
04-28 23:06:07.702  5521  5521 D DNC-1   : getAllActiveCellularInterfaces All Interfaces: rmnet_data2
04-28 23:06:08.700  5521  5521 D DNC-0   : getAllActiveCellularInterfaces All Interfaces: rmnet_data1
04-28 23:06:08.702  5521  5521 D DNC-0   : getAllActiveCellularInterfaces All Interfaces: rmnet_data4
04-28 23:06:08.722  5521  5521 D DNC-1   : getAllActiveCellularInterfaces All Interfaces: rmnet_data2
04-28 23:06:09.721  5521  5521 D DNC-0   : getAllActiveCellularInterfaces All Interfaces: rmnet_data1
04-28 23:06:09.724  5521  5521 D DNC-0   : getAllActiveCellularInterfaces All Interfaces: rmnet_data4
04-28 23:06:09.742  5521  5521 D DNC-1   : getAllActiveCellularInterfaces All Interfaces: rmnet_data2
04-28 23:06:10.575  5521  5521 D RILJ    : [8813]> GET_ACTIVITY_INFO [PHONE0]
04-28 23:06:10.584  5521  6412 D RILJ    : [8813]< GET_ACTIVITY_INFO ModemActivityInfo{ mTimestamp=1401510962 mSleepTimeMs=0 mIdleTimeMs=1 mActivityStatsTechSpecificInfo=[{mRat=UNKNOWN,mFrequencyRange=UNKNOWN,mTxTimeMs[]=[0, 0, 0, 0, 0],mRxTimeMs=15117}]} [PHONE0]
04-28 23:06:10.743  5521  5521 D DNC-0   : getAllActiveCellularInterfaces All Interfaces: rmnet_data1
04-28 23:06:10.744  5521  5521 D DNC-0   : getAllActiveCellularInterfaces All Interfaces: rmnet_data4
04-28 23:06:10.756  5521  5521 D DNC-1   : getAllActiveCellularInterfaces All Interfaces: rmnet_data2
04-28 23:06:11.757  5521  5521 D DNC-0   : getAllActiveCellularInterfaces All Interfaces: rmnet_data1
04-28 23:06:11.758  5521  5521 D DNC-0   : getAllActiveCellularInterfaces All Interfaces: rmnet_data4
04-28 23:06:11.775  5521  5521 D DNC-1   : getAllActiveCellularInterfaces All Interfaces: rmnet_data2
04-28 23:06:12.775  5521  5521 D DNC-0   : getAllActiveCellularInterfaces All Interfaces: rmnet_data1
04-28 23:06:12.777  5521  5521 D DNC-0   : getAllActiveCellularInterfaces All Interfaces: rmnet_data4
04-28 23:06:12.797  5521  5521 D DNC-1   : getAllActiveCellularInterfaces All Interfaces: rmnet_data2
04-28 23:06:13.798  5521  5521 D DNC-0   : getAllActiveCellularInterfaces All Interfaces: rmnet_data1
04-28 23:06:13.799  5521  5521 D DNC-0   : getAllActiveCellularInterfaces All Interfaces: rmnet_data4
04-28 23:06:13.817  5521  5521 D DNC-1   : getAllActiveCellularInterfaces All Interfaces: rmnet_data2
04-28 23:06:14.817  5521  5521 D DNC-0   : getAllActiveCellularInterfaces All Interfaces: rmnet_data1
04-28 23:06:14.818  5521  5521 D DNC-0   : getAllActiveCellularInterfaces All Interfaces: rmnet_data4
04-28 23:06:14.836  5521  5521 D DNC-1   : getAllActiveCellularInterfaces All Interfaces: rmnet_data2
04-28 23:06:15.836  5521  5521 D DNC-0   : getAllActiveCellularInterfaces All Interfaces: rmnet_data1
04-28 23:06:15.837  5521  5521 D DNC-0   : getAllActiveCellularInterfaces All Interfaces: rmnet_data4
04-28 23:06:15.862  5521  5521 D DNC-1   : getAllActiveCellularInterfaces All Interfaces: rmnet_data2
04-28 23:06:16.511  5521  6551 D Phone   : isImsRegistered =true
04-28 23:06:16.514  5521  5570 D Phone   : isImsRegistered =true
04-28 23:06:16.516  5521  5521 D ImsPhoneCallTracker: [0] hangup connection[ImsCall objId:245992533 onHold:N mute:N mCallProfile:{ serviceType=1, callType=2, restrictCause=0, mediaProfile={ audioQuality=0, audioDirection=3, audioCodecAttribute=null, videoQuality=0, videoDirection=-1, rttMode=0, hasRttAudioSpeech=false }, emergencyServiceCategories=0, emergencyUrns=[], emergencyCallRouting=0, emergencyCallTesting=false, hasKnownUserIntentEmergency=false, mRestrictCause=0, mCallerNumberVerstat= 0, mAcceptedRtpHeaderExtensions= [] } networkType:13 updateRequest:NONE merging:N merge action pending:N merged:N multiParty:N confHost:N buried term:N isVideo: N wasVideo: Y isWifi: N session:[ImsCallSession objId:144378636 callId:1] transientSession:null]
04-28 23:06:16.517  5521  5521 D ImsPhoneCallTracker: [0] hangup call - reason=1
04-28 23:06:16.517  5521  5521 D ImsPhoneCallTracker: [0] (foregnd) hangup foreground
04-28 23:06:16.522  5521  6551 D Phone   : isImsRegistered =true
04-28 23:06:16.528  5521  6551 D Phone   : isImsRegistered =true
04-28 23:06:16.529  2674 10545 D FeatureConfiguration: Checking feature: FEATURE_HNAGUP_OPTIMIZATION_V3
04-28 23:06:16.529  2674 10545 D FeatureConfiguration: Feature FEATURE_HNAGUP_OPTIMIZATION_V3 build is supported, featureSupported=true
04-28 23:06:16.533  5521  5521 D PhoneSwitcher: handle event - 109
04-28 23:06:16.534  5521  5521 D MiuiDataControllerImpl: Qcom Dsda State = true
04-28 23:06:16.534  5521  5521 D MiuiDataControllerImpl: isCurrentDSDAState:true
04-28 23:06:16.534  5521  5521 D MiuiPhoneSwitcherImpl: isViceVolteDataEnabled: false, isCurrentDsdaState: true, isDsdaFullConcurrencyState: false, isPlatformDE30: true, isPlatformDE50: false, isVicePhoneInVoiceCall: false
04-28 23:06:16.534  5521  5521 D PhoneSwitcher: phoneInVoiceCall:false
04-28 23:06:16.534  5521  5521 D MiuiDataControllerImpl: Qcom Dsda State = true
04-28 23:06:16.534  5521  5521 D MiuiDataControllerImpl: isCurrentDSDAState:true
04-28 23:06:16.535  5521  5521 D MiuiPhoneSwitcherImpl: isViceVolteDataEnabled: false, isCurrentDsdaState: true, isDsdaFullConcurrencyState: false, isPlatformDE30: true, isPlatformDE50: false, isVicePhoneInVoiceCall: false
04-28 23:06:16.536  2951  3573 I qcrilNrd: RIL Response bytes written:4
04-28 23:06:16.536  2951  3573 I qcrilNrd: RIL Response bytes written:76
04-28 23:06:16.537  1894  3705 D RequestManager: [RequestManager.cpp: 341] [Loc_hal_worker(1894,3705)] listenForResponses: record_stream_get_next: recordLen: 76, ret: 0, errno: 0, errStr: Success, socket fd: 32
04-28 23:06:16.537  1894  3705 D RequestManager: [RequestManager.cpp: 358] [Loc_hal_worker(1894,3705)] listenForResponses: Got a response parcel
04-28 23:06:16.537  5521  6412 D Phone   : isImsRegistered =true
04-28 23:06:16.540  5521  5521 D PhoneSwitcher: phoneInVoiceCall:false
04-28 23:06:16.541  5521  5521 D MiuiDataControllerImpl: Qcom Dsda State = true
04-28 23:06:16.541  5521  5521 D MiuiDataControllerImpl: isCurrentDSDAState:true
04-28 23:06:16.541  5521  5521 D MiuiPhoneSwitcherImpl: isViceVolteDataEnabled: false, isCurrentDsdaState: true, isDsdaFullConcurrencyState: false, isPlatformDE30: true, isPlatformDE50: false, isVicePhoneInVoiceCall: false
04-28 23:06:16.541  5521  5521 D PhoneSwitcher: phoneInVoiceCall:false
04-28 23:06:16.541  5521  5521 D MiuiDataControllerImpl: Qcom Dsda State = true
04-28 23:06:16.541  5521  5521 D MiuiDataControllerImpl: isCurrentDSDAState:true
04-28 23:06:16.541  5521  5521 D MiuiPhoneSwitcherImpl: isViceVolteDataEnabled: false, isCurrentDsdaState: true, isDsdaFullConcurrencyState: false, isPlatformDE30: true, isPlatformDE50: false, isVicePhoneInVoiceCall: false
04-28 23:06:16.541  5521  5521 D PhoneSwitcher: phoneInVoiceCall:false
04-28 23:06:16.541  5521  5521 D PhoneSwitcher: isPhoneInVoiceCallChanged: mPhoneIdInVoiceCall=-1
04-28 23:06:16.541  5521  5521 D PhoneSwitcher: EVENT_PRECISE_CALL_STATE_CHANGED Enforce evaluating once after call ends
04-28 23:06:16.541  5521  5521 D MiuiPhoneSwitcherImpl: updatePreferredDataPhoneId  TempDataPhoneId=-1,isTempDdsSwitchEnabled=false
04-28 23:06:16.541  5521  5521 D MiuiDisplayInfoController: EVENT_PRECISE_CALL_STATE_CHANGED
04-28 23:06:16.542  5521  5521 D MiuiDisplayInfoController: handleCallStateChanged: false,isHasDelay=false,phone.getState(): OFFHOOK
04-28 23:06:16.543  5521  5521 D ImsPhoneConnection: getDisconnectCause: cause=3
04-28 23:06:16.543  5521  5521 D ImsPhoneConnection: getDisconnectCause: cause=3
04-28 23:06:16.543  5521  5521 I RelayLog: RelayManager --> onRelayCallStateChanged state:ACTIVE
04-28 23:06:16.544  5521  5521 I RelayLog:  --> isCallRelayed: No!
04-28 23:06:16.544  5521  5521 I RelayLog:  --> isCallRelaying: No!
04-28 23:06:16.544  5521  5521 I RelayLog: RelayManager --> onRelayCallStateChanged not update
04-28 23:06:16.547  5521  5521 I MiuiCarrierConfigHelper: getBooleanCarrierConfigForSubId subId:4 key:config_use_cnap_presentation result:false
04-28 23:06:16.548  5521  5521 V SMSVC   : getSubscriptionUserHandle subId = 4 userHandle = UserHandle{-10000}
04-28 23:06:16.566  5521  6412 D Phone   : isImsRegistered =true
04-28 23:06:16.575  2674  8651 D FeatureConfiguration: Checking feature: FEATURE_DSDA
04-28 23:06:16.575  2674  8651 D FeatureConfiguration: Feature FEATURE_DSDA build is supported, featureSupported=true
04-28 23:06:16.579  5521  6412 D FeatureConfiguration: Checking feature: FEATURE_DUAL_VOLTE
04-28 23:06:16.579  5521  6412 D FeatureConfiguration: Feature FEATURE_DUAL_VOLTE build is supported, featureSupported=true
04-28 23:06:16.579  5521  6412 D ImsManagerIM [0]: getLocalImsConfigKeInt() for key:68, result: 0
04-28 23:06:16.583  5521  5521 D ImsPhoneCallTracker: [0] handleMessage what=22
04-28 23:06:16.585  5521  6551 D Phone   : isImsRegistered =true
04-28 23:06:16.586  5521  5521 D ImsPhoneCallTracker: [0] VT data usage update. usage = 98296, imsCall = [ImsCall objId:245992533 onHold:N mute:N mCallProfile:{ serviceType=1, callType=2, restrictCause=0, mediaProfile={ audioQuality=0, audioDirection=3, audioCodecAttribute=null, videoQuality=0, videoDirection=-1, rttMode=0, hasRttAudioSpeech=false }, emergencyServiceCategories=0, emergencyUrns=[], emergencyCallRouting=0, emergencyCallTesting=false, hasKnownUserIntentEmergency=false, mRestrictCause=0, mCallerNumberVerstat= 0, mAcceptedRtpHeaderExtensions= [] } networkType:13 updateRequest:NONE merging:N merge action pending:N merged:N multiParty:N confHost:N buried term:N isVideo: N wasVideo: Y isWifi: N session:[ImsCallSession objId:144378636 callId:1] transientSession:null]
04-28 23:06:16.588  5521  5521 D ImsPhoneCallTracker: [0] updateVtDataUsage: call=[ImsCall objId:245992533 onHold:N mute:N mCallProfile:{ serviceType=1, callType=2, restrictCause=0, mediaProfile={ audioQuality=0, audioDirection=3, audioCodecAttribute=null, videoQuality=0, videoDirection=-1, rttMode=0, hasRttAudioSpeech=false }, emergencyServiceCategories=0, emergencyUrns=[], emergencyCallRouting=0, emergencyCallTesting=false, hasKnownUserIntentEmergency=false, mRestrictCause=0, mCallerNumberVerstat= 0, mAcceptedRtpHeaderExtensions= [] } networkType:13 updateRequest:NONE merging:N merge action pending:N merged:N multiParty:N confHost:N buried term:N isVideo: N wasVideo: Y isWifi: N session:[ImsCallSession objId:144378636 callId:1] transientSession:null], delta=0
04-28 23:06:16.597  5521  6412 D Phone   : isImsRegistered =true
04-28 23:06:16.600  2951  3573 E qcrilNrd: onDisconnect: call failure cause = 29 in struct: call_end_reason_enum_v02 in file: voice_service_common_v02.h
04-28 23:06:16.604  5521  6412 D Phone   : isImsRegistered =true
04-28 23:06:16.622  5521  5570 D FeatureConfiguration: Checking feature: FEATURE_DUAL_VOLTE
04-28 23:06:16.623  5521  5570 D FeatureConfiguration: Feature FEATURE_DUAL_VOLTE build is supported, featureSupported=true
04-28 23:06:16.623  5521  5570 D ImsManagerIM [0]: getLocalImsConfigKeInt() for key:68, result: 0
04-28 23:06:16.625  5521  5570 D Phone   : isImsRegistered =true
04-28 23:06:16.636  2951  3573 I qcrilNrd: RIL Response bytes written:4
04-28 23:06:16.636  2951  3573 I qcrilNrd: RIL Response bytes written:363
04-28 23:06:16.636  1894  3705 D RequestManager: [RequestManager.cpp: 341] [Loc_hal_worker(1894,3705)] listenForResponses: record_stream_get_next: recordLen: 76, ret: -1, errno: 11, errStr: Try again, socket fd: 32
04-28 23:06:16.636  1894  3705 D RequestManager: [RequestManager.cpp: 341] [Loc_hal_worker(1894,3705)] listenForResponses: record_stream_get_next: recordLen: 363, ret: 0, errno: 0, errStr: Success, socket fd: 32
04-28 23:06:16.636  1894  3705 D RequestManager: [RequestManager.cpp: 358] [Loc_hal_worker(1894,3705)] listenForResponses: Got a response parcel
04-28 23:06:16.638  2951  3573 I qcrilNrd: RIL Response bytes written:4
04-28 23:06:16.638  2951  3573 I qcrilNrd: RIL Response bytes written:79
04-28 23:06:16.638  1894  3705 D RequestManager: [RequestManager.cpp: 341] [Loc_hal_worker(1894,3705)] listenForResponses: record_stream_get_next: recordLen: 79, ret: 0, errno: 0, errStr: Success, socket fd: 32
04-28 23:06:16.638  1894  3705 D RequestManager: [RequestManager.cpp: 358] [Loc_hal_worker(1894,3705)] listenForResponses: Got a response parcel
04-28 23:06:16.639  2951  3573 I qcrilNrd: RIL Response bytes written:4
04-28 23:06:16.639  2951  3573 I qcrilNrd: RIL Response bytes written:79
04-28 23:06:16.639  1894  3705 D RequestManager: [RequestManager.cpp: 341] [Loc_hal_worker(1894,3705)] listenForResponses: record_stream_get_next: recordLen: 79, ret: -1, errno: 11, errStr: Try again, socket fd: 32
04-28 23:06:16.639  1894  3705 D RequestManager: [RequestManager.cpp: 341] [Loc_hal_worker(1894,3705)] listenForResponses: record_stream_get_next: recordLen: 79, ret: 0, errno: 0, errStr: Success, socket fd: 32
04-28 23:06:16.639  1894  3705 D RequestManager: [RequestManager.cpp: 358] [Loc_hal_worker(1894,3705)] listenForResponses: Got a response parcel
04-28 23:06:16.640  2951  3573 I qcrilNrd: RIL Response bytes written:4
04-28 23:06:16.640  2951  3573 I qcrilNrd: RIL Response bytes written:79
04-28 23:06:16.640  1894  3705 D RequestManager: [RequestManager.cpp: 341] [Loc_hal_worker(1894,3705)] listenForResponses: record_stream_get_next: recordLen: 79, ret: 0, errno: 0, errStr: Success, socket fd: 32
04-28 23:06:16.640  1894  3705 D RequestManager: [RequestManager.cpp: 358] [Loc_hal_worker(1894,3705)] listenForResponses: Got a response parcel
04-28 23:06:16.677  5521  5521 D ImsPhoneCallTracker: [0] onCallTerminated reasonCode=501
04-28 23:06:16.677  5521  5521 D ImsPhoneCallTracker: [0] maybeRemapReasonCode : fromCode = 501 ; message = 
04-28 23:06:16.679  5521  5521 D ImsPhoneCallTracker: [0] cause = 3 conn = [ImsPhoneConnection objId: 236712542 telecomCallID: TC@27_1 address: [****] isAdhocConf: N ImsCall: [ImsCall objId:245992533 onHold:N mute:N mCallProfile:{ serviceType=1, callType=2, restrictCause=0, mediaProfile={ audioQuality=0, audioDirection=3, audioCodecAttribute=null, videoQuality=0, videoDirection=-1, rttMode=0, hasRttAudioSpeech=false }, emergencyServiceCategories=0, emergencyUrns=[], emergencyCallRouting=0, emergencyCallTesting=false, hasKnownUserIntentEmergency=false, mRestrictCause=0, mCallerNumberVerstat= 0, mAcceptedRtpHeaderExtensions= [] } networkType:13 updateRequest:NONE merging:N merge action pending:N merged:N multiParty:N confHost:N buried term:N isVideo: N wasVideo: Y isWifi: N session:[ImsCallSession objId:144378636 callId:1] transientSession:null]]
04-28 23:06:16.680  5521  5521 D ImsPhoneCallTracker: [0] maybeRemapReasonCode : fromCode = 501 ; message = 
04-28 23:06:16.681  5521  5521 D VoiceCallSessionStats: Time per codec quality = [0, 0, 18379, 0, 0]
04-28 23:06:16.681  5521  5521 D VoiceCallSessionStats: getVoiceRatWithVoNRFix: oldRat=20, newRat=20
04-28 23:06:16.687  5521  5521 D PersistAtomsStorage: Add new voice call session: band_at_end: 41
04-28 23:06:16.687  5521  5521 D PersistAtomsStorage: bearer_at_end: 2
04-28 23:06:16.687  5521  5521 D PersistAtomsStorage: bearer_at_start: 2
04-28 23:06:16.687  5521  5521 D PersistAtomsStorage: call_duration: 1
04-28 23:06:16.687  5521  5521 D PersistAtomsStorage: carrier_id: 1435
04-28 23:06:16.687  5521  5521 D PersistAtomsStorage: codec_bitmask: 6
04-28 23:06:16.687  5521  5521 D PersistAtomsStorage: concurrent_call_count_at_end: 0
04-28 23:06:16.687  5521  5521 D PersistAtomsStorage: concurrent_call_count_at_start: 0
04-28 23:06:16.687  5521  5521 D PersistAtomsStorage: direction: 1
04-28 23:06:16.687  5521  5521 D PersistAtomsStorage: disconnect_extra_code: 0
04-28 23:06:16.687  5521  5521 D PersistAtomsStorage: disconnect_extra_message: ""
04-28 23:06:16.687  5521  5521 D PersistAtomsStorage: disconnect_reason_code: 501
04-28 23:06:16.687  5521  5521 D PersistAtomsStorage: fold_state: 1
04-28 23:06:16.687  5521  5521 D PersistAtomsStorage: is_emergency: false
04-28 23:06:16.687  5521  5521 D PersistAtomsStorage: is_esim: false
04-28 23:06:16.687  5521  5521 D PersistAtomsStorage: is_multi_sim: true
04-28 23:06:16.687  5521  5521 D PersistAtomsStorage: is_multiparty: false
04-28 23:06:16.687  5521  5521 D PersistAtomsStorage: is_roaming: false
04-28 23:06:16.687  5521  5521 D PersistAtomsStorage: last_known_rat: 20
04-28 23:06:16.687  5521  5521 D PersistAtomsStorage: main_codec_quality: 2
04-28 23:06:16.687  5521  5521 D PersistAtomsStorage: rat_at_connected: 20
04-28 23:06:16.687  5521  5521 D PersistAtomsStorage: rat_at_end: 20
04-28 23:06:16.687  5521  5521 D PersistAtomsStorage: rat_at_start: 20
04-28 23:06:16.687  5521  5521 D PersistAtomsStorage: rat_switch_count: 0
04-28 23:06:16.687  5521  5521 D PersistAtomsStorage: rtt_enabled: false
04-28 23:06:16.687  5521  5521 D PersistAtomsStorage: setup_begin_millis: 0
04-28 23:06:16.687  5521  5521 D PersistAtomsStorage: setup_duration_millis: 798
04-28 23:06:16.687  5521  5521 D PersistAtomsStorage: setup_failed: false
04-28 23:06:16.687  5521  5521 D PersistAtomsStorage: signal_strength_at_end: 3
04-28 23:06:16.687  5521  5521 D PersistAtomsStorage: sim_slot_index: 0
04-28 23:06:16.687  5521  5521 D PersistAtomsStorage: srvcc_cancellation_count: 0
04-28 23:06:16.687  5521  5521 D PersistAtomsStorage: srvcc_completed: false
04-28 23:06:16.687  5521  5521 D PersistAtomsStorage: srvcc_failure_count: 0
04-28 23:06:16.687  5521  5521 D PersistAtomsStorage: video_enabled: true
04-28 23:06:16.689  5521  5521 D ImsPhoneCallTracker: [0] maybeRemapReasonCode : fromCode = 501 ; message = 
04-28 23:06:16.691  5521  5521 D ImsPhoneCallTracker: [0] processCallStateChange [ImsCall objId:245992533 onHold:N mute:N mCallProfile:{ serviceType=1, callType=2, restrictCause=0, mediaProfile={ audioQuality=0, audioDirection=3, audioCodecAttribute=null, videoQuality=0, videoDirection=-1, rttMode=0, hasRttAudioSpeech=false }, emergencyServiceCategories=0, emergencyUrns=[], emergencyCallRouting=0, emergencyCallTesting=false, hasKnownUserIntentEmergency=false, mRestrictCause=0, mCallerNumberVerstat= 0, mAcceptedRtpHeaderExtensions= [] } networkType:13 updateRequest:NONE merging:N merge action pending:N merged:N multiParty:N confHost:N buried term:N isVideo: N wasVideo: Y isWifi: N session:[ImsCallSession objId:144378636 callId:1] transientSession:null] state=DISCONNECTED cause=3
04-28 23:06:16.692  5521  5521 D ImsPhoneCallTracker: [0] processCallStateChange state=DISCONNECTED cause=3 ignoreState=false
04-28 23:06:16.694  5521  5521 V ImsPhoneConnection: update localCallProfile={ serviceType=1, callType=3, restrictCause=0, mediaProfile={ audioQuality=2, audioDirection=3, audioCodecAttribute=null, videoQuality=0, videoDirection=-1, rttMode=0, hasRttAudioSpeech=false }, emergencyServiceCategories=0, emergencyUrns=[], emergencyCallRouting=0, emergencyCallTesting=false, hasKnownUserIntentEmergency=false, mRestrictCause=0, mCallerNumberVerstat= 0, mAcceptedRtpHeaderExtensions= [] }
04-28 23:06:16.694  5521  5521 I ImsPhoneConnection: applyLocalCallCapabilities - localProfile = { serviceType=1, callType=3, restrictCause=0, mediaProfile={ audioQuality=2, audioDirection=3, audioCodecAttribute=null, videoQuality=0, videoDirection=-1, rttMode=0, hasRttAudioSpeech=false }, emergencyServiceCategories=0, emergencyUrns=[], emergencyCallRouting=0, emergencyCallTesting=false, hasKnownUserIntentEmergency=false, mRestrictCause=0, mCallerNumberVerstat= 0, mAcceptedRtpHeaderExtensions= [] }
04-28 23:06:16.696  5521  5521 V ImsPhoneConnection: update remoteCallProfile={ serviceType=1, callType=3, restrictCause=0, mediaProfile={ audioQuality=0, audioDirection=3, audioCodecAttribute=null, videoQuality=0, videoDirection=-1, rttMode=0, hasRttAudioSpeech=false }, emergencyServiceCategories=0, emergencyUrns=[], emergencyCallRouting=0, emergencyCallTesting=false, hasKnownUserIntentEmergency=false, mRestrictCause=0, mCallerNumberVerstat= 0, mAcceptedRtpHeaderExtensions= [] }
04-28 23:06:16.697  5521  5521 W ImsPhoneConnection: applyRemoteCallCapabilities - remoteProfile = { serviceType=1, callType=3, restrictCause=0, mediaProfile={ audioQuality=0, audioDirection=3, audioCodecAttribute=null, videoQuality=0, videoDirection=-1, rttMode=0, hasRttAudioSpeech=false }, emergencyServiceCategories=0, emergencyUrns=[], emergencyCallRouting=0, emergencyCallTesting=false, hasKnownUserIntentEmergency=false, mRestrictCause=0, mCallerNumberVerstat= 0, mAcceptedRtpHeaderExtensions= [] }
04-28 23:06:16.697  5521  5521 V ImsPhoneConnection: data is not metered
04-28 23:06:16.697  5521  5521 I ImsPhoneCall: maybeChangeRingbackState: state=DISCONNECTED
04-28 23:06:16.701  5521  5521 V ImsPhoneConnection: update localCallProfile={ serviceType=1, callType=3, restrictCause=0, mediaProfile={ audioQuality=2, audioDirection=3, audioCodecAttribute=null, videoQuality=0, videoDirection=-1, rttMode=0, hasRttAudioSpeech=false }, emergencyServiceCategories=0, emergencyUrns=[], emergencyCallRouting=0, emergencyCallTesting=false, hasKnownUserIntentEmergency=false, mRestrictCause=0, mCallerNumberVerstat= 0, mAcceptedRtpHeaderExtensions= [] }
04-28 23:06:16.701  5521  5521 I ImsPhoneConnection: applyLocalCallCapabilities - localProfile = { serviceType=1, callType=3, restrictCause=0, mediaProfile={ audioQuality=2, audioDirection=3, audioCodecAttribute=null, videoQuality=0, videoDirection=-1, rttMode=0, hasRttAudioSpeech=false }, emergencyServiceCategories=0, emergencyUrns=[], emergencyCallRouting=0, emergencyCallTesting=false, hasKnownUserIntentEmergency=false, mRestrictCause=0, mCallerNumberVerstat= 0, mAcceptedRtpHeaderExtensions= [] }
04-28 23:06:16.703  5521  5521 V ImsPhoneConnection: update remoteCallProfile={ serviceType=1, callType=3, restrictCause=0, mediaProfile={ audioQuality=0, audioDirection=3, audioCodecAttribute=null, videoQuality=0, videoDirection=-1, rttMode=0, hasRttAudioSpeech=false }, emergencyServiceCategories=0, emergencyUrns=[], emergencyCallRouting=0, emergencyCallTesting=false, hasKnownUserIntentEmergency=false, mRestrictCause=0, mCallerNumberVerstat= 0, mAcceptedRtpHeaderExtensions= [] }
04-28 23:06:16.703  5521  5521 W ImsPhoneConnection: applyRemoteCallCapabilities - remoteProfile = { serviceType=1, callType=3, restrictCause=0, mediaProfile={ audioQuality=0, audioDirection=3, audioCodecAttribute=null, videoQuality=0, videoDirection=-1, rttMode=0, hasRttAudioSpeech=false }, emergencyServiceCategories=0, emergencyUrns=[], emergencyCallRouting=0, emergencyCallTesting=false, hasKnownUserIntentEmergency=false, mRestrictCause=0, mCallerNumberVerstat= 0, mAcceptedRtpHeaderExtensions= [] }
04-28 23:06:16.703  5521  5521 V ImsPhoneConnection: data is not metered
04-28 23:06:16.703  5521  5521 D ImsPhoneConnection: onDisconnect: cause=3
04-28 23:06:16.704  5521  5521 I Connection: notifyDisconnect: callId=TC@27_1, reason=3
04-28 23:06:16.707  5521  5521 D ImsPhoneCallTracker: [0] updatePhoneState pendingMo = null, rng= IDLE(), fg= IDLE(), bg= IDLE()
04-28 23:06:16.707  5521  5521 D ImsPhoneCallTracker: [0] updatePhoneState oldState=OFFHOOK, newState=IDLE
04-28 23:06:16.712  5521  6284 D FeatureConfiguration: Checking feature: FEATURE_DSDA
04-28 23:06:16.712  5521  6284 D FeatureConfiguration: Feature FEATURE_DSDA build is supported, featureSupported=true
04-28 23:06:16.713  5521  6284 D MiuiPhoneInterfaceManager: isConcurrentCallsPossible true
04-28 23:06:16.715  5521  5521 D ImsPhoneConnection: getDisconnectCause: cause=3
04-28 23:06:16.715  5521  5521 D ImsPhoneConnection: getDisconnectCause: cause=3
04-28 23:06:16.715  5521  5521 D ImsPhoneConnection: getDisconnectCause: cause=3
04-28 23:06:16.718  5521  5521 I RelayLog: RelayManager --> onRelayCallStateChanged state:DISCONNECTED
04-28 23:06:16.718  5521  5521 I RelayLog:  --> isCallRelayed: No!
04-28 23:06:16.718  5521  5521 I RelayLog:  --> isCallRelaying: No!
04-28 23:06:16.718  5521  5521 I RelayLog: RelayManager --> onRelayCallStateChanged not update
04-28 23:06:16.718  5521  5521 D QtiDSMGR-0: handleMessage: 2
04-28 23:06:16.719  5521  5521 D QtiDSMGR-0: hasTempDdsSwitched = false
04-28 23:06:16.719  5521  5521 D DSMGR-0 : mIsDataEnabled=true, prevDataEnabled=true
04-28 23:06:16.719  5521  5521 D DNC-0   : handleMessage, msg.what = 18
04-28 23:06:16.719  5521  5521 D MiuiDataControllerImpl[0]: onVoiceCallChange,getPhoneId = 1
04-28 23:06:16.721  5521  5521 D DN-142-C: ConnectedState: updateNetworkCapabilities: Capabilities not changed.
04-28 23:06:16.721  5521  6284 D MiuiPhoneInterfaceManager: isConcurrentCallsPossible true
04-28 23:06:16.722  5521  5521 D DN-143-C: ConnectedState: updateNetworkCapabilities: Capabilities not changed.
04-28 23:06:16.723  5521  5521 D PhoneSwitcher: handle event - 109
04-28 23:06:16.723  5521  5521 D MiuiDataControllerImpl: Qcom Dsda State = true
04-28 23:06:16.723  5521  5521 D MiuiDataControllerImpl: isCurrentDSDAState:true
04-28 23:06:16.724  5521  6284 D MiuiPhoneInterfaceManager: isConcurrentCallsPossible true
04-28 23:06:16.724  5521  5521 D MiuiPhoneSwitcherImpl: isViceVolteDataEnabled: false, isCurrentDsdaState: true, isDsdaFullConcurrencyState: false, isPlatformDE30: true, isPlatformDE50: false, isVicePhoneInVoiceCall: false
04-28 23:06:16.724  5521  5521 D PhoneSwitcher: phoneInVoiceCall:false
04-28 23:06:16.724  5521  5521 D MiuiDataControllerImpl: Qcom Dsda State = true
04-28 23:06:16.724  5521  5521 D MiuiDataControllerImpl: isCurrentDSDAState:true
04-28 23:06:16.725  5521  5521 D MiuiPhoneSwitcherImpl: isViceVolteDataEnabled: false, isCurrentDsdaState: true, isDsdaFullConcurrencyState: false, isPlatformDE30: true, isPlatformDE50: false, isVicePhoneInVoiceCall: false
04-28 23:06:16.725  5521  5521 D PhoneSwitcher: phoneInVoiceCall:false
04-28 23:06:16.725  5521  5521 D MiuiDataControllerImpl: Qcom Dsda State = true
04-28 23:06:16.725  5521  5521 D MiuiDataControllerImpl: isCurrentDSDAState:true
04-28 23:06:16.726  5521  5521 D MiuiPhoneSwitcherImpl: isViceVolteDataEnabled: false, isCurrentDsdaState: true, isDsdaFullConcurrencyState: false, isPlatformDE30: true, isPlatformDE50: false, isVicePhoneInVoiceCall: false
04-28 23:06:16.726  5521  5521 D PhoneSwitcher: phoneInVoiceCall:false
04-28 23:06:16.726  5521  5521 D MiuiDataControllerImpl: Qcom Dsda State = true
04-28 23:06:16.726  5521  5521 D MiuiDataControllerImpl: isCurrentDSDAState:true
04-28 23:06:16.727  5521  5521 D MiuiPhoneSwitcherImpl: isViceVolteDataEnabled: false, isCurrentDsdaState: true, isDsdaFullConcurrencyState: false, isPlatformDE30: true, isPlatformDE50: false, isVicePhoneInVoiceCall: false
04-28 23:06:16.727  5521  5521 D PhoneSwitcher: phoneInVoiceCall:false
04-28 23:06:16.727  5521  5521 D PhoneSwitcher: isPhoneInVoiceCallChanged: mPhoneIdInVoiceCall=-1
04-28 23:06:16.727  5521  5521 D PhoneSwitcher: EVENT_PRECISE_CALL_STATE_CHANGED Enforce evaluating once after call ends
04-28 23:06:16.727  5521  5521 D MiuiPhoneSwitcherImpl: updatePreferredDataPhoneId  TempDataPhoneId=-1,isTempDdsSwitchEnabled=false
04-28 23:06:16.727  5521  5521 D MiuiDisplayInfoController: EVENT_PRECISE_CALL_STATE_CHANGED
04-28 23:06:16.728  5521  5521 D MiuiDisplayInfoController: handleCallStateChanged: false,isHasDelay=false,phone.getState(): IDLE
04-28 23:06:16.729  5521  5570 D Phone   : isImsRegistered =true
04-28 23:06:16.730  5521  5521 D RILJ    : [8814]> GET_ACTIVITY_INFO [PHONE0]
04-28 23:06:16.730  5521  5521 D DNC-0   : handleMessage, msg.what = 16
04-28 23:06:16.730  5521  5521 D DNC-0   : Re-evaluating 2 existing data networks due to VOICE_CALL_ENDED
04-28 23:06:16.730  5521  5521 D DNC-0   : addDataDisallowedReasonWhenInSecureMode: mIsInSecureMode = false
04-28 23:06:16.730  5521  5521 D MiuiDataControllerImpl[0]: isFdnEnableSupport = false
04-28 23:06:16.730  5521  5521 D MiuiDataControllerImpl[0]: isFdnEnabled = false
04-28 23:06:16.731  5521  5521 D QtiDSMGR-0: hasTempDdsSwitched = false
04-28 23:06:16.731  5521  5521 D QtiDSMGR-0: isInternetDataAllowedByPlatform = true
04-28 23:06:16.731  5521  5521 D DNC-0   : Evaluated [DataNetwork: DN-142-C, cmnet, state=ConnectedState], Data evaluation: evaluation reason:VOICE_CALL_ENDED, Data allowed reason: NORMAL, candidate profile=null, time=23:06:16.731
04-28 23:06:16.731  5521  5521 D DNC-0   : addDataDisallowedReasonWhenInSecureMode: mIsInSecureMode = false
04-28 23:06:16.731  5521  5521 D MiuiDataControllerImpl[0]: isFdnEnableSupport = false
04-28 23:06:16.731  5521  5521 D MiuiDataControllerImpl[0]: isFdnEnabled = false
04-28 23:06:16.731  2674  5410 D FeatureConfiguration: Checking feature: FEATURE_DSDA
04-28 23:06:16.731  2674  5410 D FeatureConfiguration: Feature FEATURE_DSDA build is supported, featureSupported=true
04-28 23:06:16.731  5521  5521 D QtiDSMGR-0: hasTempDdsSwitched = false
04-28 23:06:16.732  5521  5521 D DNC-0   : Evaluated [DataNetwork: DN-143-C, ims, state=ConnectedState], Data evaluation: evaluation reason:VOICE_CALL_ENDED, Data allowed reason: NORMAL, candidate profile=null, time=23:06:16.732
04-28 23:06:16.733  5521  6412 D RILJ    : [8814]< GET_ACTIVITY_INFO ModemActivityInfo{ mTimestamp=1401517111 mSleepTimeMs=0 mIdleTimeMs=0 mActivityStatsTechSpecificInfo=[{mRat=UNKNOWN,mFrequencyRange=UNKNOWN,mTxTimeMs[]=[0, 0, 0, 0, 0],mRxTimeMs=6153}]} [PHONE0]
04-28 23:06:16.746  5521  6412 D Phone   : isImsRegistered =true
04-28 23:06:16.749  2674  5410 D FeatureConfiguration: Checking feature: FEATURE_DSDA
04-28 23:06:16.749  2674  5410 D FeatureConfiguration: Feature FEATURE_DSDA build is supported, featureSupported=true
04-28 23:06:16.754  5521  6412 D Phone   : isImsRegistered =true
04-28 23:06:16.755  2674  5410 D FeatureConfiguration: Checking feature: FEATURE_DSDA
04-28 23:06:16.755  2674  5410 D FeatureConfiguration: Feature FEATURE_DSDA build is supported, featureSupported=true
04-28 23:06:16.756  2674  5410 D FeatureConfiguration: Checking feature: FEATURE_HNAGUP_OPTIMIZATION_V3
04-28 23:06:16.756  2674  5410 D FeatureConfiguration: Feature FEATURE_HNAGUP_OPTIMIZATION_V3 build is supported, featureSupported=true
04-28 23:06:16.757  2674  5410 E PhoneNumberUtils: formatNumber exception: 
04-28 23:06:16.757  2674  5410 E PhoneNumberUtils: Error type: NOT_A_NUMBER. The string supplied did not seem to be a phone number.
04-28 23:06:16.757  2674  5410 E PhoneNumberUtils: 	at com.android.i18n.phonenumbers.PhoneNumberUtil.parseHelper(PhoneNumberUtil.java:3287)
04-28 23:06:16.757  2674  5410 E PhoneNumberUtils: 	at com.android.i18n.phonenumbers.PhoneNumberUtil.parseAndKeepRawInput(PhoneNumberUtil.java:3197)
04-28 23:06:16.757  2674  5410 E PhoneNumberUtils: 	at com.android.i18n.phonenumbers.PhoneNumberUtil.parseAndKeepRawInput(PhoneNumberUtil.java:3186)
04-28 23:06:16.757  2674  5410 E PhoneNumberUtils: 	at android.telephony.PhoneNumberUtils.formatNumber(PhoneNumberUtils.java:1665)
04-28 23:06:16.757  2674  5410 E PhoneNumberUtils: 	at com.android.server.telecom.CallLogManager.logCall(CallLogManager.java:322)
04-28 23:06:16.757  2674  5410 E PhoneNumberUtils: 	at com.android.server.telecom.CallLogManager.logCall(CallLogManager.java:279)
04-28 23:06:16.757  2674  5410 E PhoneNumberUtils: 	at com.android.server.telecom.CallLogManager.onCallStateChanged(CallLogManager.java:157)
04-28 23:06:16.757  2674  5410 E PhoneNumberUtils: 	at com.android.server.telecom.CallsManager.notifyCallStateChanged(CallsManager.java:4815)
04-28 23:06:16.757  2674  5410 E PhoneNumberUtils: 	at com.android.server.telecom.CallsManager.setCallState(CallsManager.java:4792)
04-28 23:06:16.757  2674  5410 E PhoneNumberUtils: 	at com.android.server.telecom.CallsManager.markCallAsDisconnected(CallsManager.java:4070)
04-28 23:06:16.757  2674  5410 E PhoneNumberUtils: 	at com.android.server.telecom.ConnectionServiceWrapper$Adapter.setDisconnected(ConnectionServiceWrapper.java:314)
04-28 23:06:16.757  2674  5410 E PhoneNumberUtils: 	at com.android.internal.telecom.IConnectionServiceAdapter$Stub.onTransact(IConnectionServiceAdapter.java:445)
04-28 23:06:16.757  2674  5410 E PhoneNumberUtils: 	at android.os.Binder.execTransactInternal(Binder.java:1351)
04-28 23:06:16.757  2674  5410 E PhoneNumberUtils: 	at android.os.Binder.execTransact(Binder.java:1282)
04-28 23:06:16.775  5521  6632 D Phone   : isImsRegistered =true
04-28 23:06:16.785  5521  6632 D Phone   : isImsRegistered =true
04-28 23:06:16.796  5521  5521 D PhoneReceiver: Received action:android.intent.action.PHONE_STATE
04-28 23:06:16.796  5521  5521 D PhoneReceiver: ACTION_PHONE_STATE_CHANGED phoneid: -1 state: IDLE
04-28 23:06:16.799  5521  5521 I FlashManager: unregisterListener....
04-28 23:06:16.808  5521  6632 D Phone   : isImsRegistered =true
04-28 23:06:16.810  5521  5521 D PhoneReceiver: Received action:android.intent.action.PHONE_STATE
04-28 23:06:16.810  5521  5521 D PhoneReceiver: ACTION_PHONE_STATE_CHANGED phoneid: -1 state: IDLE
04-28 23:06:16.811  5521  5521 I FlashManager: unregisterListener....
04-28 23:06:16.825  5521  5521 D PhoneReceiver: Received action:android.intent.action.PHONE_STATE
04-28 23:06:16.826  5521  5521 D PhoneReceiver: ACTION_PHONE_STATE_CHANGED phoneid: -1 state: IDLE
04-28 23:06:16.829  5521  5521 I FlashManager: unregisterListener....
04-28 23:06:16.856  5521  5521 D DNC-0   : getAllActiveCellularInterfaces All Interfaces: rmnet_data1
04-28 23:06:16.856  5521  5521 D DNC-0   : getAllActiveCellularInterfaces All Interfaces: rmnet_data4
04-28 23:06:16.876  5521  5521 D DNC-1   : getAllActiveCellularInterfaces All Interfaces: rmnet_data2
04-28 23:06:17.136  5521  6632 I MiuiCarrierConfigHelper: getBooleanCarrierConfigForSubId subId:4key: config_voicemail_ignore_sim config: false
04-28 23:06:17.136  5521  6632 D GsmCdmaPhone: [0] getVoiceMailNumber: from IccRecords number=[****]
04-28 23:06:17.139  5521  6632 I MiuiCarrierConfigHelper: getBooleanCarrierConfigForSubId subId:4key: config_voicemail_ignore_sim config: false
04-28 23:06:17.139  5521  6632 D GsmCdmaPhone: [0] getVoiceMailNumber: from IccRecords number=[****]
04-28 23:06:17.141  5521  6632 I MiuiCarrierConfigHelper: getBooleanCarrierConfigForSubId subId:4key: config_voicemail_ignore_sim config: false
04-28 23:06:17.141  5521  6632 D GsmCdmaPhone: [0] getVoiceMailNumber: from IccRecords number=[****]
04-28 23:06:17.144  5521  6632 I MiuiCarrierConfigHelper: getBooleanCarrierConfigForSubId subId:4key: config_voicemail_ignore_sim config: false
04-28 23:06:17.144  5521  6632 D GsmCdmaPhone: [0] getVoiceMailNumber: from IccRecords number=[****]
04-28 23:06:17.158  5521  6632 I MiuiCarrierConfigHelper: getBooleanCarrierConfigForSubId subId:4key: config_voicemail_ignore_sim config: false
04-28 23:06:17.158  5521  6632 D GsmCdmaPhone: [0] getVoiceMailNumber: from IccRecords number=[****]
04-28 23:06:17.162  5521  6552 I MiuiCarrierConfigHelper: getBooleanCarrierConfigForSubId subId:4key: config_voicemail_ignore_sim config: false
04-28 23:06:17.162  5521  6552 D GsmCdmaPhone: [0] getVoiceMailNumber: from IccRecords number=[****]
04-28 23:06:17.171  5521  6552 I MiuiCarrierConfigHelper: getBooleanCarrierConfigForSubId subId:4key: config_voicemail_ignore_sim config: false
04-28 23:06:17.171  5521  6552 D GsmCdmaPhone: [0] getVoiceMailNumber: from IccRecords number=[****]
04-28 23:06:17.174  5521  6552 I MiuiCarrierConfigHelper: getBooleanCarrierConfigForSubId subId:4key: config_voicemail_ignore_sim config: false
04-28 23:06:17.174  5521  6552 D GsmCdmaPhone: [0] getVoiceMailNumber: from IccRecords number=[****]
04-28 23:06:17.179  5521  6552 I MiuiCarrierConfigHelper: getBooleanCarrierConfigForSubId subId:4key: config_voicemail_ignore_sim config: false
04-28 23:06:17.179  5521  6552 D GsmCdmaPhone: [0] getVoiceMailNumber: from IccRecords number=[****]
04-28 23:06:17.182  5521  6552 I MiuiCarrierConfigHelper: getBooleanCarrierConfigForSubId subId:4key: config_voicemail_ignore_sim config: false
04-28 23:06:17.183  5521  6552 D GsmCdmaPhone: [0] getVoiceMailNumber: from IccRecords number=[****]
04-28 23:06:17.185  5521  6632 I MiuiCarrierConfigHelper: getBooleanCarrierConfigForSubId subId:4key: config_voicemail_ignore_sim config: false
04-28 23:06:17.185  5521  6632 D GsmCdmaPhone: [0] getVoiceMailNumber: from IccRecords number=[****]
04-28 23:06:17.203  5521  6552 I MiuiCarrierConfigHelper: getBooleanCarrierConfigForSubId subId:4key: config_voicemail_ignore_sim config: false
04-28 23:06:17.203  5521  6552 D GsmCdmaPhone: [0] getVoiceMailNumber: from IccRecords number=[****]
04-28 23:06:17.206  5521  6552 I MiuiCarrierConfigHelper: getBooleanCarrierConfigForSubId subId:4key: config_voicemail_ignore_sim config: false
04-28 23:06:17.206  5521  6552 D GsmCdmaPhone: [0] getVoiceMailNumber: from IccRecords number=[****]
04-28 23:06:17.215  5521  6505 I MiuiCarrierConfigHelper: getBooleanCarrierConfigForSubId subId:4key: config_voicemail_ignore_sim config: false
04-28 23:06:17.215  5521  6505 D GsmCdmaPhone: [0] getVoiceMailNumber: from IccRecords number=[****]
04-28 23:06:17.219  5521  6505 I MiuiCarrierConfigHelper: getBooleanCarrierConfigForSubId subId:4key: config_voicemail_ignore_sim config: false
04-28 23:06:17.219  5521  6505 D GsmCdmaPhone: [0] getVoiceMailNumber: from IccRecords number=[****]
04-28 23:06:17.220  5521  5521 D DNC-0   : handleMessage, msg.what = 5
04-28 23:06:17.220  5521  5521 D DNC-0   : Re-evaluating 0 unsatisfied network requests in 0 groups,  due to VOICE_CALL_ENDED
04-28 23:06:17.235  5521  6552 I MiuiCarrierConfigHelper: getBooleanCarrierConfigForSubId subId:4key: config_voicemail_ignore_sim config: false
04-28 23:06:17.235  5521  6552 D GsmCdmaPhone: [0] getVoiceMailNumber: from IccRecords number=[****]
04-28 23:06:17.240  5521  6632 I MiuiCarrierConfigHelper: getBooleanCarrierConfigForSubId subId:4key: config_voicemail_ignore_sim config: false
04-28 23:06:17.240  5521  6632 D GsmCdmaPhone: [0] getVoiceMailNumber: from IccRecords number=[****]
04-28 23:06:17.245  5521  6552 I MiuiCarrierConfigHelper: getBooleanCarrierConfigForSubId subId:4key: config_voicemail_ignore_sim config: false
04-28 23:06:17.245  5521  6552 D GsmCdmaPhone: [0] getVoiceMailNumber: from IccRecords number=[****]
04-28 23:06:17.246  5521  6505 I MiuiCarrierConfigHelper: getBooleanCarrierConfigForSubId subId:4key: config_voicemail_ignore_sim config: false
04-28 23:06:17.246  5521  6505 D GsmCdmaPhone: [0] getVoiceMailNumber: from IccRecords number=[****]
04-28 23:06:17.250  5521  6552 I MiuiCarrierConfigHelper: getBooleanCarrierConfigForSubId subId:4key: config_voicemail_ignore_sim config: false
04-28 23:06:17.250  5521  6552 D GsmCdmaPhone: [0] getVoiceMailNumber: from IccRecords number=[****]
04-28 23:06:17.252  5521  6632 I MiuiCarrierConfigHelper: getBooleanCarrierConfigForSubId subId:4key: config_voicemail_ignore_sim config: false
04-28 23:06:17.252  5521  6632 D GsmCdmaPhone: [0] getVoiceMailNumber: from IccRecords number=[****]
04-28 23:06:17.254  5521  6632 I MiuiCarrierConfigHelper: getBooleanCarrierConfigForSubId subId:4key: config_voicemail_ignore_sim config: false
04-28 23:06:17.254  5521  6632 D GsmCdmaPhone: [0] getVoiceMailNumber: from IccRecords number=[****]
