--------- beginning of radio
04-28 23:05:50.465  5521  5521 D DNC-0   : getAllActiveCellularInterfaces All Interfaces: rmnet_data1
04-28 23:05:50.466  5521  5521 D DNC-0   : getAllActiveCellularInterfaces All Interfaces: rmnet_data4
04-28 23:05:50.477  5521  5521 D DNC-1   : getAllActiveCellularInterfaces All Interfaces: rmnet_data2
04-28 23:05:51.479  5521  5521 D DNC-0   : getAllActiveCellularInterfaces All Interfaces: rmnet_data1
04-28 23:05:51.479  5521  5521 D DNC-0   : getAllActiveCellularInterfaces All Interfaces: rmnet_data4
04-28 23:05:51.489  5521  5521 D DNC-1   : getAllActiveCellularInterfaces All Interfaces: rmnet_data2
04-28 23:05:51.643 29201 29201 D FeatureConfiguration: Checking feature: FEATURE_DUAL_VOLTE
04-28 23:05:51.643 29201 29201 D FeatureConfiguration: Feature FEATURE_DUAL_VOLTE build is supported, featureSupported=true
04-28 23:05:51.682  5521  5521 D KeepAliveClient: onNullBinding: ComponentInfo{com.miui.dmregservice/cn.richinfo.dm.service.DMService}
04-28 23:05:51.684  5521  5521 D KeepAliveClient: onNullBinding: ComponentInfo{com.xiaomi.registration/com.xiaomi.registration.autoregistration.RegistrationService}
04-28 23:05:51.693  5521  6505 D ImsManagerIM [0]: getLocalImsConfigKeInt() for key:68, result: 0
04-28 23:05:51.694  5521  6412 D ImsManager [0]: Capability Callback registered for subscription.
04-28 23:05:51.695  5521  6412 D ImsManager [1]: Capability Callback registered for subscription.
04-28 23:05:51.697  5521  6505 D ImsManagerIM [1]: getLocalImsConfigKeInt() for key:68, result: 0
04-28 23:05:51.698  5521  6412 D ImsManager [1]: Capability Callback registered for subscription.
04-28 23:05:52.490  5521  5521 D DNC-0   : getAllActiveCellularInterfaces All Interfaces: rmnet_data1
04-28 23:05:52.490  5521  5521 D DNC-0   : getAllActiveCellularInterfaces All Interfaces: rmnet_data4
04-28 23:05:52.503  5521  5521 D DNC-1   : getAllActiveCellularInterfaces All Interfaces: rmnet_data2
04-28 23:05:53.500  5521  5521 D DNC-0   : getAllActiveCellularInterfaces All Interfaces: rmnet_data1
04-28 23:05:53.500  5521  5521 D DNC-0   : getAllActiveCellularInterfaces All Interfaces: rmnet_data4
04-28 23:05:53.507  5521  5521 D DNC-1   : getAllActiveCellularInterfaces All Interfaces: rmnet_data2
04-28 23:05:53.836  5521  6505 I MiuiCarrierConfigHelper: getBooleanCarrierConfigForSubId subId:4key: config_voicemail_ignore_sim config: false
04-28 23:05:53.836  5521  6505 D GsmCdmaPhone: [0] getVoiceMailNumber: from IccRecords number=[****]
04-28 23:05:53.841  5521  6406 I MiuiCarrierConfigHelper: getBooleanCarrierConfigForSubId subId:4key: config_voicemail_ignore_sim config: false
04-28 23:05:53.841  5521  6406 D GsmCdmaPhone: [0] getVoiceMailNumber: from IccRecords number=[****]
04-28 23:05:53.969  5521  6505 I MiuiCarrierConfigHelper: getBooleanCarrierConfigForSubId subId:4key: config_voicemail_ignore_sim config: false
04-28 23:05:53.970  5521  6505 D GsmCdmaPhone: [0] getVoiceMailNumber: from IccRecords number=[****]
04-28 23:05:53.975  5521  6406 I MiuiCarrierConfigHelper: getBooleanCarrierConfigForSubId subId:4key: config_voicemail_ignore_sim config: false
04-28 23:05:53.975  5521  6406 D GsmCdmaPhone: [0] getVoiceMailNumber: from IccRecords number=[****]
04-28 23:05:53.979  5521  6505 I MiuiCarrierConfigHelper: getBooleanCarrierConfigForSubId subId:4key: config_voicemail_ignore_sim config: false
04-28 23:05:53.980  5521  6505 D GsmCdmaPhone: [0] getVoiceMailNumber: from IccRecords number=[****]
04-28 23:05:53.994  5521  6406 I MiuiCarrierConfigHelper: getBooleanCarrierConfigForSubId subId:4key: config_voicemail_ignore_sim config: false
04-28 23:05:53.994  5521  6406 D GsmCdmaPhone: [0] getVoiceMailNumber: from IccRecords number=[****]
04-28 23:05:54.002  5521  6505 I MiuiCarrierConfigHelper: getBooleanCarrierConfigForSubId subId:4key: config_voicemail_ignore_sim config: false
04-28 23:05:54.002  5521  6505 D GsmCdmaPhone: [0] getVoiceMailNumber: from IccRecords number=[****]
04-28 23:05:54.008  5521  6406 I MiuiCarrierConfigHelper: getBooleanCarrierConfigForSubId subId:4key: config_voicemail_ignore_sim config: false
04-28 23:05:54.008  5521  6406 D GsmCdmaPhone: [0] getVoiceMailNumber: from IccRecords number=[****]
04-28 23:05:54.015  5521  6505 I MiuiCarrierConfigHelper: getBooleanCarrierConfigForSubId subId:4key: config_voicemail_ignore_sim config: false
04-28 23:05:54.015  5521  6505 D GsmCdmaPhone: [0] getVoiceMailNumber: from IccRecords number=[****]
04-28 23:05:54.022  5521  6406 I MiuiCarrierConfigHelper: getBooleanCarrierConfigForSubId subId:4key: config_voicemail_ignore_sim config: false
04-28 23:05:54.022  5521  6406 D GsmCdmaPhone: [0] getVoiceMailNumber: from IccRecords number=[****]
04-28 23:05:54.034  5521  6505 I MiuiCarrierConfigHelper: getBooleanCarrierConfigForSubId subId:4key: config_voicemail_ignore_sim config: false
04-28 23:05:54.034  5521  6505 D GsmCdmaPhone: [0] getVoiceMailNumber: from IccRecords number=[****]
04-28 23:05:54.040  5521  6406 I MiuiCarrierConfigHelper: getBooleanCarrierConfigForSubId subId:4key: config_voicemail_ignore_sim config: false
04-28 23:05:54.040  5521  6406 D GsmCdmaPhone: [0] getVoiceMailNumber: from IccRecords number=[****]
04-28 23:05:54.049  5521  6505 I MiuiCarrierConfigHelper: getBooleanCarrierConfigForSubId subId:4key: config_voicemail_ignore_sim config: false
04-28 23:05:54.050  5521  6505 D GsmCdmaPhone: [0] getVoiceMailNumber: from IccRecords number=[****]
04-28 23:05:54.217  5521  6406 I MiuiCarrierConfigHelper: getBooleanCarrierConfigForSubId subId:4key: config_voicemail_ignore_sim config: false
04-28 23:05:54.217  5521  6406 D GsmCdmaPhone: [0] getVoiceMailNumber: from IccRecords number=[****]
04-28 23:05:54.222  5521  6505 I MiuiCarrierConfigHelper: getBooleanCarrierConfigForSubId subId:4key: config_voicemail_ignore_sim config: false
04-28 23:05:54.222  5521  6505 D GsmCdmaPhone: [0] getVoiceMailNumber: from IccRecords number=[****]
04-28 23:05:54.227  5521  6406 I MiuiCarrierConfigHelper: getBooleanCarrierConfigForSubId subId:4key: config_voicemail_ignore_sim config: false
04-28 23:05:54.227  5521  6406 D GsmCdmaPhone: [0] getVoiceMailNumber: from IccRecords number=[****]
04-28 23:05:54.233  5521  6505 I MiuiCarrierConfigHelper: getBooleanCarrierConfigForSubId subId:4key: config_voicemail_ignore_sim config: false
04-28 23:05:54.233  5521  6505 D GsmCdmaPhone: [0] getVoiceMailNumber: from IccRecords number=[****]
04-28 23:05:54.425  5521  6406 I MiuiCarrierConfigHelper: getBooleanCarrierConfigForSubId subId:4key: config_voicemail_ignore_sim config: false
04-28 23:05:54.425  5521  6406 D GsmCdmaPhone: [0] getVoiceMailNumber: from IccRecords number=[****]
04-28 23:05:54.430  5521  6505 I MiuiCarrierConfigHelper: getBooleanCarrierConfigForSubId subId:4key: config_voicemail_ignore_sim config: false
04-28 23:05:54.430  5521  6505 D GsmCdmaPhone: [0] getVoiceMailNumber: from IccRecords number=[****]
04-28 23:05:54.504  5521  5521 D DNC-0   : getAllActiveCellularInterfaces All Interfaces: rmnet_data1
04-28 23:05:54.504  5521  5521 D DNC-0   : getAllActiveCellularInterfaces All Interfaces: rmnet_data4
04-28 23:05:54.514  5521  5521 D DNC-1   : getAllActiveCellularInterfaces All Interfaces: rmnet_data2
04-28 23:05:55.050  5521  6552 I MiuiCarrierConfigHelper: getBooleanCarrierConfigForSubId subId:4key: config_voicemail_ignore_sim config: false
04-28 23:05:55.051  5521  6552 D GsmCdmaPhone: [0] getVoiceMailNumber: from IccRecords number=[****]
04-28 23:05:55.054  5521  6552 D InternalTelephonyUtils: isValidChinaMobileNumber = false
04-28 23:05:55.083  5521  6552 D FeatureConfiguration: Checking feature: FEATURE_DUAL_VOLTE
04-28 23:05:55.083  5521  6552 D FeatureConfiguration: Feature FEATURE_DUAL_VOLTE build is supported, featureSupported=true
04-28 23:05:55.083  5521  6552 D ImsManagerIM [0]: getLocalImsConfigKeInt() for key:68, result: 0
04-28 23:05:55.086  5521  6552 D Phone   : isImsRegistered =true
04-28 23:05:55.088  5521  6552 I MiuiCarrierConfigHelper: getBooleanCarrierConfigForSubId subId:4key: config_voicemail_ignore_sim config: false
04-28 23:05:55.088  5521  6552 D GsmCdmaPhone: [0] getVoiceMailNumber: from IccRecords number=[****]
04-28 23:05:55.089  5521  6552 D InternalTelephonyUtils: isValidChinaMobileNumber = false
04-28 23:05:55.094  5521  6552 D Phone   : isImsRegistered =true
04-28 23:05:55.164  5521  6552 I MiuiCarrierConfigHelper: getBooleanCarrierConfigForSubId subId:4key: config_voicemail_ignore_sim config: false
04-28 23:05:55.164  5521  6552 D GsmCdmaPhone: [0] getVoiceMailNumber: from IccRecords number=[****]
04-28 23:05:55.167  5521  6412 I MiuiCarrierConfigHelper: getBooleanCarrierConfigForSubId subId:2key: config_voicemail_ignore_sim config: false
04-28 23:05:55.167  5521  6412 D GsmCdmaPhone: [1] getVoiceMailNumber: from IccRecords number=[****]
04-28 23:05:55.229  5521  6412 D InternalTelephonyUtils: isValidChinaMobileNumber = false
04-28 23:05:55.236  5521  6552 D InternalTelephonyUtils: isValidChinaMobileNumber = false
04-28 23:05:55.249  5521  6406 I MiuiCarrierConfigHelper: getBooleanCarrierConfigForSubId subId:4key: config_voicemail_ignore_sim config: false
04-28 23:05:55.249  5521  6406 D GsmCdmaPhone: [0] getVoiceMailNumber: from IccRecords number=[****]
04-28 23:05:55.253  5521  6552 D InternalTelephonyUtils: isValidChinaMobileNumber = false
04-28 23:05:55.253  5521  6505 I MiuiCarrierConfigHelper: getBooleanCarrierConfigForSubId subId:4key: config_voicemail_ignore_sim config: false
04-28 23:05:55.253  5521  6505 D GsmCdmaPhone: [0] getVoiceMailNumber: from IccRecords number=[****]
04-28 23:05:55.255  5521  6505 D InternalTelephonyUtils: isValidChinaMobileNumber = false
04-28 23:05:55.260  5521  5521 D MiuiGsmMmiCodeUtils: isVodafoneFACs MccMnc = 46007
04-28 23:05:55.261  5521  6505 I MiuiCarrierConfigHelper: getBooleanCarrierConfigForSubId subId:4key: config_voicemail_ignore_sim config: false
04-28 23:05:55.261  5521  6505 D GsmCdmaPhone: [0] getVoiceMailNumber: from IccRecords number=[****]
04-28 23:05:55.262  5521  5521 D GsmMmiCode: isTwoDigitShortCode
04-28 23:05:55.263  5521  5521 V SMSVC   : getSubscriptionUserHandle subId = 4 userHandle = UserHandle{-10000}
04-28 23:05:55.264  5521  5521 D QtiGsmCdmaPhone: [0 ] dial: mIsInSecureMode = false, isEmergency = false
04-28 23:05:55.264  5521  6505 I MiuiCarrierConfigHelper: getBooleanCarrierConfigForSubId subId:4key: config_voicemail_ignore_sim config: false
04-28 23:05:55.264  5521  6505 D GsmCdmaPhone: [0] getVoiceMailNumber: from IccRecords number=[****]
04-28 23:05:55.264  5521  5521 I GsmCdmaPhone: [0] dial; isEmergency=false (based on all phones)
04-28 23:05:55.265  5521  5521 D ImsManagerIM [0]: getLocalImsConfigKeInt() for key:68, result: 0
04-28 23:05:55.267  5521  5521 D ImsManagerIM [0]: getLocalImsConfigKeInt() for key:68, result: 0
04-28 23:05:55.272  5521  5521 I GsmCdmaPhone: [0] useImsForCall=true, useImsForPsOnlyCall=false, useOnlyDialedSimEccList=false, isEmergency=false, useImsForEmergency=false, useImsForUt=true, isUt=false, isSuppServiceCode=false, isPotentialUssdCode=false, isWpsCall=false, allowWpsOverIms=true, imsPhone=Handler (com.android.internal.telephony.imsphone.ImsPhone) {e690598}, imsPhone.isVoiceOverCellularImsEnabled()=true, imsPhone.isVowifiEnabled()=false, imsPhone.isVideoEnabled()=true, imsPhone.getServiceState().getState()=0
04-28 23:05:55.273  5521  5521 D MiuiCallControllerImpl: forceUseCsForCall is false
04-28 23:05:55.273  5521  5521 D GsmCdmaPhone: [0] Trying IMS PS call
04-28 23:05:55.275  5521  6505 I MiuiCarrierConfigHelper: getBooleanCarrierConfigForSubId subId:4key: config_voicemail_ignore_sim config: false
04-28 23:05:55.275  5521  6505 D GsmCdmaPhone: [0] getVoiceMailNumber: from IccRecords number=[****]
04-28 23:05:55.275  5521  5521 D GsmMmiCode: isTwoDigitShortCode
04-28 23:05:55.277  5521  5521 D ImsPhone[0]: [0] dialInternal: dialing w/ mmi 'null'...
04-28 23:05:55.282  5521  5521 I ImsPhoneCallTracker: shouldProcessCall: number: [****], result: 0
04-28 23:05:55.282  5521  5521 D ImsPhoneCallTracker: [0] dial clirMode=0
04-28 23:05:55.285  5521  5521 D ImsPhoneCallTracker: [0] shouldPerformInternationalNumberRemapping: did not set the KEY_INTERNATIONAL_ROAMING_DIAL_STRING_REPLACE_STRING_ARRAY
04-28 23:05:55.285  5521  5521 D ImsPhoneCallTracker: [0] convertNumberIfNecessary convertMaps is null
04-28 23:05:55.286  5521  6406 D Phone   : isImsRegistered =true
04-28 23:05:55.287  5521  6505 I MiuiCarrierConfigHelper: getBooleanCarrierConfigForSubId subId:4key: config_voicemail_ignore_sim config: false
04-28 23:05:55.287  5521  6505 D GsmCdmaPhone: [0] getVoiceMailNumber: from IccRecords number=[****]
04-28 23:05:55.288  5521  5521 D MiuiImsPhoneUtils:  simOperator:46007defaultClirMode:0
04-28 23:05:55.288  5521  5521 D ImsPhoneCallTracker: [0] clearDisconnected
04-28 23:05:55.288  5521  5521 D ImsPhoneCallTracker: [0] updatePhoneState pendingMo = null, rng= IDLE(), fg= IDLE(), bg= IDLE()
04-28 23:05:55.288  5521  5521 D ImsPhoneCallTracker: [0] updatePhoneState oldState=IDLE, newState=IDLE
04-28 23:05:55.291  5521  5521 D ImsPhoneCallTracker: [0] dial: deferDial = INVALID
04-28 23:05:55.291  5521  5521 D ImsPhoneConnection: acquireWakeLock
04-28 23:05:55.292  5521  6412 D Phone   : isImsRegistered =true
04-28 23:05:55.300  5521  6412 I MiuiCarrierConfigHelper: getBooleanCarrierConfigForSubId subId:4key: config_voicemail_ignore_sim config: false
04-28 23:05:55.300  5521  6412 D GsmCdmaPhone: [0] getVoiceMailNumber: from IccRecords number=[****]
04-28 23:05:55.301  5521  5521 D ImsPhoneCallTracker: [0] dialInternal: conn.getDeferDialStatus INVALID
04-28 23:05:55.311  5521  5521 D ImsPhoneCallTracker: [0] dialInternal: isStartRttCall = true
04-28 23:05:55.311  5521  6412 I MiuiCarrierConfigHelper: getBooleanCarrierConfigForSubId subId:4key: config_voicemail_ignore_sim config: false
04-28 23:05:55.311  5521  6412 D GsmCdmaPhone: [0] getVoiceMailNumber: from IccRecords number=[****]
04-28 23:05:55.316  5521  5521 D VoiceCallSessionStats: getVoiceRatWithVoNRFix: oldRat=20, newRat=20
04-28 23:05:55.316  5521  5521 D ImsPhoneConnection: getDisconnectCause: cause=0
04-28 23:05:55.316  5521  5521 D VoiceCallSessionStats: getVoiceRatWithVoNRFix: oldRat=20, newRat=20
04-28 23:05:55.316  5521  5521 D VoiceCallSessionStats: getVoiceRatWithVoNRFix: oldRat=20, newRat=20
04-28 23:05:55.317  5521  6505 I MiuiCarrierConfigHelper: getBooleanCarrierConfigForSubId subId:4key: config_voicemail_ignore_sim config: false
04-28 23:05:55.317  5521  6505 D GsmCdmaPhone: [0] getVoiceMailNumber: from IccRecords number=[****]
04-28 23:05:55.320  5521  6412 D Phone   : isImsRegistered =true
04-28 23:05:55.331  5521  6552 I MiuiCarrierConfigHelper: getBooleanCarrierConfigForSubId subId:4key: config_voicemail_ignore_sim config: false
04-28 23:05:55.331  5521  6552 D GsmCdmaPhone: [0] getVoiceMailNumber: from IccRecords number=[****]
04-28 23:05:55.332  5521  6505 D Phone   : isImsRegistered =true
04-28 23:05:55.334  5521  5521 D ImsPhoneCallTracker: [0] updatePhoneState pendingMo = DIALING(null/objId:236712542), rng= IDLE(), fg= DIALING(null/objId:236712542), bg= IDLE()
04-28 23:05:55.334  5521  5521 D ImsPhoneCallTracker: [0] updatePhoneState oldState=IDLE, newState=OFFHOOK
04-28 23:05:55.338  5521  5521 I MiuiCarrierConfigHelper: getBooleanCarrierConfigForSubId subId:4 key:display_hd_audio_property_bool result:true
04-28 23:05:55.339  5521  6552 I MiuiCarrierConfigHelper: getBooleanCarrierConfigForSubId subId:4key: config_voicemail_ignore_sim config: false
04-28 23:05:55.339  5521  5521 D FeatureConfiguration: Checking feature: FEATURE_DSDA
04-28 23:05:55.340  5521  5521 D FeatureConfiguration: Feature FEATURE_DSDA build is supported, featureSupported=true
04-28 23:05:55.340  5521  6552 D GsmCdmaPhone: [0] getVoiceMailNumber: from IccRecords number=[****]
04-28 23:05:55.340  5521  5521 D ImsPhoneConnection: getDisconnectCause: cause=0
04-28 23:05:55.340  5521  5521 D ImsPhoneConnection: getDisconnectCause: cause=0
04-28 23:05:55.340  5521  5521 I MiuiCarrierConfigHelper: getBooleanCarrierConfigForSubId subId:4 key:display_hd_audio_property_bool result:true
04-28 23:05:55.340  5521  5521 I RelayLog: RelayManager --> onRelayCallStateChanged state:DIALING
04-28 23:05:55.340  5521  5521 I RelayLog:  --> isCallRelayed: No!
04-28 23:05:55.340  5521  5521 I RelayLog:  --> isCallRelaying: No!
04-28 23:05:55.340  5521  5521 I RelayLog: RelayManager --> onRelayCallStateChanged not update
04-28 23:05:55.342  5521  5521 I MiuiCarrierConfigHelper: getBooleanCarrierConfigForSubId subId:4 key:config_use_cnap_presentation result:false
04-28 23:05:55.342  5521  5521 V SMSVC   : getSubscriptionUserHandle subId = 4 userHandle = UserHandle{-10000}
04-28 23:05:55.351  2951  3573 I qcrilNrd: RIL Response bytes written:4
04-28 23:05:55.351  1894  3705 D RequestManager: [RequestManager.cpp: 341] [Loc_hal_worker(1894,3705)] listenForResponses: record_stream_get_next: recordLen: 16, ret: -1, errno: 11, errStr: Try again, socket fd: 32
04-28 23:05:55.352  2951  3573 I qcrilNrd: RIL Response bytes written:235
04-28 23:05:55.352  1894  3705 D RequestManager: [RequestManager.cpp: 341] [Loc_hal_worker(1894,3705)] listenForResponses: record_stream_get_next: recordLen: 235, ret: 0, errno: 0, errStr: Success, socket fd: 32
04-28 23:05:55.352  1894  3705 D RequestManager: [RequestManager.cpp: 358] [Loc_hal_worker(1894,3705)] listenForResponses: Got a response parcel
04-28 23:05:55.385  5521  5521 D PhoneSwitcher: handle event - 109
04-28 23:05:55.387  5521  5521 D MiuiDataControllerImpl: Qcom Dsda State = true
04-28 23:05:55.387  5521  5521 D MiuiDataControllerImpl: isCurrentDSDAState:true
04-28 23:05:55.388  5521  5521 D MiuiPhoneSwitcherImpl: isViceVolteDataEnabled: false, isCurrentDsdaState: true, isDsdaFullConcurrencyState: false, isPlatformDE30: true, isPlatformDE50: false, isVicePhoneInVoiceCall: false
04-28 23:05:55.388  5521  5521 D PhoneSwitcher: phoneInVoiceCall:false
04-28 23:05:55.388  5521  5521 D MiuiDataControllerImpl: Qcom Dsda State = true
04-28 23:05:55.388  5521  5521 D MiuiDataControllerImpl: isCurrentDSDAState:true
04-28 23:05:55.391  5521  5521 D MiuiPhoneSwitcherImpl: isViceVolteDataEnabled: false, isCurrentDsdaState: true, isDsdaFullConcurrencyState: false, isPlatformDE30: true, isPlatformDE50: false, isVicePhoneInVoiceCall: false
04-28 23:05:55.391  5521  5521 D PhoneSwitcher: phoneInVoiceCall:false
04-28 23:05:55.391  5521  5521 D MiuiDataControllerImpl: Qcom Dsda State = true
04-28 23:05:55.391  5521  5521 D MiuiDataControllerImpl: isCurrentDSDAState:true
04-28 23:05:55.391  5521  5521 D MiuiPhoneSwitcherImpl: isViceVolteDataEnabled: false, isCurrentDsdaState: true, isDsdaFullConcurrencyState: false, isPlatformDE30: true, isPlatformDE50: false, isVicePhoneInVoiceCall: false
04-28 23:05:55.391  5521  5521 D PhoneSwitcher: phoneInVoiceCall:false
04-28 23:05:55.391  5521  5521 D MiuiDataControllerImpl: Qcom Dsda State = true
04-28 23:05:55.391  5521  5521 D MiuiDataControllerImpl: isCurrentDSDAState:true
04-28 23:05:55.392  5521  5521 D MiuiPhoneSwitcherImpl: isViceVolteDataEnabled: false, isCurrentDsdaState: true, isDsdaFullConcurrencyState: false, isPlatformDE30: true, isPlatformDE50: false, isVicePhoneInVoiceCall: false
04-28 23:05:55.392  5521  5521 D PhoneSwitcher: phoneInVoiceCall:false
04-28 23:05:55.392  5521  5521 D PhoneSwitcher: isPhoneInVoiceCallChanged: mPhoneIdInVoiceCall=-1
04-28 23:05:55.392  5521  5521 D PhoneSwitcher: EVENT_PRECISE_CALL_STATE_CHANGED Enforce evaluating once after call ends
04-28 23:05:55.392  5521  5521 D MiuiPhoneSwitcherImpl: updatePreferredDataPhoneId  TempDataPhoneId=-1,isTempDdsSwitchEnabled=false
04-28 23:05:55.392  5521  5521 D MiuiDisplayInfoController: EVENT_PRECISE_CALL_STATE_CHANGED
04-28 23:05:55.392  5521  5521 D MiuiDisplayInfoController: handleCallStateChanged: false,isHasDelay=false,phone.getState(): OFFHOOK
04-28 23:05:55.393  5521  6552 D Phone   : isImsRegistered =true
04-28 23:05:55.401  5521  6551 D Phone   : isImsRegistered =true
04-28 23:05:55.415  2951  3573 I qcrilNrd: RIL Response bytes written:4
04-28 23:05:55.416  2951  3573 I qcrilNrd: RIL Response bytes written:235
04-28 23:05:55.421  2951  3573 I qcrilNrd: RIL Response bytes written:4
04-28 23:05:55.421  2951  3573 I qcrilNrd: RIL Response bytes written:79
04-28 23:05:55.422  1894  3705 D RequestManager: [RequestManager.cpp: 341] [Loc_hal_worker(1894,3705)] listenForResponses: record_stream_get_next: recordLen: 235, ret: 0, errno: 0, errStr: Success, socket fd: 32
04-28 23:05:55.422  1894  3705 D RequestManager: [RequestManager.cpp: 358] [Loc_hal_worker(1894,3705)] listenForResponses: Got a response parcel
04-28 23:05:55.422  1894  3705 D RequestManager: [RequestManager.cpp: 341] [Loc_hal_worker(1894,3705)] listenForResponses: record_stream_get_next: recordLen: 79, ret: 0, errno: 0, errStr: Success, socket fd: 32
04-28 23:05:55.422  1894  3705 D RequestManager: [RequestManager.cpp: 358] [Loc_hal_worker(1894,3705)] listenForResponses: Got a response parcel
04-28 23:05:55.423  2951  3573 I qcrilNrd: RIL Response bytes written:4
04-28 23:05:55.423  2951  3573 I qcrilNrd: RIL Response bytes written:79
04-28 23:05:55.423  1894  3705 D RequestManager: [RequestManager.cpp: 341] [Loc_hal_worker(1894,3705)] listenForResponses: record_stream_get_next: recordLen: 79, ret: 0, errno: 0, errStr: Success, socket fd: 32
04-28 23:05:55.423  1894  3705 D RequestManager: [RequestManager.cpp: 358] [Loc_hal_worker(1894,3705)] listenForResponses: Got a response parcel
04-28 23:05:55.425  2951  3573 I qcrilNrd: RIL Response bytes written:4
04-28 23:05:55.425  2951  3573 I qcrilNrd: RIL Response bytes written:79
04-28 23:05:55.425  1894  3705 D RequestManager: [RequestManager.cpp: 341] [Loc_hal_worker(1894,3705)] listenForResponses: record_stream_get_next: recordLen: 79, ret: 0, errno: 0, errStr: Success, socket fd: 32
04-28 23:05:55.425  1894  3705 D RequestManager: [RequestManager.cpp: 358] [Loc_hal_worker(1894,3705)] listenForResponses: Got a response parcel
04-28 23:05:55.426  5521  6551 D InternalTelephonyUtils: isValidChinaMobileNumber = false
04-28 23:05:55.426  2951  3573 I qcrilNrd: RIL Response bytes written:4
04-28 23:05:55.426  2951  3573 I qcrilNrd: RIL Response bytes written:75
04-28 23:05:55.428  1894  3705 D RequestManager: [RequestManager.cpp: 341] [Loc_hal_worker(1894,3705)] listenForResponses: record_stream_get_next: recordLen: 75, ret: 0, errno: 0, errStr: Success, socket fd: 32
04-28 23:05:55.428  1894  3705 D RequestManager: [RequestManager.cpp: 358] [Loc_hal_worker(1894,3705)] listenForResponses: Got a response parcel
04-28 23:05:55.428  5521  5521 D ImsPhoneConnection: getDisconnectCause: cause=0
04-28 23:05:55.428  5521  5521 D ImsPhoneConnection: getDisconnectCause: cause=0
04-28 23:05:55.428  5521  5521 I RelayLog: RelayManager --> onRelayCallStateChanged state:DIALING
04-28 23:05:55.428  5521  5521 I RelayLog:  --> isCallRelayed: No!
04-28 23:05:55.428  5521  5521 I RelayLog:  --> isCallRelaying: No!
04-28 23:05:55.428  5521  5521 I RelayLog: RelayManager --> onRelayCallStateChanged not update
04-28 23:05:55.431  5521  5521 I MiuiCarrierConfigHelper: getBooleanCarrierConfigForSubId subId:4 key:config_use_cnap_presentation result:false
04-28 23:05:55.432  5521  5521 V SMSVC   : getSubscriptionUserHandle subId = 4 userHandle = UserHandle{-10000}
04-28 23:05:55.434  5521  5570 D FeatureConfiguration: Checking feature: FEATURE_DUAL_VOLTE
04-28 23:05:55.434  5521  5570 D FeatureConfiguration: Feature FEATURE_DUAL_VOLTE build is supported, featureSupported=true
04-28 23:05:55.434  5521  5570 D ImsManagerIM [0]: getLocalImsConfigKeInt() for key:68, result: 0
04-28 23:05:55.438  5521  5521 D ImsPhoneCallTracker: [0] onCallUpdated
04-28 23:05:55.438  5521  5521 D ImsPhoneCallTracker: [0] onCallUpdated: profile is { serviceType=1, callType=2, restrictCause=0, mediaProfile={ audioQuality=0, audioDirection=3, audioCodecAttribute=null, videoQuality=0, videoDirection=-1, rttMode=0, hasRttAudioSpeech=false }, emergencyServiceCategories=0, emergencyUrns=[], emergencyCallRouting=0, emergencyCallTesting=false, hasKnownUserIntentEmergency=false, mRestrictCause=0, mCallerNumberVerstat= 0, mAcceptedRtpHeaderExtensions= [] }
04-28 23:05:55.438  5521  5521 D ImsPhoneCallTracker: [0] processCallStateChange state=DIALING cause=0 ignoreState=true
04-28 23:05:55.440  5521  5521 V ImsPhoneConnection: update localCallProfile={ serviceType=1, callType=2, restrictCause=0, mediaProfile={ audioQuality=0, audioDirection=3, audioCodecAttribute=null, videoQuality=0, videoDirection=-1, rttMode=0, hasRttAudioSpeech=false }, emergencyServiceCategories=0, emergencyUrns=[], emergencyCallRouting=0, emergencyCallTesting=false, hasKnownUserIntentEmergency=false, mRestrictCause=0, mCallerNumberVerstat= 0, mAcceptedRtpHeaderExtensions= [] }
04-28 23:05:55.440  5521  5521 I ImsPhoneConnection: applyLocalCallCapabilities - localProfile = { serviceType=1, callType=2, restrictCause=0, mediaProfile={ audioQuality=0, audioDirection=3, audioCodecAttribute=null, videoQuality=0, videoDirection=-1, rttMode=0, hasRttAudioSpeech=false }, emergencyServiceCategories=0, emergencyUrns=[], emergencyCallRouting=0, emergencyCallTesting=false, hasKnownUserIntentEmergency=false, mRestrictCause=0, mCallerNumberVerstat= 0, mAcceptedRtpHeaderExtensions= [] }
04-28 23:05:55.440  5521  5521 V ImsPhoneConnection: update remoteCallProfile={ serviceType=1, callType=7, restrictCause=0, mediaProfile={ audioQuality=0, audioDirection=3, audioCodecAttribute=null, videoQuality=0, videoDirection=-1, rttMode=0, hasRttAudioSpeech=false }, emergencyServiceCategories=0, emergencyUrns=[], emergencyCallRouting=0, emergencyCallTesting=false, hasKnownUserIntentEmergency=false, mRestrictCause=0, mCallerNumberVerstat= 0, mAcceptedRtpHeaderExtensions= [] }
04-28 23:05:55.440  5521  5521 W ImsPhoneConnection: applyRemoteCallCapabilities - remoteProfile = { serviceType=1, callType=7, restrictCause=0, mediaProfile={ audioQuality=0, audioDirection=3, audioCodecAttribute=null, videoQuality=0, videoDirection=-1, rttMode=0, hasRttAudioSpeech=false }, emergencyServiceCategories=0, emergencyUrns=[], emergencyCallRouting=0, emergencyCallTesting=false, hasKnownUserIntentEmergency=false, mRestrictCause=0, mCallerNumberVerstat= 0, mAcceptedRtpHeaderExtensions= [] }
04-28 23:05:55.441  5521  5521 V ImsPhoneConnection: data is not metered
04-28 23:05:55.441  5521  5521 I ImsPhoneConnection: maybeChangeRingbackState
04-28 23:05:55.441  5521  5521 I ImsPhoneCall: maybeChangeRingbackState: state=DIALING
04-28 23:05:55.442  5521  6505 D Phone   : isImsRegistered =true
04-28 23:05:55.442  5521  5570 D Phone   : isImsRegistered =true
04-28 23:05:55.444  5521  5521 D QtiDSMGR-0: handleMessage: 2
04-28 23:05:55.444  5521  5521 D QtiDSMGR-0: hasTempDdsSwitched = false
04-28 23:05:55.444  5521  5521 D DSMGR-0 : mIsDataEnabled=true, prevDataEnabled=true
04-28 23:05:55.444  5521  5521 D DNC-0   : handleMessage, msg.what = 270343
04-28 23:05:55.444  5521  5521 E DNC-0   : Unexpected event 270343
04-28 23:05:55.444  5521  5521 D MiuiDataControllerImpl[0]: onVoiceCallChange,getPhoneId = 1
04-28 23:05:55.445  5521  5521 D DN-142-C: ConnectedState: updateNetworkCapabilities: Capabilities not changed.
04-28 23:05:55.446  5521  5521 D DN-143-C: ConnectedState: updateNetworkCapabilities: Capabilities not changed.
04-28 23:05:55.447  5521  5521 D PhoneSwitcher: handle event - 109
04-28 23:05:55.447  5521  5521 D MiuiDataControllerImpl: Qcom Dsda State = true
04-28 23:05:55.447  5521  5521 D MiuiDataControllerImpl: isCurrentDSDAState:true
04-28 23:05:55.448  5521  5521 D MiuiPhoneSwitcherImpl: isViceVolteDataEnabled: false, isCurrentDsdaState: true, isDsdaFullConcurrencyState: false, isPlatformDE30: true, isPlatformDE50: false, isVicePhoneInVoiceCall: false
04-28 23:05:55.448  5521  5521 D PhoneSwitcher: phoneInVoiceCall:false
04-28 23:05:55.448  5521  5521 D MiuiDataControllerImpl: Qcom Dsda State = true
04-28 23:05:55.448  5521  5521 D MiuiDataControllerImpl: isCurrentDSDAState:true
04-28 23:05:55.448  5521  5521 D MiuiPhoneSwitcherImpl: isViceVolteDataEnabled: false, isCurrentDsdaState: true, isDsdaFullConcurrencyState: false, isPlatformDE30: true, isPlatformDE50: false, isVicePhoneInVoiceCall: false
04-28 23:05:55.448  5521  5521 D PhoneSwitcher: phoneInVoiceCall:false
04-28 23:05:55.448  5521  5521 D MiuiDataControllerImpl: Qcom Dsda State = true
04-28 23:05:55.448  5521  5521 D MiuiDataControllerImpl: isCurrentDSDAState:true
04-28 23:05:55.449  5521  5521 D MiuiPhoneSwitcherImpl: isViceVolteDataEnabled: false, isCurrentDsdaState: true, isDsdaFullConcurrencyState: false, isPlatformDE30: true, isPlatformDE50: false, isVicePhoneInVoiceCall: false
04-28 23:05:55.449  5521  5521 D PhoneSwitcher: phoneInVoiceCall:false
04-28 23:05:55.449  5521  5521 D MiuiDataControllerImpl: Qcom Dsda State = true
04-28 23:05:55.449  5521  5521 D MiuiDataControllerImpl: isCurrentDSDAState:true
04-28 23:05:55.449  5521  6551 D Phone   : isImsRegistered =true
04-28 23:05:55.449  5521  5521 D MiuiPhoneSwitcherImpl: isViceVolteDataEnabled: false, isCurrentDsdaState: true, isDsdaFullConcurrencyState: false, isPlatformDE30: true, isPlatformDE50: false, isVicePhoneInVoiceCall: false
04-28 23:05:55.450  5521  5521 D PhoneSwitcher: phoneInVoiceCall:false
04-28 23:05:55.450  5521  5521 D PhoneSwitcher: isPhoneInVoiceCallChanged: mPhoneIdInVoiceCall=-1
04-28 23:05:55.450  5521  5521 D PhoneSwitcher: EVENT_PRECISE_CALL_STATE_CHANGED Enforce evaluating once after call ends
04-28 23:05:55.450  5521  5521 D MiuiPhoneSwitcherImpl: updatePreferredDataPhoneId  TempDataPhoneId=-1,isTempDdsSwitchEnabled=false
04-28 23:05:55.450  5521  5521 D MiuiDisplayInfoController: EVENT_PRECISE_CALL_STATE_CHANGED
04-28 23:05:55.450  5521  5521 D MiuiDisplayInfoController: handleCallStateChanged: false,isHasDelay=false,phone.getState(): OFFHOOK
04-28 23:05:55.451  5521  5521 D ImsPhoneConnection: getDisconnectCause: cause=0
04-28 23:05:55.451  5521  5521 D ImsPhoneConnection: getDisconnectCause: cause=0
04-28 23:05:55.451  5521  5521 I RelayLog: RelayManager --> onRelayCallStateChanged state:DIALING
04-28 23:05:55.451  5521  5521 I RelayLog:  --> isCallRelayed: No!
04-28 23:05:55.451  5521  5521 I RelayLog:  --> isCallRelaying: No!
04-28 23:05:55.451  5521  5521 I RelayLog: RelayManager --> onRelayCallStateChanged not update
04-28 23:05:55.452  5521  5521 I MiuiCarrierConfigHelper: getBooleanCarrierConfigForSubId subId:4 key:config_use_cnap_presentation result:false
04-28 23:05:55.454  5521  5521 V SMSVC   : getSubscriptionUserHandle subId = 4 userHandle = UserHandle{-10000}
04-28 23:05:55.459  5521  5521 D RILJ    : [8808]> GET_ACTIVITY_INFO [PHONE0]
04-28 23:05:55.460  5521  5521 D QtiGsmCdmaPhone: [1 ] handleMessage: Event: 58
04-28 23:05:55.460  5521  5521 D GsmCdmaPhone: [1] Event BarringInfoChanged Received
04-28 23:05:55.461  5521  6551 D RILJ    : [8808]< GET_ACTIVITY_INFO ModemActivityInfo{ mTimestamp=1401495840 mSleepTimeMs=13026 mIdleTimeMs=426 mActivityStatsTechSpecificInfo=[{mRat=UNKNOWN,mFrequencyRange=UNKNOWN,mTxTimeMs[]=[0, 0, 0, 0, 0],mRxTimeMs=25398}]} [PHONE0]
04-28 23:05:55.463  5521  5521 D ImsPhoneCallTracker: [0] onCallInitiating
04-28 23:05:55.463  5521  5521 D ImsPhoneCallTracker: [0] processCallStateChange state=DIALING cause=0 ignoreState=true
04-28 23:05:55.464  5521  5521 V ImsPhoneConnection: update localCallProfile={ serviceType=1, callType=2, restrictCause=0, mediaProfile={ audioQuality=0, audioDirection=3, audioCodecAttribute=null, videoQuality=0, videoDirection=-1, rttMode=0, hasRttAudioSpeech=false }, emergencyServiceCategories=0, emergencyUrns=[], emergencyCallRouting=0, emergencyCallTesting=false, hasKnownUserIntentEmergency=false, mRestrictCause=0, mCallerNumberVerstat= 0, mAcceptedRtpHeaderExtensions= [] }
04-28 23:05:55.464  5521  5521 I ImsPhoneConnection: applyLocalCallCapabilities - localProfile = { serviceType=1, callType=2, restrictCause=0, mediaProfile={ audioQuality=0, audioDirection=3, audioCodecAttribute=null, videoQuality=0, videoDirection=-1, rttMode=0, hasRttAudioSpeech=false }, emergencyServiceCategories=0, emergencyUrns=[], emergencyCallRouting=0, emergencyCallTesting=false, hasKnownUserIntentEmergency=false, mRestrictCause=0, mCallerNumberVerstat= 0, mAcceptedRtpHeaderExtensions= [] }
04-28 23:05:55.465  5521  5521 V ImsPhoneConnection: update remoteCallProfile={ serviceType=1, callType=7, restrictCause=0, mediaProfile={ audioQuality=0, audioDirection=3, audioCodecAttribute=null, videoQuality=0, videoDirection=-1, rttMode=0, hasRttAudioSpeech=false }, emergencyServiceCategories=0, emergencyUrns=[], emergencyCallRouting=0, emergencyCallTesting=false, hasKnownUserIntentEmergency=false, mRestrictCause=0, mCallerNumberVerstat= 0, mAcceptedRtpHeaderExtensions= [] }
04-28 23:05:55.465  5521  5521 W ImsPhoneConnection: applyRemoteCallCapabilities - remoteProfile = { serviceType=1, callType=7, restrictCause=0, mediaProfile={ audioQuality=0, audioDirection=3, audioCodecAttribute=null, videoQuality=0, videoDirection=-1, rttMode=0, hasRttAudioSpeech=false }, emergencyServiceCategories=0, emergencyUrns=[], emergencyCallRouting=0, emergencyCallTesting=false, hasKnownUserIntentEmergency=false, mRestrictCause=0, mCallerNumberVerstat= 0, mAcceptedRtpHeaderExtensions= [] }
04-28 23:05:55.465  5521  5521 V ImsPhoneConnection: data is not metered
04-28 23:05:55.465  5521  5521 I ImsPhoneConnection: maybeChangeRingbackState
04-28 23:05:55.465  5521  5521 I ImsPhoneCall: maybeChangeRingbackState: state=DIALING
04-28 23:05:55.468  5521  6551 D FeatureConfiguration: Checking feature: FEATURE_DUAL_VOLTE
04-28 23:05:55.468  5521  6551 D FeatureConfiguration: Feature FEATURE_DUAL_VOLTE build is supported, featureSupported=true
04-28 23:05:55.468  5521  6551 D ImsManagerIM [0]: getLocalImsConfigKeInt() for key:68, result: 0
04-28 23:05:55.469  5521  6551 D Phone   : isImsRegistered =true
04-28 23:05:55.475  5521  5521 D QtiDSMGR-0: handleMessage: 5
04-28 23:05:55.475  5521  5521 D QtiDSMGR-1: handleMessage: 5
04-28 23:05:55.476  5521  5521 D PhoneReceiver: Received action:android.intent.action.PHONE_STATE
04-28 23:05:55.477  5521  5521 D PhoneReceiver: ACTION_PHONE_STATE_CHANGED phoneid: -1 state: OFFHOOK
04-28 23:05:55.477  5521  5521 V SMSVC   : getSubscriptionUserHandle subId = 4 userHandle = UserHandle{-10000}
04-28 23:05:55.478  5521  5521 I RelayLog:  --> isInCallSupportRelay =true
04-28 23:05:55.478  5521  5521 I RelayLog:  --> isAudioSupportRelay =true
04-28 23:05:55.478  5521  5521 I RelayLog: RelayConnectionsManager --> getLocalConnectionCallRelaying, no Connection was found!
04-28 23:05:55.478  5521  5521 I RelayLog: RelayServiceFilterUtils --> hasRelaying, false
04-28 23:05:55.478  5521  5521 I RelayLog: RelayConnectionsManager --> getLocalConnectionCallRelayed, no Connection was found!
04-28 23:05:55.478  5521  5521 I RelayLog: RelayServiceFilterUtils --> hasRelayed, false
04-28 23:05:55.479  5521  5521 I RelayLog: RelayServiceFilterUtils --> Answered device is 
04-28 23:05:55.479  5521  5521 I RelayLog: RelayServiceFilterUtils --> Filtered device size 0
04-28 23:05:55.479  5521  5521 I RelayLog: PhoneContinuityController --> isContinuityServiceConnected, 0
04-28 23:05:55.479  5521  5521 I RelayLog:  --> maybeRelayCall no - relay not connected
04-28 23:05:55.479  5521  5521 D QtiGsmCdmaPhone: [0 ] handleMessage: Event: 58
04-28 23:05:55.479  5521  5521 D GsmCdmaPhone: [0] Event BarringInfoChanged Received
04-28 23:05:55.480  5521  5521 D ImsPhoneCallTracker: [0] onCallUpdated
04-28 23:05:55.480  5521  5521 D ImsPhoneCallTracker: [0] onCallUpdated: profile is { serviceType=1, callType=2, restrictCause=0, mediaProfile={ audioQuality=0, audioDirection=3, audioCodecAttribute=null, videoQuality=0, videoDirection=-1, rttMode=0, hasRttAudioSpeech=false }, emergencyServiceCategories=0, emergencyUrns=[], emergencyCallRouting=0, emergencyCallTesting=false, hasKnownUserIntentEmergency=false, mRestrictCause=0, mCallerNumberVerstat= 0, mAcceptedRtpHeaderExtensions= [] }
04-28 23:05:55.480  5521  5521 D ImsPhoneCallTracker: [0] processCallStateChange state=DIALING cause=0 ignoreState=true
04-28 23:05:55.480  5521  5521 V ImsPhoneConnection: update localCallProfile={ serviceType=1, callType=2, restrictCause=0, mediaProfile={ audioQuality=0, audioDirection=3, audioCodecAttribute=null, videoQuality=0, videoDirection=-1, rttMode=0, hasRttAudioSpeech=false }, emergencyServiceCategories=0, emergencyUrns=[], emergencyCallRouting=0, emergencyCallTesting=false, hasKnownUserIntentEmergency=false, mRestrictCause=0, mCallerNumberVerstat= 0, mAcceptedRtpHeaderExtensions= [] }
04-28 23:05:55.480  5521  5521 I ImsPhoneConnection: applyLocalCallCapabilities - localProfile = { serviceType=1, callType=2, restrictCause=0, mediaProfile={ audioQuality=0, audioDirection=3, audioCodecAttribute=null, videoQuality=0, videoDirection=-1, rttMode=0, hasRttAudioSpeech=false }, emergencyServiceCategories=0, emergencyUrns=[], emergencyCallRouting=0, emergencyCallTesting=false, hasKnownUserIntentEmergency=false, mRestrictCause=0, mCallerNumberVerstat= 0, mAcceptedRtpHeaderExtensions= [] }
04-28 23:05:55.481  5521  6551 D FeatureConfiguration: Checking feature: FEATURE_DUAL_VOLTE
04-28 23:05:55.481  5521  6551 D FeatureConfiguration: Feature FEATURE_DUAL_VOLTE build is supported, featureSupported=true
04-28 23:05:55.481  5521  6551 D ImsManagerIM [0]: getLocalImsConfigKeInt() for key:68, result: 0
04-28 23:05:55.481  5521  5521 V ImsPhoneConnection: update remoteCallProfile={ serviceType=1, callType=7, restrictCause=0, mediaProfile={ audioQuality=0, audioDirection=3, audioCodecAttribute=null, videoQuality=0, videoDirection=-1, rttMode=0, hasRttAudioSpeech=false }, emergencyServiceCategories=0, emergencyUrns=[], emergencyCallRouting=0, emergencyCallTesting=false, hasKnownUserIntentEmergency=false, mRestrictCause=0, mCallerNumberVerstat= 0, mAcceptedRtpHeaderExtensions= [] }
04-28 23:05:55.481  5521  5521 W ImsPhoneConnection: applyRemoteCallCapabilities - remoteProfile = { serviceType=1, callType=7, restrictCause=0, mediaProfile={ audioQuality=0, audioDirection=3, audioCodecAttribute=null, videoQuality=0, videoDirection=-1, rttMode=0, hasRttAudioSpeech=false }, emergencyServiceCategories=0, emergencyUrns=[], emergencyCallRouting=0, emergencyCallTesting=false, hasKnownUserIntentEmergency=false, mRestrictCause=0, mCallerNumberVerstat= 0, mAcceptedRtpHeaderExtensions= [] }
04-28 23:05:55.481  5521  5521 V ImsPhoneConnection: data is not metered
04-28 23:05:55.481  5521  5521 I ImsPhoneConnection: maybeChangeRingbackState
04-28 23:05:55.481  5521  5521 I ImsPhoneCall: maybeChangeRingbackState: state=DIALING
04-28 23:05:55.482  5521  5521 D PhoneReceiver: Received action:android.intent.action.PHONE_STATE
04-28 23:05:55.482  5521  5521 D PhoneReceiver: ACTION_PHONE_STATE_CHANGED phoneid: -1 state: OFFHOOK
04-28 23:05:55.482  5521  5521 D PhoneReceiver: Received action:android.intent.action.PHONE_STATE
04-28 23:05:55.482  5521  5521 D PhoneReceiver: ACTION_PHONE_STATE_CHANGED phoneid: -1 state: OFFHOOK
04-28 23:05:55.483  5521  5521 I MiuiCarrierConfigHelper: getBooleanCarrierConfigForSubId subId:4 key:display_hd_audio_property_bool result:true
04-28 23:05:55.484  5521  6551 D Phone   : isImsRegistered =true
04-28 23:05:55.512  5521  5521 D DNC-0   : getAllActiveCellularInterfaces All Interfaces: rmnet_data1
04-28 23:05:55.512  5521  5521 D DNC-0   : getAllActiveCellularInterfaces All Interfaces: rmnet_data4
04-28 23:05:55.514  5521  5521 D RILJ    : [8809]> GET_ACTIVITY_INFO [PHONE0]
04-28 23:05:55.515  5521  6551 D RILJ    : [8809]< GET_ACTIVITY_INFO ModemActivityInfo{ mTimestamp=1401495894 mSleepTimeMs=0 mIdleTimeMs=0 mActivityStatsTechSpecificInfo=[{mRat=UNKNOWN,mFrequencyRange=UNKNOWN,mTxTimeMs[]=[0, 0, 0, 0, 0],mRxTimeMs=0}]} [PHONE0]
04-28 23:05:55.517  5521  5521 D DNC-1   : getAllActiveCellularInterfaces All Interfaces: rmnet_data2
04-28 23:05:55.519  5521  5521 D RILJ    : [8810]> GET_ACTIVITY_INFO [PHONE0]
04-28 23:05:55.521  5521  6551 D RILJ    : [8810]< GET_ACTIVITY_INFO ModemActivityInfo{ mTimestamp=1401495899 mSleepTimeMs=0 mIdleTimeMs=0 mActivityStatsTechSpecificInfo=[{mRat=UNKNOWN,mFrequencyRange=UNKNOWN,mTxTimeMs[]=[0, 0, 0, 0, 0],mRxTimeMs=0}]} [PHONE0]
04-28 23:05:56.077  1894  3705 D RequestManager: [RequestManager.cpp: 341] [Loc_hal_worker(1894,3705)] listenForResponses: record_stream_get_next: recordLen: 75, ret: -1, errno: 11, errStr: Try again, socket fd: 32
04-28 23:05:56.077  2951  3573 I qcrilNrd: RIL Response bytes written:4
04-28 23:05:56.077  1894  3705 D RequestManager: [RequestManager.cpp: 341] [Loc_hal_worker(1894,3705)] listenForResponses: record_stream_get_next: recordLen: 215, ret: 0, errno: 0, errStr: Success, socket fd: 32
04-28 23:05:56.077  1894  3705 D RequestManager: [RequestManager.cpp: 358] [Loc_hal_worker(1894,3705)] listenForResponses: Got a response parcel
04-28 23:05:56.077  2951  3573 I qcrilNrd: RIL Response bytes written:215
04-28 23:05:56.086  5521  5521 D ImsPhoneCallTracker: [0] onCallUpdated
04-28 23:05:56.086  5521  5521 D ImsPhoneCallTracker: [0] onCallUpdated: profile is { serviceType=1, callType=2, restrictCause=0, mediaProfile={ audioQuality=0, audioDirection=3, audioCodecAttribute=null, videoQuality=0, videoDirection=-1, rttMode=0, hasRttAudioSpeech=false }, emergencyServiceCategories=0, emergencyUrns=[], emergencyCallRouting=0, emergencyCallTesting=false, hasKnownUserIntentEmergency=false, mRestrictCause=0, mCallerNumberVerstat= 0, mAcceptedRtpHeaderExtensions= [] }
04-28 23:05:56.086  5521  5521 D ImsPhoneCallTracker: [0] processCallStateChange state=DIALING cause=0 ignoreState=true
04-28 23:05:56.087  5521  5521 V ImsPhoneConnection: update localCallProfile={ serviceType=1, callType=2, restrictCause=0, mediaProfile={ audioQuality=1, audioDirection=3, audioCodecAttribute=null, videoQuality=0, videoDirection=-1, rttMode=0, hasRttAudioSpeech=false }, emergencyServiceCategories=0, emergencyUrns=[], emergencyCallRouting=0, emergencyCallTesting=false, hasKnownUserIntentEmergency=false, mRestrictCause=0, mCallerNumberVerstat= 0, mAcceptedRtpHeaderExtensions= [] }
04-28 23:05:56.087  5521  5521 I ImsPhoneConnection: applyLocalCallCapabilities - localProfile = { serviceType=1, callType=2, restrictCause=0, mediaProfile={ audioQuality=1, audioDirection=3, audioCodecAttribute=null, videoQuality=0, videoDirection=-1, rttMode=0, hasRttAudioSpeech=false }, emergencyServiceCategories=0, emergencyUrns=[], emergencyCallRouting=0, emergencyCallTesting=false, hasKnownUserIntentEmergency=false, mRestrictCause=0, mCallerNumberVerstat= 0, mAcceptedRtpHeaderExtensions= [] }
04-28 23:05:56.087  5521  5521 V ImsPhoneConnection: update remoteCallProfile={ serviceType=1, callType=7, restrictCause=0, mediaProfile={ audioQuality=0, audioDirection=3, audioCodecAttribute=null, videoQuality=0, videoDirection=-1, rttMode=0, hasRttAudioSpeech=false }, emergencyServiceCategories=0, emergencyUrns=[], emergencyCallRouting=0, emergencyCallTesting=false, hasKnownUserIntentEmergency=false, mRestrictCause=0, mCallerNumberVerstat= 0, mAcceptedRtpHeaderExtensions= [] }
04-28 23:05:56.087  5521  5521 W ImsPhoneConnection: applyRemoteCallCapabilities - remoteProfile = { serviceType=1, callType=7, restrictCause=0, mediaProfile={ audioQuality=0, audioDirection=3, audioCodecAttribute=null, videoQuality=0, videoDirection=-1, rttMode=0, hasRttAudioSpeech=false }, emergencyServiceCategories=0, emergencyUrns=[], emergencyCallRouting=0, emergencyCallTesting=false, hasKnownUserIntentEmergency=false, mRestrictCause=0, mCallerNumberVerstat= 0, mAcceptedRtpHeaderExtensions= [] }
04-28 23:05:56.087  5521  5521 V ImsPhoneConnection: data is not metered
04-28 23:05:56.088  5521  5521 I ImsPhoneConnection: updateMediaCapabilities: mediate attributes changed: codec = 1, bitRate=0.0, bandwidth=0.0
04-28 23:05:56.088  5521  5521 I ImsPhoneConnection: maybeChangeRingbackState
04-28 23:05:56.088  5521  5521 I ImsPhoneCall: maybeChangeRingbackState: state=DIALING
04-28 23:05:56.096  1894  3705 D RequestManager: [RequestManager.cpp: 341] [Loc_hal_worker(1894,3705)] listenForResponses: record_stream_get_next: recordLen: 215, ret: -1, errno: 11, errStr: Try again, socket fd: 32
04-28 23:05:56.096  2951  3573 I qcrilNrd: RIL Response bytes written:4
04-28 23:05:56.096  1894  3705 D RequestManager: [RequestManager.cpp: 341] [Loc_hal_worker(1894,3705)] listenForResponses: record_stream_get_next: recordLen: 295, ret: 0, errno: 0, errStr: Success, socket fd: 32
04-28 23:05:56.096  1894  3705 D RequestManager: [RequestManager.cpp: 358] [Loc_hal_worker(1894,3705)] listenForResponses: Got a response parcel
04-28 23:05:56.096  2951  3573 I qcrilNrd: RIL Response bytes written:295
04-28 23:05:56.098  1894  3705 D RequestManager: [RequestManager.cpp: 341] [Loc_hal_worker(1894,3705)] listenForResponses: record_stream_get_next: recordLen: 295, ret: -1, errno: 11, errStr: Try again, socket fd: 32
04-28 23:05:56.098  2951  3573 I qcrilNrd: RIL Response bytes written:4
04-28 23:05:56.098  1894  3705 D RequestManager: [RequestManager.cpp: 341] [Loc_hal_worker(1894,3705)] listenForResponses: record_stream_get_next: recordLen: 76, ret: 0, errno: 0, errStr: Success, socket fd: 32
04-28 23:05:56.098  1894  3705 D RequestManager: [RequestManager.cpp: 358] [Loc_hal_worker(1894,3705)] listenForResponses: Got a response parcel
04-28 23:05:56.098  2951  3573 I qcrilNrd: RIL Response bytes written:76
04-28 23:05:56.109  5521  5521 D ImsPhoneCallTracker: [0] onCallProgressing
04-28 23:05:56.110  5521  5521 D ImsPhoneCallTracker: [0] processCallStateChange [ImsCall objId:245992533 onHold:N mute:N mCallProfile:{ serviceType=1, callType=2, restrictCause=0, mediaProfile={ audioQuality=0, audioDirection=3, audioCodecAttribute=null, videoQuality=0, videoDirection=-1, rttMode=0, hasRttAudioSpeech=false }, emergencyServiceCategories=0, emergencyUrns=[], emergencyCallRouting=0, emergencyCallTesting=false, hasKnownUserIntentEmergency=false, mRestrictCause=0, mCallerNumberVerstat= 0, mAcceptedRtpHeaderExtensions= [] } networkType:13 updateRequest:NONE merging:N merge action pending:N merged:N multiParty:N confHost:N buried term:N isVideo: N wasVideo: N isWifi: N session:[ImsCallSession objId:144378636 callId:1] transientSession:null] state=ALERTING cause=0
04-28 23:05:56.110  5521  5521 D ImsPhoneCallTracker: [0] processCallStateChange state=ALERTING cause=0 ignoreState=false
04-28 23:05:56.111  5521  5521 V ImsPhoneConnection: update localCallProfile={ serviceType=1, callType=2, restrictCause=0, mediaProfile={ audioQuality=1, audioDirection=3, audioCodecAttribute=null, videoQuality=0, videoDirection=-1, rttMode=0, hasRttAudioSpeech=false }, emergencyServiceCategories=0, emergencyUrns=[], emergencyCallRouting=0, emergencyCallTesting=false, hasKnownUserIntentEmergency=false, mRestrictCause=0, mCallerNumberVerstat= 0, mAcceptedRtpHeaderExtensions= [] }
04-28 23:05:56.111  5521  5521 I ImsPhoneConnection: applyLocalCallCapabilities - localProfile = { serviceType=1, callType=2, restrictCause=0, mediaProfile={ audioQuality=1, audioDirection=3, audioCodecAttribute=null, videoQuality=0, videoDirection=-1, rttMode=0, hasRttAudioSpeech=false }, emergencyServiceCategories=0, emergencyUrns=[], emergencyCallRouting=0, emergencyCallTesting=false, hasKnownUserIntentEmergency=false, mRestrictCause=0, mCallerNumberVerstat= 0, mAcceptedRtpHeaderExtensions= [] }
04-28 23:05:56.111  5521  5521 V ImsPhoneConnection: update remoteCallProfile={ serviceType=1, callType=3, restrictCause=0, mediaProfile={ audioQuality=0, audioDirection=3, audioCodecAttribute=null, videoQuality=0, videoDirection=-1, rttMode=0, hasRttAudioSpeech=false }, emergencyServiceCategories=0, emergencyUrns=[], emergencyCallRouting=0, emergencyCallTesting=false, hasKnownUserIntentEmergency=false, mRestrictCause=0, mCallerNumberVerstat= 0, mAcceptedRtpHeaderExtensions= [] }
04-28 23:05:56.111  5521  5521 W ImsPhoneConnection: applyRemoteCallCapabilities - remoteProfile = { serviceType=1, callType=3, restrictCause=0, mediaProfile={ audioQuality=0, audioDirection=3, audioCodecAttribute=null, videoQuality=0, videoDirection=-1, rttMode=0, hasRttAudioSpeech=false }, emergencyServiceCategories=0, emergencyUrns=[], emergencyCallRouting=0, emergencyCallTesting=false, hasKnownUserIntentEmergency=false, mRestrictCause=0, mCallerNumberVerstat= 0, mAcceptedRtpHeaderExtensions= [] }
04-28 23:05:56.111  5521  5521 V ImsPhoneConnection: data is not metered
04-28 23:05:56.111  5521  5521 I ImsPhoneCall: maybeChangeRingbackState: state=ALERTING
04-28 23:05:56.111  5521  5521 I ImsPhoneCall: isLocalTone: audioDirection=3, playRingback=false
04-28 23:05:56.112  5521  5521 V ImsPhoneConnection: update localCallProfile={ serviceType=1, callType=2, restrictCause=0, mediaProfile={ audioQuality=1, audioDirection=3, audioCodecAttribute=null, videoQuality=0, videoDirection=-1, rttMode=0, hasRttAudioSpeech=false }, emergencyServiceCategories=0, emergencyUrns=[], emergencyCallRouting=0, emergencyCallTesting=false, hasKnownUserIntentEmergency=false, mRestrictCause=0, mCallerNumberVerstat= 0, mAcceptedRtpHeaderExtensions= [] }
04-28 23:05:56.112  5521  5521 I ImsPhoneConnection: applyLocalCallCapabilities - localProfile = { serviceType=1, callType=2, restrictCause=0, mediaProfile={ audioQuality=1, audioDirection=3, audioCodecAttribute=null, videoQuality=0, videoDirection=-1, rttMode=0, hasRttAudioSpeech=false }, emergencyServiceCategories=0, emergencyUrns=[], emergencyCallRouting=0, emergencyCallTesting=false, hasKnownUserIntentEmergency=false, mRestrictCause=0, mCallerNumberVerstat= 0, mAcceptedRtpHeaderExtensions= [] }
